[  0%]  test_cislunar_force_model.f90
[ 50%]  test_cislunar_force_model.f90  done.
[ 50%]      test_cislunar_force_model
[100%]      test_cislunar_force_model  done.
[100%] Project compiled successfully.
 初始化SPICE系统...
 已加载闰秒内核: ./kernels/lsk/naif0012.tls
 已加载行星内核: ./kernels/pck/pck00010.tpc
 已加载星历内核: ./kernels/spk/de440.bsp
 已加载地球内核: ./kernels/pck/earth_latest_high_prec.bpc
 SPICE系统初始化完成
 ==================================================
    CAT POD System - 地月空间力学模型与积分测试    
 ==================================================
 >>> 正在初始化多体统一引力网...
 ==================================================
              POD 力模型状态监控面板               
 ==================================================
 [1. 引力与多体摄动]
   中心引力 (点质量) : 默认启用
   第三体摄动总开关  : 启用
   地球高阶非球形    : 启用 ( 10 阶)
   月球高阶非球形    : 启用 ( 10 阶)
 
 [2. 表面力与其他效应]
   太阳辐射压 (SRP)  : 禁用
   大气阻力 (Drag)   : 禁用
   相对论效应 (PNE)  : 禁用
 
 [3. 动态引力网激活清单]
  包含天体: EARTH MOON SUN  
 ==================================================
 >>> 测试历元 (TDB 秒数) :    763257669.18550396     
 >>> 卫星初始位置 (km):    100000.00000000000        50000.000000000000        20000.000000000000     
 >>> 卫星初始速度 (km/s):    1.5000000000000000        2.5000000000000000       0.50000000000000000     
 >>> 正在计算初始历元加速度...
 >>> 卫星在地固系坐标为:    86489.069243927108        70782.736250237678        20234.751054768909     
 >>> 地球非球形引力分量 (地固系), 带谐:   -1.0136379757867759E-010  -8.2956228018811778E-011  -8.0116476905284478E-011
 >>> 地球非球形引力分量 (地固系), 田谐:    1.0327813613212674E-012  -4.9439009279021687E-013   1.6197004020630655E-013
 初始总加速度 (km/s^2):  -0.271930541488E-04 -0.136245127459E-04 -0.545185392757E-05
 
 ==================================================
                轨道积分器效能评估                 
 ==================================================
 积分时长: 86400.0 秒 (1 天)
 局部截断误差容差:    9.9999999999999995E-008
 
 >>> 正在运行 RKF 4(5) 自适应积分...
 >>> 卫星在地固系坐标为:    86489.069243927108        70782.736250237678        20234.751054768909     
 >>> 地球非球形引力分量 (地固系), 带谐:   -1.0136379757867759E-010  -8.2956228018811778E-011  -8.0116476905284478E-011
 >>> 地球非球形引力分量 (地固系), 田谐:    1.0327813613212674E-012  -4.9439009279021687E-013   1.6197004020630655E-013
 >>> 卫星在地固系坐标为:    87537.623484148426        70163.722235121168        20321.757563267613     
 >>> 地球非球形引力分量 (地固系), 带谐:   -1.0063707145217193E-010  -8.0663276507670714E-011  -7.8937136564173770E-011
 >>> 地球非球形引力分量 (地固系), 田谐:    9.9194088526015103E-013  -5.2050824976234761E-013   1.5093968078978618E-013
 >>> 卫星在地固系坐标为:    88060.402379747713        69847.862944572582        20365.075532805502     
 >>> 地球非球形引力分量 (地固系), 带谐:   -1.0027489957543159E-010  -7.9536173501931604E-011  -7.8357639470934010E-011
 >>> 地球非球形引力分量 (地固系), 田谐:    9.7157099390274189E-013  -5.3300466205067272E-013   1.4551740306141674E-013
 >>> 卫星在地固系坐标为:    90665.344970036676        68210.645155790320        20581.482922319872     
 >>> 地球非球形引力分量 (地固系), 带谐:   -9.8444309587641629E-011  -7.4063026739804105E-011  -7.5533634875149140E-011
 >>> 地球非球形引力分量 (地固系), 田谐:    8.7006995280307873E-013  -5.8980603139930975E-013   1.1927531455424486E-013
 >>> 卫星在地固系坐标为:    91126.508837103582        67909.254319390762        20619.871242515237     
 >>> 地球非球形引力分量 (地固系), 带谐:   -9.8116680577394094E-011  -7.3118466836202602E-011  -7.5044880048228836E-011
 >>> 地球非球形引力分量 (地固系), 田谐:    8.5212153181574477E-013  -5.9893684102301702E-013   1.1476190821659537E-013
 >>> 卫星在地固系坐标为:    91701.828003973904        67528.045795373866        20667.780875856999     
 >>> 地球非球形引力分量 (地固系), 带谐:   -9.7707057421735068E-011  -7.1950219441865729E-011  -7.4440068717295385E-011
 >>> 地球非球形引力分量 (地固系), 田谐:    8.2974658515043974E-013  -6.0995074282158959E-013   1.0918562850151570E-013
 >>> 卫星在地固系坐标为:    86489.069243927108        70782.736250237678        20234.751054768909     
 >>> 地球非球形引力分量 (地固系), 带谐:   -1.0136379757867759E-010  -8.2956228018811778E-011  -8.0116476905284478E-011
 >>> 地球非球形引力分量 (地固系), 田谐:    1.0327813613212674E-012  -4.9439009279021687E-013   1.6197004020630655E-013
 >>> 卫星在地固系坐标为:    86686.888077136566        70667.198421783527        20251.154404615027     
 >>> 地球非球形引力分量 (地固系), 带谐:   -1.0122730120688327E-010  -8.2520551132520917E-011  -7.9892630166385300E-011
 >>> 地球非球形引力分量 (地固系), 田谐:    1.0250800586196101E-012  -4.9943361433787767E-013   1.5987263111276555E-013
 >>> 卫星在地固系坐标为:    86785.746549529053        70609.203770030494        20259.349493849397     
 >>> 地球非球形引力分量 (地固系), 带谐:   -1.0115909360614922E-010  -8.2303411995790912E-011  -7.9781073724956625E-011
 >>> 地球非球形引力分量 (地固系), 田谐:    1.0212309035423473E-012  -5.0193515288350265E-013   1.5882725114469192E-013
 >>> 卫星在地固系坐标为:    87279.772426410025        70317.176542250294        20300.317780041387     
 >>> 地球非球形引力分量 (地固系), 带谐:   -1.0081729942258166E-010  -8.1223720513110132E-011  -7.9226020280329529E-011
 >>> 地球非球形引力分量 (地固系), 田谐:    1.0019893135667939E-012  -5.1423553946771464E-013   1.5363164003211732E-013
 >>> 卫星在地固系坐标为:    87367.541397963214        70264.893461560307        20307.597358719835     
 >>> 地球非球形引力分量 (地固系), 带谐:   -1.0075645391496457E-010  -8.1032857129989512E-011  -7.9127855842687223E-011
 >>> 地球非球形引力分量 (地固系), 田谐:    9.9856998626123872E-013  -5.1638646623640973E-013   1.5271350354096630E-013
 >>> 卫星在地固系坐标为:    87477.225986271776        70199.383101218584        20316.695005554368     
 >>> 地球非球形引力分量 (地固系), 带谐:   -1.0068036806132518E-010  -8.0794739986586047E-011  -7.9005371022528785E-011
 >>> 地球非球形引力分量 (地固系), 田谐:    9.9429656723761531E-013  -5.1905998755344969E-013   1.5156818887296199E-013
 >>> 卫星在地固系坐标为:    87477.224759590885        70199.382629081214        20316.694793425380     
 >>> 地球非球形引力分量 (地固系), 带谐:   -1.0068037223132904E-010  -8.0794743922537338E-011  -7.9005374592749264E-011
 >>> 地球非球形引力分量 (地固系), 田谐:    9.9429662084065556E-013  -5.1905999932767474E-013   1.5156819894201156E-013
 >>> 卫星在地固系坐标为:    87675.801476693072        70080.313502294579        20333.168852412888     
 >>> 地球非球形引力分量 (地固系), 带谐:   -1.0054243088554538E-010  -8.0364763801045632E-011  -7.8784123524088964E-011
 >>> 地球非球形引力分量 (地固系), 田谐:    9.8655902849321021E-013  -5.2385862395837379E-013   1.4950059529255321E-013
 >>> 卫星在地固系坐标为:    87775.035300967880        70020.550431301977        20341.399260257571     
 >>> 地球非球形引力分量 (地固系), 带谐:   -1.0047350308451146E-010  -8.0150466082023100E-011  -7.8673861377113758E-011
 >>> 地球非球形引力分量 (地固系), 田谐:    9.8269215661300441E-013  -5.2623777562893567E-013   1.4847012671861001E-013
 >>> 卫星在地固系坐标为:    88270.905071911009        69719.652087870534        20382.544100855856     
 >>> 地球非球形引力分量 (地固系), 带谐:   -1.0012813693659615E-010  -7.9084935922420468E-011  -7.8125255645373216E-011
 >>> 地球非球形引力分量 (地固系), 田谐:    9.6336669434514784E-013  -5.3792658151552786E-013   1.4334927505442800E-013
 >>> 卫星在地固系坐标为:    88358.995952562196        69665.786928577450        20389.855047386041     
 >>> 地球非球形引力分量 (地固系), 带谐:   -1.0006666119113506E-010  -7.8896581180465714E-011  -7.8028232857196232E-011
 >>> 地球非球形引力分量 (地固系), 田谐:    9.5993325939501278E-013  -5.3996886092765862E-013   1.4244445930620156E-013
 >>> 卫星在地固系坐标为:    88469.080399972474        69598.296864668970        20398.991893486971     
 >>> 地球非球形引力分量 (地固系), 带谐:   -9.9989789552721823E-011  -7.8661595952660938E-011  -7.7907173098441403E-011
 >>> 地球非球形引力分量 (地固系), 田谐:    9.5564254440962061E-013  -5.4250661023858983E-013   1.4131580761535738E-013
 >>> 卫星在地固系坐标为:    88469.079161072892        69598.296400356921        20398.991679591312     
 >>> 地球非球形引力分量 (地固系), 带谐:   -9.9989793714542277E-011  -7.8661599803531430E-011  -7.7907176629840525E-011
 >>> 地球非球形引力分量 (地固系), 田谐:    9.5564259659201026E-013  -5.4250662354556480E-013   1.4131581721225845E-013
 >>> 卫星在地固系坐标为:    88668.059957128193        69475.829204489710        20415.510722135172     
 >>> 地球非球形引力分量 (地固系), 带谐:   -9.9850654497287412E-011  -7.8237947476963576E-011  -7.7688844416085313E-011
 >>> 地球非球形引力分量 (地固系), 田谐:    9.4788686807779188E-013  -5.4705234737414142E-013   1.3928162567680014E-013
 >>> 卫星在地固系坐标为:    88767.492306916247        69414.365059232325        20423.763606634187     
 >>> 地球非球形引力分量 (地固系), 带谐:   -9.9781129884567511E-011  -7.8026804586101774E-011  -7.7580037040224559E-011
 >>> 地球非球形引力分量 (地固系), 田谐:    9.4401135154991786E-013  -5.4930518432975554E-013   1.3826786086092385E-013
 >>> 卫星在地固系坐标为:    89264.321837919575        69104.938949333882        20465.020814262018     
 >>> 地球非球形引力分量 (地固系), 带谐:   -9.9432810807351329E-011  -7.6976984521084953E-011  -7.7038673055930582E-011
 >>> 地球非球形引力分量 (地固系), 田谐:    9.2464736347087779E-013  -5.6036354173980538E-013   1.3323062484404001E-013
 >>> 卫星在地固系坐标为:    89352.577486873357        69049.553933862509        20472.351728921556     
 >>> 地球非球形引力分量 (地固系), 带谐:   -9.9370815084795603E-011  -7.6791410484577073E-011  -7.6942931524751348E-011
 >>> 地球非球形引力分量 (地固系), 田谐:    9.2120787741519821E-013  -5.6229395229077975E-013   1.3234068571014815E-013
 >>> 卫星在地固系坐标为:    89462.865391690051        68980.162452349963        20481.513530733824     
 >>> 地球非球形引力分量 (地固系), 带谐:   -9.9293295546231195E-011  -7.6559895854223683E-011  -7.6823470661427640E-011
 >>> 地球非球形引力分量 (地固系), 田谐:    9.1690993429836224E-013  -5.6469195860767630E-013   1.3123063394299488E-013
 >>> 卫星在地固系坐标为:    89462.864146455380        68980.161998254480        20481.513316080513     
 >>> 地球非球形引力分量 (地固系), 带谐:   -9.9293299679685092E-011  -7.6559899602960336E-011  -7.6823474137864023E-011
 >>> 地球非球形引力分量 (地固系), 田谐:    9.1690998479294862E-013  -5.6469197332849964E-013   1.3123064302850376E-013
 >>> 卫星在地固系坐标为:    89662.200323340076        68854.255673363994        20498.077016054664     
 >>> 地球非球形引力分量 (地固系), 带谐:   -9.9152999303270696E-011  -7.6142520930652534E-011  -7.6608032278341063E-011
 >>> 地球非球形引力分量 (地固系), 田谐:    9.0914237789532496E-013  -5.6898515312332384E-013   1.2923015734359203E-013
 >>> 卫星在地固系坐标为:    89761.806770893731        68791.069958424589        20506.352214537674     
 >>> 地球非球形引力分量 (地固系), 带谐:   -9.9082896195404669E-011  -7.5934505877967395E-011  -7.6500665454058926E-011
 >>> 地球非球形引力分量 (地固系), 田谐:    9.0526134476815401E-013  -5.7111186497172689E-013   1.2823324250476572E-013
 >>> 卫星在地固系坐标为:    90259.473132546133        68473.013880244733        20547.720976264940     
 >>> 地球非球形引力分量 (地固系), 带谐:   -9.8731715497601244E-011  -7.4900261336113542E-011  -7.5966472265288780E-011
 >>> 地球非球形引力分量 (地固系), 田谐:    8.8587446079475514E-013  -5.8154085102145279E-013   1.2328034423943286E-013
 >>> 卫星在地固系坐标为:    90347.871556861312        68416.090892227498        20555.071714746242     
 >>> 地球非球形引力分量 (地固系), 带谐:   -9.8669215977110045E-011  -7.4717444165867884E-011  -7.5871999409674552E-011
 >>> 地球非球形引力分量 (地固系), 田谐:    8.8243170042114659E-013  -5.8335960597634955E-013   1.2240540863741688E-013
 >>> 卫星在地固系坐标为:    90458.335368359345        68344.775371661744        20564.258292001487     
 >>> 地球非球形引力分量 (地固系), 带谐:   -9.8591068737906048E-011  -7.4489370372618465E-011  -7.5754121729350987E-011
 >>> 地球非球形引力分量 (地固系), 田谐:    8.7812999931602808E-013  -5.8561814500624392E-013   1.2131411484151962E-013
 >>> 卫星在地固系坐标为:    90458.334116952741        68344.774927975101        20564.258076610698     
 >>> 地球非球形引力分量 (地固系), 带谐:   -9.8591072842273082E-011  -7.4489374020540930E-011  -7.5754125151339511E-011
 >>> 地球非球形引力分量 (地固系), 田谐:    8.7813004810789467E-013  -5.8561816107639635E-013   1.2131412342359605E-013
 >>> 卫星在地固系坐标为:    90657.986341642085        68215.381897460058        20580.866993143431     
 >>> 地球非球形引力分量 (地固系), 带谐:   -9.8449640271819374E-011  -7.4078192995612041E-011  -7.5541533765986984E-011
 >>> 地球非球形引力分量 (地固系), 田谐:    8.7035641977722361E-013  -5.8965955075708188E-013   1.1934752073792173E-013
 >>> 卫星在地固系坐标为:    90757.747135424783        68150.450834727890        20589.164784855835     
 >>> 地球非球形引力分量 (地固系), 带谐:   -9.8378973118306546E-011  -7.3873267927925710E-011  -7.5435587622006493E-011
 >>> 地球非球形引力分量 (地固系), 田谐:    8.6647279760165287E-013  -5.9166052370771884E-013   1.1836754413302612E-013
 >>> 卫星在地固系坐标为:    91256.150721902639        67823.645975524414        20630.646496565969     
 >>> 地球非球形引力分量 (地固系), 带谐:   -9.8025002692240009E-011  -7.2854410653468534E-011  -7.4908466301987392E-011
 >>> 地球非球形引力分量 (地固系), 田谐:    8.4707764372170412E-013  -6.0146217717621494E-013   1.1349941928255991E-013
 >>> 卫星在地固系坐标为:    91344.674065383966        67765.163908208546        20638.017306851481     
 >>> 地球非球形引力分量 (地固系), 带谐:   -9.7962012094112967E-011  -7.2674317077137278E-011  -7.4815244620057470E-011
 >>> 地球非球形引力分量 (地固系), 田谐:    8.4363420711968511E-013  -6.0316965716209097E-013   1.1263956378124351E-013
 >>> 卫星在地固系坐标为:    91455.291400377901        67691.897971874729        20647.228969435349     
 >>> 地球非球形引力分量 (地固系), 带谐:   -9.7883253029324431E-011  -7.2449642615089312E-011  -7.4698928282707262E-011
 >>> 地球非球形引力分量 (地固系), 田谐:    8.3933199468703827E-013  -6.0528921234290847E-013   1.1156712330069321E-013
 >>> 卫星在地固系坐标为:    91455.290142764556        67691.897538718113        20647.228753292697     
 >>> 地球非球形引力分量 (地固系), 带谐:   -9.7883257104557337E-011  -7.2449646164092376E-011  -7.4698931651305504E-011
 >>> 地球非球形引力分量 (地固系), 田谐:    8.3933204177085637E-013  -6.0528922970046302E-013   1.1156713138875736E-013
 >>> 卫星在地固系坐标为:    91655.208594838812        67558.976070167570        20663.882683459702     
 >>> 地球非球形引力分量 (地固系), 带谐:   -9.7740727471260786E-011  -7.2044606842818411E-011  -7.4489161110892175E-011
 >>> 地球非球形引力分量 (地固系), 田谐:    8.3155861653241698E-013  -6.0907954013383748E-013   1.0963467326911973E-013
 >>> 卫星在地固系坐标为:    91755.098744558185        67492.278826429392        20672.202967233421     
 >>> 地球非球形引力分量 (地固系), 带谐:   -9.7669513801042022E-011  -7.1842743874684982E-011  -7.4384620868468658E-011
 >>> 地球非球形引力分量 (地固系), 田谐:    8.2767551606106585E-013  -6.1095514081720587E-013   1.0867176504241936E-013
 >>> 卫星在地固系坐标为:    92254.113777501552        67156.621314367920        20713.797123401262     
 >>> 地球非球形引力分量 (地固系), 带谐:   -9.7312840997386061E-011  -7.0839134909998196E-011  -7.3864497710630873E-011
 >>> 地球非球形引力分量 (地固系), 田谐:    8.0828762905821839E-013  -6.2013142221863177E-013   1.0388905569599282E-013
 >>> 卫星在地固系坐标为:    92342.739535847897        67096.561755812101        20721.187915779359     
 >>> 地球非球形引力分量 (地固系), 带谐:   -9.7249374796348542E-011  -7.0661740322359007E-011  -7.3772514138746815E-011
 >>> 地球非球形引力分量 (地固系), 田谐:    8.0484627527995421E-013  -6.2172799732976887E-013   1.0304439303345908E-013
 >>> 卫星在地固系坐标为:    92453.482206604996        67021.322407508720        20730.424551639568     
 >>> 地球非球形引力分量 (地固系), 带谐:   -9.7170023229350112E-011  -7.0440434473263448E-011  -7.3657742832424443E-011
 >>> 地球非球形引力分量 (地固系), 田谐:    8.0054699882743941E-013  -6.2370904048674626E-013   1.0199094615967317E-013
 >>> 卫星在地固系坐标为:    92453.480942926166        67021.321985064365        20730.424334760475     
 >>> 地球非球形引力分量 (地固系), 带谐:   -9.7170027274848861E-011  -7.0440437924727119E-011  -7.3657746148210731E-011
 >>> 地球非球形引力分量 (地固系), 田谐:    8.0054704419288501E-013  -6.2370905906763004E-013   1.0199095376203584E-013
 >>> 卫星在地固系坐标为:    92653.625161670381        66884.823403701928        20747.123966534935     
 >>> 地球非球形引力分量 (地固系), 带谐:   -9.7026427817719824E-011  -7.0041463340010635E-011  -7.3450755841257190E-011
 >>> 地球非球形引力分量 (地固系), 田谐:    7.9277963624007425E-013  -6.2724936770643766E-013   1.0009278950559074E-013
 >>> 卫星在地固系坐标为:    92753.624348321726        66816.335651390807        20755.467085935623     
 >>> 地球非球形引力分量 (地固系), 带谐:   -9.6954681219299726E-011  -6.9842624143662794E-011  -7.3347601267230560E-011
 >>> 地球非球形引力分量 (地固系), 田谐:    7.8889996312077439E-013  -6.2900014403938379E-013   9.9147024012588925E-014
 >>> 卫星在地固系坐标为:    93253.148353429919        66471.703922612622        20797.175403936089     
 >>> 地球非球形引力分量 (地固系), 带谐:   -9.6595373629329097E-011  -6.8854072913954778E-011  -7.2834375568105416E-011
 >>> 地球非球形引力分量 (地固系), 田谐:    7.6953385337222639E-013  -6.3755389979009946E-013   9.4450096536642181E-014
 >>> 卫星在地固系坐标为:    93341.858156126633        66410.045274572389        20804.586483487477     
 >>> 地球非球形引力分量 (地固系), 带谐:   -9.6531443783781174E-011  -6.8679343637857224E-011  -7.2743612294387250E-011
 >>> 地球非球形引力分量 (地固系), 田谐:    7.6609715887215145E-013  -6.3904009413524122E-013   9.3620690984622556E-014
 >>> 卫星在地固系坐标为:    93452.703130194815        66332.805528268815        20813.848473852646     
 >>> 地球非球形引力分量 (地固系), 带谐:   -9.6451514633778388E-011  -6.8461364399444692E-011  -7.2630363794085848E-011
 >>> 地球非球形引力分量 (地固系), 田谐:    7.6180403774019717E-013  -6.4088328783044106E-013   9.2586317753680196E-014
 >>> 卫星在地固系坐标为:    93452.701860391549        66332.805116652060        20813.848256217709     
 >>> 地球非球形引力分量 (地固系), 带谐:   -9.6451518649603868E-011  -6.8461367755285353E-011  -7.2630367058160320E-011
 >>> 地球非球形引力分量 (地固系), 田谐:    7.6180408138584632E-013  -6.4088330757375261E-013   9.2586324879912284E-014
 >>> 卫星在地固系坐标为:    93653.007423030736        66192.696253804126        20830.592391252172     
 >>> 地球非球形引力分量 (地固系), 带谐:   -9.6306892548309442E-011  -6.8068426855775858E-011  -7.2426140099423630E-011
 >>> 地球非球形引力分量 (地固系), 田谐:    7.5404938318944940E-013  -6.4417444987195454E-013   9.0722810215130538E-014
 >>> 卫星在地固系坐标为:    93753.083361865327        66122.401474440077        20838.957748198802     
 >>> 地球非球形引力分量 (地固系), 带谐:   -9.6234634568730886E-011  -6.7872595913874258E-011  -7.2324362746518896E-011
 >>> 地球非球形引力分量 (地固系), 田谐:    7.5017648097126127E-013  -6.4580083322696319E-013   8.9794364268500823E-014
 >>> 卫星在地固系坐标为:    94252.954130641316        65768.713528154345        20880.777238800692     
 >>> 地球非球形引力分量 (地固系), 带谐:   -9.5872799705190130E-011  -6.6899024620628807E-011  -7.1817992158326332E-011
 >>> 地球非球形引力分量 (地固系), 田谐:    7.3084883733600780E-013  -6.5373437271916567E-013   8.5184090027925416E-014
 >>> 卫星在地固系坐标为:    94341.719005361199        65705.441320371057        20888.208074701521     
 >>> 地球非球形引力分量 (地固系), 带谐:   -9.5808425280859967E-011  -6.6726946802092541E-011  -7.1728441638174320E-011
 >>> 地球非球形引力分量 (地固系), 田谐:    7.2741976387582159E-013  -6.5511062272595587E-013   8.4370094378158631E-014
 >>> 卫星在地固系坐标为:    94452.630013399132        65626.183130439618        20897.494756363038     
 >>> 地球非球形引力分量 (地固系), 带谐:   -9.5727942361157424E-011  -6.6512276843982829E-011  -7.1616706506457117E-011
 >>> 地球非球形引力分量 (地固系), 田谐:    7.2313649786563399E-013  -6.5681652348326230E-013   8.3354984855002568E-014
 >>> 卫星在地固系坐标为:    94452.628737846666        65626.182729904176        20897.494538026691     
 >>> 地球非球形引力分量 (地固系), 带谐:   -9.5727946346025320E-011  -6.6512280104973416E-011  -7.1616709718809691E-011
 >>> 地球非球形引力分量 (地固系), 田谐:    7.2313653977709687E-013  -6.5681654432152722E-013   8.3354991512351511E-014
 >>> 卫星在地固系坐标为:    94653.052016476868        65482.415754557231        20914.283825222668     
 >>> 地球非球形引力分量 (地固系), 带谐:   -9.5582320667279546E-011  -6.6125297889292275E-011  -7.1415206358759666E-011
 >>> 地球非球形引力分量 (地固系), 田谐:    7.1540037742926101E-013  -6.5985993100067768E-013   8.1526260351563460E-014
 >>> 卫星在地固系坐标为:    94753.182802960189        65410.290048405135        20922.671743775863     
 >>> 地球非球形引力分量 (地固系), 带谐:   -9.5509564808758650E-011  -6.5932437853081579E-011  -7.1314786423094489E-011
 >>> 地球非球形引力分量 (地固系), 田谐:    7.1153715700664780E-013  -6.6136263613539183E-013   8.0615200584593648E-014
 >>> 卫星在地固系坐标为:    95253.289925404810        65047.426498509798        20964.604026861660     
 >>> 地球非球形引力分量 (地固系), 带谐:   -9.5145269843634041E-011  -6.4973660769947045E-011  -7.0815172379600678E-011
 >>> 地球非球形引力分量 (地固系), 田谐:    6.9226250774332955E-013  -6.6867964225630602E-013   7.6091906865023840E-014
 >>> 卫星在地固系坐标为:    95342.090087775854        64982.519529212594        20972.054906877343     
 >>> 地球非球形引力分量 (地固系), 带谐:   -9.5080462724632555E-011  -6.4804201587795720E-011  -7.0726817179181100E-011
 >>> 地球非球形引力分量 (地固系), 田谐:    6.8884363359811393E-013  -6.6994662106312259E-013   7.5293378381763364E-014
 >>> 卫星在地固系坐标为:    95453.042329699500        64901.216408108950        20981.366639428797     
 >>> 地球非球形引力分量 (地固系), 带谐:   -9.4999440862847343E-011  -6.4592799973758736E-011  -7.0616573662750203E-011
 >>> 地球非球形引力分量 (地固系), 田谐:    6.8457344372053305E-013  -6.7151607791451566E-013   7.4297603806381890E-014
 >>> 卫星在地固系坐标为:    95453.041048353814        64901.216018772342        20981.366420373157     
 >>> 地球非球形引力分量 (地固系), 带谐:   -9.4999444816819966E-011  -6.4592803141772762E-011  -7.0616576824446585E-011
 >>> 地球非球形引力分量 (地固系), 田谐:    6.8457348389959952E-013  -6.7151609978708119E-013   7.4297610004511386E-014
 >>> 卫星在地固系坐标为:    95653.536778200039        64753.743017562825        20998.201491811265     
 >>> 地球非球形引力分量 (地固系), 带谐:   -9.4852846424482364E-011  -6.4211706631375672E-011  -7.0417758236034190E-011
 >>> 地球非球形引力分量 (地固系), 田谐:    6.7686168604687406E-013  -6.7431327029419479E-013   7.2503794222740524E-014
 >>> 卫星在地固系坐标为:    95753.699688023728        64679.762445551416        21006.612287636071     
 >>> 地球非球形引力分量 (地固系), 带谐:   -9.4779606088847741E-011  -6.4021781158147268E-011  -7.0318676372768575E-011
 >>> 地球非球形引力分量 (地固系), 田谐:    6.7301105931125285E-013  -6.7569307650130563E-013   7.1610186224879419E-014
 >>> 卫星在地固系坐标为:    96253.928627476067        64307.603745477369        21048.658941127207     
 >>> 地球非球形引力分量 (地固系), 带谐:   -9.4412917691586592E-011  -6.3077617567827726E-011  -6.9825722588867919E-011
 >>> 地球非球形引力分量 (地固系), 田谐:    6.5380393518073082E-013  -6.8239755579614704E-013   6.7174195030137505E-014
 >>> 卫星在地固系坐标为:    96342.743555449852        64241.040789723826        21056.130145571809     
 >>> 地球非球形引力分量 (地固系), 带谐:   -9.4347689673237796E-011  -6.2910745086123515E-011  -6.9738545677123241E-011
 >>> 地球非球形引力分量 (地固系), 田谐:    6.5039783861284217E-013  -6.8355599428613489E-013   6.6391190017619223E-014
 >>> 卫星在地固系坐标为:    96453.711312994186        64157.666215104582        21065.467279296765     
 >>> 地球非球形引力分量 (地固系), 带谐:   -9.4266143591891728E-011  -6.2702571975983043E-011  -6.9629772524936837E-011
 >>> 地球非球形引力分量 (地固系), 田谐:    6.4614394542863034E-013  -6.8498992874077917E-013   6.5414820353627271E-014
 >>> 卫星在地固系坐标为:    96453.710025817592        64157.665837089764        21065.467059504634     
 >>> 地球非球形引力分量 (地固系), 带谐:   -9.4266147515017571E-011  -6.2702575052836001E-011  -6.9629775637004774E-011
 >>> 地球非球形引力分量 (地固系), 田谐:    6.4614398387801328E-013  -6.8498995158756019E-013   6.5414826102066722E-014
 >>> 卫星在地固系坐标为:    96654.233324471032        64006.437303114704        21082.348703667634     
 >>> 地球非球形引力分量 (地固系), 带谐:   -9.4118601567168052E-011  -6.2327289380511391E-011  -6.9433601873920043E-011
 >>> 地球非球形引力分量 (地固系), 田谐:    6.3846229967639376E-013  -6.8754260339730126E-013   6.3656037187118909E-014
 >>> 卫星在地固系坐标为:    96754.405822285655        63930.577124867625        21090.782770506728     
 >>> 地球非球形引力分量 (地固系), 带谐:   -9.4044889306506093E-011  -6.2140261189267616E-011  -6.9335838183094236E-011
 >>> 地球非球形引力分量 (地固系), 田谐:    6.3462713855604666E-013  -6.8880036879797260E-013   6.2779936385495559E-014
 >>> 卫星在地固系坐标为:    97254.642957932097        63548.999695629274        21132.945762579497     
 >>> 地球非球形引力分量 (地固系), 带谐:   -9.3675869899531457E-011  -6.1210525756679092E-011  -6.8849445634059281E-011
 >>> 地球非球形引力分量 (地固系), 田谐:    6.1550186845991822E-013  -6.9489671937093862E-013   5.8431519361372165E-014
 >>> 卫星在地固系坐标为:    97343.452286789310        63480.758807324688        21140.437641078301     
 >>> 地球非球形引力分量 (地固系), 带谐:   -9.3610232022992485E-011  -6.1046207231708721E-011  -6.8763429499458787E-011
 >>> 地球非球形引力分量 (地固系), 田谐:    6.1211109151553882E-013  -6.9594741759347711E-013   5.7664085252351688E-014
 >>> 卫星在地固系坐标为:    97454.410035133478        63395.285354638625        21149.800612863241     
 >>> 地球非球形引力分量 (地固系), 带谐:   -9.3528175501485755E-011  -6.0841221782347741E-011  -6.8656104862723657E-011
 >>> 地球非球形引力分量 (地固系), 田谐:    6.0787667021002339E-013  -6.9724683739408531E-013   5.6707179418348742E-014
 >>> 卫星在地固系坐标为:    97454.408742054962        63395.284988062747        21149.800392311299     
 >>> 地球非球形引力分量 (地固系), 带谐:   -9.3528179393919125E-011  -6.0841224769890628E-011  -6.8656107926247711E-011
 >>> 地球非球形引力分量 (地固系), 田谐:    6.0787670693450140E-013  -6.9724686115628355E-013   5.6707184726664285E-014
 >>> 卫星在地固系坐标为:    97654.898511434527        63240.262499025222        21166.728157050817     
 >>> 地球非球形引力分量 (地固系), 带谐:   -9.3379721595423170E-011  -6.0471703885791160E-011  -6.8462554001357794E-011
 >>> 地球非球形引力分量 (地固系), 田谐:    6.0023143550887719E-013  -6.9955665210334994E-013   5.4983657260228666E-014
 >>> 卫星在地固系坐标为:    97755.049963910089        63162.503557343050        21175.185269325528     
 >>> 地球非球形引力分量 (地固系), 带谐:   -9.3305555225121028E-011  -6.0287550014064203E-011  -6.8366096014155878E-011
 >>> 地球非球形引力分量 (地固系), 田谐:    5.9641488584563895E-013  -7.0069321774171495E-013   5.4125180153136395E-014
 >>> 卫星在地固系坐标为:    98255.141271175336        62771.412077231580        21217.463472618772     
 >>> 地球非球形引力分量 (地固系), 带谐:   -9.2934293628278662E-011  -5.9372128175429122E-011  -6.7886202470607985E-011
 >>> 地球非球形引力分量 (地固系), 田谐:    5.7738715691836789E-013  -7.0618578138994259E-013   4.9864909368918263E-014
 >>> 卫星在地固系坐标为:    98343.917471074164        62701.476393226949        21224.975825021338     
 >>> 地球非球形引力分量 (地固系), 带谐:   -9.2868261635857921E-011  -5.9210343297067434E-011  -6.7801336075793639E-011
 >>> 地球非球形引力分量 (地固系), 田谐:    5.7401448102530077E-013  -7.0712953440425230E-013   4.9113146132330590E-014
 >>> 卫星在地固系坐标为:    98454.830731726848        62613.883025112089        21234.364384824545     
 >>> 地球非球形引力分量 (地固系), 带谐:   -9.2785714327253903E-011  -5.9008520151931853E-011  -6.7695446169225402E-011
 >>> 地球非球形引力分量 (地固系), 田谐:    5.6980300534273531E-013  -7.0829544298600057E-013   4.8175828409748007E-014
 >>> 卫星在地固系坐标为:    98454.829432964034        62613.882670174564        21234.364163538146     
 >>> 地球非球形引力分量 (地固系), 带谐:   -9.2785718188297217E-011  -5.9008523051331021E-011  -6.7695449184599144E-011
 >>> 地球非球形引力分量 (地固系), 田谐:    5.6980304034039736E-013  -7.0829546760005086E-013   4.8175833286319156E-014
 >>> 卫星在地固系坐标为:    98655.222413778465        62455.029146358087        21251.337530539418     
 >>> 地球非球形引力分量 (地固系), 带谐:   -9.2636384639351130E-011  -5.8644722105009198E-011  -6.7504490722370890E-011
 >>> 地球非球形引力分量 (地固系), 田谐:    5.6220047872154670E-013  -7.1036424979379973E-013   4.6487793569277439E-014
 >>> 卫星在地固系坐标为:    98755.321108517644        62375.352958596253        21259.817429639726     
 >>> 地球非球形引力分量 (地固系), 带谐:   -9.2561782172777411E-011  -5.8463420185322276E-011  -6.7409326274237814E-011
 >>> 地球非球形引力分量 (地固系), 田谐:    5.5840568476624590E-013  -7.1138055398626946E-013   4.5647052472627704E-014
 >>> 卫星在地固系坐标为:    99255.107169716342        61974.655524837559        21302.209551690285     
 >>> 地球非球形引力分量 (地固系), 带谐:   -9.2188368191645555E-011  -5.7562200323907542E-011  -6.6935871017735287E-011
 >>> 地球非球形引力分量 (地固系), 田谐:    5.3949117076510217E-013  -7.1627415967979618E-013   4.1475478770051448E-014
 >>> 卫星在地固系坐标为:    99343.821750618939        61903.008800996315        21309.742148522811     
 >>> 地球非球形引力分量 (地固系), 带谐:   -9.2121957998179137E-011  -5.7402929303862505E-011  -6.6852143591963970E-011
 >>> 地球非球形引力分量 (地固系), 田谐:    5.3613937413245164E-013  -7.1711184922761184E-013   4.0739482570607166E-014
 >>> 卫星在地固系坐标为:    99454.654849729457        61813.275250278864        21319.156009663620     
 >>> 地球非球形引力分量 (地固系), 带谐:   -9.2038939775274151E-011  -5.7204243749766880E-011  -6.6747674962674106E-011
 >>> 地球非球形引力分量 (地固系), 田谐:    5.3195431319380121E-013  -7.1814535859087869E-013   3.9821872407935743E-014
 >>> 卫星在地固系坐标为:    99454.653545518915        61813.274907179039        21319.155787670752     
 >>> 地球非球形引力分量 (地固系), 带谐:   -9.2038943604211032E-011  -5.7204246562173854E-011  -6.6747677930267000E-011
 >>> 地球非球形引力分量 (地固系), 田谐:    5.3195434646458519E-013  -7.1814538399309266E-013   3.9821876861272743E-014
 >>> 卫星在地固系坐标为:    99654.903421277748        61650.539164602727        21336.175795757881     
 >>> 地球非球形引力分量 (地固系), 带谐:   -9.1888756470399363E-011  -5.6846087699438166E-011  -6.6559273181711510E-011
 >>> 地球非球形引力分量 (地固系), 田谐:    5.2440006109174541E-013  -7.1997538059801172E-013   3.8169384736273443E-014
 >>> 卫星在地固系坐标为:    99754.926099421617        61568.920151370075        21344.679000397446     
 >>> 地球非球形引力分量 (地固系), 带谐:   -9.1813728966442528E-011  -5.6667598970505466E-011  -6.6465381479115425E-011
 >>> 地球非球形引力分量 (地固系), 田谐:    5.2062980255703112E-013  -7.2087254389454374E-013   3.7346409319669066E-014
 >>> 卫星在地固系坐标为:    100254.28962130913        61158.488984135831        21387.187634022699     
 >>> 地球非球形引力分量 (地固系), 带谐:   -9.1438217556364402E-011  -5.5780388472886824E-011  -6.5998261080608340E-011
 >>> 地球非球形引力分量 (地固系), 田谐:    5.0184236144381906E-013  -7.2517289700173391E-013   3.3263676157589427E-014
 >>> 卫星在地固系坐标为:    100342.92155669520        61085.108524956479        21394.740935849062     
 >>> 地球非球形引力分量 (地固系), 带谐:   -9.1371438877681779E-011  -5.5623597293517402E-011  -6.5915654340879026E-011
 >>> 地球非球形引力分量 (地固系), 田谐:    4.9851390068126179E-013  -7.2590555473864282E-013   3.2543471732793379E-014
 >>> 卫星在地固系坐标为:    100453.64813574369        60993.206433356834        21404.180673828607     
 >>> 地球非球形引力分量 (地固系), 带谐:   -9.1287961861989311E-011  -5.5428006907272468E-011  -6.5812584180705898E-011
 >>> 地球非球形引力分量 (地固系), 田谐:    4.9435832227758590E-013  -7.2680796171499030E-013   3.1645599750216641E-014
 >>> 卫星在地固系坐标为:    100453.64682596571        60993.206102199911        21404.180451096112     
 >>> 地球非球形引力分量 (地固系), 带谐:   -9.1287965659169900E-011  -5.5428009634599677E-011  -6.5812587101696755E-011
 >>> 地球非球形引力分量 (地固系), 田谐:    4.9435835383221497E-013  -7.2680798784915510E-013   3.1645603790088883E-014
 >>> 卫星在地固系坐标为:    100653.69673049303        60826.543973906468        21421.247379067161     
 >>> 地球非球形引力分量 (地固系), 带谐:   -9.1136953488823120E-011  -5.5075432786924664E-011  -6.5626703541064086E-011
 >>> 地球非球形引力分量 (地固系), 田谐:    4.8685822466199998E-013  -7.2840146964684982E-013   3.0028789746440481E-014
 >>> 卫星在地固系坐标为:    100753.61486434305        60742.960090524153        21429.774028556389     
 >>> 地球非球形引力分量 (地固系), 带谐:   -9.1061515191715246E-011  -5.4899727325124241E-011  -6.5534068372579132E-011
 >>> 地球非球形引力分量 (地固系), 田谐:    4.8311543717994356E-013  -7.2918063806069536E-013   2.9223644707282213E-014
 >>> 卫星在地固系坐标为:    101252.41226404814        60322.685298458520        21472.399870212004     
 >>> 地球非球形引力分量 (地固系), 带谐:   -9.0683977285897510E-011  -5.4026377259676444E-011  -6.5073202094404457E-011
 >>> 地球非球形引力分量 (地固系), 田谐:    4.6446969743002321E-013  -7.3289358872557306E-013   2.5230067587488338E-014
 >>> 卫星在地固系坐标为:    101340.93586271981        60247.551629541136        21479.974000797454     
 >>> 地球非球形引力分量 (地固系), 带谐:   -9.0616842681706793E-011  -5.3872039581001101E-011  -6.4991701750838078E-011
 >>> 地球非球形引力分量 (地固系), 田谐:    4.6116716458716533E-013  -7.3352227499150352E-013   2.4525709739163107E-014
 >>> 卫星在地固系坐标为:    101451.52373843292        60153.456679449460        21489.439770297242     
 >>> 地球非球形引力分量 (地固系), 带谐:   -9.0532922552089127E-011  -5.3679511495971612E-011  -6.4890012225249774E-011
 >>> 地球非球形引力分量 (地固系), 田谐:    4.5704430505061295E-013  -7.3429491356264840E-013   2.3647643892740814E-014
 >>> 卫星在地固系坐标为:    101451.52242314642        60153.456360389857        21489.439546821843     
 >>> 地球非球形引力分量 (地固系), 带谐:   -9.0532926317348972E-011  -5.3679514139716395E-011  -6.4890015100396149E-011
 >>> 地球非球形引力分量 (地固系), 田谐:    4.5704433489649428E-013  -7.3429494036980531E-013   2.3647647528243823E-014
 >>> 卫星在地固系坐标为:    101651.30698687250        59982.829860569793        21506.553077562294     
 >>> 地球非球形引力分量 (地固系), 带谐:   -9.0381122687041628E-011  -5.3332472207605031E-011  -6.4706626978670941E-011
 >>> 地球非球形引力分量 (地固系), 田谐:    4.4960446343964201E-013  -7.3565429389550428E-013   2.2066688430815082E-014
 >>> 卫星在地固系坐标为:    101751.08780548965        59897.262169960617        21515.103013731539     
 >>> 地球非球形引力分量 (地固系), 带谐:   -9.0305290352462904E-011  -5.3159526529249147E-011  -6.4615235499554872E-011
 >>> 地球非球形引力分量 (地固系), 田谐:    4.4589219243339250E-013  -7.3631667258977748E-013   2.1279461394044720E-014
 >>> 卫星在地固系坐标为:    102249.15432614546        59467.049594953060        21557.845272985018     
 >>> 地球非球形引力分量 (地固系), 带谐:   -8.9925809463147095E-011  -5.2299919803286442E-011  -6.4160559276285376E-011
 >>> 地球非球形引力分量 (地固系), 田谐:    4.2740332264813799E-013  -7.3944837897389442E-013   1.7375468162565325E-014
 >>> 卫星在地固系坐标为:    102337.54014160190        59390.146072567150        21565.440092018580     
 >>> 地球非球形引力分量 (地固系), 带谐:   -8.9858333730894063E-011  -5.2148014880277840E-011  -6.4080153972880701E-011
 >>> 地球非球形引力分量 (地固系), 田谐:    4.2412940421188714E-013  -7.3997421099037149E-013   1.6687031257762457E-014
 >>> 卫星在地固系坐标为:    102447.95244060265        59293.837498993053        21574.931717764699     
 >>> 地球非球形引力分量 (地固系), 带谐:   -8.9773988963403552E-011  -5.1958523195655345E-011  -6.3979830901628057E-011
 >>> 地球非球形引力分量 (地固系), 田谐:    4.2004261723947510E-013  -7.4061848712357836E-013   1.5828863787871727E-014
 >>> 卫星在地固系坐标为:    102447.95112000800        59293.837192218045        21574.931493566579     
 >>> 地球非球形引力分量 (地固系), 带谐:   -8.9773992696196480E-011  -5.1958525757027653E-011  -6.3979833731380143E-011
 >>> 地球非球形引力分量 (地固系), 田谐:    4.2004264538253561E-013  -7.4061851454249733E-013   1.5828867027760024E-014
 >>> 卫星在地固系坐标为:    102647.41516130957        59119.198868294559        21592.092311452012     
 >>> 地球非球形引力分量 (地固系), 带谐:   -8.9621422073415759E-011  -5.1616951738057106E-011  -6.3798904743140099E-011
 >>> 地球非球形引力分量 (地固系), 田谐:    4.1266864854775774E-013  -7.4174638652094994E-013   1.4283835436509944E-014
 >>> 卫星在地固系坐标为:    102747.03097233566        59031.623675540373        21600.665876076910     
 >>> 地球非球形引力分量 (地固系), 带谐:   -8.9545207909419396E-011  -5.1446732477166253E-011  -6.3708738865795485E-011
 >>> 地球非球形引力分量 (地固系), 田谐:    4.0898969770696602E-013  -7.4229330864428484E-013   1.3514562265959426E-014
 >>> 卫星在地固系坐标为:    103244.22714448982        58591.355117235049        21643.526261362746     
 >>> 地球非球形引力分量 (地固系), 带谐:   -8.9163844774546607E-011  -5.0600703180161298E-011  -6.3260162684736880E-011
 >>> 地球非球形引力分量 (地固系), 田谐:    3.9067166189773814E-013  -7.4485054721785982E-013   9.7003256204527466E-015
 >>> 卫星在地固系坐标为:    103332.45020665253        58512.660777113808        21651.142072340735     
 >>> 地球非球形引力分量 (地固系), 带谐:   -8.9096038662422321E-011  -5.0451201693302218E-011  -6.3180836502219839E-011
 >>> 地球非球形引力分量 (地固系), 田谐:    3.8742883093796290E-013  -7.4527474845146471E-013   9.0278392939378119E-015
 >>> 卫星在地固系坐标为:    103442.65564328809        58414.112393291194        21660.659933583654     
 >>> 地球非球形引力分量 (地固系), 带谐:   -8.9011282672828466E-011  -5.0264709833549089E-011  -6.3081860022473002E-011
 >>> 地球非球形引力分量 (地固系), 田谐:    3.8338120374773141E-013  -7.4579219939077012E-013   8.1896067834256008E-015
 >>> 卫星在地固系坐标为:    103442.65431735691        58414.112098934165        21660.659708643609     
 >>> 地球非球形引力分量 (地固系), 带谐:   -8.9011286373275647E-011  -5.0264712314196855E-011  -6.3081862807770928E-011
 >>> 地球非球形引力分量 (地固系), 田谐:    3.8338123020044395E-013  -7.4579222736562636E-013   8.1896096370531504E-015
 >>> 卫星在地固系坐标为:    103641.72633103972        58235.427637660105        21677.867231076187     
 >>> 地球非球形引力分量 (地固系), 带谐:   -8.8857984232808113E-011  -4.9928565395463426E-011  -6.2903370444572644E-011
 >>> 地球非球形引力分量 (地固系), 田谐:    3.7607922162790878E-013  -7.4669134112751160E-013   6.6806837792800173E-015
 >>> 卫星在地固系坐标为:    103741.14129729931        58145.827856187039        21686.464133457488     
 >>> 地球非球形引力分量 (地固系), 带谐:   -8.8781405941937207E-011  -4.9761052193711784E-011  -6.2814418935120139E-011
 >>> 地球非球形引力分量 (地固系), 田谐:    3.7243664140348061E-013  -7.4712418066086155E-013   5.9294526706871788E-015
 >>> 卫星在地固系坐标为:    104237.28705048590        57695.418526259695        21729.441191923135     
 >>> 地球非球形引力分量 (地固系), 带谐:   -8.8398248822306693E-011  -4.8928498688969419E-011  -6.2371886717209254E-011
 >>> 地球非球形引力分量 (地固系), 田谐:    3.5430462180092539E-013  -7.4911395789920981E-013   2.2054020763621655E-015
 >>> 卫星在地固系坐标为:    104325.31519499485        57614.918409353340        21737.077736886567     
 >>> 地球非球形引力分量 (地固系), 带谐:   -8.8330127974135487E-011  -4.8781382608865704E-011  -6.2293629706576006E-011
 >>> 地球非球形引力分量 (地固系), 田谐:    3.5109556518622401E-013  -7.4943779712943773E-013   1.5489407569160543E-015
 >>> 卫星在地固系坐标为:    104435.27349539888        57514.111573398135        21746.621511354639     
 >>> 地球非球形引力分量 (地固系), 带谐:   -8.8244980292661208E-011  -4.8597868061963197E-011  -6.2195987391260261E-011
 >>> 地球非球形引力分量 (地固系), 田谐:    3.4709045134510740E-013  -7.4983001846478259E-013   7.3073548976877140E-016
 >>> 卫星在地固系坐标为:    104435.27216440033        57514.111291657959        21746.621285703346     
 >>> 地球非球形引力分量 (地固系), 带谐:   -8.8244983960073057E-011  -4.8597870462966834E-011  -6.2195990132416405E-011
 >>> 地球非球形引力分量 (地固系), 田谐:    3.4709047611554601E-013  -7.4983004693422871E-013   7.3073796585605518E-016
 >>> 卫星在地固系坐标为:    104633.89388807627        57331.333901599282        21763.876203915788     
 >>> 地球非球形引力分量 (地固系), 带谐:   -8.8090974218328542E-011  -4.8267085061656960E-011  -6.2019898720325526E-011
 >>> 地球非球形引力分量 (地固系), 田谐:    3.3986596341169782E-013  -7.5050338319348257E-013  -7.4202957076733568E-016
 >>> 卫星在地固系坐标为:    104733.07877526780        57239.686170915447        21772.496789253062     
 >>> 地球非球形引力分量 (地固系), 带谐:   -8.8014043734619544E-011  -4.8102245259236340E-011  -6.1932143806048076E-011
 >>> 地球非球形引力分量 (地固系), 田谐:    3.3626250205798750E-013  -7.5082364023388777E-013  -1.4751927662695286E-015
 >>> 卫星在地固系坐标为:    105228.02691069235        56779.019583486683        21815.592246447290     
 >>> 地球非球形引力分量 (地固系), 带谐:   -8.7629152007086263E-011  -4.7283005145743304E-011  -6.1495567109716888E-011
 >>> 地球非球形引力分量 (地固系), 田谐:    3.1833017719762297E-013  -7.5225356623225537E-013  -5.1089348879568478E-015
 >>> 卫星在地固系坐标为:    105315.83378804654        56696.693041254257        21823.249831932491     
 >>> 地球非球形引力分量 (地固系), 带谐:   -8.7560726929086096E-011  -4.7138245775640875E-011  -6.1418363630211355E-011
 >>> 地球非球形引力分量 (地固系), 田谐:    3.1515731591970289E-013  -7.5247841489010630E-013  -5.7493505177828932E-015
 >>> 卫星在地固系坐标为:    105425.51194170737        56593.601962758839        21832.819902674710     
 >>> 地球非球形引力分量 (地固系), 带谐:   -8.7475200670480525E-011  -4.6957672741441525E-011  -6.1322035964280493E-011
 >>> 地球非球形引力分量 (地固系), 田谐:    3.1119773690549956E-013  -7.5274712875889263E-013  -6.5475031746460344E-015
 >>> 卫星在地固系坐标为:    105425.51060561812        56593.601693770477        21832.819676292715     
 >>> 地球非球形引力分量 (地固系), 带谐:   -8.7475204304997559E-011  -4.6957675064410959E-011  -6.1322038662214020E-011
 >>> 地球非球形引力分量 (地固系), 田谐:    3.1119776000896972E-013  -7.5274715766855030E-013  -6.5475010667702897E-015
 >>> 卫星在地固系坐标为:    105623.59991642406        56406.705537930247        21850.120746800174     
 >>> 地球非球形引力分量 (地固系), 带谐:   -8.7320527909475379E-011  -4.6632223377197250E-011  -6.1148332589918016E-011
 >>> 地球非球形引力分量 (地固系), 田谐:    3.0405699717799201E-013  -7.5319779082085036E-013  -7.9839030189183822E-015
 >>> 卫星在地固系坐标为:    105722.51358886380        56312.997033073938        21858.764394476355     
 >>> 地球非球形引力分量 (地固系), 带谐:   -8.7243265667300021E-011  -4.6470043076953906E-011  -6.1061766463906816E-011
 >>> 地球非球形引力分量 (地固系), 田谐:    3.0049577370304393E-013  -7.5340701594711497E-013  -8.6988958595818944E-015
 >>> 卫星在地固系坐标为:    106216.05760870577        55842.009958507253        21901.975148522684     
 >>> 地球非球形引力分量 (地固系), 带谐:   -8.6856741261867556E-011  -4.5664046658338357E-011  -6.0631106184762067E-011
 >>> 地球非球形引力分量 (地固系), 田谐:    2.8277865259332084E-013  -7.5428499043057655E-013  -1.2241831354452189E-014
 >>> 卫星在地固系坐标为:    106303.60636967978        55757.845907352188        21909.653223697143     
 >>> 地球非球形引力分量 (地固系), 带谐:   -8.6788030027480289E-011  -4.5521631580837198E-011  -6.0554949275189452E-011
 >>> 地球非球形引力分量 (地固系), 田谐:    2.7964472878870810E-013  -7.5441227786178614E-013  -1.2866115104452762E-014
 >>> 卫星在地固系坐标为:    106412.95825638471        55652.456800248103        21919.248902504525     
 >>> 地球非球形引力分量 (地固系), 带谐:   -8.6702147761516457E-011  -4.5343984528284787E-011  -6.0459927553339634E-011
 >>> 地球非球形引力分量 (地固系), 田谐:    2.7573410586186284E-013  -7.5455928138783973E-013  -1.3644108400314397E-014
 >>> 卫星在地固系坐标为:    106412.95691563528        55652.456544235014        21919.248675448598     
 >>> 地球非球形引力分量 (地固系), 带谐:   -8.6702151362071316E-011  -4.5343986774042855E-011  -6.0459930208058816E-011
 >>> 地球非球形引力分量 (地固系), 田谐:    2.7573412730757166E-013  -7.5455931067432765E-013  -1.3644106651985489E-014
 >>> 卫星在地固系坐标为:    106610.46477838409        55461.384166067510        21936.597672953660     
 >>> 地球非球形引力分量 (地固系), 带谐:   -8.6546822072089089E-011  -4.5023784084146050E-011  -6.0288563499084499E-011
 >>> 地球非球形引力分量 (地固系), 田谐:    2.6868203947275784E-013  -7.5479059213746733E-013  -1.5044202274434443E-014
 >>> 卫星在地固系坐标为:    106709.08259679744        55365.586167567461        21945.265269040330     
 >>> 地球非球形引力分量 (地固系), 带谐:   -8.6469234936899849E-011  -4.4864221125693048E-011  -6.0203163272438675E-011
 >>> 地球非球形引力分量 (地固系), 田谐:    2.6516551126604303E-013  -7.5489046864186279E-013  -1.5741054442769495E-014
 >>> 卫星在地固系坐标为:    107201.09813654146        54884.135060031273        21988.595748920514     
 >>> 地球非球形引力分量 (地固系), 带谐:   -8.6081111871555754E-011  -4.4071259084105384E-011  -5.9778305655489088E-011
 >>> 地球非球形引力分量 (地固系), 田谐:    2.4767582047095762E-013  -7.5522499494852881E-013  -1.9193334808872843E-014
 >>> 卫星在地固系坐标为:    107288.36646480444        54798.107993898739        21996.295100460822     
 >>> 地球非球形引力分量 (地固系), 带谐:   -8.6012120481228727E-011  -4.3931151365425831E-011  -5.9703175224455112E-011
 >>> 地球非球形引力分量 (地固系), 田谐:    2.4458299747903079E-013  -7.5525624750696357E-013  -1.9801514042519038E-014
 >>> 卫星在地固系坐标为:    107397.36410091688        54690.388981307558        22005.917370304262     
 >>> 地球非球形引力分量 (地固系), 带谐:   -8.5925889689857069E-011  -4.3756384246893159E-011  -5.9609434389812907E-011
 >>> 地球非球形引力分量 (地固系), 田谐:    2.4072403042293335E-013  -7.5528345478033286E-013  -2.0559382356610006E-014
 >>> 卫星在地固系坐标为:    107397.36275523841        54690.388738358270        22005.917142512233     
 >>> 地球非球形引力分量 (地固系), 带谐:   -8.5925893257283293E-011  -4.3756386417433595E-011  -5.9609437002713559E-011
 >>> 地球非球形引力分量 (地固系), 田谐:    2.4072405023297178E-013  -7.5528348439637400E-013  -2.0559380958205743E-014
 >>> 卫星在地固系坐标为:    107594.21306797247        54495.106723413403        22023.313629789405     
 >>> 地球非球形引力分量 (地固系), 带谐:   -8.5769944354780891E-011  -4.3441390926129051E-011  -5.9440386499194278E-011
 >>> 地球非球形引力分量 (地固系), 田谐:    2.3376641101410940E-013  -7.5529885318504336E-013  -2.1923052496297695E-014
 >>> 卫星在地固系坐标为:    107692.49689297461        54397.202600106932        22032.004956157940     
 >>> 地球非球形引力分量 (地固系), 带谐:   -8.5692048935383860E-011  -4.3284424464490638E-011  -5.9356140617935968E-011
 >>> 地球非球形引力分量 (地固系), 田谐:    2.3029745695058738E-013  -7.5529111225478441E-013  -2.2601706016107888E-014
 >>> 卫星在地固系坐标为:    108182.79233170333        53905.205016161373        22075.454071748205     
 >>> 地球非球形引力分量 (地固系), 带谐:   -8.5302410000215921E-011  -4.2504392799692636E-011  -5.8937028023806900E-011
 >>> 地球非球形引力分量 (地固系), 田谐:    2.1304950398413188E-013  -7.5509097519382272E-013  -2.5963052682564495E-014
 >>> 卫星在地固系坐标为:    108269.74600192139        53817.300405940936        22083.174506117430     
 >>> 地球非球形引力分量 (地固系), 带谐:   -8.5233153125406336E-011  -4.2366574003176798E-011  -5.8862913852072376E-011
 >>> 地球非球形引力分量 (地固系), 田谐:    2.1000031032681159E-013  -7.5502777647727126E-013  -2.6555079753192100E-014
 >>> 卫星在地固系坐标为:    108378.34653785329        53707.233382494553        22092.823125219089     
 >>> 地球非球形引力分量 (地固系), 带谐:   -8.5146592126911615E-011  -4.2194663797411871E-011  -5.8770441142844874E-011
 >>> 地球非球形引力分量 (地固系), 田谐:    2.0619615339758042E-013  -7.5493717613808349E-013  -2.7292764304381517E-014
 >>> 卫星在地固系坐标为:    108378.34518749597        53707.233152796165        22092.822896716036     
 >>> 地球非球形引力分量 (地固系), 带谐:   -8.5146595660666419E-011  -4.2194665893845719E-011  -5.8770443714291188E-011
 >>> 地球非球形引力分量 (地固系), 田谐:    2.0619617158713010E-013  -7.5493720602600270E-013  -2.7292763246975737E-014
 >>> 卫星在地固系坐标为:    108574.47227653836        53507.697014138495        22110.267496836059     
 >>> 地球非球形引力分量 (地固系), 带谐:   -8.4990050712698995E-011  -4.1884816821108780E-011  -5.8603676064919615E-011
 >>> 地球非球形引力分量 (地固系), 田谐:    1.9933824165126483E-013  -7.5474028554561156E-013  -2.8619989907319178E-014
 >>> 卫星在地固系坐标为:    108672.38916412045        53407.664572067981        22118.982864661968     
 >>> 地球非球形引力分量 (地固系), 带谐:   -8.4911858769325617E-011  -4.1730416587180551E-011  -5.8520567912504919E-011
 >>> 地球非球形引力分量 (地固系), 田谐:    1.9591948495819373E-013  -7.5462674851563310E-013  -2.9280434886770168E-014
 >>> 卫星在地固系坐标为:    109160.79872123087        52905.009973300694        22162.552171452553     
 >>> 地球非球形引力分量 (地固系), 带谐:   -8.4520762494943400E-011  -4.0963164754457534E-011  -5.8107117648091832E-011
 >>> 地球非球形引力分量 (地固系), 田谐:    1.7892630598061878E-013  -7.5390116234519445E-013  -3.2550805938441508E-014
 >>> 卫星在地固系坐标为:    109247.40807674437        52815.208244714428        22170.293964985438     
 >>> 地球非球形引力分量 (地固系), 带谐:   -8.4451250496669161E-011  -4.0827608270347567E-011  -5.8034005110466226E-011
 >>> 地球非球形引力分量 (地固系), 田谐:    1.7592304539040925E-013  -7.5374516867053203E-013  -3.3126674622277892E-014
 >>> 卫星在地固系坐标为:    109355.57436254949        52702.768777401412        22179.969278659133     
 >>> 地球非球形引力分量 (地固系), 带谐:   -8.4364372223153590E-011  -4.0658521783139854E-011  -5.7942782278256384E-011
 >>> 地球非球形引力分量 (地固系), 田谐:    1.7217657240100682E-013  -7.5353883873986031E-013  -3.3844168132146077E-014
 >>> 卫星在地固系坐标为:    109355.57300751997        52702.768561097881        22179.969049428328     
 >>> 地球非球形引力分量 (地固系), 带谐:   -8.4364375723354807E-011  -4.0658523806955167E-011  -5.7942784809079432E-011
 >>> 地球非球形引力分量 (地固系), 田谐:    1.7217658899014523E-013  -7.5353886884830130E-013  -3.3844167406591171E-014
 >>> 卫星在地固系坐标为:    109550.89923374621        52498.944655944870        22197.461475170574     
 >>> 地球非球形引力分量 (地固系), 带谐:   -8.4207266235748463E-011  -4.0353777473851969E-011  -5.7778275804882427E-011
 >>> 地球非球形引力分量 (地固系), 田谐:    1.6542390546440001E-013  -7.5313344950459830E-013  -3.5134868357693035E-014
 >>> 卫星在地固系坐标为:    109648.41027404268        52396.767148442545        22206.200741208348     
 >>> 地球非球形引力分量 (地固系), 带谐:   -8.4128793492159597E-011  -4.0201921688340503E-011  -5.7696293306423252E-011
 >>> 地球非球形引力分量 (地固系), 田谐:    1.6205810600776642E-013  -7.5291602273853073E-013  -3.5777065258532455E-014
 >>> 卫星在地固系坐标为:    110134.73844585911        51883.372532488887        22249.889523363017     
 >>> 地球非球形引力分量 (地固系), 带谐:   -8.3736318240654661E-011  -3.9447341094060368E-011  -5.7288445165420416E-011
 >>> 地球非球形引力分量 (地固系), 田谐:    1.4533340602995705E-013  -7.5167464194571110E-013  -3.8956273894946277E-014
 >>> 卫星在地固系坐标为:    110220.96856534724        51791.659060827522        22257.652548997714     
 >>> 地球非球形引力分量 (地固系), 带谐:   -8.3666565003344803E-011  -3.9314027683169336E-011  -5.7216323593159999E-011
 >>> 地球非球形引力分量 (地固系), 田谐:    1.4237849866340971E-013  -7.5142759045341150E-013  -3.9515952783919028E-014
 >>> 卫星在地固系坐标为:    110328.65688211376        51676.828919969739        22267.354398524283     
 >>> 地球非球形引力分量 (地固系), 带谐:   -8.3579386791970124E-011  -3.9147740891105017E-011  -5.7126337317246699E-011
 >>> 地球非球形引力分量 (地固系), 田谐:    1.3869272772084954E-013  -7.5110771109734191E-013  -4.0213216774135398E-014
 >>> 卫星在地固系坐标为:    110328.65552263483        51676.828717239536        22267.354168584927     
 >>> 地球非球形引力分量 (地固系), 带谐:   -8.3579390258193036E-011  -3.9147742843452454E-011  -5.7126339807868847E-011
 >>> 地球非球形引力分量 (地固系), 田谐:    1.3869274272832146E-013  -7.5110774137115036E-013  -4.0213216371428822E-014
 >>> 卫星在地固系坐标为:    110523.11821841297        51468.666710465310        22284.895623705281     
 >>> 地球非球形引力分量 (地固系), 带谐:   -8.3421734131080456E-011  -3.8848030164302058E-011  -5.6964051495397094E-011
 >>> 地球非球形引力分量 (地固系), 田谐:    1.3205017294001251E-013  -7.5049774706305787E-013  -4.1467432529490818E-014
 >>> 卫星在地固系坐标为:    110620.19195879225        51364.319006214544        22293.659389013381     
 >>> 地球非球形引力分量 (地固系), 带谐:   -8.3342989521086375E-011  -3.8698684434459875E-011  -5.6883175749714217E-011
 >>> 地球非球形引力分量 (地固系), 田谐:    1.2873975717233021E-013  -7.5017840099735841E-013  -4.2091402136671743E-014
 >>> 卫星在地固系坐标为:    111104.28031566173        50840.059038363921        22337.470650942887     
 >>> 地球非球形引力分量 (地固系), 带谐:   -8.2949179692997047E-011  -3.7956604199175580E-011  -5.6480835743205223E-011
 >>> 地球非球形引力分量 (地固系), 田谐:    1.1229558731131227E-013  -7.4843117269243786E-013  -4.5179557914147757E-014
 >>> 卫星在地固系坐标为:    111190.10282966246        50746.411600067528        22345.255442349735     
 >>> 地球非球形引力分量 (地固系), 带谐:   -8.2879193068392542E-011  -3.7825503686899326E-011  -5.6409688526439846E-011
 >>> 地球非球形引力分量 (地固系), 田谐:    1.0939116162747252E-013  -7.4809484782474296E-013  -4.5723067379317604E-014
 >>> 卫星在地固系坐标为:    111297.27762583304        50629.163037469902        22354.984494577267     
 >>> 地球非球形引力分量 (地固系), 带谐:   -8.2791724714755684E-011  -3.7661978964378263E-011  -5.6320918087735344E-011
 >>> 地球非球形引力分量 (地固系), 田谐:    1.0576874750890344E-013  -7.4766365628603199E-013  -4.6400127649825053E-014
 >>> 卫星在地固系坐标为:    111297.27626178310        50629.162848441112        22354.984263889743     
 >>> 地球非球形引力分量 (地固系), 带谐:   -8.2791728147467997E-011  -3.7661980846887514E-011  -5.6320920539204106E-011
 >>> 地球非球形引力分量 (地固系), 田谐:    1.0576876095851022E-013  -7.4766368667874806E-013  -4.6400127560899414E-014
 >>> 卫星在地固系坐标为:    111490.78501244869        50416.640486906588        22372.573614557714     
 >>> 地球非球形引力分量 (地固系), 带谐:   -8.2633564070438545E-011  -3.7367273819319571E-011  -5.6160837135916995E-011
 >>> 地球非球形引力分量 (地固系), 田谐:    9.9241969723688317E-014  -7.4685326892555047E-013  -4.7617740628628128E-014
 >>> 卫星在地固系坐标为:    111587.37616833556        50310.111567940170        22381.361313259033     
 >>> 地球非球形引力分量 (地固系), 带谐:   -8.2554566901504730E-011  -3.7220424154361002E-011  -5.6081060254778789E-011
 >>> 地球非球形引力分量 (地固系), 田谐:    9.5989759524751236E-014  -7.4643409154427203E-013  -4.8223424978570345E-014
 >>> 卫星在地固系坐标为:    112068.99744771511        49774.932186416037        22425.292226692192     
 >>> 地球非球形引力分量 (地固系), 带谐:   -8.2159518791911360E-011  -3.6490774161193671E-011  -5.5684188911353958E-011
 >>> 地球非球形引力分量 (地固系), 田谐:    7.9840115362594591E-014  -7.4419158914729464E-013  -5.1220252214179163E-014
 >>> 卫星在地固系坐标为:    112154.37181061100        49679.341353809723        22433.098281631974     
 >>> 地球非球形引力分量 (地固系), 带谐:   -8.2089315851602871E-011  -3.6361874065676390E-011  -5.5614009030578072E-011
 >>> 地球非球形引力分量 (地固系), 田谐:    7.6988639769121353E-014  -7.4376789325180378E-013  -5.1747545610683184E-014
 >>> 卫星在地固系坐标为:    112260.98234622038        49559.662658584013        22442.853909067602     
 >>> 地球非球形引力分量 (地固系), 带谐:   -8.2001578675493028E-011  -3.6201095800989987E-011  -5.5526445653863634E-011
 >>> 地球非球形引力分量 (地固系), 田谐:    7.3432659459444509E-014  -7.4322777695519726E-013  -5.2404344872298796E-014
 >>> 卫星在地固系坐标为:    112260.98097802793        49559.662483460670        22442.853677684616     
 >>> 地球非球形引力分量 (地固系), 带谐:   -8.2001582073794356E-011  -3.6201097614517190E-011  -5.5526448066233411E-011
 >>> 地球非球形引力分量 (地固系), 田谐:    7.3432671370806127E-014  -7.4322780740918437E-013  -5.2404345088160914E-014
 >>> 卫星在地固系坐标为:    112453.46198968594        49342.739146584965        22460.491431541261     
 >>> 地球非球形引力分量 (地固系), 带谐:   -8.1842933779539616E-011  -3.5911340220414410E-011  -5.5368538640231281E-011
 >>> 地球非球形引力分量 (地固系), 田谐:    6.7026583136576633E-014  -7.4222124328306720E-013  -5.3585369771414416E-014
 >>> 卫星在地固系坐标为:    112549.53355732265        49234.008764689788        22469.303317189824     
 >>> 地球非球形引力分量 (地固系), 带谐:   -8.1763695896452276E-011  -3.5766958717328705E-011  -5.5289845211138418E-011
 >>> 地球非球形引力分量 (地固系), 田谐:    6.3835031794390556E-014  -7.4170438243542642E-013  -5.4172776818288348E-014
 >>> 卫星在地固系坐标为:    113028.50166195189        48687.809311885489        22513.355149609819     
 >>> 地球非球形引力分量 (地固系), 带谐:   -8.1367468471926752E-011  -3.5049600153070018E-011  -5.4898365820709913E-011
 >>> 地球非球形引力分量 (地固系), 田谐:    4.7992081338771819E-014  -7.3897744808488361E-013  -5.7078323567660206E-014
 >>> 卫星在地固系坐标为:    113113.39460335928        48590.257291949674        22521.182693266874     
 >>> 地球非球形引力分量 (地固系), 带谐:   -8.1297059656981838E-011  -3.4922875930508188E-011  -5.4829139707154186E-011
 >>> 地球非球形引力分量 (地固系), 田谐:    4.5195702003548798E-014  -7.3846832608012504E-013  -5.7589410806665221E-014
 >>> 卫星在地固系坐标为:    113219.39920867291        48468.126272732887        22530.965177313828     
 >>> 地球非球形引力分量 (地固系), 带谐:   -8.1209066690202166E-011  -3.4764813506712126E-011  -5.4742766461393000E-011
 >>> 地球非球形引力分量 (地固系), 田谐:    4.1708831107666597E-014  -7.3782172343516731E-013  -5.8225961985902415E-014
 >>> 卫星在地固系坐标为:    113219.39783638649        48468.126111664838        22530.964945223252     
 >>> 地球非球形引力分量 (地固系), 带谐:   -8.1209070054169657E-011  -3.4764815252634645E-011  -5.4742768835403057E-011
 >>> 地球非球形引力分量 (地固系), 田谐:    4.1708841505609385E-014  -7.3782175390236861E-013  -5.8225962497526990E-014
 >>> 卫星在地固系坐标为:    113410.77623770417        48246.760760088713        22548.651681484946     
 >>> 地球非球形引力分量 (地固系), 带谐:   -8.1049960418460639E-011  -3.4479951373651672E-011  -5.4587002331112312E-011
 >>> 地球非球形引力分量 (地固系), 田谐:    3.5428253820961277E-014  -7.3662346096920062E-013  -5.9370426848234252E-014
 >>> 卫星在地固系坐标为:    113506.29067237097        48135.808457670952        22557.488043367088     
 >>> 地球非球形引力分量 (地固系), 带谐:   -8.0970493239087431E-011  -3.4338010080251689E-011  -5.4509376880802734E-011
 >>> 地球非球形引力分量 (地固系), 田谐:    3.2299750872845649E-014  -7.3601113452023316E-013  -5.9939571210943567E-014
 >>> 卫星在地固系坐标为:    113982.41677657669        47578.487236313362        22601.662240859296     
 >>> 地球非球形引力分量 (地固系), 带谐:   -8.0573143338071945E-011  -3.3632803903556945E-011  -5.4123212439138234E-011
 >>> 地球非球形引力分量 (地固系), 田谐:    1.6775340348848535E-014  -7.3281095770919096E-013  -6.2753918711059214E-014
 >>> 卫星在地固系坐标为:    114066.79453377781        47478.956059621749        22609.511530139454     
 >>> 地球非球形引力分量 (地固系), 带谐:   -8.0502538710397649E-011  -3.3508230977658752E-011  -5.4054926473447180E-011
 >>> 地球非球形引力分量 (地固系), 田谐:    1.4036145888898172E-014  -7.3221841577239373E-013  -6.3248815542243511E-014
 >>> 卫星在地固系坐标为:    114172.15092609184        47354.350295390439        22619.321191836367     
 >>> 地球非球形引力分量 (地固系), 带谐:   -8.0414302514533546E-011  -3.3352853731360151E-011  -5.3969726365100125E-011
 >>> 地球非球形引力分量 (地固系), 田谐:    1.0620987617664928E-014  -7.3146784160811999E-013  -6.3865138904186464E-014
 >>> 卫星在地固系坐标为:    114172.14954974732        47354.350148528458        22619.320959023265     
 >>> 地球非球形引力分量 (地固系), 带谐:   -8.0414305844283949E-011  -3.3352855411046332E-011  -5.3969728701500038E-011
 >>> 地球非球形引力分量 (地固系), 田谐:    1.0620996528061068E-014  -7.3146787204189681E-013  -6.3865139702641445E-014
 >>> 卫星在地固系坐标为:    114362.34790987906        47128.502975658055        22637.057196001468     
 >>> 地球非球形引力分量 (地固系), 带谐:   -8.0254758087511445E-011  -3.3072831001323574E-011  -5.3816075126752010E-011
 >>> 地球非球形引力分量 (地固系), 田谐:    4.4706233473642290E-015  -7.3008241409568314E-013  -6.4973076288639335E-014
 >>> 卫星在地固系坐标为:    114457.26638616063        47015.308918530805        22645.918293000912     
 >>> 地球非球形引力分量 (地固系), 带谐:   -8.0175073201379428E-011  -3.2933302997217587E-011  -5.3739502710816447E-011
 >>> 地球非球形引力分量 (地固系), 田谐:    1.4075161271912485E-015  -7.2937691297344044E-013  -6.5523974867744470E-014
 >>> 卫星在地固系坐标为:    114930.35525675489        46446.767398131706        22690.216149690696     
 >>> 地球非球形引力分量 (地固系), 带谐:   -7.9776658526618880E-011  -3.2240115277710916E-011  -5.3358578837831174E-011
 >>> 地球非球形引力分量 (地固系), 田谐:   -1.3786723943598932E-014  -7.2571504777411678E-013  -6.8247216077429609E-014
 >>> 卫星在地固系坐标为:    115014.18293028332        46345.239660208368        22698.087414511792     
 >>> 地球非球形引力分量 (地固系), 带谐:   -7.9705868304626523E-011  -3.2117669967207950E-011  -5.3291219863348145E-011
 >>> 地球非球形引力分量 (地固系), 田谐:   -1.6466684233187393E-014  -7.2504115679594978E-013  -6.8725940424080679E-014
 >>> 卫星在地固系坐标为:    115118.84740262946        46218.137447143999        22707.924541177006     
 >>> 地球非球形引力分量 (地固系), 带谐:   -7.9617401634905682E-011  -3.1964948355298480E-011  -5.3207176475585885E-011
 >>> 地球非球形引力分量 (地固系), 田谐:   -1.9807575987792514E-014  -7.2418920674791973E-013  -6.9322058937003237E-014
 >>> 卫星在地固系坐标为:    115118.84602228108        46218.137314643369        22707.924307628884     
 >>> 地球非球形引力分量 (地固系), 带谐:   -7.9617404930519517E-011  -3.1964949970069193E-011  -5.3207178775082744E-011
 >>> 地球非球形引力分量 (地固系), 田谐:   -1.9807568538271825E-014  -7.2418923710238223E-013  -6.9322060013435030E-014
 >>> 卫星在地固系坐标为:    115307.77570213770        45987.780430483712        22725.709687988397     
 >>> 地球非球形引力分量 (地固系), 带谐:   -7.9457449952955154E-011  -3.1689725517226381E-011  -5.3055616078419938E-011
 >>> 地球非球形引力分量 (地固系), 田谐:   -2.5822829903518619E-014  -7.2262139877068431E-013  -7.0393457891875291E-014
 >>> 卫星在地固系坐标为:    115402.05380949157        45872.330768494656        22734.595341859800     
 >>> 地球非球形引力分量 (地固系), 带谐:   -7.9377562782383719E-011  -3.1552591096528430E-011  -5.2980085697157460E-011
 >>> 地球非球形引力分量 (地固系), 田谐:   -2.8818104080477385E-014  -7.2182512538631786E-013  -7.0926106165254193E-014
 >>> 卫星在地固系坐标为:    115871.88242680219        45292.500632563111        22779.015966973253     
 >>> 地球非球形引力分量 (地固系), 带谐:   -7.8978160200456513E-011  -3.0871323533537667E-011  -5.2604347542854919E-011
 >>> 地球非球形引力分量 (地固系), 田谐:   -4.3670109335533250E-014  -7.1771369404050184E-013  -7.3558230045986774E-014
 >>> 卫星在地固系坐标为:    115955.12020200108        45188.964354953496        22786.909049204474     
 >>> 地球非球形引力分量 (地固系), 带谐:   -7.8907198004987020E-011  -3.0750988415042673E-011  -5.2537905839000202E-011
 >>> 地球非球形引力分量 (地固系), 田谐:   -4.6288711766834851E-014  -7.1696062772887840E-013  -7.4020781867439164E-014
 >>> 卫星在地固系坐标为:    116059.04291634320        45059.350790020879        22796.773443299775     
 >>> 地球非球形引力分量 (地固系), 带谐:   -7.8818517868587047E-011  -3.0600900680786807E-011  -5.2455007034503660E-011
 >>> 地球非球形引力分量 (地固系), 田谐:   -4.9552691404060957E-014  -7.1601002671773426E-013  -7.4596696290667117E-014
 >>> 卫星在地固系坐标为:    116059.04153225405        45059.350672056011        22796.773209038787     
 >>> 地球非球形引力分量 (地固系), 带谐:   -7.8818521129664282E-011  -3.0600902231709323E-011  -5.2455009297455402E-011
 >>> 地球非球形引力分量 (地固系), 田谐:   -4.9552685388664741E-014  -7.1601005694361854E-013  -7.4596697636091857E-014
 >>> 卫星在地固系坐标为:    116246.60904968283        44824.461657923683        22814.607063910014     
 >>> 地球非球形引力分量 (地固系), 带谐:   -7.8658192434168524E-011  -3.0330442837606284E-011  -5.2305518029090497E-011
 >>> 地球非球形引力分量 (地固系), 田谐:   -5.5427983898112064E-014  -7.1426482873577624E-013  -7.5631544881843386E-014
 >>> 卫星在地固系坐标为:    116340.19996088461        44706.745295994770        22823.516940886002     
 >>> 地球非球形引力分量 (地固系), 带谐:   -7.8578119697886268E-011  -3.0195684590130559E-011  -5.2231019975468328E-011
 >>> 地球非球形引力分量 (地固系), 田谐:   -5.8353011598480628E-014  -7.1338028850755506E-013  -7.6145937911815027E-014
 >>> 卫星在地固系坐标为:    116806.53329344587        44115.572107580476        22868.058666302328     
 >>> 地球非球形引力分量 (地固系), 带谐:   -7.8177812558450943E-011  -2.9526250201013135E-011  -5.1860419091990748E-011
 >>> 地球非球形引力分量 (地固系), 田谐:   -7.2850846840769454E-014  -7.0883192894266977E-013  -7.8686932534015276E-014
 >>> 卫星在地固系坐标为:    116889.13923297481        44010.017798539702        22875.973269751430     
 >>> 地球非球形引力分量 (地固系), 带谐:   -7.8106693161741520E-011  -2.9408009835558788E-011  -5.1794886064950312E-011
 >>> 地球非球形引力分量 (地固系), 田谐:   -7.5405992355851096E-014  -7.0800195277977420E-013  -7.9133311831670509E-014
 >>> 卫星在地固系坐标为:    116992.26770312009        43877.881096045683        22885.864561233753     
 >>> 地球非球形引力分量 (地固系), 带谐:   -7.8017818004126455E-011  -2.9260536691577408E-011  -5.1713121109914338E-011
 >>> 地球非球形引力分量 (地固系), 田谐:   -7.8590445747638554E-014  -7.0695554047237669E-013  -7.9689023057236205E-014
 >>> 卫星在地固系坐标为:    116992.26631562985        43877.880992791310        22885.864326294370     
 >>> 地球非球形引力分量 (地固系), 带谐:   -7.8017821230120000E-011  -2.9260538179648318E-011  -5.1713123336567501E-011
 >>> 地球非球形引力分量 (地固系), 田谐:   -7.8590441138252252E-014  -7.0695557052009019E-013  -7.9689024662535697E-014
 >>> 卫星在地固系坐标为:    117178.40049551816        43638.408510750640        22903.748269796099     
 >>> 地球非球形引力分量 (地固系), 带谐:   -7.7857131593978049E-011  -2.8994774630869235E-011  -5.1565665086913904E-011
 >>> 地球非球形引力分量 (地固系), 田谐:   -8.4321822203074381E-014  -7.0503787804706012E-013  -8.0687456073140418E-014
 >>> 卫星在地固系坐标为:    117271.26848888831        43518.399824568565        22912.683175797509     
 >>> 地球非球形引力分量 (地固系), 带谐:   -7.7776879672718311E-011  -2.8862358106286064E-011  -5.1492180237193510E-011
 >>> 地球非球形引力分量 (地固系), 田谐:   -8.7174635484834910E-014  -7.0406754061905054E-013  -8.1183661529943924E-014
 >>> 卫星在地固系坐标为:    117733.92661246654        42915.755878243537        22957.350029897047     
 >>> 地球非球形引力分量 (地固系), 带谐:   -7.7375699649467928E-011  -2.8204585819982717E-011  -5.1126621574826235E-011
 >>> 地球非球形引力分量 (地固系), 田谐:   -1.0130856451451336E-013  -6.9909467667016164E-013  -8.3633870097804253E-014
 >>> 卫星在地固系坐标为:    117815.86849879214        42808.160910440405        22965.286870099932     
 >>> 地球非球形引力分量 (地固系), 带谐:   -7.7304428648786555E-011  -2.8088410015165668E-011  -5.1061980435205171E-011
 >>> 地球非球形引力分量 (地固系), 田谐:   -1.0379854000434498E-013  -6.9819001210886977E-013  -8.4064138646350239E-014
 >>> 卫星在地固系坐标为:    117918.16235414564        42673.472819851333        22975.205953055302     
 >>> 地球非球形引力分量 (地固系), 带谐:   -7.7215365453125299E-011  -2.7943513816325891E-011  -5.0981328390001557E-011
 >>> 地球非球形引力分量 (地固系), 田谐:   -1.0690133329793268E-013  -6.9705057065092493E-013  -8.4599724202587848E-014
 >>> 卫星在地固系坐标为:    117918.16096306445        42673.472731443086        22975.205717381690     
 >>> 地球非球形引力分量 (地固系), 带谐:   -7.7215368644734407E-011  -2.7943515243097353E-011  -5.0981330581448956E-011
 >>> 地球非球形引力分量 (地固系), 田谐:   -1.0690133006360640E-013  -6.9705060048362337E-013  -8.4599726059305704E-014
 >>> 卫星在地固系坐标为:    118102.75541783674        42429.408613820473        22993.138177083281     
 >>> 地球非球形引力分量 (地固系), 带谐:   -7.7054359297273446E-011  -2.7682426921653236E-011  -5.0835893820377960E-011
 >>> 地球非球形引力分量 (地固系), 田谐:   -1.1248394107664143E-013  -6.9496583681824074E-013  -8.5561706127953364E-014
 >>> 卫星在地固系坐标为:    118194.84723629750        42307.103661710447        23002.097327277021     
 >>> 地球非球形引力分量 (地固系), 带谐:   -7.6973948765970848E-011  -2.7552341796953031E-011  -5.0763416402350727E-011
 >>> 地球非球形引力分量 (地固系), 田谐:   -1.1526212800446771E-013  -6.9391240946752962E-013  -8.6039707627787475E-014
 >>> 卫星在地固系坐标为:    118653.56313397015        41692.970635813799        23046.885387378188     
 >>> 地球非球形引力分量 (地固系), 带谐:   -7.6571998478653622E-011  -2.6906179635679882E-011  -5.0402870999255781E-011
 >>> 地球非球形引力分量 (地固系), 田谐:   -1.2902024459457643E-013  -6.8852869376404001E-013  -8.8399064084494764E-014
 >>> 卫星在地固系坐标为:    118734.79337577701        41583.331993733736        23054.843767720773     
 >>> 地球非球形引力分量 (地固系), 带谐:   -7.6500594068066807E-011  -2.6792059095790405E-011  -5.0339116582445106E-011
 >>> 地球非球形引力分量 (地固系), 田谐:   -1.3144295999845309E-013  -6.8755178757409401E-013  -8.8813212822902239E-014
 >>> 卫星在地固系坐标为:    118836.19307436605        41446.088855272224        23064.789771789325     
 >>> 地球非球形引力分量 (地固系), 带谐:   -7.6411365553212168E-011  -2.6649728204346661E-011  -5.0259570984607216E-011
 >>> 地球非球形引力分量 (地固系), 田谐:   -1.3446149179537074E-013  -6.8632238360433809E-013  -8.9328662480314709E-014
 >>> 卫星在地固系坐标为:    118836.19168025303        41446.088781893304        23064.789535451786     
 >>> 地球非球形引力分量 (地固系), 带谐:   -7.6411368709431387E-011  -2.6649729570586099E-011  -5.0259573140756370E-011
 >>> 地球非球形引力分量 (地固系), 田谐:   -1.3446148990596716E-013  -6.8632241317042860E-013  -8.9328664579069088E-014
 >>> 卫星在地固系坐标为:    119019.17618502276        41197.376795661206        23082.772596050268     
 >>> 地球非球形引力分量 (地固系), 带谐:   -7.6250047835052376E-011  -2.6393242265973117E-011  -5.0116116568001039E-011
 >>> 地球非球形引力分量 (地固系), 田谐:   -1.3989179301787074E-013  -6.8407571683433392E-013  -9.0254373112122525E-014
 >>> 卫星在地固系坐标为:    119110.45656867712        41072.747499612167        23091.757031276604     
 >>> 地球非球形引力分量 (地固系), 带谐:   -7.6169482783701471E-011  -2.6265451612530683E-011  -5.0044626023240839E-011
 >>> 地球非球形引力分量 (地固系), 田谐:   -1.4259359403804157E-013  -6.8294177464668556E-013  -9.0714260689326528E-014
 >>> 卫星在地固系坐标为:    119565.05251203310        40446.985348819682        23136.671499960066     
 >>> 地球非球形引力分量 (地固系), 带谐:   -7.5766782470177180E-011  -2.5630716301404601E-011  -4.9688991740154831E-011
 >>> 地球非球形引力分量 (地固系), 田谐:   -1.5596720459971078E-013  -6.7716014709564689E-013  -9.2983218639566568E-014
 >>> 卫星在地固系坐标为:    119645.53925926915        40335.278205877927        23144.652344523856     
 >>> 地球非球形引力分量 (地固系), 带谐:   -7.5695248217236374E-011  -2.5518618701605112E-011  -4.9626106011777496E-011
 >>> 地球非球形引力分量 (地固系), 田谐:   -1.5832113211340366E-013  -6.7611331058747646E-013  -9.3381328696880471E-014
 >>> 卫星在地固系坐标为:    119746.00488489981        40195.449003639158        23154.626424364698     
 >>> 地球非球形引力分量 (地固系), 带谐:   -7.5605858834140909E-011  -2.5378812813547790E-011  -4.9547644372097353E-011
 >>> 地球非球形引力分量 (地固系), 田谐:   -1.6125350046198375E-013  -6.7479683777114369E-013  -9.3876744121569769E-014
 >>> 卫星在地固系坐标为:    119746.00348746376        40195.448945425604        23154.626187288777     
 >>> 地球非球形引力分量 (地固系), 带谐:   -7.5605861955912825E-011  -2.5378814120856604E-011  -4.9547646494175299E-011
 >>> 地球非球形引力分量 (地固系), 田谐:   -1.6125349988494035E-013  -6.7479686703847700E-013  -9.3876746454265772E-014
 >>> 卫星在地固系坐标为:    119927.27706143376        39942.071532429785        23172.659143740137     
 >>> 地球非球形引力分量 (地固系), 带谐:   -7.5444262617549941E-011  -2.5126895298706395E-011  -4.9406151961477322E-011
 >>> 地球非球形引力分量 (地固系), 田谐:   -1.6652722762832809E-013  -6.7239382545165597E-013  -9.4766222569635180E-014
 >>> 卫星在地固系坐标为:    120017.69543678347        39815.109237363889        23181.668512174674     
 >>> 地球非球形引力分量 (地固系), 带谐:   -7.5363559547269548E-011  -2.5001382879173971E-011  -4.9335639231757697E-011
 >>> 地球非球形引力分量 (地固系), 田谐:   -1.6915052289867934E-013  -6.7118217113227361E-013  -9.5208016866704661E-014
 >>> 卫星在地固系坐标为:    120467.91766092961        39177.675893114021        23226.707631066951     
 >>> 地球非球形引力分量 (地固系), 带谐:   -7.4960191469894402E-011  -2.4377993272525460E-011  -4.8984870854351158E-011
 >>> 地球非球形引力分量 (地固系), 田谐:   -1.8212917731979330E-013  -6.6501674276615203E-013  -9.7386692482881543E-014
 >>> 卫星在地固系坐标为:    120547.61564884729        39063.892977400923        23234.710627631139     
 >>> 地球非球形引力分量 (地固系), 带谐:   -7.4888541955756188E-011  -2.4267904200735072E-011  -4.8922845793242205E-011
 >>> 地球非球形引力分量 (地固系), 田谐:   -1.8441248501962458E-013  -6.6390250100576868E-013  -9.7768786706366464E-014
 >>> 卫星在地固系坐标为:    120647.09055429506        38921.468718399396        23244.712393174512     
 >>> 地球非球形引力分量 (地固系), 带谐:   -7.4799009909997282E-011  -2.4130605313428862E-011  -4.8845458092751187E-011
 >>> 地球非球形引力分量 (地固系), 田谐:   -1.8725641083243706E-013  -6.6250212251489990E-013  -9.8244197340341531E-014
 >>> 卫星在地固系坐标为:    120647.08915390106        38921.468675519929        23244.712155396261     
 >>> 地球非球形引力分量 (地固系), 带谐:   -7.4799012996797346E-011  -2.4130606562757016E-011  -4.8845460180969858E-011
 >>> 地球非球形引力分量 (地固系), 田谐:   -1.8725641153505974E-013  -6.6250215143880866E-013  -9.8244199897944643E-014
 >>> 卫星在地固系坐标为:    120826.55167529677        38663.406934680024        23262.794531872118     
 >>> 地球非球形引力分量 (地固系), 带谐:   -7.4637165992154327E-011  -2.3883220047203553E-011  -4.8705907597590418E-011
 >>> 地球非球形引力分量 (地固系), 田谐:   -1.9236955574387807E-013  -6.5994848527292704E-013  -9.9097514000712305E-014
 >>> 卫星在地固系坐标为:    120916.05789443023        38534.102310941395        23271.828596115480     
 >>> 地球非球形引力分量 (地固系), 带谐:   -7.4556340273867771E-011  -2.3759967816275610E-011  -4.8636362660247635E-011
 >>> 地球非球形引力分量 (地固系), 田谐:   -1.9491235515972329E-013  -6.5866198740691742E-013  -9.9521251222535500E-014
 >>> 卫星在地固系坐标为:    121361.65473499335        37884.952291161258        23316.991178771568     
 >>> 地球非球形引力分量 (地固系), 带谐:   -7.4152381045523803E-011  -2.3147833838620677E-011  -4.8290410204572867E-011
 >>> 地球非球形引力分量 (地固系), 田谐:   -2.0748625332742299E-013  -6.5212719062433343E-013  -1.0160983771291142E-013
 >>> 卫星在地固系坐标为:    121440.51906489127        37769.085723088698        23325.016116691881     
 >>> 地球非球形引力分量 (地固系), 带谐:   -7.4080629846862715E-011  -2.3039737318740254E-011  -4.8229236951329013E-011
 >>> 地球非球形引力分量 (地固系), 田谐:   -2.0969722492041476E-013  -6.5094812443687933E-013  -1.0197595248379558E-013
 >>> 卫星在地固系坐标为:    121538.94706011875        37624.056646330544        23335.045304785086     
 >>> 地球非球形引力分量 (地固系), 带谐:   -7.3990972090392449E-011  -2.2904925479311359E-011  -4.8152912127457363E-011
 >>> 地球非球形引力分量 (地固系), 田谐:   -2.1245057384525349E-013  -6.4946707255875039E-013  -1.0243140465251136E-013
 >>> 卫星在地固系坐标为:    121538.94565708202        37624.056618944785        23335.045066331462     
 >>> 地球非球形引力分量 (地固系), 带谐:   -7.3990975141841075E-011  -2.2904926671670140E-011  -4.8152914182118357E-011
 >>> 地球非球形引力分量 (地固系), 田谐:   -2.1245057579336261E-013  -6.4946710109720106E-013  -1.0243140742603912E-013
 >>> 卫星在地固系坐标为:    121716.51726373700        37361.261135410132        23353.178612614836     
 >>> 地球非球形引力分量 (地固系), 带谐:   -7.3828891165601576E-011  -2.2662006309291659E-011  -4.8015266545948206E-011
 >>> 地球非球形引力分量 (地固系), 田谐:   -2.1739992657213652E-013  -6.4676834963336788E-013  -1.0324874830969064E-013
 >>> 卫星在地固系坐标为:    121805.07125198409        37229.589536282860        23362.238246319317     
 >>> 地球非球形引力分量 (地固系), 带谐:   -7.3747948142499175E-011  -2.2540981342298554E-011  -4.7946670979122618E-011
 >>> 地球非球形引力分量 (地固系), 田谐:   -2.1986063608087944E-013  -6.4540978339640964E-013  -1.0365452312890442E-013
 >>> 卫星在地固系坐标为:    122245.84093639784        36568.600149418802        23407.528659669086     
 >>> 地球非球形引力分量 (地固系), 带谐:   -7.3343424284939424E-011  -2.1939939516310824E-011  -4.7605442897546699E-011
 >>> 地球非球形引力分量 (地固系), 田谐:   -2.3202192778846624E-013  -6.3851955466951285E-013  -1.0565349874223481E-013
 >>> 卫星在地固系坐标为:    122323.83549020506        36450.628221429150        23415.576314613369     
 >>> 地球非球形引力分量 (地固系), 带谐:   -7.3271576088511157E-011  -2.1833806702491268E-011  -4.7545105283621199E-011
 >>> 地球非球形引力分量 (地固系), 田谐:   -2.3415918818426554E-013  -6.3727815186419088E-013  -1.0600371983075290E-013
 >>> 卫星在地固系坐标为:    122421.17132410470        36302.967231625706        23425.633894477578     
 >>> 地球非球形引力分量 (地固系), 带谐:   -7.3181798469994761E-011  -2.1701445943317401E-011  -4.7469823172002650E-011
 >>> 地球非球形引力分量 (地固系), 田谐:   -2.3682025017053662E-013  -6.3571954058640077E-013  -1.0643932107798626E-013
 >>> 卫星在地固系坐标为:    122421.16991822614        36302.967219884871        23425.633655287424     
 >>> 地球非球形引力分量 (地固系), 带谐:   -7.3181801486841672E-011  -2.1701447080137744E-011  -4.7469825194154128E-011
 >>> 地球非球形引力分量 (地固系), 田谐:   -2.3682025332991450E-013  -6.3571956870920814E-013  -1.0643932405955805E-013
 >>> 卫星在地固系坐标为:    122596.73785770603        36035.434574165054        23443.816990510164     
 >>> 地球非球形引力分量 (地固系), 带谐:   -7.3019519077498613E-011  -2.1462969964243659E-011  -4.7334069911170622E-011
 >>> 地球非球形引力分量 (地固系), 田谐:   -2.4160189178429285E-013  -6.3288184278521305E-013  -1.0722074657623151E-013
 >>> 卫星在地固系坐标为:    122684.28317552978        35901.394444236685        23452.901504470999     
 >>> 地球非球形引力分量 (地固系), 带谐:   -7.2938477981991783E-011  -2.1344160803769984E-011  -4.7266417416929035E-011
 >>> 地球非球形引力分量 (地固系), 田谐:   -2.4397856808564070E-013  -6.3145427203975792E-013  -1.0760858772587539E-013
 >>> 卫星在地固系坐标为:    123119.94277587642        35228.559433048737        23498.316303810036     
 >>> 地球非球形引力分量 (地固系), 带谐:   -7.2533485397858296E-011  -2.0754153580757572E-011  -4.6929882170830409E-011
 >>> 地球非球形引力分量 (地固系), 田谐:   -2.5571770882838158E-013  -6.2422402183617001E-013  -1.0951811129048142E-013
 >>> 卫星在地固系坐标为:    123197.01713431554        35108.481295600715        23506.386064054630     
 >>> 地球非球形引力分量 (地固系), 带谐:   -7.2461557204354041E-011  -2.0649974203397737E-011  -4.6870374582862891E-011
 >>> 地球非球形引力分量 (地固系), 田谐:   -2.5777959101849478E-013  -6.2292303735272557E-013  -1.0985246950003094E-013
 >>> 卫星在地固系坐标为:    123293.19773036352        34958.187450144906        23516.471271398041     
 >>> 地球非球形引力分量 (地固系), 带谐:   -7.2371680951675797E-011  -2.0520051676522489E-011  -4.6796128164120547E-011
 >>> 地球非球形引力分量 (地固系), 田谐:   -2.6034629481578337E-013  -6.2129031670360510E-013  -1.1026825937836503E-013
 >>> 卫星在地固系坐标为:    123293.19632217808        34958.187454207524        23516.471031534249     
 >>> 地球非球形引力分量 (地固系), 带谐:   -7.2371683933105433E-011  -2.0520052758621387E-011  -4.6796130153747354E-011
 >>> 地球非球形引力分量 (地固系), 田谐:   -2.6034629914993644E-013  -6.2129034436729875E-013  -1.1026826255864729E-013
 >>> 卫星在地固系坐标为:    123466.67183686189        34685.877570121687        23534.705406866386     
 >>> 地球非球形引力分量 (地固系), 带谐:   -7.2209217919383148E-011  -2.0285961020277392E-011  -4.6662234840528769E-011
 >>> 地球非球形引力分量 (地固系), 田谐:   -2.6495721052520612E-013  -6.1831949111704861E-013  -1.1101395491514129E-013
 >>> 卫星在地固系坐标为:    123553.16397402165        34549.448953049403        23543.815425824036     
 >>> 地球非球形引力分量 (地固系), 带谐:   -7.2128086157531760E-011  -2.0169338854849228E-011  -4.6595509292114056E-011
 >>> 地球非球形引力分量 (地固系), 田谐:   -2.6724835863656870E-013  -6.1682584482740066E-013  -1.1138395695774674E-013
 >>> 卫星在地固系坐标为:    123983.48963572776        33864.669301466609        23589.357733947036     
 >>> 地球非球形引力分量 (地固系), 带谐:   -7.1722661681319929E-011  -1.9590223072402990E-011  -4.6263586703003425E-011
 >>> 地球非球形引力分量 (地固系), 田谐:   -2.7855800843306483E-013  -6.0927027669742071E-013  -1.1320450792058137E-013
 >>> 卫星在地固系坐标为:    124059.60377428838        33742.467490507945        23597.450154195030     
 >>> 地球非球形引力分量 (地固系), 带谐:   -7.1650660009659013E-011  -1.9487971849789385E-011  -4.6204894973805492E-011
 >>> 地球非球形引力分量 (地固系), 田谐:   -2.8054323070285459E-013  -6.0791233435961407E-013  -1.1352308955546540E-013
 >>> 卫星在地固系坐标为:    124154.57900545876        33589.519017421400        23607.563682148939     
 >>> 地球非球形引力分量 (地固系), 带谐:   -7.1560693260047453E-011  -1.9360456025166333E-011  -4.6131666576669913E-011
 >>> 地球非球形引力分量 (地固系), 田谐:   -2.8301398402731813E-013  -6.0620878819416226E-013  -1.1391917639567726E-013
 >>> 卫星在地固系坐标为:    124154.57759489275        33589.519037442966        23607.563441570117     
 >>> 地球非球形引力分量 (地固系), 带谐:   -7.1560696206560115E-011  -1.9360457053834815E-011  -4.6131668534625325E-011
 >>> 地球非球形引力分量 (地固系), 田谐:   -2.8301398950047573E-013  -6.0620881536886817E-013  -1.1391917976672116E-013
 >>> 卫星在地固系坐标为:    124325.85743587327        33312.411740698721        23625.848824626872     
 >>> 地球非球形引力分量 (地固系), 带谐:   -7.1398072727367448E-011  -1.9130710579761791E-011  -4.5999610865558572E-011
 >>> 地球非球形引力分量 (地固系), 田谐:   -2.8745099033669774E-013  -6.0311098857688577E-013  -1.1462928507415331E-013
 >>> 卫星在地固系坐标为:    124411.24466986251        33173.584673324287        23634.984332556636     
 >>> 地球非球形引力分量 (地固系), 带谐:   -7.1316863346715918E-011  -1.9016255412813819E-011  -4.5933801132470513E-011
 >>> 地球非球形引力分量 (地固系), 田谐:   -2.8965503326646793E-013  -6.0155434991500919E-013  -1.1498152043954942E-013
 >>> 卫星在地固系坐标为:    124835.97675867136        32476.811761328499        23680.654069519209     
 >>> 地球非球形引力分量 (地固系), 带谐:   -7.0911071991562191E-011  -1.8447931410958508E-011  -4.5606435754744563E-011
 >>> 地球非球形引力分量 (地固系), 田谐:   -3.0052746555193309E-013  -5.9368894759795118E-013  -1.1671347175420156E-013
 >>> 卫星在地固系坐标为:    124911.08434414916        32352.477845597223        23688.769135648763     
 >>> 地球非球形引力分量 (地固系), 带谐:   -7.0839008360922638E-011  -1.8347590693284820E-011  -4.5548550068058486E-011
 >>> 地球非球形引力分量 (地固系), 田谐:   -3.0243468157463141E-013  -5.9227681144208613E-013  -1.1701634491215617E-013
 >>> 卫星在地固系坐标为:    125004.79622093237        32196.864292176906        23698.910966611187     
 >>> 地球非球形引力分量 (地固系), 带谐:   -7.0748965497495764E-011  -1.8222459535943289E-011  -4.5476327439980489E-011
 >>> 地球非球形引力分量 (地固系), 田谐:   -3.0480781316695303E-013  -5.9050589947719058E-013  -1.1739281460093301E-013
 >>> 卫星在地固系坐标为:    125004.79480821565        32196.864328312251        23698.910725326852     
 >>> 地球非球形引力分量 (地固系), 带谐:   -7.0748968408961791E-011  -1.8222460512224151E-011  -4.5476329366684482E-011
 >>> 地球非球形引力分量 (地固系), 田谐:   -3.0480781974175855E-013  -5.9050592612854612E-013  -1.1739281815419333E-013
 >>> 卫星在地固系坐标为:    125173.77220239463        31914.944013520086        23717.246892547329     
 >>> 地球非球形引力分量 (地固系), 带谐:   -7.0586215120009384E-011  -1.7997021772571365E-011  -4.5346088542596788E-011
 >>> 地球非球形引力分量 (地固系), 田谐:   -3.0906788111693949E-013  -5.8728743134503474E-013  -1.1806748773967062E-013
 >>> 卫星在地固系坐标为:    125258.00105478708        31773.710827179038        23726.407777986326     
 >>> 地球非球形引力分量 (地固系), 带谐:   -7.0504941924573664E-011  -1.7884714890337463E-011  -4.5281184252965056E-011
 >>> 地球非球形引力分量 (地固系), 田谐:   -3.1118331979122358E-013  -5.8567095905052227E-013  -1.1840203302302266E-013
 >>> 卫星在地固系坐标为:    125676.87121598779        31064.907586000987        23772.204386814297     
 >>> 地球非球形引力分量 (地固系), 带谐:   -7.0098852483036130E-011  -1.7327089329967432E-011  -4.4958324399904074E-011
 >>> 地球非球形引力分量 (地固系), 田谐:   -3.2161120455976832E-013  -5.7751158052111083E-013  -1.2004577910996210E-013
 >>> 卫星在地固系坐标为:    125750.92437546590        30938.435202171589        23780.341999979653     
 >>> 地球非球形引力分量 (地固系), 带谐:   -7.0026739083324360E-011  -1.7228642575064020E-011  -4.4901235601330356E-011
 >>> 地球非球形引力分量 (地固系), 田谐:   -3.2343913969915643E-013  -5.7604808048598890E-013  -1.2033301581354048E-013
 >>> 卫星在地固系坐标为:    125843.31298614183        30780.148714853356        23790.512010488106     
 >>> 地球非球形引力分量 (地固系), 带谐:   -6.9936635325763302E-011  -1.7105875432415832E-011  -4.4830007314313452E-011
 >>> 地球非球形引力分量 (地固系), 田谐:   -3.2571306827294836E-013  -5.7421334458206559E-013  -1.2068995916174062E-013
 >>> 卫星在地固系坐标为:    125843.31157155280        30780.148767252445        23790.511768515353     
 >>> 地球非球形引力分量 (地固系), 带谐:   -6.9936638201975227E-011  -1.7105876357317048E-011  -4.4830009210123987E-011
 >>> 地球非球形引力分量 (地固系), 田谐:   -3.2571307591093633E-013  -5.7421337067643151E-013  -1.2068996288859653E-013
 >>> 卫星在地固系坐标为:    126009.87950727646        30493.399261717295        23808.898651096402     
 >>> 地球非球形引力分量 (地固系), 带谐:   -6.9773781194661978E-011  -1.6884705995180875E-011  -4.4701563435489902E-011
 >>> 地球非球形引力分量 (地固系), 田谐:   -3.2979341559996577E-013  -5.7088060128526341E-013  -1.2132937024318153E-013
 >>> 卫星在地固系坐标为:    126092.89637807455        30349.752000148772        23818.084879838418     
 >>> 地球非球形引力分量 (地固系), 带谐:   -6.9692457208731322E-011  -1.6774527775331242E-011  -4.4637553723013768E-011
 >>> 地球非球形引力分量 (地固系), 田谐:   -3.3181887444088311E-013  -5.6920749735991830E-013  -1.2164631308266315E-013
 >>> 卫星在地固系坐标为:    126505.63561638856        29628.879941487146        23864.008189709468     
 >>> 地球非球形引力分量 (地固系), 带谐:   -6.9286134575444897E-011  -1.6227502853474714E-011  -4.4319145265271607E-011
 >>> 地球非球形引力分量 (地固系), 田谐:   -3.4179549971908993E-013  -5.6077021012556913E-013  -1.2320230297136697E-013
 >>> 卫星在地固系坐标为:    126578.58635755930        29500.262475698666        23872.168319647670     
 >>> 地球非球形引力分量 (地固系), 带谐:   -6.9213982904599132E-011  -1.6130932738547343E-011  -4.4262843771578240E-011
 >>> 地球非球形引力分量 (地固系), 田谐:   -3.4354298932208550E-013  -5.5925821223369910E-013  -1.2347398485220703E-013
 >>> 卫星在地固系坐标为:    126669.59164095527        29339.294879819328        23882.366471931975     
 >>> 地球非球形引力分量 (地固系), 带谐:   -6.9123832609383923E-011  -1.6010507982835169E-011  -4.4192597863924271E-011
 >>> 地球非球形引力分量 (地固系), 田谐:   -3.4571627125728736E-013  -5.5736323881860558E-013  -1.2381150466814202E-013
 >>> 卫星在地固系坐标为:    126669.59022474046        29339.294948629264        23882.366229281775     
 >>> 地球非球形引力分量 (地固系), 带谐:   -6.9123835450222594E-011  -1.6010508857385478E-011  -4.4192599729247171E-011
 >>> 地球非球形引力分量 (地固系), 田谐:   -3.4571627991931564E-013  -5.5736326432461394E-013  -1.2381150856010544E-013
 >>> 卫星在地固系坐标为:    126833.64760511191        29047.688239221214        23900.804618471935     
 >>> 地球非球形引力分量 (地固系), 带谐:   -6.8960893032533264E-011  -1.5793557619221018E-011  -4.4065921468575070E-011
 >>> 地球非球形引力分量 (地固系), 田谐:   -3.4961450818235413E-013  -5.5392255806120887E-013  -1.2441587074711596E-013
 >>> 卫星在地固系坐标为:    126915.40182648202        28901.613007289074        23910.016585661917     
 >>> 地球非球形引力分量 (地固系), 带谐:   -6.8879527398408457E-011  -1.5685483529536309E-011  -4.4002792616489470E-011
 >>> 地球非球形引力分量 (地固系), 田谐:   -3.5154880674701465E-013  -5.5219599560726394E-013  -1.2471532030228474E-013
 >>> 卫星在地固系坐标为:    127321.75559538232        28168.603728043363        23956.068571785509     
 >>> 地球非球形引力分量 (地固系), 带谐:   -6.8473017090610593E-011  -1.5148937237548605E-011  -4.3688767323012154E-011
 >>> 地球非球形引力分量 (地固系), 田谐:   -3.6106842559182723E-013  -5.4349671094722011E-013  -1.2618410800156108E-013
 >>> 卫星在地固系坐标为:    127393.55845728584        28037.829204225534        23964.251569383359     
 >>> 地球非球形引力分量 (地固系), 带谐:   -6.8400835210925319E-011  -1.5054222193764441E-011  -4.3633241071784348E-011
 >>> 地球非球形引力分量 (地固系), 田谐:   -3.6273447479441529E-013  -5.4193905143159384E-013  -1.2644033491963109E-013
 >>> 卫星在地固系坐标为:    127483.12349611784        27874.165621467979        23974.478301911884     
 >>> 地球非球形引力分量 (地固系), 带谐:   -6.8310648442207609E-011  -1.4936112923574176E-011  -4.3563962494843898E-011
 >>> 地球非球形引力分量 (地固系), 田谐:   -3.6480587767387080E-013  -5.3998738896146771E-013  -1.2675855656068746E-013
 >>> 卫星在地固系坐标为:    127483.12207832954        27874.165706845222        23974.478058561137     
 >>> 地球非球形引力分量 (地固系), 带谐:   -6.8310651247956877E-011  -1.4936113748909630E-011  -4.3563964330337605E-011
 >>> 地球非球形引力分量 (地固系), 田谐:   -3.6480588732143156E-013  -5.3998741385280616E-013  -1.2675856060989385E-013
 >>> 卫星在地固系坐标为:    127644.56541112240        27577.675059819900        23992.968733283677     
 >>> 地球非球形引力分量 (地固系), 带谐:   -6.8147641726424722E-011  -1.4723333606654323E-011  -4.3439026681798321E-011
 >>> 地球非球形引力分量 (地固系), 田谐:   -3.6851979252679209E-013  -5.3644519211572563E-013  -1.2732810312264780E-013
 >>> 卫星在地固系坐标为:    127725.00511695074        27429.158607449128        24002.206827916012     
 >>> 地球非球形引力分量 (地固系), 带谐:   -6.8066243585984491E-011  -1.4617339724697813E-011  -4.3376765288673384E-011
 >>> 地球非球形引力分量 (地固系), 田谐:   -3.7036183973074026E-013  -5.3466838571956801E-013  -1.2761017278102452E-013
 >>> 卫星在地固系坐标为:    128124.71287395633        26683.946967664910        24048.389434761379     
 >>> 地球非球形引力分量 (地固系), 带谐:   -6.7659591126021191E-011  -1.4091153072372085E-011  -4.3067056494821762E-011
 >>> 地球非球形引力分量 (地固系), 田谐:   -3.7941915524309242E-013  -5.2572321838743331E-013  -1.2899233358168300E-013
 >>> 卫星在地固系坐标为:    128195.32132581410        26551.004010704546        24056.595645447389     
 >>> 地球非球形引力分量 (地固系), 带谐:   -6.7587387100122452E-011  -1.3998272069598837E-011  -4.3012293700152645E-011
 >>> 地球非球形引力分量 (地固系), 田谐:   -3.8100284953153499E-013  -5.2412276905852441E-013  -1.2923320916402833E-013
 >>> 卫星在地固系坐标为:    128283.38786927897        26384.630299333479        24066.851389868963     
 >>> 地球非球形引力分量 (地固系), 带谐:   -6.7497173925121475E-011  -1.3882452044990190E-011  -4.2943967750052423E-011
 >>> 地球非球形引力分量 (地固系), 田谐:   -3.8297124188643467E-013  -5.2211801006916646E-013  -1.2953226276020568E-013
 >>> 卫星在地固系坐标为:    128283.38644997800        26384.630401438255        24066.851145795117     
 >>> 地球非球形引力分量 (地固系), 带谐:   -6.7497176696051597E-011  -1.3882452822215760E-011  -4.2943969556353007E-011
 >>> 地球非球形引力分量 (地固系), 田谐:   -3.8297125248072955E-013  -5.2211803432076876E-013  -1.2953226695890197E-013
 >>> 卫星在地固系坐标为:    128442.09313473536        26083.262243854708        24085.392918541438     
 >>> 地球非球形引力分量 (地固系), 带谐:   -6.7334135563039112E-011  -1.3673818862572298E-011  -4.2820759194945784E-011
 >>> 地球非球形引力分量 (地固系), 田谐:   -3.8649843676105193E-013  -5.1848118246180213E-013  -1.3006716805730265E-013
 >>> 卫星在地固系坐标为:    128521.15696590047        25932.307961437684        24094.656547936138     
 >>> 地球非球形引力分量 (地固系), 带谐:   -6.7252722628928421E-011  -1.3569892736969741E-011  -4.2759358603277097E-011
 >>> 地球非球形引力分量 (地固系), 田谐:   -3.8824705189114662E-013  -5.1665757938457338E-013  -1.3033194817072686E-013
 >>> 卫星在地固系坐标为:    128913.91123686603        25174.912642220857        24140.966813256164     
 >>> 地球非球形引力分量 (地固系), 带谐:   -6.6846016320594017E-011  -1.3054003289523769E-011  -4.2453933023408832E-011
 >>> 地球非球形引力分量 (地固系), 田谐:   -3.9683635418092429E-013  -5.0748381501088257E-013  -1.3162794809866664E-013
 >>> 卫星在地固系坐标为:    128983.27050393420        25039.804874555095        24149.195710992146     
 >>> 地球非球形引力分量 (地固系), 带谐:   -6.6773805799168915E-011  -1.2962945205297971E-011  -4.2399927770436798E-011
 >>> 地球非球形引力分量 (地固系), 田谐:   -3.9833671189182547E-013  -5.0584365695731231E-013  -1.3185355759792324E-013
 >>> 卫星在地固系坐标为:    129069.77003678736        24870.725691352665        24159.479810076766     
 >>> 地球非球形引力分量 (地固系), 带谐:   -6.6683585760140614E-011  -1.2849400514803369E-011  -4.2332547054832524E-011
 >>> 地球非球形引力分量 (地固系), 田谐:   -4.0020088079184004E-013  -5.0378965607969593E-013  -1.3213355071876570E-013
 >>> 卫星在地固系坐标为:    129069.76861649241        24870.725810308959        24159.479565335238     
 >>> 地球非球形引力分量 (地固系), 带谐:   -6.6683588495647579E-011  -1.2849401244768376E-011  -4.2332548831995626E-011
 >>> 地球非球形引力分量 (地固系), 田谐:   -4.0020089229005996E-013  -5.0378967966036014E-013  -1.3213355505791906E-013
 >>> 卫星在地固系坐标为:    129225.63165301229        24564.456896413147        24178.073226542074     
 >>> 地球非球形引力分量 (地固系), 带谐:   -6.6520533621260963E-011  -1.2644865882749021E-011  -4.2211039184233473E-011
 >>> 地球非球形引力分量 (地固系), 田谐:   -4.0353958497549014E-013  -5.0006479135932982E-013  -1.3263407029256508E-013
 >>> 卫星在地固系坐标为:    129303.26599133349        24411.053284563110        24187.362785440830     
 >>> 地球非球形引力分量 (地固系), 带谐:   -6.6439114818009775E-011  -1.2542983810713229E-011  -4.2150486156533986E-011
 >>> 地球非球形引力分量 (地固系), 田谐:   -4.0519389799536579E-013  -4.9819769125328307E-013  -1.3288168927622022E-013
 >>> 卫星在地固系坐标为:    129688.79748508171        23641.417995073400        24233.802682431426     
 >>> 地球非球形引力分量 (地固系), 带谐:   -6.6032399098203101E-011  -1.2037273677996001E-011  -4.1849277945725584E-011
 >>> 地球非球形引力分量 (地固系), 田谐:   -4.1331100066105822E-013  -4.8881185848856771E-013  -1.3409217862153617E-013
 >>> 卫星在地固系坐标为:    129756.85948535879        23504.135622860416        24242.054617747635     
 >>> 地球非球形引力分量 (地固系), 带谐:   -6.5960189952330774E-011  -1.1948017673194005E-011  -4.1796018594171100E-011
 >>> 地球非球形引力分量 (地固系), 田谐:   -4.1472730573178387E-013  -4.8713493507866563E-013  -1.3430263900049541E-013
 >>> 卫星在地固系坐标为:    129841.73181633199        23332.338820800494        24252.367509518666     
 >>> 地球非球形引力分量 (地固系), 带谐:   -6.5869972875963871E-011  -1.1836722321548781E-011  -4.1729568591171298E-011
 >>> 地球非球形引力分量 (地固系), 田谐:   -4.1648636797730319E-013  -4.8503537352741351E-013  -1.3456371840383714E-013
 >>> 卫星在地固系坐标为:    129841.73039511012        23332.338956764081        24252.367264086439     
 >>> 地球非球形引力分量 (地固系), 带谐:   -6.5869975576340502E-011  -1.1836723005339951E-011  -4.1729570339826092E-011
 >>> 地球非球形引力分量 (地固系), 田谐:   -4.1648638033956632E-013  -4.8503539641528911E-013  -1.3456372287584289E-013
 >>> 卫星在地固系坐标为:    129994.63591005973        23021.156620715719        24271.013047490858     
 >>> 地球非球形引力分量 (地固系), 带谐:   -6.5706929602376409E-011  -1.1636245656237818E-011  -4.1609738935348323E-011
 >>> 地球非球形引力分量 (地固系), 田谐:   -4.1963491205213507E-013  -4.8122924271687850E-013  -1.3503010311711388E-013
 >>> 卫星在地固系坐标为:    130070.78371753213        22865.297495530649        24280.328652722961     
 >>> 地球非球形引力分量 (地固系), 带谐:   -6.5625516233830175E-011  -1.1536387412279776E-011  -4.1550022272653665E-011
 >>> 地球非球形引力分量 (地固系), 田谐:   -4.2119410466203693E-013  -4.7932203378317659E-013  -1.3526068719830394E-013
 >>> 卫星在地固系坐标为:    130448.80620170860        22083.392712121746        24326.898765487756     
 >>> 地球非球形引力分量 (地固系), 带谐:   -6.5218847419561512E-011  -1.1040755846942052E-011  -4.1252975679414359E-011
 >>> 地球非球形引力分量 (地固系), 田谐:   -4.2883509190821023E-013  -4.6974110204403418E-013  -1.3638630703005644E-013
 >>> 卫星在地固系坐标为:    130515.51986965965        21943.930735701953        24335.173842202734     
 >>> 地球非球形引力分量 (地固系), 带谐:   -6.5146649627451211E-011  -1.0953284088478428E-011  -4.1200452365004379E-011
 >>> 地球非球形引力分量 (地固系), 田谐:   -4.3016667841231170E-013  -4.6803043465225891E-013  -1.3658173390158587E-013
 >>> 卫星在地固系坐标为:    130598.70109149146        21769.410169407856        24345.515656422835     
 >>> 地球非球形引力分量 (地固系), 带谐:   -6.5056447972540845E-011  -1.0844215817175934E-011  -4.1134920764763031E-011
 >>> 地球非球形引力分量 (地固系), 田谐:   -4.3181981441449515E-013  -4.6588909094534803E-013  -1.3682404479575459E-013
 >>> 卫星在地固系坐标为:    130598.69966954310        21769.410322523836        24345.515410299002     
 >>> 地球非球形引力分量 (地固系), 带谐:   -6.5056450637833928E-011  -1.0844216455796041E-011  -4.1134922485367265E-011
 >>> 地球非球形引力分量 (地固系), 田谐:   -4.3181982759955611E-013  -4.6588911311794132E-013  -1.3682404939271287E-013
 >>> 卫星在地固系坐标为:    130748.52826716198        21453.311351980625        24364.213100319150     
 >>> 地球非球形引力分量 (地固系), 带谐:   -6.4893439976351866E-011  -1.0647761706877993E-011  -4.1016749970591082E-011
 >>> 地球非球形引力分量 (地固系), 田谐:   -4.3477668095497682E-013  -4.6200862462028197E-013  -1.3725654866231318E-013
 >>> 卫星在地固系坐标为:    130823.12976214701        21294.995264650417        24373.554644406038     
 >>> 地球非球形引力分量 (地固系), 带谐:   -6.4812045227316527E-011  -1.0549909627734343E-011  -4.0957860022460389E-011
 >>> 地球非球形引力分量 (地固系), 田谐:   -4.3624001193915748E-013  -4.6006477440197345E-013  -1.3747022579080019E-013
 >>> 卫星在地固系坐标为:    131193.34342528033        20500.815327780743        24420.254435886378     
 >>> 地球非球形引力分量 (地固系), 带谐:   -6.4405489020628825E-011  -1.0064268521819639E-011  -4.0664926962866343E-011
 >>> 地球非球形引力分量 (地固系), 田谐:   -4.4340136294954897E-013  -4.5030610595346060E-013  -1.3851162700581672E-013
 >>> 卫星在地固系坐标为:    131258.65530723194        20359.173018820282        24428.552558692048     
 >>> 地球非球形引力分量 (地固系), 带谐:   -6.4333314224537931E-011  -9.9785653914080230E-012  -4.0613131170541966E-011
 >>> 地球非球形引力分量 (地固系), 田谐:   -4.4464763688133724E-013  -4.4856478507585957E-013  -1.3869213794911879E-013
 >>> 卫星在地固系坐标为:    131340.07853827966        20181.927896481633        24438.923176319153     
 >>> 地球非球形引力分量 (地固系), 带谐:   -6.4243142527596584E-011  -9.8717046979491631E-012  -4.0548507343706517E-011
 >>> 地球非球形引力分量 (地固系), 田谐:   -4.4619411763660075E-013  -4.4638552383485665E-013  -1.3891582808624973E-013
 >>> 卫星在地固系坐标为:    131340.07711591269        20181.928066880992        24438.922929520639     
 >>> 地球非球形引力分量 (地固系), 带谐:   -6.4243145157669170E-011  -9.8717052923458969E-012  -4.0548509036589000E-011
 >>> 地球非球形引力分量 (地固系), 田谐:   -4.4619413160183272E-013  -4.4638554526970823E-013  -1.3891583280000482E-013
 >>> 卫星在地固系坐标为:    131486.71532222838        19860.895059632581        24457.673271949679     
 >>> 地球非球形引力分量 (地固系), 带谐:   -6.4080187676825283E-011  -9.6792278956247907E-012  -4.0431970183135160E-011
 >>> 地球非球形引力分量 (地固系), 田谐:   -4.4895817609204910E-013  -4.4243751389738817E-013  -1.3931474226199561E-013
 >>> 卫星在地固系坐标为:    131559.71365208147        19700.113449577173        24467.041127349086     
 >>> 地球非球形引力分量 (地固系), 带谐:   -6.3998820471225992E-011  -9.5833594412990484E-012  -4.0373894381661720E-011
 >>> 地球非球形引力分量 (地固系), 田谐:   -4.5032509625804101E-013  -4.4046041968574137E-013  -1.3951165867532352E-013
 >>> 卫星在地固系坐标为:    131921.83305480826        18893.616905639366        24513.872459362152     
 >>> 地球非球形引力分量 (地固系), 带谐:   -6.3592421315061197E-011  -9.1075966624084897E-012  -4.0085012338732002E-011
 >>> 地球非球形引力分量 (地固系), 田谐:   -4.5700423670515990E-013  -4.3054101514909350E-013  -1.4046958081926399E-013
 >>> 卫星在地固系坐标为:    131985.69220200548        18749.787136645173        24522.193959008782     
 >>> 地球非球形引力分量 (地固系), 带谐:   -6.3520277388318855E-011  -9.0236423359344810E-012  -4.0033933015995487E-011
 >>> 地球非球形引力分量 (地固系), 田谐:   -4.5816476989674614E-013  -4.2877206528637519E-013  -1.4063530868378572E-013
 >>> 卫星在地固系坐标为:    132065.29367049609        18569.808649722847        24532.593793352517     
 >>> 地球非球形引力分量 (地固系), 带谐:   -6.3430145479889899E-011  -8.9189644867975075E-012  -3.9970203173718171E-011
 >>> 地球非球形引力分量 (地固系), 田谐:   -4.5960407270234925E-013  -4.2655866791348462E-013  -1.4084054470461701E-013
 >>> 卫星在地固系坐标为:    132065.29224780345        18569.808837560933        24532.593545858152     
 >>> 地球非球形引力分量 (地固系), 带谐:   -6.3430148075017852E-011  -8.9189650379988940E-012  -3.9970204839462920E-011
 >>> 地球非球形引力分量 (地固系), 田谐:   -4.5960408740695522E-013  -4.2655868859304946E-013  -1.4084054952782744E-013
 >>> 卫星在地固系坐标为:    132208.61286924357        18243.851959656666        24551.395786563251     
 >>> 地球非球形引力分量 (地固系), 带谐:   -6.3267274548103543E-011  -8.7304356781060523E-012  -3.9855284061611323E-011
 >>> 地球非球形引力分量 (地固系), 田谐:   -4.6217419794353897E-013  -4.2255027127931132E-013  -1.4120614121616108E-013
 >>> 卫星在地固系坐标为:    132279.94437407755        18080.610096083761        24560.789576941792     
 >>> 地球非球形引力分量 (地固系), 带谐:   -6.3185950245017029E-011  -8.6365362136830562E-012  -3.9798014628735439E-011
 >>> 地球非球形引力分量 (地固系), 田谐:   -4.6344416344551780E-013  -4.2054351278758819E-013  -1.4138643399590508E-013
 >>> 卫星在地固系坐标为:    132633.65050907791        17261.825107221935        24607.750568606676     
 >>> 地球非球形引力分量 (地固系), 带谐:   -6.2779784689923929E-011  -8.1705785781138872E-012  -3.9513144793074418E-011
 >>> 地球非球形引力分量 (地固系), 田谐:   -4.6963857244034987E-013  -4.1048128420013528E-013  -1.4226157503699795E-013
 >>> 卫星在地固系坐标为:    132696.00009061737        17115.813202048437        24616.095111113278     
 >>> 地球非球形引力分量 (地固系), 带谐:   -6.2707685197981386E-011  -8.0883600519123524E-012  -3.9462775057449042E-011
 >>> 地球非球形引力分量 (地固系), 田谐:   -4.7071295090679797E-013  -4.0868789163856120E-013  -1.4241264601460159E-013
 >>> 卫星在地固系坐标为:    132773.70870801329        16933.108145126396        24626.523744914470     
 >>> 地球非球形引力分量 (地固系), 带谐:   -6.2617610015671999E-011  -7.9858487986991883E-012  -3.9399930604077334E-011
 >>> 地球非球形引力分量 (地固系), 田谐:   -4.7204457267673914E-013  -4.0644434169310440E-013  -1.4259958652919620E-013
 >>> 卫星在地固系坐标为:    132773.70728543456        16933.108350510807        24626.523496762562     
 >>> 地球非球形引力分量 (地固系), 带谐:   -6.2617612575514107E-011  -7.9858493075895739E-012  -3.9399932242861941E-011
 >>> 地球非球形引力分量 (地固系), 田谐:   -4.7204458807611746E-013  -4.0644436159649161E-013  -1.4259959145345098E-013
 >>> 卫星在地固系坐标为:    132913.59943283041        16602.199302679128        24645.379235877441     
 >>> 地球非球形引力分量 (地固系), 带谐:   -6.2454833203813005E-011  -7.8012151705310624E-012  -3.9286599699187773E-011
 >>> 地球非球形引力分量 (地固系), 田谐:   -4.7442021029381251E-013  -4.0238225972192037E-013  -1.4293219919741906E-013
 >>> 卫星在地固系坐标为:    132983.20852469894        16436.483159190062        24654.799760198239     
 >>> 地球非球形引力分量 (地固系), 带谐:   -6.2373556904792925E-011  -7.7092584020034477E-012  -3.9230121776697685E-011
 >>> 地球非球形引力分量 (地固系), 田谐:   -4.7559295906205622E-013  -4.0034918759461281E-013  -1.4309603569298737E-013
 >>> 卫星在地固系坐标为:    133328.22202067543        15605.340818874562        24701.894405144703     
 >>> 地球非球形引力分量 (地固系), 带谐:   -6.1967650327964544E-011  -7.2529753150294939E-012  -3.8949190306617845E-011
 >>> 地球非球形引力分量 (地固系), 田谐:   -4.8130148734087459E-013  -3.9016088793808612E-013  -1.4388923826157078E-013
 >>> 卫星在地固系坐标为:    133389.01212125231        15457.134743609846        24710.262699888914     
 >>> 地球非球形引力分量 (地固系), 带谐:   -6.1895599765558487E-011  -7.1724695340205752E-012  -3.8899517115629570E-011
 >>> 地球非球形引力分量 (地固系), 田谐:   -4.8228953448065798E-013  -3.8834603067480558E-013  -1.4402580311608213E-013
 >>> 卫星在地固系坐标为:    133464.76538766440        15271.688167219903        24720.721019545112     
 >>> 地球非球形引力分量 (地固系), 带谐:   -6.1805586921583804E-011  -7.0720961275197427E-012  -3.8837541784918476E-011
 >>> 地球非球形引力分量 (地固系), 田谐:   -4.8351326618153402E-013  -3.8607605041942081E-013  -1.4419463697933781E-013
 >>> 卫星在地固系坐标为:    133464.76396510893        15271.688390333809        24720.720770680673     
 >>> 地球非球形引力分量 (地固系), 带谐:   -6.1805589446767575E-011  -7.0720965951634335E-012  -3.8837543397530474E-011
 >>> 地球非球形引力分量 (地固系), 田谐:   -4.8351328223665492E-013  -3.8607606953483613E-013  -1.4419464199816911E-013
 >>> 卫星在地固系坐标为:    133601.10053604742        14935.832440093758        24739.629774414305     
 >>> 地球非球形引力分量 (地固系), 带谐:   -6.1642930230221817E-011  -6.8913240485363282E-012  -3.8725780890076439E-011
 >>> 地球非球形引力分量 (地固系), 田谐:   -4.8569383167977174E-013  -3.8196740664104772E-013  -1.4449457463781736E-013
 >>> 卫星在地固系坐标为:    133668.92358479626        14767.644833040551        24749.076916110760     
 >>> 地球非球形引力分量 (地固系), 带谐:   -6.1561714914354359E-011  -6.8012932010435176E-012  -3.8670085403467714E-011
 >>> 地球非球形引力分量 (地固系), 田谐:   -4.8676908968251204E-013  -3.7991158257467760E-013  -1.4464211018803073E-013
 >>> 卫星在地固系坐标为:    134004.92544389074        13924.160985146336        24796.304631858166     
 >>> 地球非球形引力分量 (地固系), 带谐:   -6.1156131996203928E-011  -6.3546009545787486E-012  -3.8393047083598489E-011
 >>> 地球非球形引力分量 (地固系), 田谐:   -4.9199056024127240E-013  -3.6961501947817758E-013  -1.4535416200572090E-013
 >>> 卫星在地固系坐标为:    134064.09920864273        13773.763868288923        24804.696575465885     
 >>> 地球非球形引力分量 (地固系), 带谐:   -6.1084141825030941E-011  -6.2757930763078376E-012  -3.8344062429907135E-011
 >>> 地球非球形引力分量 (地固系), 田谐:   -4.9289210002965181E-013  -3.6778186282303346E-013  -1.4547636261527620E-013
 >>> 卫星在地固系坐标为:    134137.82599547476        13585.579813695389        24815.184451857564     
 >>> 地球非球形引力分量 (地固系), 带谐:   -6.0994205630811275E-011  -6.1775389799316574E-012  -3.8282946226164760E-011
 >>> 地球非球形引力分量 (地固系), 田谐:   -4.9400773569584864E-013  -3.6548940852597347E-013  -1.4562726794718865E-013
 >>> 卫星在地固系坐标为:    134137.82457327424        13585.580054660268        24815.184202298366     
 >>> 地球非球形引力分量 (地固系), 带谐:   -6.0994208121216598E-011  -6.1775394072291906E-012  -3.8282947812902762E-011
 >>> 地球非球形引力分量 (地固系), 田谐:   -4.9400775236305281E-013  -3.6548942683734223E-013  -1.4562727305278581E-013
 >>> 卫星在地固系坐标为:    134270.47682689677        13244.785384590728        24834.146219275051     
 >>> 地球非球形引力分量 (地固系), 带谐:   -6.0831695021106716E-011  -6.0005949496564095E-012  -3.8172737323391507E-011
 >>> 地球非球形引力分量 (地固系), 田谐:   -4.9599290367849162E-013  -3.6134136092273912E-013  -1.4589485612060869E-013
 >>> 卫星在地固系坐标为:    134336.44938657086        13074.130592735399        24843.619853001004     
 >>> 地球非球形引力分量 (地固系), 带谐:   -6.0750553648136877E-011  -5.9124733131149656E-012  -3.8117815287792755E-011
 >>> 地球非球形引力分量 (地固系), 田谐:   -4.9697052659227285E-013  -3.5926636313261446E-013  -1.4602625440437882E-013
 >>> 卫星在地固系坐标为:    134663.11656392348        12218.328439634295        24890.980013184577     
 >>> 地球非球形引力分量 (地固系), 带谐:   -6.0345358970270812E-011  -5.4752885164097691E-012  -3.7844625349967590E-011
 >>> 地球非球形引力分量 (地固系), 田谐:   -5.0170441243448652E-013  -3.4887941924416730E-013  -1.4665798480587143E-013
 >>> 卫星在地固系坐标为:    134720.61642438636        12065.744724680411        24899.395494487082     
 >>> 地球非球形引力分量 (地固系), 带谐:   -6.0273440634231620E-011  -5.3981637530510632E-012  -3.7796321305522523E-011
 >>> 地球非球形引力分量 (地固系), 田谐:   -5.0251938466172997E-013  -3.4703114052560104E-013  -1.4676597043437395E-013
 >>> 卫星在地固系坐标为:    134792.24471277159        11874.828887598969        24909.912788755089     
 >>> 地球非球形引力分量 (地固系), 带谐:   -6.0183595378493686E-011  -5.3020105012939910E-012  -3.7736054332072717E-011
 >>> 地球非球形引力分量 (地固系), 田谐:   -5.0352686312341840E-013  -3.4472018298866496E-013  -1.4689913456682514E-013
 >>> 卫星在地固系坐标为:    134792.24329126553        11874.829146529391        24909.912538519598     
 >>> 地球非球形引力分量 (地固系), 带谐:   -6.0183597834008957E-011  -5.3020108891429278E-012  -3.7736055893231677E-011
 >>> 地球非球形引力分量 (地固系), 田谐:   -5.0352688035876276E-013  -3.4472020048167325E-013  -1.4689913975144375E-013
 >>> 卫星在地固系坐标为:    134921.08724494497        11529.089851163544        24928.928238795044     
 >>> 地球非球形引力分量 (地固系), 带谐:   -6.0021248753326205E-011  -5.1288526055222870E-012  -3.7627374220969390E-011
 >>> 地球非球形引力分量 (地固系), 田谐:   -5.0531665824258469E-013  -3.4053970724495455E-013  -1.4713472696164691E-013
 >>> 卫星在地固系坐标为:    134985.14721678346        11355.965086000380        24938.428699202857     
 >>> 地球非球形引力分量 (地固系), 带谐:   -5.9940190265409335E-011  -5.0426192950625276E-012  -3.7573214077917848E-011
 >>> 地球非球形引力分量 (地固系), 田谐:   -5.0619667545509989E-013  -3.3844902200446672E-013  -1.4725016551448066E-013
 >>> 卫星在地固系坐标为:    135302.16811112454        10487.832308819561        24985.922976680711     
 >>> 地球非球形引力分量 (地固系), 带谐:   -5.9535428371190998E-011  -4.6148380170668664E-012  -3.7303815022821908E-011
 >>> 地球非球形引力分量 (地固系), 田谐:   -5.1044330402554360E-013  -3.2798911214096261E-013  -1.4780247054095089E-013
 >>> 卫星在地固系坐标为:    135357.93848034478        10333.060096311550        24994.362292870079     
 >>> 地球非球形引力分量 (地固系), 带谐:   -5.9463589763001496E-011  -4.5393779889218181E-012  -3.7256181421451373E-011
 >>> 地球非球形引力分量 (地固系), 田谐:   -5.1117179790870754E-013  -3.2612880419884205E-013  -1.4789640186473066E-013
 >>> 卫星在地固系坐标为:    135427.39870699751        10139.410214851145        25004.909376394739     
 >>> 地球非球形引力分量 (地固系), 带谐:   -5.9373845301404893E-011  -4.4453026440132779E-012  -3.7196750994861712E-011
 >>> 地球非球形引力分量 (地固系), 田谐:   -5.1207124389290188E-013  -3.2380320791752516E-013  -1.4801202623953439E-013
 >>> 卫星在地固系坐标为:    135427.39728632267        10139.410491896479        25004.909125464903     
 >>> 地球非球形引力分量 (地固系), 带谐:   -5.9373847722284290E-011  -4.4453029933581470E-012  -3.7196752530959581E-011
 >>> 地球非球形引力分量 (地固系), 田谐:   -5.1207126165489362E-013  -3.2380322458206774E-013  -1.4801203149628462E-013
 >>> 卫星在地固系坐标为:    135552.30256773738        9788.7342968761586        25023.978546551032     
 >>> 地球非球形引力分量 (地固系), 带谐:   -5.9211685869253246E-011  -4.2758953500961639E-012  -3.7089580453686757E-011
 >>> 地球非球形引力分量 (地固系), 田谐:   -5.1366586646568865E-013  -3.1959742664770213E-013  -1.4821598046024277E-013
 >>> 卫星在地固系坐标为:    135614.38468318467        9613.1436086554131        25033.505852514543     
 >>> 地球非球形引力分量 (地固系), 带谐:   -5.9130721853676968E-011  -4.1915326474458996E-012  -3.7036172621223053E-011
 >>> 地球非球形引力分量 (地固系), 田谐:   -5.1444839628087599E-013  -3.1749461313096375E-013  -1.4831563892009213E-013
 >>> 卫星在地固系坐标为:    135921.43207293891        8732.7023005315350        25081.134341781370     
 >>> 地球非球形引力分量 (地固系), 带谐:   -5.8726450480105211E-011  -3.7730665531427207E-012  -3.6770516734646800E-011
 >>> 地球非球形引力分量 (地固系), 田谐:   -5.1820855073192503E-013  -3.0697951062012113E-013  -1.4878942674004746E-013
 >>> 卫星在地固系坐标为:    135975.41462888123        8575.7458381159449        25089.597509719901     
 >>> 地球非球形引力分量 (地固系), 带谐:   -5.8654701830991271E-011  -3.6992556079782378E-012  -3.6723545131738615E-011
 >>> 地球非球形引力分量 (地固系), 田谐:   -5.1885073849149115E-013  -3.0511032888659958E-013  -1.4886946688300519E-013
 >>> 卫星在地固系坐标为:    136042.63382776384        8379.3673705175388        25100.174403614899     
 >>> 地球非球形引力分量 (地固系), 带谐:   -5.8565070938149459E-011  -3.6072386329455483E-012  -3.6664940712729597E-011
 >>> 地球非球形引力分量 (地固系), 田谐:   -5.1964238109759465E-013  -3.0277403631687892E-013  -1.4896775608083819E-013
 >>> 卫星在地固系坐标为:    136042.63240820460        8379.3676657988708        25100.174151997791     
 >>> 地球非球形引力分量 (地固系), 带谐:   -5.8565073324405648E-011  -3.6072389446800263E-012  -3.6664942224121125E-011
 >>> 地球非球形引力分量 (地固系), 田谐:   -5.1964239934302853E-013  -3.0277405214269525E-013  -1.4896776140241399E-013
 >>> 卫星在地固系坐标为:    136163.46481128514        8023.7712472278517        25119.296989905804     
 >>> 地球非球形引力分量 (地固系), 带谐:   -5.8403124644243927E-011  -3.4415495589673800E-012  -3.6559262586835862E-011
 >>> 地球非球形引力分量 (地固系), 田谐:   -5.2104226354862103E-013  -2.9855014829174487E-013  -1.4914044155608986E-013
 >>> 卫星在地固系坐标为:    136223.50190088723        7845.7231746494608        25128.850989813349     
 >>> 地球非球形引力分量 (地固系), 带谐:   -5.8322268052798941E-011  -3.3590413083998266E-012  -3.6506598510173697E-011
 >>> 地球非球形引力分量 (地固系), 田谐:   -5.2172754091124118E-013  -2.9643880302649706E-013  -1.4922450554609772E-013
 >>> 卫星在地固系坐标为:    136520.23920668245        6953.0180064722117        25176.612933220902     
 >>> 地球非球形引力分量 (地固系), 带谐:   -5.7918551739608354E-011  -2.9498097534433366E-012  -3.6244643164503167E-011
 >>> 地球非球形引力分量 (地固系), 田谐:   -5.2500259344326399E-013  -2.8588646038948823E-013  -1.4962071499293128E-013
 >>> 卫星在地固系坐标为:    136572.37398948838        6793.8855863076660        25185.099818422852     
 >>> 地球非球形引力分量 (地固系), 带谐:   -5.7846904485646309E-011  -2.8776335880915228E-012  -3.6198326010605824E-011
 >>> 地球非球形引力分量 (地固系), 田谐:   -5.2555875295489162E-013  -2.8401159089556816E-013  -1.4968703264439220E-013
 >>> 卫星在地固系坐标为:    136637.27715979514        6594.7890411906574        25195.706354694954     
 >>> 地球非球形引力分量 (地固系), 带谐:   -5.7757401440769162E-011  -2.7876571166137915E-012  -3.6140538174899726E-011
 >>> 地球非球形引力分量 (地固系), 田谐:   -5.2624295389955324E-013  -2.8166858203754247E-013  -1.4976819828188243E-013
 >>> 卫星在地固系坐标为:    136637.27574171638        6594.7893548076872        25195.706102411175     
 >>> 地球非球形引力分量 (地固系), 带谐:   -5.7757403792298260E-011  -2.7876573916094740E-012  -3.6140539661856727E-011
 >>> 地球非球形引力分量 (地固系), 田谐:   -5.2624297258424657E-013  -2.8166859701526941E-013  -1.4976820366079016E-013
 >>> 卫星在地固系坐标为:    136753.90533467804        6234.2749206074695        25214.882978608737     
 >>> 地球非球形引力分量 (地固系), 带谐:   -5.7595686225846445E-011  -2.6256459827909516E-012  -3.6036330346365564E-011
 >>> 地球非球形引力分量 (地固系), 田谐:   -5.2744885842627774E-013  -2.7743357233488683E-013  -1.4991000811580421E-013
 >>> 卫星在地固系坐标为:    136811.83233193791        6053.7707523401350        25224.463982858215     
 >>> 地球非球形引力分量 (地固系), 带谐:   -5.7514946019642892E-011  -2.5449721131675447E-012  -3.5984399005999032E-011
 >>> 地球非球形引力分量 (地固系), 田谐:   -5.2803728175055977E-013  -2.7531718437558022E-013  -1.4997867486040108E-013
 >>> 卫星在地固系坐标为:    137097.93318121217        5148.8099484590848        25272.360932034615     
 >>> 地球非球形引力分量 (地固系), 带谐:   -5.7111829408359022E-011  -2.1448751896484062E-012  -3.5726089381312659E-011
 >>> 地球非球形引力分量 (地固系), 田谐:   -5.3082940746613708E-013  -2.6474500962101449E-013  -1.5029830032091705E-013
 >>> 卫星在地固系坐标为:    137148.16199045148        4987.5033457931686        25280.871810161560     
 >>> 地球非球形引力分量 (地固系), 带谐:   -5.7040291460393010E-011  -2.0743161291766657E-012  -3.5680416983618846E-011
 >>> 地球非球形引力分量 (地固系), 田谐:   -5.3129995688000249E-013  -2.6286754037470245E-013  -1.5035107363430805E-013
 >>> 卫星在地固系坐标为:    137210.67630641922        4785.6910760054188        25291.508333289610     
 >>> 地球非球形引力分量 (地固系), 带谐:   -5.6950926141600673E-011  -1.9863581052355122E-012  -3.5623433638191142E-011
 >>> 地球非球形引力分量 (地固系), 田谐:   -5.3187725212835438E-013  -2.6052167225503667E-013  -1.5041533897509458E-013
 >>> 卫星在地固系坐标为:    137210.67488998434        4785.6914080996894        25291.508080323099     
 >>> 地球非球形引力分量 (地固系), 带谐:   -5.6950928458648560E-011  -1.9863583443954712E-012  -3.5623435101197426E-011
 >>> 地球非球形引力分量 (地固系), 田谐:   -5.3187727121093875E-013  -2.6052168637915856E-013  -1.5041534440472768E-013
 >>> 卫星在地固系坐标为:    137322.96918995783        4420.2646364432803        25310.739553532974     
 >>> 地球非球形引力分量 (地固系), 带谐:   -5.6789460403780755E-011  -1.8279858426181257E-012  -3.5520674721196951E-011
 >>> 地球非球形引力分量 (地固系), 田谐:   -5.3289017340826021E-013  -2.5628252094277057E-013  -1.5052667676543392E-013
 >>> 卫星在地固系坐标为:    137378.71975679160        4237.3073990958092        25320.347841200313     
 >>> 地球非球形引力分量 (地固系), 带谐:   -5.6708845772064511E-011  -1.7491268823115721E-012  -3.5469465461622516E-011
 >>> 地球非球形引力分量 (地固系), 田谐:   -5.3338225751957743E-013  -2.5416457617718834E-013  -1.5058014875649007E-013
 >>> 卫星在地固系坐标为:    137653.85145226531        3320.1079558831620        25368.381191218232     
 >>> 地球非球形引力分量 (地固系), 带谐:   -5.6306374644487297E-011  -1.3580676490474162E-012  -3.5214748543812460E-011
 >>> 地球非球形引力分量 (地固系), 田谐:   -5.3569421472093534E-013  -2.4358995504713893E-013  -1.5082421105499844E-013
 >>> 卫星在地固系坐标为:    137702.11496909047        3156.6305208412386        25376.916310127115     
 >>> 地球非球形引力分量 (地固系), 带谐:   -5.6234954115786241E-011  -1.2891085408517016E-012  -3.5169711527883119E-011
 >>> 地球非球形引力分量 (地固系), 田谐:   -5.3607967605146469E-013  -2.4171296899418639E-013  -1.5086362290001986E-013
 >>> 卫星在地固系坐标为:    137762.16620950837        2952.1068559436303        25387.583129849150     
 >>> 地球非球形引力分量 (地固系), 带谐:   -5.6145736654060740E-011  -1.2031475598052715E-012  -3.5113520976512225E-011
 >>> 地球非球形引力分量 (地固系), 田谐:   -5.3655073146282179E-013  -2.3936809185833591E-013  -1.5091121710780342E-013
 >>> 卫星在地固系坐标为:    137762.16479490101        2952.1072066540705        25387.582876186389     
 >>> 地球非球形引力分量 (地固系), 带谐:   -5.6145738936847174E-011  -1.2031477640116133E-012  -3.5113522416025448E-011
 >>> 地球非球形引力分量 (地固系), 田谐:   -5.3655075090199320E-013  -2.3936810512460996E-013  -1.5091122258161975E-013
 >>> 卫星在地固系坐标为:    137869.98086144560        2581.8049552377770        25406.868008027304     
 >>> 地球非球形引力分量 (地固系), 带谐:   -5.5984551225473073E-011  -1.0483876973621132E-012  -3.5012197803881447E-011
 >>> 地球非球形引力分量 (地固系), 田谐:   -5.3737184187678611E-013  -2.3513208041495781E-013  -1.5099249169514492E-013
 >>> 卫星在地固系坐标为:    137923.48349521446        2396.4133156632615        25416.503110796908     
 >>> 地球非球形引力分量 (地固系), 带谐:   -5.5904077556023864E-011  -9.7133042510324663E-013  -3.4961704052063972E-011
 >>> 地球非球形引力分量 (地固系), 田谐:   -5.3776819261840865E-013  -2.3301621453631080E-013  -1.5103097436655739E-013
 >>> 卫星在地固系坐标为:    138187.28810827792        1467.0708302312171        25464.670521016600     
 >>> 地球非球形引力分量 (地固系), 带谐:   -5.5502328593751913E-011  -5.8924267495574165E-013  -3.4710547031844342E-011
 >>> 地球非球形引力分量 (地固系), 田谐:   -5.3960321752772057E-013  -2.2245727156421711E-013  -1.5120051255176591E-013
 >>> 卫星在地固系坐标为:    138233.52263424636        1301.4399597959155        25473.229465068565     
 >>> 地球非球形引力分量 (地固系), 带谐:   -5.5431039070903681E-011  -5.2187174199965379E-013  -3.4666139576925774E-011
 >>> 地球非球形引力分量 (地固系), 田谐:   -5.3990420164045471E-013  -2.2058398119530408E-013  -1.5122674963129418E-013
 >>> 卫星在地固系坐标为:    138291.03114915412        1094.2268154655733        25483.926062095201     
 >>> 地球非球形引力分量 (地固系), 带谐:   -5.5341986429730095E-011  -4.3789308004529214E-013  -3.4610734548939402E-011
 >>> 地球非球形引力分量 (地固系), 田谐:   -5.4026979578760279E-013  -2.1824410640403327E-013  -1.5125790691358627E-013
 >>> 卫星在地固系坐标为:    138291.02973689305        1094.2271848435807        25483.925807781983     
 >>> 地球非球形引力分量 (地固系), 带谐:   -5.5341988677951127E-011  -4.3789325012571345E-013  -3.4610735965078091E-011
 >>> 地球非球形引力分量 (地固系), 田谐:   -5.4026981553771687E-013  -2.1824411880681282E-013  -1.5125791242387433E-013
 >>> 卫星在地固系坐标为:    138394.23543352817        719.04833624426226        25503.265806000119     
 >>> 地球非球形引力分量 (地固系), 带谐:   -5.5181093993468862E-011  -2.8670178135562325E-013  -3.4510822718350910E-011
 >>> 地球非球形引力分量 (地固系), 田谐:   -5.4090063607606089E-013  -2.1401800481520440E-013  -1.5130955306186592E-013
 >>> 卫星在地固系坐标为:    138445.42394752390        531.22190968431278        25512.928326957117     
 >>> 地球非球形引力分量 (地固系), 带谐:   -5.5100767626823024E-011  -2.1142435892201978E-013  -3.4461032321506497E-011
 >>> 地球非球形引力分量 (地固系), 田谐:   -5.4120204033281634E-013  -2.1190759731445384E-013  -1.5133326433342151E-013
 >>> 卫星在地固系坐标为:    138697.56933898540       -410.26370039427070        25561.232811957583     
 >>> 地球非球形引力分量 (地固系), 带谐:   -5.4699772411280631E-011   1.6180046375094320E-013  -3.4213374783386517E-011
 >>> 地球非球形引力分量 (地固系), 田谐:   -5.4256424042918224E-013  -2.0138117298995244E-013  -1.5142937451743943E-013
 >>> 卫星在地固系坐标为:    138741.71561895503       -578.04770417439261        25569.816116648635     
 >>> 地球非球形引力分量 (地固系), 带谐:   -5.4628619492334631E-011   2.2760240450310742E-013  -3.4169586214825355E-011
 >>> 地球非球形引力分量 (地固系), 田谐:   -5.4278150731843947E-013  -1.9951456198062717E-013  -1.5144263278203638E-013
 >>> 卫星在地固系坐标为:    138796.60725151849       -787.94981300654649        25580.543160118334     
 >>> 地球非球形引力分量 (地固系), 带谐:   -5.4539738662947376E-011   3.0962267545214188E-013  -3.4114953395466729E-011
 >>> 地球非球形引力分量 (地固系), 田谐:   -5.4304260273810693E-013  -1.9718341471768008E-013  -1.5145759852635494E-013
 >>> 卫星在地固系坐标为:    138796.60584165438       -787.94942479139195        25580.542905115439     
 >>> 地球非球形引力分量 (地固系), 带谐:   -5.4539740877061741E-011   3.0962253861870180E-013  -3.4114954788821109E-011
 >>> 地球非球形引力分量 (地固系), 田谐:   -5.4304262276037989E-013  -1.9718342625717840E-013  -1.5145760406735801E-013
 >>> 卫星在地固系坐标为:    138895.05524130177       -1167.9610225526278        25599.936789803724     
 >>> 地球非球形引力分量 (地固系), 带谐:   -5.4379170038137533E-011   4.5727150569158775E-013  -3.4016440186201680E-011
 >>> 地球非球形引力分量 (地固系), 田谐:   -5.4348488128451562E-013  -1.9297442370948850E-013  -1.5148005597615574E-013
 >>> 卫星在地固系坐标为:    138943.85664883521       -1358.2000637115129        25609.626239900754     
 >>> 地球非球形引力分量 (地固系), 带谐:   -5.4299006355242470E-011   5.3078211350901363E-013  -3.3967346793794614E-011
 >>> 地球非球形引力分量 (地固系), 田谐:   -5.4369221278915813E-013  -1.9087306833868346E-013  -1.5148921670784757E-013
 >>> 卫星在地固系坐标为:    139183.97755832339       -2311.7155750388806        25658.065355417042     
 >>> 地球非球形引力分量 (地固系), 带谐:   -5.3898841529183684E-011   8.9520930228736107E-013  -3.3723157036995389E-011
 >>> 地球非球形引力分量 (地固系), 田谐:   -5.4458616221640590E-013  -1.8039706102476742E-013  -1.5151301477698856E-013
 >>> 卫星在地固系坐标为:    139225.97060620805       -2481.6321619348869        25666.672586702938     
 >>> 地球非球形引力分量 (地固系), 带谐:   -5.3827838793110706E-011   9.5945386751337561E-013  -3.3679981730303961E-011
 >>> 地球非球形引力分量 (地固系), 田谐:   -5.4472056030489777E-013  -1.7854029884260730E-013  -1.5151349453709512E-013
 >>> 卫星在地固系坐标为:    139278.16410369612       -2694.1973675194113        25677.429534328956     
 >>> 地球非球形引力分量 (地固系), 带谐:   -5.3739146729188899E-011   1.0395302708235361E-012  -3.3626114093881701E-011
 >>> 地球非球形引力分量 (地固系), 田谐:   -5.4487823236775596E-013  -1.7622183552083264E-013  -1.5151251993542743E-013
 >>> 卫星在地固系坐标为:    139278.16269676428       -2694.1969604320052        25677.429278683834     
 >>> 地球非球形引力分量 (地固系), 带谐:   -5.3739148908904964E-011   1.0395301664181011E-012  -3.3626115464560818E-011
 >>> 地球非球形引力分量 (地固系), 田谐:   -5.4487825261697822E-013  -1.7622184619483778E-013  -1.5151252549962650E-013
 >>> 卫星在地固系坐标为:    139371.72362818074       -3079.0523518198961        25696.879036776660     
 >>> 地球非球形引力分量 (地固系), 带谐:   -5.3578907987152625E-011   1.1836853154367312E-012  -3.3528971820002016E-011
 >>> 地球非球形引力分量 (地固系), 田谐:   -5.4513399467295535E-013  -1.7203645125745664E-013  -1.5150624729998490E-013
 >>> 卫星在地固系坐标为:    139418.07169472156       -3271.7093523951453        25706.596408093221     
 >>> 地球非球形引力分量 (地固系), 带谐:   -5.3498910032884288E-011   1.2554533438161219E-012  -3.3480561649191104E-011
 >>> 地球非球形引力分量 (地固系), 田谐:   -5.4524829140621529E-013  -1.6994738964457770E-013  -1.5150108714776894E-013
 >>> 卫星在地固系坐标为:    139645.83546668204       -4237.2797479900455        25755.175113032932     
 >>> 地球非球形引力分量 (地固系), 带谐:   -5.3099590758343364E-011   1.6112032256097592E-012  -3.3239771200706357E-011
 >>> 地球非球形引力分量 (地固系), 田谐:   -5.4567934033634171E-013  -1.5953793904892982E-013  -1.5145372602281784E-013
 >>> 卫星在地固系坐标为:    139685.61588574064       -4409.3330578457517        25763.807151742287     
 >>> 地球非球形引力分量 (地固系), 带谐:   -5.3028740896177311E-011   1.6739116534426260E-012  -3.3197197065782071E-011
 >>> 地球非球形引力分量 (地固系), 田谐:   -5.4573184831590732E-013  -1.5769388285979152E-013  -1.5144163300760978E-013
 >>> 卫星在地固系坐标为:    139735.03689293121       -4624.5664067269472        25774.595104151613     
 >>> 地球非球形引力分量 (地固系), 带谐:   -5.2940240960618885E-011   1.7520706714243761E-012  -3.3144079535567875E-011
 >>> 地球非球形引力分量 (地固系), 田谐:   -5.4578733200470650E-013  -1.5539166969519586E-013  -1.5142497554045673E-013
 >>> 卫星在地固系坐标为:    139735.03548882558       -4624.5659805479199        25774.594847794273     
 >>> 地球非球形引力分量 (地固系), 带谐:   -5.2940243106651290E-011   1.7520705985903901E-012  -3.3144080884304838E-011
 >>> 地球非球形引力分量 (地固系), 田谐:   -5.4578735244537533E-013  -1.5539167950795280E-013  -1.5142498112300874E-013
 >>> 卫星在地固系坐标为:    139823.55863925515       -5014.2144082036339        25794.099458896650     
 >>> 地球非球形引力分量 (地固系), 带谐:   -5.2780362983024425E-011   1.8927572657659301E-012  -3.3048296087909715E-011
 >>> 地球非球形引力分量 (地固系), 田谐:   -5.4585880177497437E-013  -1.5123697385153809E-013  -1.5139043986274221E-013
 >>> 卫星在地固系坐标为:    139867.37869381625       -5209.2637394590502        25803.844242173793     
 >>> 地球非球形引力分量 (地固系), 带谐:   -5.2700546169289545E-011   1.9627953763996932E-012  -3.3000563092723351E-011
 >>> 地球非球形引力分量 (地固系), 田谐:   -5.4588119498958647E-013  -1.4916373862869696E-013  -1.5137119333036045E-013
 >>> 卫星在地固系坐标为:    140082.41172786817       -6186.7583739472966        25852.559991248472     
 >>> 地球非球形引力分量 (地固系), 带谐:   -5.2302149241473973E-011   2.3099313882726146E-012  -3.2763141766973757E-011
 >>> 地球非球形引力分量 (地固系), 田谐:   -5.4585520258747832E-013  -1.3883842206422013E-013  -1.5125385683193407E-013
 >>> 卫星在地固系坐标为:    140119.91306401405       -6360.9247372826740        25861.216385394800     
 >>> 地球非球形引力分量 (地固系), 带谐:   -5.2231465858940971E-011   2.3711149684691025E-012  -3.2721163447221709E-011
 >>> 地球非球形引力分量 (地固系), 田谐:   -5.4582689688452503E-013  -1.3701018157271365E-013  -1.5122940338485698E-013
 >>> 卫星在地固系坐标为:    140166.47849953442       -6578.7964524772224        25872.034777882553     
 >>> 地球非球形引力分量 (地固系), 带谐:   -5.2143175038739910E-011   2.4473707168643785E-012  -3.2668789331746492E-011
 >>> 地球非球形引力分量 (地固系), 田谐:   -5.4578155237258978E-013  -1.3472809914663262E-013  -1.5119732926589875E-013
 >>> 卫星在地固系坐标为:    140166.47709880845       -6578.7960071840189        25872.034520862144     
 >>> 地球非球形引力分量 (地固系), 带谐:   -5.2143177150799102E-011   2.4473706747994041E-012  -3.2668790658634577E-011
 >>> 地球非球形引力分量 (地固系), 田谐:   -5.4578157296021191E-013  -1.3472810809908404E-013  -1.5119733485949169E-013
 >>> 卫星在地固系坐标为:    140249.81954396280       -6973.2145262617269        25891.594542897386     
 >>> 地球非球形引力分量 (地固系), 带谐:   -5.1983675516133095E-011   2.5846259368907634E-012  -3.2574344810514394E-011
 >>> 地球非球形引力分量 (地固系), 田谐:   -5.4567124313308548E-013  -1.3061075180701249E-013  -1.5113501241439148E-013
 >>> 卫星在地固系坐标为:    140291.04004382677       -7170.6444903949068        25901.367016815308     
 >>> 地球非球形引力分量 (地固系), 带谐:   -5.1904048679886991E-011   2.6529526089431680E-012  -3.2527279076166541E-011
 >>> 地球非球形引力分量 (地固系), 田谐:   -5.4560300656890250E-013  -1.2855666470126668E-013  -1.5110192106565439E-013
 >>> 卫星在地固系坐标为:    140492.98377370986       -8160.0026903802445        25950.221203123056     
 >>> 地球非球形引力分量 (地固系), 带谐:   -5.1506618127634903E-011   2.9915667758245550E-012  -3.2293177547469170E-011
 >>> 地球非球形引力分量 (地固系), 田谐:   -5.4512651955469066E-013  -1.1833200280433638E-013  -1.5091582461288338E-013
 >>> 卫星在地固系坐标为:    140528.14213680485       -8336.2709363527665        25958.902200214518     
 >>> 地球非球形引力分量 (地固系), 带谐:   -5.1436109027984944E-011   3.0512417957652804E-012  -3.2251786321139110E-011
 >>> 地球非球形引力分量 (地固系), 田谐:   -5.4501859457540400E-013  -1.1652249951791122E-013  -1.5087922807110166E-013
 >>> 卫星在地固系坐标为:    140571.77207705411       -8556.7668954043456        25969.751342083713     
 >>> 地球非球形引力分量 (地固系), 带谐:   -5.1348037067234765E-011   3.1256146040477339E-012  -3.2200144738710410E-011
 >>> 地球非球形引力分量 (地固系), 田谐:   -5.4487392774565088E-013  -1.1426419298276447E-013  -1.5083200950156797E-013
 >>> 卫星在地固系坐标为:    140571.77067992350       -8556.7664308750154        25969.751084386866     
 >>> 地球非球形引力分量 (地固系), 带谐:   -5.1348039145561617E-011   3.1256145919398975E-012  -3.2200146044167848E-011
 >>> 地球非球形引力分量 (地固系), 田谐:   -5.4487394844122452E-013  -1.1426420107981263E-013  -1.5083201510037423E-013
 >>> 卫星在地固系坐标为:    140649.78348413031       -8955.9083641291818        25989.366054751044     
 >>> 地球非球形引力分量 (地固系), 带谐:   -5.1188941902803606E-011   3.2594680317440259E-012  -3.2107024423113114E-011
 >>> 地球非球形引力分量 (地固系), 田谐:   -5.4458460824948650E-013  -1.1019098008791146E-013  -1.5074240898545488E-013
 >>> 卫星在地固系坐标为:    140688.32993125124       -9155.6953711297247        25999.165988513796     
 >>> 地球非球形引力分量 (地固系), 带谐:   -5.1109517974292866E-011   3.3260980307788835E-012  -3.2060618607363554E-011
 >>> 地球非球形引力分量 (地固系), 田谐:   -5.4442714444579168E-013  -1.0815942452838177E-013  -1.5069572239550412E-013
 >>> 卫星在地固系坐标为:    140876.81148006499       -10156.796729242893        26048.157458617075     
 >>> 地球非球形引力分量 (地固系), 带谐:   -5.0713118220242236E-011   3.6562641350095595E-012  -3.1829800282776063E-011
 >>> 地球非球形引力分量 (地固系), 田谐:   -5.4350736546207598E-013  -9.8052233974226599E-014  -1.5044212345638220E-013
 >>> 卫星在地固系坐标为:    140909.56051921751       -10335.145019216690        26056.862853872222     
 >>> 地球非球形引力分量 (地固系), 带谐:   -5.0642794817367694E-011   3.7144436948587896E-012  -3.1788989667749394E-011
 >>> 地球非球形引力分量 (地固系), 田谐:   -5.4332113424465534E-013  -9.6264439848649583E-014  -1.5039360896958385E-013
 >>> 卫星在地固系坐标为:    140950.17200097567       -10558.237735331901        26067.742489296568     
 >>> 地球非球形引力分量 (地固系), 带谐:   -5.0554955966879850E-011   3.7869499286163247E-012  -3.1738072525852568E-011
 >>> 地球非球形引力分量 (地固系), 田谐:   -5.4307880007514758E-013  -9.4033616570512332E-014  -1.5033152804821771E-013
 >>> 卫星在地固系坐标为:    140950.17060788002       -10558.237251521883        26067.742230950316     
 >>> 地球非球形引力分量 (地固系), 带谐:   -5.0554958011395307E-011   3.7869499456653895E-012  -3.1738073810088209E-011
 >>> 地球非球形引力分量 (地固系), 田谐:   -5.4307882083700705E-013  -9.4033623817297639E-014  -1.5033153364566091E-013
 >>> 卫星在地固系坐标为:    141022.71303647879       -10962.102560546105        26087.414141075060     
 >>> 地球非球形引力分量 (地固系), 带谐:   -5.0396271039981905E-011   3.9174476218342040E-012  -3.1646250269750702E-011
 >>> 地球非球形引力分量 (地固系), 田谐:   -5.4261345322315189E-013  -9.0010714835426592E-014  -1.5021514280825784E-013
 >>> 卫星在地固系坐标为:    141058.51492126985       -11164.246392805648        26097.242529014740     
 >>> 地球非球形引力分量 (地固系), 带谐:   -5.0317052968957293E-011   3.9824038798283634E-012  -3.1600491356141022E-011
 >>> 地球非球形引力分量 (地固系), 田谐:   -5.4236826839403178E-013  -8.8004770144084450E-014  -1.5015511078837408E-013
 >>> 卫星在地固系坐标为:    141233.18032334113       -12177.087818649827        26146.376253088594     
 >>> 地球非球形引力分量 (地固系), 带谐:   -4.9921698715328396E-011   4.3042357887926582E-012  -3.1372891570783243E-011
 >>> 地球非球形引力分量 (地固系), 田谐:   -5.4101288293571339E-013  -7.8030352688766406E-014  -1.4983526280362407E-013
 >>> 卫星在地固系坐标为:    141263.45686525918       -12357.515251773304        26155.106929341517     
 >>> 地球非球形引力分量 (地固系), 带谐:   -4.9851563621054137E-011   4.3609399871866385E-012  -3.1332650149398947E-011
 >>> 地球非球形引力分量 (地固系), 田谐:   -5.4074973828694264E-013  -7.6266971399947780E-014  -1.4977505392567697E-013
 >>> 卫星在地固系坐标为:    141300.97081785466       -12583.203448594362        26166.018161455817     
 >>> 地球非球形引力分量 (地固系), 带谐:   -4.9763961145755547E-011   4.4316047078840193E-012  -3.1282443209868254E-011
 >>> 地球非球形引力分量 (地固系), 田谐:   -5.4041148893782112E-013  -7.4067003828392262E-014  -1.4969839039387528E-013
 >>> 卫星在地固系坐标为:    141300.96942871646       -12583.202945277910        26166.017902390166     
 >>> 地球非球形引力分量 (地固系), 带谐:   -4.9763963157146989E-011   4.4316047533107251E-012  -3.1282444473564322E-011
 >>> 地球非球形引力分量 (地固系), 田谐:   -5.4041150973272449E-013  -7.4067010234107628E-014  -1.4969839598560771E-013
 >>> 卫星在地固系坐标为:    141367.88350149058       -12991.705448467643        26185.744688240946     
 >>> 地球非球形引力分量 (地固系), 带谐:   -4.9605725050140391E-011   4.5587650635110602E-012  -3.1191912231848609E-011
 >>> 地球非球形引力分量 (地固系), 田谐:   -5.3977341819178979E-013  -7.0101317452095044E-014  -1.4955575229409086E-013
 >>> 卫星在地固系坐标为:    141400.86188769617       -13196.162718541131        26195.600500080476     
 >>> 地球非球形引力分量 (地固系), 带谐:   -4.9526732091763194E-011   4.6220568027341655E-012  -3.1146796822177439E-011
 >>> 地球非球形引力分量 (地固系), 田谐:   -5.3944218377124754E-013  -6.8124423817473644E-014  -1.4948264186420682E-013
 >>> 卫星在地固系坐标为:    141561.31685924382       -14220.524348719073        26244.871328605794     
 >>> 地球非球形引力分量 (地固系), 带谐:   -4.9132519267373883E-011   4.9356010671355649E-012  -3.0922398505763433E-011
 >>> 地球非球形引力分量 (地固系), 田谐:   -5.3765975439949995E-013  -5.8299855675650425E-014  -1.4909789232771535E-013
 >>> 卫星在地固系坐标为:    141589.05088710171       -14402.991327118187        26253.626371331149     
 >>> 地球非球形引力分量 (地固系), 带谐:   -4.9062589472563119E-011   4.9908382479570662E-012  -3.0882723230175984E-011
 >>> 地球非球形引力分量 (地固系), 田谐:   -5.3732125373654193E-013  -5.6563901048991152E-014  -1.4902623068979064E-013
 >>> 卫星在地固系坐标为:    141623.37982476311       -14631.225290041284        26264.568057493783     
 >>> 地球非球形引力分量 (地固系), 带谐:   -4.8975244583532130E-011   5.0596719130921303E-012  -3.0833222677592738E-011
 >>> 地球非球形引力分量 (地固系), 田谐:   -5.3688905075159951E-013  -5.4398547024023954E-014  -1.4893528744992195E-013
 >>> 卫星在地固系坐标为:    141623.37844037099       -14631.224767307864        26264.567797799198     
 >>> 地球非球形引力分量 (地固系), 带谐:   -4.8975246561242386E-011   5.0596719861019419E-012  -3.0833223920641428E-011
 >>> 地球非球形引力分量 (地固系), 田谐:   -5.3688907153410487E-013  -5.4398552595248718E-014  -1.4893529302826190E-013
 >>> 卫星在地固系坐标为:    141684.51975151242       -15044.357425844659        26284.351425923356     
 >>> 地球非球形引力分量 (地固系), 带谐:   -4.8817463252902170E-011   5.1835399314458824E-012  -3.0743957550587085E-011
 >>> 地球非球形引力分量 (地固系), 田谐:   -5.3608171539289532E-013  -5.0496033450405600E-014  -1.4876691766913234E-013
 >>> 卫星在地固系坐标为:    141714.60230133921       -15251.124398896747        26294.235643573844     
 >>> 地球非球形引力分量 (地固系), 带谐:   -4.8738698384505016E-011   5.2451895572610980E-012  -3.0699472986425560E-011
 >>> 地球非球形引力分量 (地固系), 田谐:   -5.3566617533589601E-013  -4.8551159229658979E-014  -1.4868098974259813E-013
 >>> 卫星在地固系坐标为:    141860.48380196176       -16286.985449678341        26343.648484643771     
 >>> 地球非球形引力分量 (地固系), 带谐:   -4.8345641831822618E-011   5.5505574488909704E-012  -3.0478213252634792E-011
 >>> 地球非球形引力分量 (地固系), 田谐:   -5.3346557135780665E-013  -3.8891172906658358E-014  -1.4823264741645641E-013
 >>> 卫星在地固系坐标为:    141885.61054123053       -16471.487905294322        26352.428765650347     
 >>> 地球非球形引力分量 (地固系), 带谐:   -4.8275919973601969E-011   5.6043472550098453E-012  -3.0439093019161161E-011
 >>> 地球非球形引力分量 (地固系), 田谐:   -5.3305331707209516E-013  -3.7185244957966053E-014  -1.4814976637356743E-013
 >>> 卫星在地固系坐标为:    141916.67339695367       -16702.262389613312        26363.401995220833     
 >>> 地球非球形引力分量 (地固系), 带谐:   -4.8188835967532111E-011   5.6713743587300997E-012  -3.0390285006869542E-011
 >>> 地球非球形引力分量 (地固系), 田谐:   -5.3252917421363718E-013  -3.5057746316168477E-014  -1.4804483540406398E-013
 >>> 卫星在地固系坐标为:    141916.67201724855       -16702.261847240981        26363.401734828331     
 >>> 地球非球形引力分量 (地固系), 带谐:   -4.8188837912235696E-011   5.6713744585737667E-012  -3.0390286229929070E-011
 >>> 地球非球形引力分量 (地固系), 田谐:   -5.3252919495181476E-013  -3.5057751064602803E-014  -1.4804484096489589E-013
 >>> 卫星在地固系坐标为:    141971.88322109121       -17119.943444766239        26383.240762048856     
 >>> 地球非球形引力分量 (地固系), 带谐:   -4.8031542562302284E-011   5.7919728440239335E-012  -3.0302276162267785E-011
 >>> 地球非球形引力分量 (地固系), 田谐:   -5.3155638693371434E-013  -3.1224915972608670E-014  -1.4785129202041248E-013
 >>> 卫星在地固系坐标为:    141998.99129727000       -17328.979221495654        26393.152665182159     
 >>> 地球非球形引力分量 (地固系), 带谐:   -4.7953022330444721E-011   5.8519917640300113E-012  -3.0258417661813338E-011
 >>> 地球非球形引力分量 (地固系), 田谐:   -5.3105846574762486E-013  -2.9315303187985284E-014  -1.4775282655528675E-013
 >>> 卫星在地固系坐标为:    142129.90637543699       -18376.132311066693        26442.703918507046     
 >>> 地球非球形引力分量 (地固系), 带谐:   -4.7561204477664685E-011   6.1492405690229032E-012  -3.0040272601019193E-011
 >>> 地球非球形引力分量 (地固系), 田谐:   -5.2844949870967110E-013  -1.9835970834364485E-014  -1.4724230176802717E-013
 >>> 卫星在地固系坐标为:    142152.35601717076       -18562.632869281555        26451.508798427309     
 >>> 地球非球形引力分量 (地固系), 带谐:   -4.7491705155855973E-011   6.2015932190236377E-012  -3.0001703160354837E-011
 >>> 地球非球形引力分量 (地固系), 田谐:   -5.2796526742009978E-013  -1.8162902663649797E-014  -1.4714845380532490E-013
 >>> 卫星在地固系坐标为:    142180.06555189495       -18795.900946289286        26462.512772569586     
 >>> 地球非球形引力分量 (地固系), 带谐:   -4.7404900258948319E-011   6.2668265496804069E-012  -2.9953582377342519E-011
 >>> 地球非球形引力分量 (地固系), 田谐:   -5.2735141903380553E-013  -1.6076790363934948E-014  -1.4702985144606196E-013
 >>> 卫星在地固系坐标为:    142180.06417753897       -18795.900384338529        26462.512511545061     
 >>> 地球非球形引力分量 (地固系), 带谐:   -4.7404902170309287E-011   6.2668266755727490E-012  -2.9953583580427948E-011
 >>> 地球非球形引力分量 (地固系), 田谐:   -5.2735143968575721E-013  -1.6076794300016474E-014  -1.4702985698252071E-013
 >>> 卫星在地固系坐标为:    142229.19547805388       -19218.104745391516        26482.408311589756     
 >>> 地球非球形引力分量 (地固系), 带谐:   -4.7248105322603615E-011   6.3841958330643553E-012  -2.9866807698095441E-011
 >>> 地球非球形引力分量 (地固系), 田谐:   -5.2621712187415435E-013  -1.2319453326152570E-014  -1.4681168132578784E-013
 >>> 卫星在地固系坐标为:    142253.25408357303       -19429.395997399904        26492.348586165404     
 >>> 地球非球形引力分量 (地固系), 带谐:   -4.7169835002187316E-011   6.4426041379066380E-012  -2.9823564247627363E-011
 >>> 地球非球形引力分量 (地固系), 田谐:   -5.2563880501075136E-013  -1.0447994938486993E-014  -1.4670095216220730E-013
 >>> 卫星在地固系坐标为:    142368.82673787145       -20487.772122857150        26542.041680572194     
 >>> 地球非球形引力分量 (地固系), 带谐:   -4.6779282138367501E-011   6.7318337481724181E-012  -2.9608479118551231E-011
 >>> 地球非球形引力分量 (地固系), 田谐:   -5.2263155246133100E-013  -1.1636544194676229E-015  -1.4612961914517742E-013
 >>> 卫星在地固系坐标为:    142388.53226275407       -20676.258103402957        26550.871768483219     
 >>> 地球非球形引力分量 (地固系), 带谐:   -4.6710010016421964E-011   6.7827668967742323E-012  -2.9570450800503219E-011
 >>> 地球非球形引力分量 (地固系), 田谐:   -5.2207716146239008E-013   4.7402721540173061E-016  -1.4602504940070826E-013
 >>> 卫星在地固系坐标为:    142412.80463035259       -20912.003736261511        26561.907248277497     
 >>> 地球非球形引力分量 (地固系), 带谐:   -4.6623490054813687E-011   6.8462284747112880E-012  -2.9523005185696621E-011
 >>> 地球非球形引力分量 (地固系), 田谐:   -5.2137588995565548E-013   2.5156041323539583E-015  -1.4589308241359244E-013
 >>> 卫星在地固系坐标为:    142412.80326142418       -20912.003154561844        26561.906986575475     
 >>> 地球非球形引力分量 (地固系), 带谐:   -4.6623491933326137E-011   6.8462286259237192E-012  -2.9523006369337373E-011
 >>> 地球非球形引力分量 (地固系), 田谐:   -5.2137591048916817E-013   2.5156009949437908E-015  -1.4589308792132174E-013
 >>> 卫星在地固系坐标为:    142455.70123090644       -21338.692524599737        26581.860531001756     
 >>> 地球非球形引力分量 (地固系), 带谐:   -4.6467207384966463E-011   6.9604055316635409E-012  -2.9437444837150015E-011
 >>> 地球非球形引力分量 (地固系), 田谐:   -5.2008424874918575E-013   6.1916959671107985E-015  -1.4565084342166263E-013
 >>> 卫星在地固系坐标为:    142476.63357481782       -21552.220120868409        26591.829662206852     
 >>> 地球非球形引力分量 (地固系), 带谐:   -4.6389193872460648E-011   7.0172216487968755E-012  -2.9394806556791029E-011
 >>> 地球非球形引力分量 (地固系), 田谐:   -5.1942763375668945E-013   8.0221369742021678E-015  -1.4552812996715245E-013
 >>> 卫星在地固系坐标为:    142576.47904212266       -22621.721102313662        26641.667022995021     
 >>> 地球非球形引力分量 (地固系), 带谐:   -4.5999940367683553E-011   7.2985237727280661E-012  -2.9182732232768873E-011
 >>> 地球非球形引力分量 (地固系), 田谐:   -5.1603273558663293E-013   1.7097306482962160E-014  -1.4489739148215950E-013
 >>> 卫星在地固系坐标为:    142593.37191120756       -22812.174603638436        26650.522749739084     
 >>> 地球非球形引力分量 (地固系), 带谐:   -4.5930901540345518E-011   7.3480536409037227E-012  -2.9145236355211188E-011
 >>> 地球非球形引力分量 (地固系), 田谐:   -5.1541010244420570E-013   1.8697104516544069E-014  -1.4478235028150337E-013
 >>> 卫星在地固系坐标为:    142614.12137946376       -23050.375235341631        26661.590273564136     
 >>> 地球非球形引力分量 (地固系), 带谐:   -4.5844674125894935E-011   7.4097637100894025E-012  -2.9098455078257805E-011
 >>> 地球非球形引力分量 (地固系), 田谐:   -5.1462381569805419E-013   2.0691034945350898E-014  -1.4463733197017879E-013
 >>> 卫星在地固系坐标为:    142614.12001613478       -23050.374633753858        26661.590011155164     
 >>> 地球非球形引力分量 (地固系), 带谐:   -4.5844675971923045E-011   7.4097638859064236E-012  -2.9098456242894522E-011
 >>> 地球非球形引力分量 (地固系), 田谐:   -5.1462383608045152E-013   2.0691032592224215E-014  -1.4463733744460107E-013
 >>> 卫星在地固系坐标为:    142650.62340241502       -23481.441061572958        26681.599171137710     
 >>> 地球非球形引力分量 (地固系), 带谐:   -4.5688941670059551E-011   7.5207676307496952E-012  -2.9014102701829738E-011
 >>> 地球非球形引力分量 (地固系), 田谐:   -5.1317943013894641E-013   2.4279722609420341E-014  -1.4437163156685249E-013
 >>> 卫星在地固系坐标为:    142668.34894792354       -23697.150707632547        26691.596096343288     
 >>> 地球非球形引力分量 (地固系), 带谐:   -4.5611203897177684E-011   7.5760011290416488E-012  -2.8972066405350199E-011
 >>> 地球非球形引力分量 (地固系), 田谐:   -5.1244683438920666E-013   2.6066082783570808E-014  -1.4423723849652501E-013
 >>> 卫星在地固系坐标为:    142752.06528563667       -24777.501930544364        26741.572412281614     
 >>> 地球非球形引力分量 (地固系), 带谐:   -4.5223344043712810E-011   7.8494240493591671E-012  -2.8762986881361580E-011
 >>> 地球非球形引力分量 (地固系), 田谐:   -5.0867605923363467E-013   3.4916931471758835E-014  -1.4354862868454348E-013
 >>> 卫星在地固系坐标为:    142766.07418161310       -24969.873581610380        26750.452834607924     
 >>> 地球非球形引力分量 (地固系), 带谐:   -4.5154555208196810E-011   7.8975592881276606E-012  -2.8726020586704546E-011
 >>> 地球非球形引力分量 (地固系), 田谐:   -5.0798730719210995E-013   3.6476181874508650E-014  -1.4342339056125595E-013
 >>> 卫星在地固系坐标为:    142783.21166546526       -25210.467262471793        26761.551223928705     
 >>> 地球非球形引力分量 (地固系), 带谐:   -4.5068641183943290E-011   7.9575286889747253E-012  -2.8679900070378134E-011
 >>> 地球非球形引力分量 (地固系), 田谐:   -5.0711867224660171E-013   3.8419148282994684E-014  -1.4326566483649286E-013
 >>> 卫星在地固系坐标为:    142783.21030854629       -25210.466641147228        26761.550960905781     
 >>> 地球非球形引力分量 (地固系), 带谐:   -4.5068642997003194E-011   7.9575288886029109E-012  -2.8679901215908569E-011
 >>> 地球非球形引力分量 (地固系), 田谐:   -5.0711869243667974E-013   3.8419146699408172E-014  -1.4326567027062871E-013
 >>> 卫星在地固系坐标为:    142813.16569845448       -25645.885509838030        26781.617695137171     
 >>> 地球非球形引力分量 (地固系), 带谐:   -4.4913464719540303E-011   8.0654018725386048E-012  -2.8596731931986742E-011
 >>> 地球非球形引力分量 (地固系), 田谐:   -5.0552610786441254E-013   4.1915202707283163E-014  -1.4297707293577115E-013
 >>> 卫星在地固系坐标为:    142827.60762065192       -25863.764651592912        26791.643392341011     
 >>> 地球非球形引力分量 (地固系), 带谐:   -4.4836005586047284E-011   8.1190738661322905E-012  -2.8555285803669792E-011
 >>> 地球非球形引力分量 (地固系), 田谐:   -5.0471982678286320E-013   4.3654881147081823E-014  -1.4283128548369073E-013
 >>> 卫星在地固系坐标为:    142894.80952008138       -26954.900879279161        26841.763551970053     
 >>> 地球非球形引力分量 (地固系), 带谐:   -4.4449553852123940E-011   8.3847224558832220E-012  -2.8349142380837576E-011
 >>> 地球非球形引力分量 (地固系), 田谐:   -5.0058478313145937E-013   5.2268547025087100E-014  -1.4208623404989409E-013
 >>> 卫星在地固系坐标为:    142905.86573827453       -27149.178655079602        26850.669538219183     
 >>> 地球非球形引力分量 (地固系), 带谐:   -4.4381017580756818E-011   8.4314815838345572E-012  -2.8312695304838385E-011
 >>> 地球非球形引力分量 (地固系), 田谐:   -4.9983199837423572E-013   5.3784988116482315E-014  -1.4195105375303859E-013
 >>> 卫星在地固系坐标为:    142919.30527163122       -27392.150164277304        26861.799878063572     
 >>> 地球非球形引力分量 (地固系), 带谐:   -4.4295420163463417E-011   8.4897334086621117E-012  -2.8267222624606306E-011
 >>> 地球非球形引力分量 (地固系), 田谐:   -4.9888363236617590E-013   5.5674173972299778E-014  -1.4178093928866315E-013
 >>> 卫星在地固系坐标为:    142919.30392110135       -27392.149522996657        26861.799614358217     
 >>> 地球非球形引力分量 (地固系), 带谐:   -4.4295421944201645E-011   8.4897336314318124E-012  -2.8267223751634413E-011
 >>> 地球非球形引力分量 (地固系), 田谐:   -4.9888365233619350E-013   5.5674173141030815E-014  -1.4178094467902977E-013
 >>> 卫星在地固系坐标为:    142942.55148452084       -27831.835728319558        26881.923249458694     
 >>> 地球非球形引力分量 (地固系), 带谐:   -4.4140825909455951E-011   8.5945031963233547E-012  -2.8185226399881722E-011
 >>> 地球非球形引力分量 (地固系), 田谐:   -4.9714785265596005E-013   5.9072070566312895E-014  -1.4147007001887074E-013
 >>> 卫星在地固系坐标为:    142953.62989450197       -28051.841508757887        26891.977382639059     
 >>> 地球非球形引力分量 (地固系), 带谐:   -4.4063658501761129E-011   8.6466273399258032E-012  -2.8144364291055177E-011
 >>> 地球非球形引力分量 (地固系), 田谐:   -4.9627038290833262E-013   6.0762321311612607E-014  -1.4131319591036683E-013
 >>> 卫星在地固系坐标为:    143003.91806158112       -29153.545493188896        26942.239706566732     
 >>> 地球非球形引力分量 (地固系), 带谐:   -4.3678680069688434E-011   8.9045699149708021E-012  -2.7941126313511246E-011
 >>> 地球非球形引力分量 (地固系), 田谐:   -4.9178370854522826E-013   6.9125245584812637E-014  -1.4051324917008660E-013
 >>> 卫星在地固系坐标为:    143011.95065112622       -29349.690245901940        26951.170958542210     
 >>> 地球非球形引力分量 (地固系), 带谐:   -4.3610407908177667E-011   8.9499650747709538E-012  -2.7905193023598391E-011
 >>> 地球非球形引力分量 (地固系), 田谐:   -4.9096916413936777E-013   7.0596496686540278E-014  -1.4036840287599238E-013
 >>> 卫星在地固系坐标为:    143021.60356069994       -29594.990431642371        26962.332876363362     
 >>> 地球非球形引力分量 (地固系), 带谐:   -4.3525141511602876E-011   9.0065145020211729E-012  -2.7860361396295892E-011
 >>> 地球非球形引力分量 (地固系), 田谐:   -4.8994391941149788E-013   7.2428938914444332E-014  -1.4018624542189444E-013
 >>> 卫星在地固系坐标为:    143021.60221707926       -29594.989770438555        26962.332612011105     
 >>> 地球非球形引力分量 (地固系), 带谐:   -4.3525143259954857E-011   9.0065147471925903E-012  -2.7860362504968897E-011
 >>> 地球非球形引力分量 (地固系), 田谐:   -4.8994393912677213E-013   7.2428938817681669E-014  -1.4018625076300728E-013
 >>> 卫星在地固系坐标为:    143037.98356693215       -30038.890782192699        26982.514166431407     
 >>> 地球非球形引力分量 (地固系), 带谐:   -4.3371142488499635E-011   9.1082171310204827E-012  -2.7779517952432707E-011
 >>> 地球非球形引力分量 (地固系), 田谐:   -4.8806996661318411E-013   7.5723641035179876E-014  -1.3985369926107517E-013
 >>> 卫星在地固系坐标为:    143045.61921046415       -30260.996662798505        26992.597244188422     
 >>> 地球非球形引力分量 (地固系), 带谐:   -4.3294273315651784E-011   9.1588114865344006E-012  -2.7739230333379711E-011
 >>> 地球非球形引力分量 (地固系), 田谐:   -4.8712384203762198E-013   7.7361961423513878E-014  -1.3968603912860861E-013
 >>> 卫星在地固系坐标为:    143078.59673722560       -31373.132939067662        27043.004274743798     
 >>> 地球非球形引力分量 (地固系), 带谐:   -4.2910800626377459E-011   9.4091379372810654E-012  -2.7538850420028597E-011
 >>> 地球非球形引力分量 (地固系), 田谐:   -4.8229833775582905E-013   8.5461793816274069E-014  -1.3883270498675831E-013
 >>> 卫星在地固系坐标为:    143083.53502921420       -31571.120103250360        27051.961244074955     
 >>> 地球非球形引力分量 (地固系), 带谐:   -4.2842798327620970E-011   9.4531850312790210E-012  -2.7503422543310011E-011
 >>> 地球非球形引力分量 (地固系), 田谐:   -4.8142433184207619E-013   8.6885687760013647E-014  -1.3867846154938102E-013
 >>> 卫星在地固系坐标为:    143089.31293484295       -31818.718050519656        27063.155304225464     
 >>> 地球非球形引力分量 (地固系), 带谐:   -4.2757870137456339E-011   9.5080519043653111E-012  -2.7459221524644797E-011
 >>> 地球非球形引力分量 (地固系), 田谐:   -4.8032509045095474E-013   8.8658689510077045E-014  -1.3848459749544848E-013
 >>> 卫星在地固系坐标为:    143089.31159831592       -31818.717369265632        27063.155039195084     
 >>> 地球非球形引力分量 (地固系), 带谐:   -4.2757871853806989E-011   9.5080521712676614E-012  -2.7459222615387542E-011
 >>> 地球非球形引力分量 (地固系), 田谐:   -4.8032510988288429E-013   8.8658690128761519E-014  -1.3848460278332328E-013
 >>> 卫星在地固系坐标为:    143098.66589983110       -32266.760190260691        27083.394776764835     
 >>> 地球非球形引力分量 (地固系), 带谐:   -4.2604485131854151E-011   9.6067192250510558E-012  -2.7379515117844055E-011
 >>> 地球非球形引力分量 (地固系), 田谐:   -4.7831826755566978E-013   9.1845227271581929E-014  -1.3813099530740894E-013
 >>> 卫星在地固系坐标为:    143102.77834539121       -32490.929375516200        27093.506930966807     
 >>> 地球非球形引力分量 (地固系), 带谐:   -4.2527923576289932E-011   9.6557996803497275E-012  -2.7339794142356976E-011
 >>> 地球非球形引力分量 (地固系), 田谐:   -4.7730615257197484E-013   9.3429149249022847E-014  -1.3795286006630824E-013
 >>> 卫星在地固系坐标为:    143118.04286423061       -33613.311020873982        27144.059327440405     
 >>> 地球非球形引力分量 (地固系), 带谐:   -4.2146003373806968E-011   9.8985892438069675E-012  -2.7142233245280839E-011
 >>> 地球非球形引力分量 (地固系), 田谐:   -4.7215527399376465E-013   1.0125372566621312E-013  -1.3704769881486876E-013
 >>> 卫星在地固系坐标为:    143119.81529618203       -33813.106847904703        27153.042131308295     
 >>> 地球非球形引力分量 (地固系), 带谐:   -4.2078279221257779E-011   9.9413023161043250E-012  -2.7107303874779833E-011
 >>> 地球非球形引力分量 (地固系), 田谐:   -4.7122422142795623E-013   1.0262813062130732E-013  -1.3688433656395673E-013
 >>> 卫星在地固系坐标为:    143121.62873248427       -34062.960153989137        27164.268480251794     
 >>> 地球非球形引力分量 (地固系), 带谐:   -4.1993699580557842E-011   9.9945041724253929E-012  -2.7063724846140735E-011
 >>> 地球非球形引力分量 (地固系), 田谐:   -4.7005401142760314E-013   1.0433904021501440E-013  -1.3667911421245271E-013
 >>> 卫星在地固系坐标为:    143121.62740339348       -34062.959452635689        27164.268214541909     
 >>> 地球非球形引力分量 (地固系), 带谐:   -4.1993701265093453E-011   9.9945044603724087E-012  -2.7063725919245375E-011
 >>> 地球非球形引力分量 (地固系), 田谐:   -4.7005403054641888E-013   1.0433904152909609E-013  -1.3667911944263800E-013
 >>> 卫星在地固系坐标为:    143123.79273064513       -34515.045810665484        27184.565457752087     
 >>> 地球非球形引力分量 (地固系), 带谐:   -4.1840954353675614E-011   1.0090163408378314E-011  -2.6985143581030761E-011
 >>> 地球非球形引力分量 (地固系), 田谐:   -4.6791991963675240E-013   1.0741251328369792E-013  -1.3630510428539932E-013
 >>> 卫星在地固系坐标为:    143124.30106183945       -34741.228842574412        27194.706350315479     
 >>> 地球非球形引力分量 (地固系), 带谐:   -4.1764713273483333E-011   1.0137743560065857E-011  -2.6945983314713009E-011
 >>> 地球非球形引力分量 (地固系), 田谐:   -4.6684462794897522E-013   1.0893960505573090E-013  -1.3611681865863755E-013
 >>> 卫星在地固系坐标为:    143121.44833439379       -35873.605451852243        27245.402423008924     
 >>> 地球非球形引力分量 (地固系), 带谐:   -4.1384409594979378E-011   1.0373064267764048E-011  -2.6751211847810361E-011
 >>> 地球非球形引力分量 (地固系), 田谐:   -4.6138257858654535E-013   1.1647695852499557E-013  -1.3516146064104881E-013
 >>> 卫星在地固系坐标为:    143119.98310952491       -36075.164878921110        27254.410761386374     
 >>> 地球非球形引力分量 (地固系), 带谐:   -4.1316974930004672E-011   1.0414455413661745E-011  -2.6716775740761469E-011
 >>> 地球非球形引力分量 (地固系), 田谐:   -4.6039702739176400E-013   1.1779978045788012E-013  -1.3498927052937508E-013
 >>> 卫星在地固系坐标为:    143117.74236254889       -36327.216977262869        27265.669024288418     
 >>> 地球非球形引力分量 (地固系), 带谐:   -4.1232757997593013E-011   1.0466007370037270E-011  -2.6673812156073291E-011
 >>> 地球非球形引力分量 (地固系), 田谐:   -4.5915904337958493E-013   1.1944599455508932E-013  -1.3477305403040566E-013
 >>> 卫星在地固系坐标为:    143117.74104142538       -36327.216255867650        27265.668757934764     
 >>> 地球非球形引力分量 (地固系), 带谐:   -4.1232759650274641E-011   1.0466007678308607E-011  -2.6673813211681119E-011
 >>> 地球非球形引力分量 (地固系), 田谐:   -4.5915906215405806E-013   1.1944599654317289E-013  -1.3477305919787870E-013
 >>> 卫星在地固系坐标为:    143112.55559423365       -36783.265528789387        27286.023835375792     
 >>> 地球非球形引力分量 (地固系), 带谐:   -4.1080670492752345E-011   1.0558690707193953E-011  -2.6596340275991869E-011
 >>> 地球非球形引力分量 (地固系), 田谐:   -4.5690338424827702E-013   1.2240189248301610E-013  -1.3437927822946300E-013
 >>> 卫星在地固系坐标为:    143109.37890577939       -37011.421795778020        27296.193630498692     
 >>> 地球非球形引力分量 (地固系), 带谐:   -4.1004758849564754E-011   1.0604786611607000E-011  -2.6557732867000550E-011
 >>> 地球非球形引力分量 (地固系), 田谐:   -4.5576777816801139E-013   1.2386991700619455E-013  -1.3418116356648971E-013
 >>> 卫星在地固系坐标为:    143088.00429995247       -38153.587260941713        27347.034200297396     
 >>> 地球非球形引力分量 (地固系), 带谐:   -4.0626116339648799E-011   1.0832718524668638E-011  -2.6365711760188051E-011
 >>> 地球非球形引力分量 (地固系), 田谐:   -4.5000898843742948E-013   1.3110905110533283E-013  -1.3317722047826866E-013
 >>> 卫星在地固系坐标为:    143083.22947094872       -38356.873113369234        27356.068219066070     
 >>> 地球非球形引力分量 (地固系), 带谐:   -4.0558979073339299E-011   1.0872801932666345E-011  -2.6331762006727641E-011
 >>> 地球非球形引力分量 (地固系), 田谐:   -4.4897152421054060E-013   1.3237836795588748E-013  -1.3299648984384550E-013
 >>> 卫星在地固系坐标为:    143076.84460184388       -38611.077312082685        27367.358578250874     
 >>> 地球非球形引力分量 (地固系), 带谐:   -4.0475134727226280E-011   1.0922721706079311E-011  -2.6289405244221411E-011
 >>> 地球非球形引力分量 (地固系), 田谐:   -4.4766900657536494E-013   1.3395749800387653E-013  -1.3276963870498964E-013
 >>> 卫星在地固系坐标为:    143076.84328902399       -38611.076570605859        27367.358311249485     
 >>> 地球非球形引力分量 (地固系), 带谐:   -4.0475136348273717E-011   1.0922722034005042E-011  -2.6289406282631337E-011
 >>> 地球非球形引力分量 (地固系), 田谐:   -4.4766902497835304E-013   1.3395750064370004E-013  -1.3276964380566533E-013
 >>> 卫星在地固系坐标为:    143064.14398064886       -39071.015726077079        27387.772084938293     
 >>> 地球非球形引力分量 (地固系), 带谐:   -4.0323718840323288E-011   1.1012463424499193E-011  -2.6213025227519337E-011
 >>> 地球非球形引力分量 (地固系), 田谐:   -4.4529759953419423E-013   1.3679161373371372E-013  -1.3235673702110462E-013
 >>> 卫星在地固系坐标为:    143057.20070073975       -39301.108405201943        27397.971213127435     
 >>> 地球非球形引力分量 (地固系), 带谐:   -4.0248143579440663E-011   1.1057092171352341E-011  -2.6174961947672590E-011
 >>> 地球非球形引力分量 (地固系), 田谐:   -4.4410459928819738E-013   1.3819848565885574E-013  -1.3214911364945588E-013
 >>> 卫星在地固系坐标为:    143016.89601525129       -40452.875589450203        27448.958432026080     
 >>> 地球非球形引力分量 (地固系), 带谐:   -3.9871196848611175E-011   1.1277720399884412E-011  -2.5985647798604918E-011
 >>> 地球非球形引力分量 (地固系), 田谐:   -4.3806377831181586E-013   1.4512916312196215E-013  -1.3109819114461100E-013
 >>> 卫星在地固系坐标为:    143008.73895917268       -40657.854066070555        27458.018513489624     
 >>> 地球非球形引力分量 (地固系), 带谐:   -3.9804363117639254E-011   1.1316511134972536E-011  -2.5952176727737160E-011
 >>> 地球非球形引力分量 (地固系), 田谐:   -4.3697703433791725E-013   1.4634318786284136E-013  -1.3090920609496509E-013
 >>> 卫星在地固系坐标为:    142998.11916768996       -40914.167887210890        27469.341446689359     
 >>> 地球非球形引力分量 (地固系), 带谐:   -3.9720899022189244E-011   1.1364817528257385E-011  -2.5910417218132057E-011
 >>> 地球非球形引力分量 (地固系), 田谐:   -4.3561328230093865E-013   1.4785301409760476E-013  -1.3067207822063294E-013
 >>> 卫星在地固系坐标为:    142998.11786341338       -40914.167125557564        27469.341179015322     
 >>> 地球非球形引力分量 (地固系), 带谐:   -3.9720900611947573E-011   1.1364817875205650E-011  -2.5910418239716977E-011
 >>> 地球非球形引力分量 (地固系), 田谐:   -4.3561330030790408E-013   1.4785301736626883E-013  -1.3067208325096349E-013
 >>> 卫星在地固系坐标为:    142977.74154562710       -41377.883855091764        27489.812966967147     
 >>> 地球非球形引力分量 (地固系), 带谐:   -3.9570180032360617E-011   1.1451644821103742E-011  -2.5835117571329904E-011
 >>> 地球非球形引力分量 (地固系), 田谐:   -4.3313229590743598E-013   1.5056116183493617E-013  -1.3024073018742721E-013
 >>> 卫星在地固系坐标为:    142966.95016730818       -41609.856462741482        27500.041087903955     
 >>> 地球非球形引力分量 (地固系), 带谐:   -3.9494953770353550E-011   1.1494819994857857E-011  -2.5797592686806599E-011
 >>> 地球非球形引力分量 (地固系), 田谐:   -4.3188499670561814E-013   1.5190480856276073E-013  -1.3002393835960478E-013
 >>> 卫星在地固系坐标为:    142907.30843497740       -42770.939662898083        27551.173255031503     
 >>> 地球非球形引力分量 (地固系), 带谐:   -3.9119765645829015E-011   1.1708212507730248E-011  -2.5610956910940435E-011
 >>> 地球非球形引力分量 (地固系), 田谐:   -4.2557773272212279E-013   1.5851687723802836E-013  -1.2892774337258920E-013
 >>> 卫星在地固系坐标为:    142895.69690917942       -42977.559397650992        27560.259097177914     
 >>> 地球非球形引力分量 (地固系), 带谐:   -3.9053246576147578E-011   1.1745722654365489E-011  -2.5577959457638189E-011
 >>> 地球非球形引力分量 (地固系), 田谐:   -4.2444449922611627E-013   1.5967384170758925E-013  -1.2873080829680353E-013
 >>> 卫星在地固系坐标为:    142880.75193933403       -43235.918389896353        27571.614227077807     
 >>> 地球非球形引力分量 (地固系), 带谐:   -3.8970176620385421E-011   1.1792430772720394E-011  -2.5536790876890447E-011
 >>> 地球非球形引力分量 (地固系), 田谐:   -4.2302300842975230E-013   1.6111216953074111E-013  -1.2848378455652327E-013
 >>> 卫星在地固系坐标为:    142880.75064414172       -43235.917608150987        27571.613958767051     
 >>> 地球非球形引力分量 (地固系), 带谐:   -3.8970178178841484E-011   1.1792431137989950E-011  -2.5536791881786387E-011
 >>> 地球非球形引力分量 (地固系), 田谐:   -4.2302302601332299E-013   1.6111217340371918E-013  -1.2848378951196744E-013
 >>> 卫星在地固系坐标为:    142852.53269688506       -43703.330202333782        27592.144647435020     
 >>> 地球非球形引力分量 (地固系), 带谐:   -3.8820168038519496E-011   1.1876377620111287E-011  -2.5462554410348071E-011
 >>> 地球非球形引力分量 (地固系), 田谐:   -4.2043859593770240E-013   1.6369063320609622E-013  -1.2803464697924227E-013
 >>> 卫星在地固系坐标为:    142837.81089326687       -43937.141566686871        27602.402203827060     
 >>> 地球非球形引力分量 (地固系), 带谐:   -3.8745297528661083E-011   1.1918116162059097E-011  -2.5425559358594730E-011
 >>> 地球非球形引力分量 (地固系), 田谐:   -4.1914008348904975E-013   1.6496921597579317E-013  -1.2780901537781358E-013
 >>> 卫星在地固系坐标为:    142758.42025746658       -45107.331774477607        27653.681532164097     
 >>> 地球非球形引力分量 (地固系), 带谐:   -3.8371901664429949E-011   1.2124357330891269E-011  -2.5241559379112022E-011
 >>> 地球非球形引力分量 (地固系), 田谐:   -4.1258189797312612E-013   1.7125368245081872E-013  -1.2666919473560364E-013
 >>> 卫星在地固系坐标为:    142743.28100823404       -45315.555063160165        27662.793528129503     
 >>> 地球非球形引力分量 (地固系), 带谐:   -3.8305703222763341E-011   1.2160601825623393E-011  -2.5209028018603758E-011
 >>> 地球非球形引力分量 (地固系), 田谐:   -4.1140495001701185E-013   1.7235202267056408E-013  -1.2646460295728568E-013
 >>> 卫星在地固系坐标为:    142723.91928113464       -45575.911858174615        27674.181345997298     
 >>> 地球非球形引力分量 (地固系), 带谐:   -3.8223034859117092E-011   1.2205730311116270E-011  -2.5168440979976911E-011
 >>> 地球非球形引力分量 (地固系), 田谐:   -4.0992919579415968E-013   1.7371691189416545E-013  -1.2620805023301846E-013
 >>> 卫星在地固系坐标为:    142723.91799527232       -45575.911056250276        27674.181077023994     
 >>> 地球非球形引力分量 (地固系), 带谐:   -3.8223036386624793E-011   1.2205730694096657E-011  -2.5168441968549521E-011
 >>> 地球非球形引力分量 (地固系), 田谐:   -4.0992921293236757E-013   1.7371691634689889E-013  -1.2620805511033902E-013
 >>> 卫星在地固系坐标为:    142687.69237707116       -46046.931885513601        27694.771490596257     
 >>> 地球非球形引力分量 (地固系), 带谐:   -3.8073750678987287E-011   1.2286829893557647E-011  -2.5095251081334619E-011
 >>> 地球非球形引力分量 (地固系), 田谐:   -4.0724766192996822E-013   1.7616220860744994E-013  -1.2574178756782376E-013
 >>> 卫星在地固系坐标为:    142668.95711942756       -46282.537867999126        27705.058894068821     
 >>> 地球非球形引力分量 (地固系), 带谐:   -3.7999242914920015E-011   1.2327148348697058E-011  -2.5058777586789180E-011
 >>> 地球非球形引力分量 (地固系), 田谐:   -4.0590109705445462E-013   1.7737400580265896E-013  -1.2550764869120099E-013
 >>> 卫星在地固系坐标为:    142569.40230083172       -47461.611169913063        27756.487441238143     
 >>> 地球非球形引力分量 (地固系), 带谐:   -3.7627674162099035E-011   1.2526320595364593E-011  -2.4877372250354572E-011
 >>> 地球非球形引力分量 (地固系), 田谐:   -3.9910788045616959E-013   1.8332246801063269E-013  -1.2432586818338842E-013
 >>> 卫星在地固系坐标为:    142550.66148422757       -47671.397636656497        27765.625956566892     
 >>> 地球非球形引力分量 (地固系), 带谐:   -3.7561802527791919E-011   1.2561314031152784E-011  -2.4845299708793002E-011
 >>> 地球非球形引力分量 (地固系), 田谐:   -3.9789005757922332E-013   1.8436072603003121E-013  -1.2411391637936681E-013
 >>> 卫星在地固系坐标为:    142526.79068755350       -47933.701528499456        27777.046919195240     
 >>> 地球非球形引力分量 (地固系), 带谐:   -3.7479543473407740E-011   1.2604881100684413E-011  -2.4805285138279213E-011
 >>> 地球非球形引力分量 (地固系), 田谐:   -3.9636359534463271E-013   1.8565036945564692E-013  -1.2384820573438039E-013
 >>> 卫星在地固系坐标为:    142526.78941128767       -47933.700706317708        27777.046649536118     
 >>> 地球非球形引力分量 (地固系), 带谐:   -3.7479544970299251E-011   1.2604881500775741E-011  -2.4805286110874723E-011
 >>> 地球非球形引力分量 (地固系), 田谐:   -3.9636361201651788E-013   1.8565037446292344E-013  -1.2384821053041799E-013
 >>> 卫星在地固系坐标为:    142482.39211255958       -48408.201650424264        27797.696052980416     
 >>> 地球非球形引力分量 (地固系), 带谐:   -3.7331008915431041E-011   1.2683160217891067E-011  -2.4733130966281297E-011
 >>> 地球非球形引力分量 (地固系), 田谐:   -3.9359159120541563E-013   1.8795909271671568E-013  -1.2336552528579757E-013
 >>> 卫星在地固系坐标为:    142459.56148889291       -48645.537848868138        27808.012936732048     
 >>> 地球非球形引力分量 (地固系), 带谐:   -3.7256876483504144E-011   1.2722071977248161E-011  -2.4697173620089977E-011
 >>> 地球非球形引力分量 (地固系), 田谐:   -3.9220030799486229E-013   1.8910242307475985E-013  -1.2312323318143990E-013
 >>> 卫星在地固系坐标为:    142339.43375997388       -49833.168781100641        27859.588869492149     
 >>> 地球非球形引力分量 (地固系), 带谐:   -3.6887197511353980E-011   1.2914242321244965E-011  -2.4518335959157720E-011
 >>> 地球非球形引力分量 (地固系), 田谐:   -3.8518881799347257E-013   1.9470670232282954E-013  -1.2190126770972492E-013
 >>> 卫星在地固系坐标为:    142317.01886675070       -50044.459963420202        27868.753578661930     
 >>> 地球非球形引力分量 (地固系), 带谐:   -3.6821663781040490E-011   1.2947996617341402E-011  -2.4486717457470017E-011
 >>> 地球非球形引力分量 (地固系), 田谐:   -3.8393311397068511E-013   1.9568346368991914E-013  -1.2168227217969122E-013
 >>> 卫星在地固系坐标为:    142288.54843099220       -50308.637618601468        27880.207279360333     
 >>> 地球非球形引力分量 (地固系), 带谐:   -3.6739827887761722E-011   1.2990017171140126E-011  -2.4447269387810241E-011
 >>> 地球非球形引力分量 (地固系), 田谐:   -3.8235969194769358E-013   1.9689611005355722E-013  -1.2140779929858015E-013
 >>> 卫星在地固系坐标为:    142288.54716488402       -50308.636776278254        27880.207009053476     
 >>> 地球非球形引力分量 (地固系), 带谐:   -3.6739829354032461E-011   1.2990017587660225E-011  -2.4447270344549636E-011
 >>> 地球非球形引力分量 (地固系), 田谐:   -3.8235970812985673E-013   1.9689611558828773E-013  -1.2140780400923770E-013
 >>> 卫星在地固系坐标为:    142235.81298299570       -50786.505369868239        27900.915578484088     
 >>> 地球非球形引力分量 (地固系), 带谐:   -3.6592061338095083E-011   1.3065506363463352E-011  -2.4376136931629154E-011
 >>> 地球非球形引力分量 (地固系), 田谐:   -3.7950389306991943E-013   1.9906524915264342E-013  -1.2090939678202273E-013
 >>> 卫星在地固系坐标为:    142208.80444231207       -51025.515203150273        27911.262030594346     
 >>> 地球非球形引力分量 (地固系), 带谐:   -3.6518313420638831E-011   1.3103026665230841E-011  -2.4340688751063998E-011
 >>> 地球非球形引力分量 (地固系), 田谐:   -3.7807123645607947E-013   2.0013862875997849E-013  -1.2065929957982142E-013
 >>> 卫星在地固系坐标为:    142067.69143570846       -52221.417493153182        27962.985789366365     
 >>> 地球非球形引力分量 (地固系), 带谐:   -3.6150569959143487E-011   1.3288271157036412E-011  -2.4164384013977567E-011
 >>> 地球非球形引力分量 (地固系), 田谐:   -3.7085826998361453E-013   2.0539152844098910E-013  -1.1939889304955947E-013
 >>> 卫星在地固系坐标为:    142041.52923197750       -52434.161905873181        27972.176770685666     
 >>> 地球非球形引力分量 (地固系), 带谐:   -3.6085382233944524E-011   1.3320799802146886E-011  -2.4133213404875908E-011
 >>> 地球非球形引力分量 (地固系), 田谐:   -3.6956768302718506E-013   2.0630555243615655E-013  -1.1917316434768712E-013
 >>> 卫星在地固系坐标为:    142008.36765026223       -52700.148711939146        27983.663307347419     
 >>> 地球非球形引力分量 (地固系), 带谐:   -3.6003979616667187E-011   1.3361290686003337E-011  -2.4094324165286842E-011
 >>> 地球非球形引力分量 (地固系), 田谐:   -3.6795105393952361E-013   2.0743966723728478E-013  -1.1889031763758386E-013
 >>> 卫星在地固系坐标为:    142008.36639470546       -52700.147849490582        27983.663036395050     
 >>> 地球非球形引力分量 (地固系), 带谐:   -3.6003981052520356E-011   1.3361291118329644E-011  -2.4094325106419212E-011
 >>> 地球非球形引力分量 (地固系), 田谐:   -3.6795106961224377E-013   2.0743967327229419E-013  -1.1889032225957095E-013
 >>> 卫星在地固系坐标为:    141947.12802141166       -53181.281747870627        28004.431604929428     
 >>> 地球非球形引力分量 (地固系), 带谐:   -3.5856994685309369E-011   1.3434022678526422E-011  -2.4024197373730422E-011
 >>> 地球非球形引力分量 (地固系), 田谐:   -3.6501816717684727E-013   2.0946655825134784E-013  -1.1837687977129345E-013
 >>> 卫星在地固系坐标为:    141915.85792231650       -53421.913707615488        28014.808041483397     
 >>> 地球非球形引力分量 (地固系), 带谐:   -3.5783638083910311E-011   1.3470167843466864E-011  -2.3989250362930657E-011
 >>> 地球非球形引力分量 (地固系), 田谐:   -3.6354749655948550E-013   2.1046867639237101E-013  -1.1811932101365327E-013
 >>> 卫星在地固系坐标为:    141753.34152656529       -54625.826391590381        28066.681706183779     
 >>> 地球非球形引力分量 (地固系), 带谐:   -3.5417864026979013E-011   1.3648567791512211E-011  -2.3815438788812972E-011
 >>> 地球非球形引力分量 (地固系), 田谐:   -3.5614991120437258E-013   2.1536386261577882E-013  -1.1682219347320800E-013
 >>> 卫星在地固系坐标为:    141723.35770281113       -54839.977046023771        28075.899329157517     
 >>> 地球非球形引力分量 (地固系), 带谐:   -3.5353028315888013E-011   1.3679885184601942E-011  -2.3784709044810970E-011
 >>> 地球非球形引力分量 (地固系), 田谐:   -3.5482744827994603E-013   2.1621406135199838E-013  -1.1659003775620163E-013
 >>> 卫星在地固系坐标为:    141685.41209797401       -55107.714016613594        28087.419163524610     
 >>> 地球非球形引力分量 (地固系), 带谐:   -3.5272066479007221E-011   1.3718864373673282E-011  -2.3746369868716802E-011
 >>> 地球非球形引力分量 (地固系), 田谐:   -3.5317137491328849E-013   2.1726830093822352E-013  -1.1629920006032063E-013
 >>> 卫星在地固系坐标为:    141685.41085324864       -55107.713133978876        28087.418891903159     
 >>> 地球非球形引力分量 (地固系), 带谐:   -3.5272067884782629E-011   1.3718864821234786E-011  -2.3746370794575008E-011
 >>> 地球非球形引力分量 (地固系), 田谐:   -3.5317139005968172E-013   2.1726830744635027E-013  -1.1629920459093117E-013
 >>> 卫星在地固系坐标为:    141615.50326799540       -55591.981764322576        28108.247292468717     
 >>> 地球非球形引力分量 (地固系), 带谐:   -3.5125883811846520E-011   1.3788868077731094E-011  -2.3677236327504512E-011
 >>> 地球非球形引力分量 (地固系), 田谐:   -3.5016835660541086E-013   2.1915046150534318E-013  -1.1577144421601658E-013
 >>> 卫星在地固系坐标为:    141579.88918547187       -55834.170209288248        28118.653630214321     
 >>> 地球非球形引力分量 (地固系), 带谐:   -3.5052928833377670E-011   1.3823652540460582E-011  -2.3642784297267965E-011
 >>> 地球非球形引力分量 (地固系), 田谐:   -3.4866315571721259E-013   2.2008009968782481E-013  -1.1550678282911120E-013
 >>> 卫星在地固系坐标为:    141395.55803012996       -57045.761554965895        28170.676784886917     
 >>> 地球非球形引力分量 (地固系), 带谐:   -3.4689175501781344E-011   1.3995280062414030E-011  -2.3471435066439133E-011
 >>> 地球非球形引力分量 (地固系), 田谐:   -3.4109842600948824E-013   2.2461171488576182E-013  -1.1417473183476203E-013
 >>> 卫星在地固系坐标为:    141361.67959349224       -57261.258860000991        28179.920975720946     
 >>> 地球非球形引力分量 (地固系), 带谐:   -3.4624700893515222E-011   1.4025399008522790E-011  -2.3441140732675038E-011
 >>> 地球非球形引力分量 (地固系), 田谐:   -3.3974720291207884E-013   2.2539708775532998E-013  -1.1393646913566665E-013
 >>> 卫星在地固系坐标为:    141318.85878740667       -57530.671240232550        28191.474015635755     
 >>> 地球非球形引力分量 (地固系), 带谐:   -3.4544191183673316E-011   1.4062882500610380E-011  -2.3403344811975617E-011
 >>> 地球非球形引力分量 (地固系), 田谐:   -3.3805558373950476E-013   2.2637021862933790E-013  -1.1363804068450643E-013
 >>> 卫星在地固系坐标为:    141318.85755397871       -57530.670337484436        28191.473743361028     
 >>> 地球非球形引力分量 (地固系), 带谐:   -3.4544192559506848E-011   1.4062882962781351E-011  -2.3403345722752518E-011
 >>> 地球非球形引力分量 (地固系), 田谐:   -3.3805559834185644E-013   2.2637022558197190E-013  -1.1363804512052174E-013
 >>> 卫星在地固系坐标为:    141240.11524830724       -58017.944548014857        28212.362101501072     
 >>> 地球非球形引力分量 (地固系), 带谐:   -3.4398829177905141E-011   1.4130187873690906E-011  -2.3335191243134470E-011
 >>> 地球非球形引力分量 (地固系), 田谐:   -3.3498945259433724E-013   2.2810549706548923E-013  -1.1309668397236022E-013
 >>> 卫星在地固系坐标为:    141200.07450473908       -58261.624543944643        28222.798403272664     
 >>> 地球非球形引力分量 (地固系), 带谐:   -3.4326285008942501E-011   1.4163626585850850E-011  -2.3301227575637793E-011
 >>> 地球非球形引力分量 (地固系), 田谐:   -3.3345323527660936E-013   2.2896160218507603E-013  -1.1282527869233683E-013
 >>> 卫星在地固系坐标为:    140993.51587514480       -59480.566326552260        28274.971362155633     
 >>> 地球非球形引力分量 (地固系), 带谐:   -3.3964598149352794E-011   1.4328556320038627E-011  -2.3132307750532053E-011
 >>> 地球非球形引力分量 (地固系), 田谐:   -3.2573897502880405E-013   2.3312461613267853E-013  -1.1146010018372258E-013
 >>> 卫星在地固系坐标为:    140955.66958067182       -59697.351306420176        28284.242176747728     
 >>> 地球非球形引力分量 (地固系), 带谐:   -3.3900492747239410E-011   1.4357490060621186E-011  -2.3102443000235809E-011
 >>> 地球非球形引力分量 (地固系), 田谐:   -3.2436213038801263E-013   2.3384430964657919E-013  -1.1121605013755570E-013
 >>> 卫星在地固系坐标为:    140907.88206987613       -59968.365118398346        28295.828492101977     
 >>> 地球非球形引力分量 (地固系), 带谐:   -3.3820445280660706E-011   1.4393494396940203E-011  -2.3065183063931419E-011
 >>> 地球非球形引力分量 (地固系), 田谐:   -3.2263889155901827E-013   2.3473528227880565E-013  -1.1091043061243911E-013
 >>> 卫星在地固系坐标为:    140907.88084816164       -59968.364195581256        28295.828219178264     
 >>> 地球非球形引力分量 (地固系), 带谐:   -3.3820446626754218E-011   1.4393494873121389E-011  -2.3065183959856857E-011
 >>> 地球非球形引力分量 (地固系), 田谐:   -3.2263890560175162E-013   2.3473528964708629E-013  -1.1091043495099782E-013
 >>> 卫星在地固系坐标为:    140820.13576825368       -60458.525053329482        28316.777327891181     
 >>> 地球非球形引力分量 (地固系), 带谐:   -3.3675917586434719E-011   1.4458133391121996E-011  -2.2997994208265845E-011
 >>> 地球非球形引力分量 (地固系), 田谐:   -3.1951665582018523E-013   2.3632188121783883E-013  -1.1035617858042999E-013
 >>> 卫星在地固系坐标为:    140775.58437698937       -60703.636778290813        28327.243989747814     
 >>> 地球非球形引力分量 (地固系), 带谐:   -3.3603791048205588E-011   1.4490242290177145E-011  -2.2964511301956625E-011
 >>> 地球非球形引力分量 (地固系), 田谐:   -3.1795292952402283E-013   2.3710357694967694E-013  -1.1007838228211692E-013
 >>> 卫星在地固系坐标为:    140546.37870274138       -61929.626290914268        28379.568732663854     
 >>> 地球非球形引力分量 (地固系), 带谐:   -3.3244204648421030E-011   1.4648553660495219E-011  -2.2797983081184049E-011
 >>> 地球非球形引力分量 (地固系), 田谐:   -3.1010670893491315E-013   2.4089383890871255E-013  -1.0868184204139310E-013
 >>> 卫星在地固系坐标为:    140504.49002883674       -62147.644504849974        28388.866522742832     
 >>> 地球非球形引力分量 (地固系), 带谐:   -3.3180474477365561E-011   1.4676316265041393E-011  -2.2768541232935205E-011
 >>> 地球非球形引力分量 (地固系), 田谐:   -3.0870737159849035E-013   2.4154715518690296E-013  -1.0843231877659521E-013
 >>> 卫星在地固系坐标为:    140451.64269418037       -62420.191426696838        28400.486553068298     
 >>> 地球非球形引力分量 (地固系), 带谐:   -3.3100896778702078E-011   1.4710859009465530E-011  -2.2731808946038481E-011
 >>> 地球非球形引力分量 (地固系), 田谐:   -3.0695642623994787E-013   2.4235511417296289E-013  -1.0811990092158394E-013
 >>> 卫星在地固系坐标为:    140451.64148448373       -62420.190483772931        28400.486279473746     
 >>> 地球非球形引力分量 (地固系), 带谐:   -3.3100898095386858E-011   1.4710859499112805E-011  -2.2731809827422911E-011
 >>> 地球非球形引力分量 (地固系), 田谐:   -3.0695643971023927E-013   2.4235512192833760E-013  -1.0811990516038659E-013
 >>> 卫星在地固系坐标为:    140354.73390130472       -62913.068070141046        28421.494985175643     
 >>> 地球非球形引力分量 (地固系), 带谐:   -3.2957230357880331E-011   1.4772857453932802E-011  -2.2665575970634972E-011
 >>> 地球非球形引力分量 (地固系), 田谐:   -3.0378545937369982E-013   2.4379139489860996E-013  -1.0755351600180593E-013
 >>> 卫星在地固系坐标为:    140305.59217823815       -63159.526188019459        28431.991431353330     
 >>> 地球非球形引力分量 (地固系), 带谐:   -3.2885534902840170E-011   1.4803649453005317E-011  -2.2632569415992148E-011
 >>> 地球非球形引力分量 (地固系), 田谐:   -3.0219791371529475E-013   2.4449788663188698E-013  -1.0726971009737907E-013
 >>> 卫星在地固系坐标为:    140053.34267654896       -64392.133067262694        28484.465080583872     
 >>> 地球非球形引力分量 (地固系), 带谐:   -3.2528115907397093E-011   1.4955407189200757E-011  -2.2468410792530780E-011
 >>> 地球非球形引力分量 (地固系), 田谐:   -2.9423820837396489E-013   2.4791167940233369E-013  -1.0584371757592398E-013
 >>> 卫星在地固系坐标为:    140007.34138071924       -64611.307361792824        28493.789335112557     
 >>> 地球非球形引力分量 (地固系), 带谐:   -3.2464772814608455E-011   1.4982010186533736E-011  -2.2439387942374632E-011
 >>> 地球非球形引力分量 (地固系), 田谐:   -2.9281966714856437E-013   2.4849800192032817E-013  -1.0558906092283183E-013
 >>> 卫星在地固系坐标为:    139949.34654794645       -64885.290677492623        28505.442441918018     
 >>> 地球非球形引力分量 (地固系), 带谐:   -3.2385679670016921E-011   1.5015105757977156E-011  -2.2403178428602562E-011
 >>> 地球非球形引力分量 (地固系), 田谐:   -2.9104512786261620E-013   2.4922219537408762E-013  -1.0527026967145258E-013
 >>> 卫星在地固系坐标为:    139949.34535091190       -64885.289714697261        28505.442167707133     
 >>> 地球非球形引力分量 (地固系), 带谐:   -3.2385680957263105E-011   1.5015106260417232E-011  -2.2403179295508262E-011
 >>> 地球非球形引力分量 (地固系), 田谐:   -2.9104514074541287E-013   2.4922220348544520E-013  -1.0527027380718359E-013
 >>> 卫星在地固系坐标为:    139843.10371077084       -65380.775514810026        28526.512177847908     
 >>> 地球非球形引力分量 (地固系), 带谐:   -3.2242881651070163E-011   1.5074498142855796E-011  -2.2337883524976095E-011
 >>> 地球非球形引力分量 (地固系), 田谐:   -2.8783243824723953E-013   2.5050704416600730E-013  -1.0469244334158619E-013
 >>> 卫星在地固系坐标为:    139789.28588014006       -65628.525400454397        28537.039260943453     
 >>> 地球非球形引力分量 (地固系), 带谐:   -3.2171620852163272E-011   1.5103990430857114E-011  -2.2305344454921241E-011
 >>> 地球非球形引力分量 (地固系), 田谐:   -2.8622457861864718E-013   2.5113779690273233E-013  -1.0440297355245713E-013
 >>> 卫星在地固系坐标为:    139513.56363961802       -66867.472875559324        28589.666078262060     
 >>> 地球非球形引力分量 (地固系), 带谐:   -3.1816387095198758E-011   1.5249280038334222E-011  -2.2143511371843552E-011
 >>> 地球非球形引力分量 (地固系), 田谐:   -2.7816892594975491E-013   2.5417267135630741E-013  -1.0294925739396911E-013
 >>> 卫星在地固系坐标为:    139463.37347284605       -67087.753404255782        28599.017554275913     
 >>> 地球非球形引力分量 (地固系), 带谐:   -3.1753434251069051E-011   1.5274738547671363E-011  -2.2114899739435506E-011
 >>> 地球非球形引力分量 (地固系), 田谐:   -2.7673430003086037E-013   2.5469160380577021E-013  -1.0268977465340848E-013
 >>> 卫星在地固系坐标为:    139400.13583251947       -67363.110533425701        28610.704683522668     
 >>> 地球非球形引力分量 (地固系), 带谐:   -3.1674829624000479E-011   1.5306405810482827E-011  -2.2079203295825060E-011
 >>> 地球非球形引力分量 (地固系), 田谐:   -2.7494006624047253E-013   2.5533155290826638E-013  -1.0236499411890323E-013
 >>> 卫星在地固系坐标为:    139400.13464830376       -67363.109550609850        28610.704408637783     
 >>> 地球非球形引力分量 (地固系), 带谐:   -3.1674830882311743E-011   1.5306406325255074E-011  -2.2079204148667206E-011
 >>> 地球非球形引力分量 (地固系), 田谐:   -2.7494007852754891E-013   2.5533156134747843E-013  -1.0236499815010832E-013
 >>> 卫星在地固系坐标为:    139284.39964275036       -67861.028613949878        28631.834837511549     
 >>> 地球非球形引力分量 (地固系), 带谐:   -3.1532924769178838E-011   1.5363218820853433E-011  -2.2014837029719912E-011
 >>> 地球非球形引力分量 (地固系), 田谐:   -2.7169310121285100E-013   2.5646399181269785E-013  -1.0177649200904677E-013
 >>> 卫星在地固系坐标为:    139225.82622865422       -68109.982420780740        28642.392115497947     
 >>> 地球非球形引力分量 (地固系), 带谐:   -3.1462110981132951E-011   1.5391424737004645E-011  -2.1982760736613071E-011
 >>> 地球非球形引力分量 (地固系), 田谐:   -2.7006865192616635E-013   2.5701854153786279E-013  -1.0148174124257221E-013
 >>> 卫星在地固系坐标为:    138926.23557375002       -69354.827451287099        28695.169891654623     
 >>> 地球非球形引力分量 (地固系), 带谐:   -3.1109123948036541E-011   1.5530313008671544E-011  -2.1823229717542296E-011
 >>> 地球非球形引力分量 (地固系), 田谐:   -2.6193567869994356E-013   2.5967243445587027E-013  -1.0000221734235329E-013
 >>> 卫星在地固系坐标为:    138871.78649802410       -69576.134793670586        28704.548196845702     
 >>> 地球非球形引力分量 (地固系), 带谐:   -3.1046572233952828E-011   1.5554638916247162E-011  -2.1795025141562842E-011
 >>> 地球非球形引力分量 (地固系), 田谐:   -2.6048827987094083E-013   2.6012365453164506E-013  -9.9738249310380042E-014
 >>> 卫星在地固系坐标为:    138803.21863345557       -69852.766183458967        28716.268858394335     
 >>> 地球非球形引力分量 (地固系), 带谐:   -3.0968469705071518E-011   1.5584892732786321E-011  -2.1759836571784892E-011
 >>> 地球非球形引力分量 (地固系), 田谐:   -2.5867849123380372E-013   2.6067897524017613E-013  -9.9407905556253309E-014
 >>> 卫星在地固系坐标为:    138803.21746266048       -69852.765180842296        28716.268582879478     
 >>> 地球非球形引力分量 (地固系), 带谐:   -3.0968470934481997E-011   1.5584893259250582E-011  -2.1759837410655903E-011
 >>> 地球非球形引力分量 (地固系), 田谐:   -2.5867850291374048E-013   2.6067898397582914E-013  -9.9407909480117692E-014
 >>> 卫星在地固系坐标为:    138677.81849955890       -70352.991482814992        28737.460868965605     
 >>> 地球非球形引力分量 (地固系), 带谐:   -3.0827466923113481E-011   1.5639159465761731E-011  -2.1696382497553412E-011
 >>> 地球非球形引力分量 (地固系), 田谐:   -2.5540437849533483E-013   2.6165848525023120E-013  -9.8809433435919581E-014
 >>> 卫星在地固系坐标为:    138614.40424418461       -70603.085814374994        28748.049060160767     
 >>> 地球非球形引力分量 (地固系), 带谐:   -3.0757104605664780E-011   1.5666095509453977E-011  -2.1664760791794059E-011
 >>> 地球非球形引力分量 (地固系), 田谐:   -2.5376690276723335E-013   2.6213659497694935E-013  -9.8509754522237867E-014
 >>> 卫星在地固系坐标为:    138290.51919706279       -71853.507642978075        28800.981385755793     
 >>> 地球非球形引力分量 (地固系), 带谐:   -3.0406386537211185E-011   1.5798664580422329E-011  -2.1507491137096803E-011
 >>> 地球非球形引力分量 (地固系), 田谐:   -2.4557441626013451E-013   2.6440855382323384E-013  -9.7006186626456887E-014
 >>> 卫星在地固系坐标为:    138231.73554541840       -72075.784111168818        28810.387157951925     
 >>> 地球非球形引力分量 (地固系), 带谐:   -3.0344239901740327E-011   1.5821872419859374E-011  -2.1479686428485696E-011
 >>> 地球非球形引力分量 (地固系), 田谐:   -2.4411740833156794E-013   2.6479193238424746E-013  -9.6738046767331993E-014
 >>> 卫星在地固系坐标为:    138157.74290167631       -72353.617368022082        28822.142148815201     
 >>> 地球非球形引力分量 (地固系), 带谐:   -3.0266644405167440E-011   1.5850730927646768E-011  -2.1444996766275806E-011
 >>> 地球非球形引力分量 (地固系), 田谐:   -2.4229601862091637E-013   2.6526248028113436E-013  -9.6402531579350042E-014
 >>> 卫星在地固系坐标为:    138157.74174451918       -72353.616345502523        28822.141872623379     
 >>> 地球非球形引力分量 (地固系), 带谐:   -3.0266645606123364E-011   1.5850731465344138E-011  -2.1444997591543114E-011
 >>> 地球非球形引力分量 (地固系), 田谐:   -2.4229602968770510E-013   2.6526248928450595E-013  -9.6402535394521509E-014
 >>> 卫星在地固系坐标为:    138022.52683212663       -72855.944478936712        28843.394334941881     
 >>> 地球非球形引力分量 (地固系), 带谐:   -3.0126573316095635E-011   1.5902476235112566E-011  -2.1382448020751599E-011
 >>> 地球非球形引力分量 (地固系), 田谐:   -2.3900238696688018E-013   2.6608871158260449E-013  -9.5794886245168975E-014
 >>> 卫星在地固系坐标为:    137954.19599609321       -73107.076252135375        28854.012600277772     
 >>> 地球非球形引力分量 (地固系), 带谐:   -3.0056677242731400E-011   1.5928154843020612E-011  -2.1351277472283682E-011
 >>> 地球非球形引力分量 (地固系), 田谐:   -2.3735569763898556E-013   2.6649023248187806E-013  -9.5490677621962351E-014
 >>> 卫星在地固系坐标为:    137605.64029013796       -74362.555625996843        28907.095281494850     
 >>> 地球非球形引力分量 (地固系), 带谐:   -2.9708301629207368E-011   1.6054467155545481E-011  -2.1196252031011489E-011
 >>> 地球非球形引力分量 (地固系), 田谐:   -2.2912274415183793E-013   2.6837978126788716E-013  -9.3965058674710292E-014
 >>> 卫星在地固系坐标为:    137542.45560508594       -74585.708242602617        28916.527775899660     
 >>> 地球非球形引力分量 (地固系), 带谐:   -2.9646573072104999E-011   1.6076568066356801E-011  -2.1168844141481926E-011
 >>> 地球非球形引力分量 (地固系), 田谐:   -2.2765950947282201E-013   2.6869528007781253E-013  -9.3693101377077866E-014
 >>> 卫星在地固系坐标为:    137462.95529898457       -74864.626860118457        28928.316165504257     
 >>> 地球非球形引力分量 (地固系), 带谐:   -2.9569500830113701E-011   1.6104045204553943E-011  -2.1134649576844043E-011
 >>> 地球非球形引力分量 (地固系), 田谐:   -2.2583074486368483E-013   2.6908102697106375E-013  -9.3352857766916572E-014
 >>> 卫星在地固系坐标为:    137462.95415619737       -74864.625818055618        28928.315888710618     
 >>> 地球非球形引力分量 (地固系), 带谐:   -2.9569502002533503E-011   1.6104045752796115E-011  -2.1134650388506789E-011
 >>> 地球非球形引力分量 (地固系), 田谐:   -2.2583075530792803E-013   2.6908103620935378E-013  -9.3352861470513269E-014
 >>> 卫星在地固系坐标为:    137317.74753850600       -75368.941218473847        28949.630944373246     
 >>> 地球非球形引力分量 (地固系), 带谐:   -2.9430363715838520E-011   1.6153304235603917E-011  -2.1072987241217580E-011
 >>> 地球非球形引力分量 (地固系), 田谐:   -2.2252459563238726E-013   2.6975413843353456E-013  -9.2736722947351948E-014
 >>> 卫星在地固系坐标为:    137244.41223624203       -75621.052752648713        28960.280490751913     
 >>> 地球非球形引力分量 (地固系), 带谐:   -2.9360935045804848E-011   1.6177742917096239E-011  -2.1042258432672139E-011
 >>> 地球非球形引力分量 (地固系), 田谐:   -2.2087219070627287E-013   2.7007917158147465E-013  -9.2428326324972729E-014
 >>> 卫星在地固系坐标为:    136870.74632524035       -76881.297354480077        29013.519560327233     
 >>> 地球非球形引力分量 (地固系), 带谐:   -2.9014907727573834E-011   1.6297885476679406E-011  -2.0889430436476819E-011
 >>> 地球非球形引力分量 (地固系), 田谐:   -2.1261623038482543E-013   2.7158703875711345E-013  -9.0882363346979848E-014
 >>> 卫星在地固系坐标为:    136803.08244949224       -77105.273466506886        29022.979848528805     
 >>> 地球非球形引力分量 (地固系), 带谐:   -2.8953598300163333E-011   1.6318894828979556E-011  -2.0862411110889072E-011
 >>> 地球非球形引力分量 (地固系), 田谐:   -2.1114986741788357E-013   2.7183482589042799E-013  -9.0606891800330807E-014
 >>> 卫星在地固系坐标为:    136717.97677919958       -77385.211336851760        29034.802975871044     
 >>> 地球非球形引力分量 (地固系), 带谐:   -2.8877050633164235E-011   1.6345009768842380E-011  -2.0828701350478084E-011
 >>> 地球非球形引力分量 (地固系), 田谐:   -2.0931759846328400E-013   2.7213599818826045E-013  -9.0262298630991248E-014
 >>> 卫星在地固系坐标为:    136717.97565085368       -77385.210275011952        29034.802698390376     
 >>> 地球非球形引力分量 (地固系), 带谐:   -2.8877051777652522E-011   1.6345010327265585E-011  -2.0828702149004100E-011
 >>> 地球非球形引力分量 (地固系), 田谐:   -2.0931760828321557E-013   2.7213600763395602E-013  -9.0262302222447757E-014
 >>> 卫星在地固系坐标为:    136562.63072091524       -77891.288810148209        29056.178382080896     
 >>> 地球非球形引力分量 (地固系), 带谐:   -2.8738878495420574E-011   1.6391806991044759E-011  -2.0767919547309604E-011
 >>> 地球非球形引力分量 (地固系), 田谐:   -2.0600660293807423E-013   2.7265631002938560E-013  -8.9638485907089002E-014
 >>> 卫星在地固系坐标为:    136484.21794869564       -78144.267657951670        29066.858228477893     
 >>> 地球非球形引力分量 (地固系), 带谐:   -2.8669932688983576E-011   1.6415017995894234E-011  -2.0737629538742134E-011
 >>> 地球非球形引力分量 (地固系), 田谐:   -2.0435231412761362E-013   2.7290504197432829E-013  -8.9326307028804302E-014
 >>> 卫星在地固系坐标为:    136085.07966734207       -79408.711388458920        29120.248783040250     
 >>> 地球非球形引力分量 (地固系), 带谐:   -2.8326330554393658E-011   1.6529052363318975E-011  -2.0586984266430404E-011
 >>> 地球非球形引力分量 (地固系), 田谐:   -1.9609246315636570E-013   2.7403243170690691E-013  -8.7762028560028661E-014
 >>> 卫星在地固系坐标为:    136012.87272915913       -79633.409678781143        29129.735994214043     
 >>> 地球非球形引力分量 (地固系), 带谐:   -2.8265453855056708E-011   1.6548981147384150E-011  -2.0560350884609245E-011
 >>> 地球非球形引力分量 (地固系), 田谐:   -1.9462636247049066E-013   2.7421276812020464E-013  -8.7483403326459921E-014
 >>> 卫星在地固系坐标为:    135922.08207190581       -79914.239875893210        29141.592771247986     
 >>> 地球非球形引力分量 (地固系), 带谐:   -2.8189447730109532E-011   1.6573747646693476E-011  -2.0527122651908106E-011
 >>> 地球非球形引力分量 (地固系), 田谐:   -1.9279482377786386E-013   2.7442971184108204E-013  -8.7134911252801215E-014
 >>> 卫星在地固系坐标为:    135922.08095877621       -79914.238794705030        29141.592493166550     
 >>> 地球非球形引力分量 (地固系), 带谐:   -2.8189448846560065E-011   1.6573748214599182E-011  -2.0527123437265245E-011
 >>> 地球非球形引力分量 (地固系), 田谐:   -1.9279483296700483E-013   2.7442972146091327E-013  -8.7134914729462761E-014
 >>> 卫星在地固系坐标为:    135756.42283099060       -80421.952259496975        29163.031151357354     
 >>> 地球非球形引力分量 (地固系), 带谐:   -2.8052243306343185E-011   1.6618117396649025E-011  -2.0467203204674526E-011
 >>> 地球非球形引力分量 (地固系), 田谐:   -1.8948596102031646E-013   2.7479800827515484E-013  -8.6504109454756270E-014
 >>> 卫星在地固系坐标为:    135672.84516023152       -80675.733912800759        29173.742469412380     
 >>> 地球非球形引力分量 (地固系), 带谐:   -2.7983781748729037E-011   1.6640117833219186E-011  -2.0437342947961454E-011
 >>> 地球非球形引力分量 (地固系), 田谐:   -1.8783327316266380E-013   2.7497085288669441E-013  -8.6188492524948565E-014
 >>> 卫星在地固系坐标为:    135247.79750676686       -81944.050160628336        29227.290365447701     
 >>> 地球非球形引力分量 (地固系), 带谐:   -2.7642611764067177E-011   1.6748129039603494E-011  -2.0288835463141800E-011
 >>> 地球非球形引力分量 (地固系), 田谐:   -1.7958690544715107E-013   2.7572005817751596E-013  -8.4607617496011944E-014
 >>> 卫星在地固系坐标为:    135170.96984428051       -82169.411857358675        29236.805539879580     
 >>> 地球非球形引力分量 (地固系), 带谐:   -2.7582169042839485E-011   1.6766992281044613E-011  -2.0262580092965258E-011
 >>> 地球非球形引力分量 (地固系), 田谐:   -1.7812414660162367E-013   2.7583339017308255E-013  -8.4326143782311289E-014
 >>> 卫星在地固系坐标为:    135074.39713751920       -82451.060612320696        29248.697266490672     
 >>> 地球非球形引力分量 (地固系), 带谐:   -2.7506706028447861E-011   1.6790429082484334E-011  -2.0229823497247401E-011
 >>> 地球非球形引力分量 (地固系), 田谐:   -1.7629718359750822E-013   2.7596667951798541E-013  -8.3974134148729886E-014
 >>> 卫星在地固系坐标为:    135074.39603970572       -82451.059511569751        29248.696987726169     
 >>> 地球非球形引力分量 (地固系), 带谐:   -2.7506707117440667E-011   1.6790429659524392E-011  -2.0229824269879407E-011
 >>> 地球非球形引力分量 (地固系), 田谐:   -1.7629719215657995E-013   2.7596668928457476E-013  -8.3974137510230451E-014
 >>> 卫星在地固系坐标为:    134898.27485510430       -82960.194357119311        29270.197621052081     
 >>> 地球非球形引力分量 (地固系), 带谐:   -2.7370493635820891E-011   1.6832398146803142E-011  -2.0170757974552946E-011
 >>> 地球非球形引力分量 (地固系), 田谐:   -1.7299791238433358E-013   2.7618398351961651E-013  -8.3337130754170703E-014
 >>> 卫星在地固系坐标为:    134809.45761753721       -83214.671644589413        29280.939911992587     
 >>> 地球非球形引力分量 (地固系), 带谐:   -2.7302528458295422E-011   1.6853201406460922E-011  -2.0141323261838480E-011
 >>> 地球非球形引力分量 (地固系), 田谐:   -1.7135054873273147E-013   2.7628147752403113E-013  -8.3018469352607219E-014
 >>> 卫星在地固系坐标为:    134358.12970892419       -84486.320610566065        29334.642656613065     
 >>> 地球非球形引力分量 (地固系), 带谐:   -2.6963850963160558E-011   1.6955256539402335E-011  -1.9994932576025318E-011
 >>> 地球非球形引力分量 (地固系), 田谐:   -1.6313621497036390E-013   2.7665544100851378E-013  -8.1422964176833817E-014
 >>> 卫星在地固系坐标为:    134276.61582697576       -84712.249063351774        29344.185351616052     
 >>> 地球非球形引力分量 (地固系), 带谐:   -2.6903852893594368E-011   1.6973066181699837E-011  -1.9969051496334835E-011
 >>> 地球非球形引力分量 (地固系), 田谐:   -1.6168008398941218E-013   2.7670233643577954E-013  -8.1138991276399967E-014
 >>> 卫星在地固系坐标为:    134174.17939501870       -84994.595266330449        29356.111474716170     
 >>> 地球非球形引力分量 (地固系), 带谐:   -2.6828946309884901E-011   1.6995188219615342E-011  -1.9936761890546592E-011
 >>> 地球非球形引力分量 (地固系), 田谐:   -1.5986179899627294E-013   2.7675270007259752E-013  -8.0783900570596095E-014
 >>> 卫星在地固系坐标为:    134174.17831314550       -84994.594146322765        29356.111195317131     
 >>> 地球非球形引力分量 (地固系), 带谐:   -2.6828947371480563E-011   1.6995188805181842E-011  -1.9936762650525943E-011
 >>> 地球非球形引力分量 (地固系), 田谐:   -1.5986180692321490E-013   2.7675270995419764E-013  -8.0783903815100434E-014
 >>> 卫星在地固系坐标为:    133987.43365113044       -85504.969716889711        29377.674457574823     
 >>> 地球非球形引力分量 (地固系), 带谐:   -2.6693739451805712E-011   1.7034786929348244E-011  -1.9878537327735846E-011
 >>> 地球非球形引力分量 (地固系), 田谐:   -1.5657926779295618E-013   2.7682040387132795E-013  -8.0141435603557062E-014
 >>> 卫星在地固系坐标为:    133893.29679322784       -85760.051902820909        29388.448047972186     
 >>> 地球非球形引力分量 (地固系), 带谐:   -2.6626277400360537E-011   1.7054408148304873E-011  -1.9849521700013739E-011
 >>> 地球非球形引力分量 (地固系), 田谐:   -1.5494079553087780E-013   2.7684326673879004E-013  -7.9820099503792937E-014
 >>> 卫星在地固系坐标为:    133415.28984708761       -87034.575837212818        29442.307273683353     
 >>> 地球非球形引力分量 (地固系), 带谐:   -2.6290125982522351E-011   1.7150582712208301E-011  -1.9705215690404963E-011
 >>> 地球非球形引力分量 (地固系), 田谐:   -1.4677625685178820E-013   2.7684582527561587E-013  -7.8211810666226524E-014
 >>> 卫星在地固系坐标为:    133329.01911908397       -87260.988957095775        29451.877779302486     
 >>> 地球非球形引力分量 (地固系), 带谐:   -2.6230578514522116E-011   1.7167352142968899E-011  -1.9679703222831015E-011
 >>> 地球非球形引力分量 (地固系), 田谐:   -1.4532989786325179E-013   2.7682700757630907E-013  -7.7925666408013766E-014
 >>> 卫星在地固系坐标为:    133220.63079333655       -87543.929697477724        29463.838661351885     
 >>> 地球非球形引力分量 (地固系), 带谐:   -2.6156235789951328E-011   1.7188176136910190E-011  -1.9647873522987163E-011
 >>> 地球非球形引力分量 (地固系), 田谐:   -1.4352421515441470E-013   2.7679536725304734E-013  -7.7567904221687525E-014
 >>> 卫星在地固系坐标为:    133220.62972777578       -87543.928558274216        29463.838381302252     
 >>> 地球非球形引力分量 (地固系), 带谐:   -2.6156236824466502E-011   1.7188176730536670E-011  -1.9647874270562586E-011
 >>> 地球非球形引力分量 (地固系), 田谐:   -1.4352422245063477E-013   2.7679537722039969E-013  -7.7567907348296727E-014
 >>> 卫星在地固系坐标为:    133023.11098190147       -88055.334957191109        29485.463957675616     
 >>> 地球非球形引力分量 (地固系), 带谐:   -2.6022053940249924E-011   1.7225432927174258E-011  -1.9590479757307754E-011
 >>> 地球非球形引力分量 (地固系), 田谐:   -1.4026565029042817E-013   2.7671518531068501E-013  -7.6920746691993059E-014
 >>> 卫星在地固系坐标为:    132923.57943443934       -88310.916696852742        29496.268690518576     
 >>> 地球非球形引力分量 (地固系), 带谐:   -2.5955104732352379E-011   1.7243886311437915E-011  -1.9561878147392903E-011
 >>> 地球非球形引力分量 (地固系), 田谐:   -1.3863967413433885E-013   2.7666429843503357E-013  -7.6597120125259359E-014
 >>> 卫星在地固系坐标为:    132418.52038537469       -89587.784823674810        29550.283612688818     
 >>> 地球非球形引力分量 (地固系), 带谐:   -2.5621527734598048E-011   1.7334251333278793E-011  -1.9419631578940741E-011
 >>> 地球非球形引力分量 (地固系), 田谐:   -1.3054286551507200E-013   2.7630010632871999E-013  -7.4977966139090175E-014
 >>> 卫星在地固系坐标为:    132327.42689604638       -89814.587545539413        29559.881789648553     
 >>> 地球非球形引力分量 (地固系), 带谐:   -2.5562439422241917E-011   1.7349993173902561E-011  -1.9394483256519881E-011
 >>> 地球非球形引力分量 (地固系), 田谐:   -1.2910945111792867E-013   2.7621644559538853E-013  -7.4689991106004241E-014
 >>> 卫星在地固系坐标为:    132213.00445481244       -90098.003698026834        29571.877256671494     
 >>> 地球非球形引力分量 (地固系), 带谐:   -2.5488671231959024E-011   1.7369534898510849E-011  -1.9363107887249915E-011
 >>> 地球非球形引力分量 (地固系), 田谐:   -1.2732032949736844E-013   2.7610390692022904E-013  -7.4329982947411977E-014
 >>> 卫星在地固系坐标为:    132213.00340608289       -90098.002539851965        29571.876975993033     
 >>> 地球非球形引力分量 (地固系), 带谐:   -2.5488672239572698E-011   1.7369535499658866E-011  -1.9363108622565693E-011
 >>> 地球非球形引力分量 (地固系), 田谐:   -1.2732033616472132E-013   2.7610391694303117E-013  -7.4329985954954502E-014
 >>> 卫星在地固系坐标为:    132004.55382072198       -90610.245749816444        29593.565492009093     
 >>> 地球非球形引力分量 (地固系), 带谐:   -2.5355527807717495E-011   1.7404479915850687E-011  -1.9306532361891131E-011
 >>> 地球非球形引力分量 (地固系), 田谐:   -1.2409272776130815E-013   2.7587788618374908E-013  -7.3678873528678312E-014
 >>> 卫星在地固系坐标为:    131899.54939403024       -90866.229613721240        29604.401679756600     
 >>> 地球非球形引力分量 (地固系), 带谐:   -2.5289098146361270E-011   1.7421780509852135E-011  -1.9278338513828057E-011
 >>> 地球非球形引力分量 (地固系), 田谐:   -1.2248273684786771E-013   2.7575429597296330E-013  -7.3353326520012822E-014
 >>> 卫星在地固系坐标为:    131367.04902804593       -92144.950675661035        29658.573860353656     
 >>> 地球非球形引力分量 (地固系), 带谐:   -2.4958128931654980E-011   1.7506411054975844E-011  -1.9138120273026456E-011
 >>> 地球非球形引力分量 (地固系), 田谐:   -1.1447100589853954E-013   2.7502882018415666E-013  -7.1725154236123351E-014
 >>> 卫星在地固系坐标为:    131271.06389920748       -92372.054942145565        29668.199986171225     
 >>> 地球非球形引力分量 (地固系), 带谐:   -2.4899505683839694E-011   1.7521138617615731E-011  -1.9113330595690223E-011
 >>> 地球非球形引力分量 (地固系), 田谐:   -1.1305360270935312E-013   2.7488132881429030E-013  -7.1435676174401311E-014
 >>> 卫星在地固系坐标为:    131150.52138337510       -92655.836124852052        29680.230384974817     
 >>> 地球非球形引力分量 (地固系), 带谐:   -2.4826319405353120E-011   1.7539414698028218E-011  -1.9082402695395381E-011
 >>> 地球非球形引力分量 (地固系), 田谐:   -1.1128486790875057E-013   2.7468917434265752E-013  -7.1073831474894371E-014
 >>> 卫星在地固系坐标为:    131150.52035185957       -92655.834947790165        29680.230103652622     
 >>> 地球非球形引力分量 (地固系), 带谐:   -2.4826320386380709E-011   1.7539415306245362E-011  -1.9082403418689727E-011
 >>> 地球非球形引力分量 (地固系), 田谐:   -1.1128487395144054E-013   2.7468918439227875E-013  -7.1073834362752813E-014
 >>> 卫星在地固系坐标为:    130930.98462837217       -93168.714143042191        29701.982171844178     
 >>> 地球非球形引力分量 (地固系), 带谐:   -2.4694227857223546E-011   1.7572077860279467E-011  -1.9026633111317530E-011
 >>> 地球非球形引力分量 (地固系), 田谐:   -1.0809512907776475E-013   2.7431967722371216E-013  -7.0419510152526109E-014
 >>> 卫星在地固系坐标为:    130820.42986880154       -93424.999302054130        29712.850120469924     
 >>> 地球非球形引力分量 (地固系), 带谐:   -2.4628324460620363E-011   1.7588240597067056E-011  -1.8998840897416307E-011
 >>> 地球非球形引力分量 (地固系), 田谐:   -1.0650456290216194E-013   2.7412458756889062E-013  -7.0092412338981725E-014
 >>> 卫星在地固系坐标为:    130260.10282409686       -94705.064939923803        29767.181089047459     
 >>> 地球非球形引力分量 (地固系), 带谐:   -2.4299996473065798E-011   1.7667211173089069E-011  -1.8860620507898401E-011
 >>> 地球非球形引力分量 (地固系), 田谐:   -9.8594998347717842E-014   2.7304407947216440E-013  -6.8457066343621099E-014
 >>> 卫星在地固系坐标为:    130159.15788526114       -94932.379646358750        29776.835435483830     
 >>> 地球非球形引力分量 (地固系), 带谐:   -2.4241844212528529E-011   1.7680937672786216E-011  -1.8836184088060088E-011
 >>> 地球非球形引力分量 (地固系), 田谐:   -9.7196625042070192E-014   2.7283390879146078E-013  -6.8166412530647953E-014
 >>> 卫星在地固系坐标为:    130032.41022545692       -95216.411672056609        29788.901105683635     
 >>> 地球非球形引力分量 (地固系), 带谐:   -2.4169247239504092E-011   1.7697964614900323E-011  -1.8805696935402928E-011
 >>> 地球非球形引力分量 (地固系), 田谐:   -9.5452042013358619E-014   2.7256359451619968E-013  -6.7803140100750969E-014
 >>> 卫星在地固系坐标为:    130032.40921154605       -95216.410476201811        29788.900823703410     
 >>> 地球非球形引力分量 (地固系), 带谐:   -2.4169248194256305E-011   1.7697965229741869E-011  -1.8805697646906994E-011
 >>> 地球非球形引力分量 (地固系), 田谐:   -9.5452047436866541E-014   2.7256360456441742E-013  -6.7803142868429406E-014
 >>> 卫星在地固系坐标为:    129801.64451129243       -95729.694018634400        29810.716027710154     
 >>> 地球非球形引力分量 (地固系), 带谐:   -2.4038227141031990E-011   1.7728374225345271E-011  -1.8750723799094513E-011
 >>> 地球非球形引力分量 (地固系), 田谐:   -9.2307100213626857E-014   2.7205332122453855E-013  -6.7146376301919654E-014
 >>> 卫星在地固系坐标为:    129685.46828340588       -95986.164248669913        29821.615529507355     
 >>> 地球非球形引力分量 (地固系), 带谐:   -2.3972859775252351E-011   1.7743413247111979E-011  -1.8723328485363129E-011
 >>> 地球非球形引力分量 (地固系), 田谐:   -9.0739413918743393E-014   2.7178810553214336E-013  -6.6818111994458106E-014
 >>> 卫星在地固系坐标为:    129096.96161958542       -97266.989256650049        29876.104248038249     
 >>> 地球非球形引力分量 (地固系), 带谐:   -2.3647221580607254E-011   1.7816794590474693E-011  -1.8587082367547006E-011
 >>> 地球非球形引力分量 (地固系), 田谐:   -8.2949166902281750E-014   2.7035967010944315E-013  -6.5177509748156522E-014
 >>> 卫星在地固系坐标为:    128990.99461484715       -97494.409654386822        29885.786630811355     
 >>> 地球非球形引力分量 (地固系), 带谐:   -2.3589548897844520E-011   1.7829532601680747E-011  -1.8562995030574197E-011
 >>> 地球非球形引力分量 (地固系), 田谐:   -8.1572850524187095E-014   2.7008812419394641E-013  -6.4886020332635279E-014
 >>> 卫星在地固系坐标为:    128857.96420519285       -97778.561280756316        29897.887342196009     
 >>> 地球非球形引力分量 (地固系), 带谐:   -2.3517551950889265E-011   1.7845326121571069E-011  -1.8532943414742875E-011
 >>> 地球非球形引力分量 (地固系), 田谐:   -7.9856193567979597E-014   2.6974129744409401E-013  -6.4521745043279138E-014
 >>> 卫星在地固系坐标为:    128857.96320942315       -97778.560066383609        29897.887059583547     
 >>> 地球非球形引力分量 (地固系), 带谐:   -2.3517552879543855E-011   1.7845326742512665E-011  -1.8532944114583724E-011
 >>> 地球非球形引力分量 (地固系), 田谐:   -7.9856198378402216E-014   2.6974130746174727E-013  -6.4521747690038451E-014
 >>> 卫星在地固系坐标为:    128615.82999141754       -98292.010751739770        29919.765020599640     
 >>> 地球非球形引力分量 (地固系), 带谐:   -2.3387622323590593E-011   1.7873510788224079E-011  -1.8478757175077317E-011
 >>> 地球非球形引力分量 (地固系), 田谐:   -7.6762837396145114E-014   2.6909328242484254E-013  -6.3863304973450877E-014
 >>> 卫星在地固系坐标为:    128493.96282237676       -98548.547043814455        29930.695886608948     
 >>> 地球非球形引力分量 (地固系), 带谐:   -2.3322800479469436E-011   1.7887440388321727E-011  -1.8451753999174189E-011
 >>> 地球非球形引力分量 (地固系), 田谐:   -7.5221412171843079E-014   2.6875948069630397E-013  -6.3534256821300808E-014
 >>> 卫星在地固系坐标为:    127876.93204415524       -99829.532282004104        29985.341410771241     
 >>> 地球非球形引力分量 (地固系), 带谐:   -2.2999899270357302E-011   1.7955303978517065E-011  -1.8317458435183482E-011
 >>> 地球非球形引力分量 (地固系), 田谐:   -6.7567251852168727E-014   2.6699105033831905E-013  -6.1890306913106243E-014
 >>> 卫星在地固系坐标为:    127765.88224106430       -100056.95114522155        29995.051662241538     
 >>> 地球非球形引力分量 (地固系), 带谐:   -2.2942714512204514E-011   1.7967066205946860E-011  -1.8293715982476500E-011
 >>> 地球非球形引力分量 (地固系), 田谐:   -6.6215949420725999E-014   2.6665957937416885E-013  -6.1598320369023310E-014
 >>> 卫星在地固系坐标为:    127626.49338228301       -100341.08804310972        30007.187205394061     
 >>> 地球非球形引力分量 (地固系), 带谐:   -2.2871328006248967E-011   1.7981642183522139E-011  -1.8264094662966260E-011
 >>> 地球非球形引力分量 (地固系), 田谐:   -6.4530904352549214E-014   2.6623806969407489E-013  -6.1233464946514368E-014
 >>> 卫星在地固系坐标为:    127626.49240518137       -100341.08681050262        30007.186922173609     
 >>> 地球非球形引力分量 (地固系), 带谐:   -2.2871328908999246E-011   1.7981642810049379E-011  -1.8264095351275542E-011
 >>> 地球非球形引力分量 (地固系), 田谐:   -6.4530908557540765E-014   2.6623807965263254E-013  -6.1233467471814636E-014
 >>> 卫星在地固系坐标为:    127372.82417505408       -100854.52308427769        30029.129917305825     
 >>> 地球非球形引力分量 (地固系), 带谐:   -2.2742491974181184E-011   1.8007633862712716E-011  -1.8210679359229343E-011
 >>> 地球非球形引力分量 (地固系), 田谐:   -6.1495398475269319E-014   2.6545557967104902E-013  -6.0574032112110748E-014
 >>> 卫星在地固系坐标为:    127245.18293614521       -101111.03420392788        30040.093284554365     
 >>> 地球非球形引力分量 (地固系), 带谐:   -2.2678217228685155E-011   1.8020469969730666E-011  -1.8184060375590663E-011
 >>> 地球非球形引力分量 (地固系), 田谐:   -5.9983353744532422E-014   2.6505484520864490E-013  -6.0244541419002524E-014
 >>> 卫星在地固系坐标为:    126599.21352403273       -102391.71897736123        30094.901297846198     
 >>> 地球非球形引力分量 (地固系), 带谐:   -2.2358060917077508E-011   1.8082895039988080E-011  -1.8051675903246357E-011
 >>> 地球非球形引力分量 (地固系), 田谐:   -5.2480742207174519E-014   2.6295488984731300E-013  -5.8598945590062383E-014
 >>> 卫星在地固系坐标为:    126483.00743460799       -102619.05361299420        30104.640427584523     
 >>> 地球非球形引力分量 (地固系), 带谐:   -2.2301365499736801E-011   1.8093695495370422E-011  -1.8028271368633749E-011
 >>> 地球非球形引力分量 (地固系), 田谐:   -5.1157178771700337E-014   2.6256503459856260E-013  -5.8306763613100476E-014
 >>> 卫星在地固系坐标为:    126337.16835800577       -102903.07207648238        30116.812064016940     
 >>> 地球非球形引力分量 (地固系), 带谐:   -2.2230591210161435E-011   1.8107071413217224E-011  -1.7999071659016015E-011
 >>> 地球非球形引力分量 (地固系), 田谐:   -4.9507141694860302E-014   2.6207078265760756E-013  -5.7941704821296846E-014
 >>> 卫星在地固系坐标为:    126337.16739974932       -102903.07082548250        30116.811780109565     
 >>> 地球非球形引力分量 (地固系), 带谐:   -2.2230592087526316E-011   1.8107072045052598E-011  -1.7999072336170544E-011
 >>> 地球非球形引力分量 (地固系), 田谐:   -4.9507145304802587E-014   2.6207079253276639E-013  -5.7941707225638685E-014
 >>> 卫星在地固系坐标为:    126071.84969627032       -103416.20133097445        30138.817689662403     
 >>> 地球非球形引力分量 (地固系), 带谐:   -2.2102877775073407E-011   1.8130896496623187E-011  -1.7946422321196538E-011
 >>> 地球非球形引力分量 (地固系), 田谐:   -4.6536203752338846E-014   2.6115752951569448E-013  -5.7282091612266306E-014
 >>> 卫星在地固系坐标为:    125938.37760968956       -103672.54122392734        30149.812500039192     
 >>> 地球非球形引力分量 (地固系), 带谐:   -2.2039164585540241E-011   1.8142652322524016E-011  -1.7920185043231149E-011
 >>> 地球非球形引力分量 (地固系), 田谐:   -4.5056882101627384E-014   2.6069174153090698E-013  -5.6952563996109065E-014
 >>> 卫星在地固系坐标为:    125263.19006950257       -104952.19141206302        30204.777713767366     
 >>> 地球非球形引力分量 (地固系), 带谐:   -2.1721825001188804E-011   1.8199705229279069E-011  -1.7789699207248559E-011
 >>> 地球非球形引力分量 (地固系), 田谐:   -3.7722363843050891E-014   2.5826989397656167E-013  -5.5307344470701379E-014
 >>> 卫星在地固系坐标为:    125141.77878123819       -105179.31064925954        30214.544782503130     
 >>> 地球非球形引力分量 (地固系), 带谐:   -2.1665631615255424E-011   1.8209555755611598E-011  -1.7766630373084325E-011
 >>> 地球非球形引力分量 (地固系), 田谐:   -3.6429450929052690E-014   2.5782340760283214E-013  -5.5015325514155239E-014
 >>> 卫星在地固系坐标为:    124989.42868407206       -105463.04642971701        30226.751338642996     
 >>> 地球非球形引力分量 (地固系), 带谐:   -2.1595485372693559E-011   1.8221746434967829E-011  -1.7737849499868877E-011
 >>> 地球非球形引力分量 (地固系), 田谐:   -3.4818048501765267E-014   2.5725862191473710E-013  -5.4650510969212345E-014
 >>> 卫星在地固系坐标为:    124989.42774541864       -105463.04516092889        30226.751054140725     
 >>> 地球非球形引力分量 (地固系), 带谐:   -2.1595486224662090E-011   1.8221747071461703E-011  -1.7737850165832993E-011
 >>> 地球非球形引力分量 (地固系), 田谐:   -3.4818051526066972E-014   2.5725863167691054E-013  -5.4650513251775922E-014
 >>> 卫星在地固系坐标为:    124712.29799078236       -105975.67549305136        30248.822191673495     
 >>> 地球非球形引力分量 (地固系), 带谐:   -2.1468897337738378E-011   1.8243436566504119E-011  -1.7685950504059797E-011
 >>> 地球非球形引力分量 (地固系), 田谐:   -3.1917601915355705E-014   2.5621846246683766E-013  -5.3991392587868639E-014
 >>> 卫星在地固系坐标为:    124572.91391113531       -106231.74649142986        30259.849600408343     
 >>> 地球非球形引力分量 (地固系), 带谐:   -2.1405747120781744E-011   1.8254127885430121E-011  -1.7660087154042387E-011
 >>> 地球非球形引力分量 (地固系), 田谐:   -3.0473950093854724E-014   2.5568956823637809E-013  -5.3662165128951069E-014
 >>> 卫星在地固系坐标为:    123868.10390072947       -107509.86913402965        30314.977789059543     
 >>> 地球非球形引力分量 (地固系), 带谐:   -2.1091231376672268E-011   1.8305887099061518E-011  -1.7531461326960902E-011
 >>> 地球非球形引力分量 (地固系), 田谐:   -2.3322103026174322E-014   2.5295575689202957E-013  -5.2019001771565501E-014
 >>> 卫星在地固系坐标为:    123741.41578734288       -107736.68451909434        30324.773822526604     
 >>> 地球非球形引力分量 (地固系), 带谐:   -2.1035541297883539E-011   1.8314801572928762E-011  -1.7508721374610626E-011
 >>> 地球非球形引力分量 (地固系), 田谐:   -2.2062404956378379E-014   2.5245443743400522E-013  -5.1727443520879640E-014
 >>> 卫星在地固系坐标为:    123582.46523360220       -108020.02671962595        30337.016580082796     
 >>> 地球非球形引力分量 (地固系), 带谐:   -2.0966024699875050E-011   1.8325824331177464E-011  -1.7480350835417221E-011
 >>> 地球非球形引力分量 (地固系), 田谐:   -2.0492830751572802E-014   2.5182137938577539E-013  -5.1363244899529177E-014
 >>> 卫星在地固系坐标为:    123582.46431473727       -108020.02543290050        30337.016294905396     
 >>> 地球非球形引力分量 (地固系), 带谐:   -2.0966025526961796E-011   1.8325824972072366E-011  -1.7480351490559055E-011
 >>> 地球非球形引力分量 (地固系), 田谐:   -2.0492833202885035E-014   2.5182138901205685E-013  -5.1363247061054392E-014
 >>> 卫星在地固系坐标为:    123293.40578646357       -108531.87118413820        30359.151408680020     
 >>> 地球非球形引力分量 (地固系), 带谐:   -2.0840585447917249E-011   1.8345407208174559E-011  -1.7429195264762745E-011
 >>> 地球非球形引力分量 (地固系), 田谐:   -1.7669086395319735E-014   2.5065860851043305E-013  -5.0705398822032728E-014
 >>> 卫星在地固系坐标为:    123148.05177587544       -108787.53069035176        30370.210790996174     
 >>> 地球非球形引力分量 (地固系), 带谐:   -2.0778009863048372E-011   1.8355047871765146E-011  -1.7403702389639321E-011
 >>> 地球非球形引力分量 (地固系), 田谐:   -1.6264191811967848E-014   2.5006877664127508E-013  -5.0376859602073000E-014
 >>> 卫星在地固系坐标为:    122413.33367894201       -110063.40884248551        30425.498831857083     
 >>> 地球非球形引力分量 (地固系), 带谐:   -2.0466375887040367E-011   1.8401582810311218E-011  -1.7276919339649858E-011
 >>> 地球非球形引力分量 (地固系), 田谐:   -9.3102658941634387E-015   2.4703405941151417E-013  -4.8737685992034255E-014
 >>> 卫星在地固系坐标为:    122281.31868476523       -110289.79223566651        30435.323275498140     
 >>> 地球非球形引力分量 (地固系), 带谐:   -2.0411199350913824E-011   1.8409573595590630E-011  -1.7254505212485178E-011
 >>> 地球非球形引力分量 (地固系), 田谐:   -8.0864608880150223E-015   2.4647990956241136E-013  -4.8446930983854600E-014
 >>> 卫星在地固系坐标为:    122115.70542214616       -110572.58038338459        30447.601541598913     
 >>> 地球非球形引力分量 (地固系), 带谐:   -2.0342325166813293E-011   1.8419443894761231E-011  -1.7226541189481159E-011
 >>> 地球非球形引力分量 (地固系), 田谐:   -6.5620486324596183E-015   2.4578109795835953E-013  -4.8083775945347890E-014
 >>> 卫星在地固系坐标为:    122115.70452370864       -110572.57907920513        30447.601255804675     
 >>> 地球非球形引力分量 (地固系), 带谐:   -2.0342325969125018E-011   1.8419444539496917E-011  -1.7226541833843981E-011
 >>> 地球非球形引力分量 (地固系), 田谐:   -6.5620505232743432E-015   2.4578110742191250E-013  -4.8083777985627904E-014
 >>> 卫星在地固系坐标为:    121814.57266263200       -111083.40762155555        30469.801616689863     
 >>> 地球非球形引力分量 (地固系), 带谐:   -2.0218043398076686E-011   1.8436949759031618E-011  -1.7176116307838796E-011
 >>> 地球非球形引力分量 (地固系), 田谐:   -3.8206718615448676E-015   2.4450018237989643E-013  -4.7427898980839212E-014
 >>> 卫星在地固系坐标为:    121663.17669137822       -111338.53887347829        30480.893607247548     
 >>> 地球非球形引力分量 (地固系), 带谐:   -2.0156046796163133E-011   1.8445554857103200E-011  -1.7150987564617958E-011
 >>> 地球非球形引力分量 (地固系), 田谐:   -2.4573496021475579E-015   2.4385166466883467E-013  -4.7100395777449901E-014
 >>> 卫星在地固系坐标为:    120898.19280055370       -112611.58422572748        30536.344672788269     
 >>> 地球非球形引力分量 (地固系), 带谐:   -1.9847316255644801E-011   1.8486940742483606E-011  -1.7026015766077170E-011
 >>> 地球非球形引力分量 (地固系), 田谐:    4.2847621006902109E-015   2.4052748755260029E-013  -4.5466944211636792E-014
 >>> 卫星在地固系坐标为:    120760.78776539207       -112837.43025803192        30546.198090177360     
 >>> 地球非球形引力分量 (地固系), 带谐:   -1.9792657102382913E-011   1.8494021169770068E-011  -1.7003921894830859E-011
 >>> 地球非球形引力分量 (地固系), 田谐:    5.4702361570164391E-015   2.3992257420928473E-013  -4.5177299252094352E-014
 >>> 卫星在地固系坐标为:    120588.43303383284       -113119.53230625510        30558.512569061546     
 >>> 地球非球形引力分量 (地固系), 带谐:   -1.9724430128580356E-011   1.8502755654237717E-011  -1.6976357441661662E-011
 >>> 地球非球形引力分量 (地固系), 田谐:    6.9464527830711012E-015   2.3916060609800335E-013  -4.4815570812870374E-014
 >>> 卫星在地固系坐标为:    120588.43215615004       -113119.53098467269        30558.512282610871     
 >>> 地球非球形引力分量 (地固系), 带谐:   -1.9724430906506683E-011   1.8502756302481922E-011  -1.6976358075509409E-011
 >>> 地球非球形引力分量 (地固系), 田谐:    6.9464514383222676E-015   2.3916061537611846E-013  -4.4815572732564870E-014
 >>> 卫星在地固系坐标为:    120275.10865487522       -113629.06244646588        30580.777418855323     
 >>> 地球非球形引力分量 (地固系), 带谐:   -1.9601324277820410E-011   1.8518213164030281E-011  -1.6926654698155078E-011
 >>> 地球非球形引力分量 (地固系), 田谐:    9.5997994481342000E-015   2.3776637951014285E-013  -4.4162405689012673E-014
 >>> 卫星在地固系坐标为:    120117.61196175574       -113883.52510490916        30591.901782293702     
 >>> 地球非球形引力分量 (地固系), 带谐:   -1.9539915853379068E-011   1.8525797019213244E-011  -1.6901885822715321E-011
 >>> 地球非球形引力分量 (地固系), 田谐:    1.0918737864197383E-014   2.3706161177665017E-013  -4.3836309128670586E-014
 >>> 卫星在地固系坐标为:    119322.07232699421       -115153.03184067715        30647.514696261136     
 >>> 地球非球形引力分量 (地固系), 带谐:   -1.9234134436469915E-011   1.8562105501495015E-011  -1.6778704035859040E-011
 >>> 地球非球形引力分量 (地固系), 田谐:    1.7435181696775631E-014   2.3346034604570362E-013  -4.2210425104971080E-014
 >>> 卫星在地固系坐标为:    119179.22638911256       -115378.21431787970        30657.396878565058     
 >>> 地球非球形引力分量 (地固系), 带谐:   -1.9180000741640413E-011   1.8568288310254048E-011  -1.6756926660014214E-011
 >>> 地球非球形引力分量 (地固系), 田谐:    1.8579897666294212E-014   2.3280690143366821E-013  -4.1922216942021359E-014
 >>> 卫星在地固系坐标为:    119000.06690344805       -115659.47222346585        30669.747309344817     
 >>> 地球非球形引力分量 (地固系), 带谐:   -1.9112431052707496E-011   1.8575902904803139E-011  -1.6729757082707210E-011
 >>> 地球非球形引力分量 (地固系), 田谐:    2.0004900054281224E-014   2.3198458084167152E-013  -4.1562322958115222E-014
 >>> 卫星在地固系坐标为:    119000.06604705832       -115659.47088485320        30669.747022265725     
 >>> 地球非球形引力分量 (地固系), 带谐:   -1.9112431806452333E-011   1.8575903556078405E-011  -1.6729757706149499E-011
 >>> 地球非球形引力分量 (地固系), 田谐:    2.0004899240449974E-014   2.3198458991031748E-013  -4.1562324757548655E-014
 >>> 卫星在地固系坐标为:    118674.42404338460       -116167.44051512405        30692.077416158118     
 >>> 地球非球形引力分量 (地固系), 带谐:   -1.8990513978068695E-011   1.8589341559327357E-011  -1.6680765863221078E-011
 >>> 地球非球形引力分量 (地固系), 田谐:    2.2564917204639943E-014   2.3048209432988884E-013  -4.0912577452363674E-014
 >>> 卫星在地固系坐标为:    118510.76354314815       -116421.10176911949        30703.234393431714     
 >>> 地球非球形引力分量 (地固系), 带谐:   -1.8929700151011599E-011   1.8595918900965125E-011  -1.6656351566965833E-011
 >>> 地球非球形引力分量 (地固系), 田谐:    2.3836842140531938E-014   2.2972361955046019E-013  -4.0588240687553862E-014
 >>> 卫星在地固系坐标为:    117684.35605088575       -117686.40151630569        30759.010360394510     
 >>> 地球非球形引力分量 (地固系), 带谐:   -1.8626899774669146E-011   1.8627223527805484E-011  -1.6534933486219376E-011
 >>> 地球非球形引力分量 (地固系), 田谐:    3.0114677831195947E-014   2.2585815625250136E-013  -3.8971682155342802E-014
 >>> 卫星在地固系坐标为:    117536.01431450043       -117910.80086346738        30768.921521655153     
 >>> 地球非球形引力分量 (地固系), 带谐:   -1.8573297184342231E-011   1.8632521771761298E-011  -1.6513467954998058E-011
 >>> 地球非球形引力分量 (地固系), 田谐:    3.1216371596050415E-014   2.2515850223531241E-013  -3.8685221949328491E-014
 >>> 卫星在地固系坐标为:    117349.98170457981       -118191.06484322205        30781.308171827473     
 >>> 地球非球形引力分量 (地固系), 带谐:   -1.8506391825662177E-011   1.8639032784745210E-011  -1.6486687451203779E-011
 >>> 地球非球形引力分量 (地固系), 田谐:    3.2587345180678154E-014   2.2427874405944238E-013  -3.8327550780854635E-014
 >>> 卫星在地固系坐标为:    117349.98086990805       -118191.06348779341        30781.307884111007     
 >>> 地球非球形引力分量 (地固系), 带谐:   -1.8506392555532393E-011   1.8639033438665363E-011  -1.6486688064429648E-011
 >>> 地球非球形引力分量 (地固系), 田谐:    3.2587344881360402E-014   2.2427875289674325E-013  -3.8327552460737731E-014
 >>> 卫星在地固系坐标为:    117011.91219140636       -118697.17710593290        30803.703029228898     
 >>> 地球非球形引力分量 (地固系), 带谐:   -1.8385681595097419E-011   1.8650481507701098E-011  -1.6438399442641226E-011
 >>> 地球非球形引力分量 (地固系), 田谐:    3.5048877097802047E-014   2.2267337299778555E-013  -3.7681954109002312E-014
 >>> 卫星在地固系坐标为:    116842.03422644598       -118949.88946803819        30814.892367665303     
 >>> 地球非球形引力分量 (地固系), 带谐:   -1.8325471375803584E-011   1.8656066791656011E-011  -1.6414335580019578E-011
 >>> 地球非球形引力分量 (地固系), 田谐:    3.6271232504251325E-014   2.2186389600534384E-013  -3.7359740906539017E-014
 >>> 卫星在地固系坐标为:    115984.49480768201       -120210.24072553845        30870.830124838481     
 >>> 地球非球形引力分量 (地固系), 带谐:   -1.8025696798257630E-011   1.8682439880926210E-011  -1.6294660556077011E-011
 >>> 地球非球形引力分量 (地固系), 田谐:    4.2297904661885424E-014   2.1774793239773117E-013  -3.5754317962824442E-014
 >>> 卫星在地固系坐标为:    115830.61107414874       -120433.72441687599        30880.770040852261     
 >>> 地球非球形引力分量 (地固系), 带谐:   -1.7972633220892577E-011   1.8686866418972437E-011  -1.6273503213468593E-011
 >>> 地球非球形引力分量 (地固系), 田谐:    4.3354383491558768E-014   2.1700453358012820E-013  -3.5469925976972462E-014
 >>> 卫星在地固系坐标为:    115637.64790988043       -120712.82851824042        30893.192630323410     
 >>> 地球非球形引力分量 (地固系), 带谐:   -1.7906402057423941E-011   1.8692289924653465E-011  -1.6247107219645655E-011
 >>> 地球非球形引力分量 (地固系), 田谐:    4.4668604179119091E-014   2.1607043087763683E-013  -3.5114877293553918E-014
 >>> 卫星在地固系坐标为:    115637.64709746082       -120712.82714640343        30893.192341998900     
 >>> 地球非球形引力分量 (地固系), 带谐:   -1.7906402763632808E-011   1.8692290580752838E-011  -1.6247107822760575E-011
 >>> 地球非球形引力分量 (地固系), 田谐:    4.4668604376899426E-014   2.1607043946156111E-013  -3.5114878854515192E-014
 >>> 卫星在地固系坐标为:    115287.02239797844       -121216.82295160761        30915.653466214673     
 >>> 地球非球形引力分量 (地固系), 带谐:   -1.7786907131168452E-011   1.8701778636736997E-011  -1.6199510463258716E-011
 >>> 地球非球形引力分量 (地固系), 田谐:    4.7026961487543922E-014   2.1436767676356542E-013  -3.4474100405665357E-014
 >>> 卫星在地固系坐标为:    115110.86261536197       -121468.45506805387        30926.875779012724     
 >>> 地球非球形引力分量 (地固系), 带谐:   -1.7727304749330701E-011   1.8706386795284141E-011  -1.6175791078269584E-011
 >>> 地球非球形引力分量 (地固系), 田谐:    4.8197424102433900E-014   2.1350996342106843E-013  -3.4154345448305846E-014
 >>> 卫星在地固系坐标为:    114221.87261943113       -122723.19653878290        30982.978391598903     
 >>> 地球非球形引力分量 (地固系), 带谐:   -1.7430577017969040E-011   1.8727902809717214E-011  -1.6057829508229922E-011
 >>> 地球非球形引力分量 (地固系), 田谐:    5.3961537713329000E-014   2.0915748103636531E-013  -3.2561723116652479E-014
 >>> 卫星在地固系坐标为:    114062.39079222622       -122945.64622306095        30992.947606889928     
 >>> 地球非球形引力分量 (地固系), 带谐:   -1.7378056181390092E-011   1.8731470842247835E-011  -1.6036975124490103E-011
 >>> 地球非球形引力分量 (地固系), 田谐:    5.4970814498200469E-014   2.0837284897026662E-013  -3.2279693891401540E-014
 >>> 卫星在地固系坐标为:    113862.42719483655       -123223.44216896164        31005.406816097395     
 >>> 地球非球形引力分量 (地固系), 带谐:   -1.7312503868163079E-011   1.8735823324300774E-011  -1.6010957117691973E-011
 >>> 地球非球形引力分量 (地固系), 田谐:    5.6225814881926057E-014   2.0738755198998154E-013  -3.1927635248479484E-014
 >>> 卫星在地固系坐标为:    113862.42640501371       -123223.44078081717        31005.406527127096     
 >>> 地球非球形引力分量 (地固系), 带谐:   -1.7312504551090598E-011   1.8735823982273779E-011  -1.6010957710939307E-011
 >>> 地球非球形引力分量 (地固系), 田谐:    5.6225815558457051E-014   2.0738756030155037E-013  -3.1927636691644741E-014
 >>> 卫星在地固系坐标为:    113499.14438425790       -123725.01441970869        31027.933289133500     
 >>> 地球非球形引力分量 (地固系), 带谐:   -1.7194241020475996E-011   1.8743381104196221E-011  -1.5964043195521725E-011
 >>> 地球非球形引力分量 (地固系), 田谐:    5.8476416808738277E-014   2.0559325949640698E-013  -3.1292385863365351E-014
 >>> 卫星在地固系坐标为:    113316.65258924985       -123975.41371034097        31039.188406057991     
 >>> 地球非球形引力分量 (地固系), 带谐:   -1.7135254842069730E-011   1.8747026668516781E-011  -1.5940664090968016E-011
 >>> 地球非球形引力分量 (地固系), 田谐:    5.9592719740695568E-014   2.0469024719445489E-013  -3.0975442090528741E-014
 >>> 卫星在地固系坐标为:    112395.96547963546       -125223.77842048131        31095.455023328977     
 >>> 地球非球形引力分量 (地固系), 带谐:   -1.6841615505795178E-011   1.8763758283857195E-011  -1.5824395074263106E-011
 >>> 地球非球形引力分量 (地固系), 田谐:    6.5083182490784152E-014   2.0011608422182194E-013  -2.9397375411950320E-014
 >>> 卫星在地固系坐标为:    112230.84251482243       -125445.05704219814        31105.453386882993     
 >>> 地球非球形引力分量 (地固系), 带谐:   -1.6789644750231721E-011   1.8766480730400785E-011  -1.5803839949957508E-011
 >>> 地球非球形引力分量 (地固系), 田谐:    6.6043327561030002E-014   1.9929288251977608E-013  -2.9118019265728922E-014
 >>> 卫星在地固系坐标为:    112023.82501669724       -125721.37321486601        31117.949027183851     
 >>> 地球非球形引力分量 (地固系), 带谐:   -1.6724780443367944E-011   1.8769778337277361E-011  -1.5778195312897537E-011
 >>> 地球非球形引力分量 (地固系), 田谐:    6.7236713592944703E-014   1.9825973145248669E-013  -2.8769337839548512E-014
 >>> 卫星在地固系坐标为:    112023.82424998491       -125721.37181081710        31117.948737590770     
 >>> 地球非球形引力分量 (地固系), 带谐:   -1.6724781103248259E-011   1.8769778996687709E-011  -1.5778195896391539E-011
 >>> 地球非球形引力分量 (地固系), 田谐:    6.7236714728906439E-014   1.9825973947202100E-013  -2.8769339165849094E-014
 >>> 卫星在地固系坐标为:    111647.74986860240       -126220.26504906206        31140.543186470812     
 >>> 地球非球形引力分量 (地固系), 带谐:   -1.6607753729943441E-011   1.8775435063671753E-011  -1.5731950968972347E-011
 >>> 地球非球形引力分量 (地固系), 田谐:    6.9375513494460928E-014   1.9637977485570317E-013  -2.8140247134531493E-014
 >>> 卫星在地固系坐标为:    111458.85883241046       -126469.30191355286        31151.832130728017     
 >>> 地球非球形引力分量 (地固系), 带谐:   -1.6549385792123174E-011   1.8778132937597233E-011  -1.5708905545022479E-011
 >>> 地球非球形引力分量 (地固系), 田谐:    7.0435655860508049E-014   1.9543441349120388E-013  -2.7826429313749112E-014
 >>> 卫星在地固系坐标为:    110506.14132878401       -127710.63702533521        31208.267867282979     
 >>> 地球非球形引力分量 (地固系), 带谐:   -1.6258845026338154E-011   1.8790154380940207E-011  -1.5594296298425080E-011
 >>> 地球非球形引力分量 (地固系), 田谐:    7.5642694591845268E-014   1.9065344735417696E-013  -2.6264483421807306E-014
 >>> 卫星在地固系坐标为:    110335.31848780547       -127930.62767975887        31218.296287636989     
 >>> 地球非球形引力分量 (地固系), 带谐:   -1.6207426163431155E-011   1.8792044384140277E-011  -1.5574034645477595E-011
 >>> 地球非球形引力分量 (地固系), 田谐:    7.6552010834854895E-014   1.8979434262566609E-013  -2.5988077090138043E-014
 >>> 卫星在地固系坐标为:    110121.17388231200       -128205.31759301525        31230.829494307549     
 >>> 地球非球形引力分量 (地固系), 带谐:   -1.6143252128631224E-011   1.8794303521928943E-011  -1.5548756160333071E-011
 >>> 地球非球形引力分量 (地固系), 田谐:    7.7681678335977542E-014   1.8871667973299903E-013  -2.5643118151563157E-014
 >>> 卫星在地固系坐标为:    110121.17313898339       -128205.31617302813        31230.829204022459     
 >>> 地球非球形引力分量 (地固系), 带谐:   -1.6143252765906490E-011   1.8794304182557673E-011  -1.5548756734369519E-011
 >>> 地球非球形引力分量 (地固系), 田谐:    7.7681679911627362E-014   1.8871668744445236E-013  -2.5643119362460270E-014
 >>> 卫星在地固系坐标为:    109732.23239509189       -128701.18666557192        31253.489927661412     
 >>> 地球非球形引力分量 (地固系), 带谐:   -1.6027483575658100E-011   1.8798087949429380E-011  -1.5503175472858917E-011
 >>> 地球非球形引力分量 (地固系), 田谐:    7.9704593438275370E-014   1.8675741668405448E-013  -2.5020904983335646E-014
 >>> 卫星在地固系坐标为:    109536.90568872892       -128948.68957014434        31264.811994400396     
 >>> 地球非球形引力分量 (地固系), 带谐:   -1.5969744855968797E-011   1.8799852515448817E-011  -1.5480460772552863E-011
 >>> 地球非球形引力分量 (地固系), 田谐:    8.0706559877390876E-014   1.8577289847941192E-013  -2.4710571464208198E-014
 >>> 卫星在地固系坐标为:    108551.98122213074       -130182.13373759284        31321.413327277372     
 >>> 地球非球形引力分量 (地固系), 带谐:   -1.5682357138935984E-011   1.8807235864299820E-011  -1.5367496534694824E-011
 >>> 地球非球形引力分量 (地固系), 田谐:    8.5620365376990880E-014   1.8080122409035383E-013  -2.3166526819912299E-014
 >>> 卫星在地固系坐标为:    108375.42809977521       -130400.68266350390        31331.471178780677     
 >>> 地球非球形引力分量 (地固系), 带谐:   -1.5631499784547127E-011   1.8808306261847075E-011  -1.5347525733731298E-011
 >>> 地球非球形引力分量 (地固系), 田谐:    8.6477155617907189E-014   1.7990910027543807E-013  -2.2893384855598330E-014
 >>> 卫星在地固系坐标为:    108154.11880586708       -130673.55384602495        31344.041170116343     
 >>> 地球非球形引力分量 (地固系), 带谐:   -1.5568028013104971E-011   1.8809542986508434E-011  -1.5322610128398024E-011
 >>> 地球非球形引力分量 (地固系), 田谐:    8.7541002988990078E-014   1.7879053982818235E-013  -2.2552540755911097E-014
 >>> 卫星在地固系坐标为:    108154.11808654097       -130673.55241073060        31344.040879203698     
 >>> 地球非球形引力分量 (地固系), 带谐:   -1.5568028627921029E-011   1.8809543647839618E-011  -1.5322610693003823E-011
 >>> 地球非球形引力分量 (地固系), 田谐:    8.7541004983146360E-014   1.7879054721306262E-013  -2.2552541852409627E-014
 >>> 卫星在地固系坐标为:    107752.23131307977       -131166.06988201910        31366.767287821476     
 >>> 地球非球形引力分量 (地固系), 带谐:   -1.5453534841437533E-011   1.8811484516239089E-011  -1.5277685445682988E-011
 >>> 地球非球形引力分量 (地固系), 田谐:    8.9444376305771338E-014   1.7675846810772881E-013  -2.1937888598262601E-014
 >>> 卫星在地固系坐标为:    107550.42963353523       -131411.87330640946        31378.122182751329     
 >>> 地球非球形引力分量 (地固系), 带谐:   -1.5396433925757211E-011   1.8812330469679826E-011  -1.5255297653141188E-011
 >>> 地球非球形引力分量 (地固系), 田谐:    9.0386364498810033E-014   1.7573805360214753E-013  -2.1631380033560559E-014
 >>> 卫星在地固系坐标为:    106533.10684082167       -132636.59507727050        31434.887641137339     
 >>> 地球非球形引力分量 (地固系), 带谐:   -1.5112241867307769E-011   1.8815149249883790E-011  -1.5143959415298421E-011
 >>> 地球非球形引力分量 (地固系), 田谐:    9.4998194251874208E-014   1.7059208941831918E-013  -2.0106928480334436E-014
 >>> 卫星在地固系坐标为:    106350.79033065787       -132853.55379341956        31444.974662636323     
 >>> 地球非球形引力分量 (地固系), 带谐:   -1.5061953544080375E-011   1.8815413117109935E-011  -1.5124276100481695E-011
 >>> 地球非球形引力分量 (地固系), 田谐:    9.5800951153418153E-014   1.6966988486604666E-013  -1.9837349667344640E-014
 >>> 卫星在地固系坐标为:    106122.27535110821       -133124.42036670537        31457.581112373700     
 >>> 地球非球形引力分量 (地固系), 带谐:   -1.4999193416596991E-011   1.8815643774563358E-011  -1.5099719173490959E-011
 >>> 地球非球形引力分量 (地固系), 田谐:    9.6797114205263618E-014   1.6851410780271086E-013  -1.9500993031022021E-014
 >>> 卫星在地固系坐标为:    106122.27465630816       -133124.41891659735        31457.580820866049     
 >>> 地球非球形引力分量 (地固系), 带谐:   -1.4999194009182671E-011   1.8815644436161346E-011  -1.5099719728758654E-011
 >>> 地球非球形引力分量 (地固系), 田谐:    9.6797116595989819E-014   1.6851411484474551E-013  -1.9500994014436833E-014
 >>> 卫星在地固系坐标为:    105707.31958737712       -133613.30562366400        31480.375069237281     
 >>> 地球非球形引力分量 (地固系), 带谐:   -1.4885978794815360E-011   1.8815772095847897E-011  -1.5055437534380273E-011
 >>> 地球非球形引力分量 (地固系), 田谐:    9.8577853760789722E-014   1.6641565675223384E-013  -1.8894499622009781E-014
 >>> 卫星在地固系坐标为:    105498.98213405616       -133857.27021512375        31491.763868336977     
 >>> 地球非球形引力分量 (地固系), 带谐:   -1.4829517276492452E-011   1.8815714247526428E-011  -1.5033370196818074E-011
 >>> 地球非球形引力分量 (地固系), 田谐:    9.9458342295001170E-014   1.6536256994632191E-013  -1.8592113937728309E-014
 >>> 卫星在地固系坐标为:    104448.96038338974       -135072.56793184052        31548.698830616591     
 >>> 地球非球形引力分量 (地固系), 带谐:   -1.4548528843451395E-011   1.8814042220260685E-011  -1.4923625908826316E-011
 >>> 地球非球形引力分量 (地固系), 田谐:    1.0376084138025844E-013   1.6005852870233229E-013  -1.7088735216085776E-014
 >>> 卫星在地固系坐标为:    104260.82763097866       -135287.81085250148        31558.815977503884     
 >>> 地球非球形引力分量 (地固系), 带谐:   -1.4498810970907557E-011   1.8813512618189669E-011  -1.4904224421960143E-011
 >>> 地球非球形引力分量 (地固系), 田谐:    1.0450830134125873E-013   1.5910914123302084E-013  -1.6822980895429871E-014
 >>> 卫星在地固系坐标为:    104025.04115382493       -135556.51547373977        31571.460079466953     
 >>> 地球非球形引力分量 (地固系), 带谐:   -1.4436764263957646E-011   1.8812753512339755E-011  -1.4880019117644318E-011
 >>> 地球非球形引力分量 (地固系), 田谐:    1.0543521925453670E-013   1.5791977620727452E-013  -1.6491437666696676E-014
 >>> 卫星在地固系坐标为:    104025.04048382415       -135556.51400879721        31571.459787291158     
 >>> 地球非球形引力分量 (地固系), 带谐:   -1.4436764834755527E-011   1.8812754174016022E-011  -1.4880019663864204E-011
 >>> 地球非球形引力分量 (地固系), 田谐:    1.0543522202014282E-013   1.5791978289394533E-013  -1.6491438538804602E-014
 >>> 卫星在地固系坐标为:    103596.94898243908       -136041.42468661684        31594.321256307834     
 >>> 地球非球形引力分量 (地固系), 带谐:   -1.4324845253652234E-011   1.8811097970197094E-011  -1.4836373230614702E-011
 >>> 地球非球形引力分量 (地固系), 田谐:    1.0709033454910914E-013   1.5576177864097095E-013  -1.5893764516350991E-014
 >>> 卫星在地固系坐标为:    103382.04225898287       -136283.37743586491        31605.743650647197     
 >>> 地球非球形引力分量 (地固系), 带谐:   -1.4269031638081750E-011   1.8810150988364943E-011  -1.4814622711378459E-011
 >>> 地球非球形引力分量 (地固系), 田谐:    1.0790785570471365E-013   1.5467944513341932E-013  -1.5595831294701392E-014
 >>> 卫星在地固系坐标为:    102299.15960368850       -137488.38227923153        31662.846572837054     
 >>> 地球非球形引力分量 (地固系), 带谐:   -1.3991289026813375E-011   1.8804061555832915E-011  -1.4706454255309718E-011
 >>> 地球非球形引力分量 (地固系), 田谐:    1.1189396818414173E-013   1.4923454509494883E-013  -1.4115160927966942E-014
 >>> 卫星在地固系坐标为:    102105.18280195889       -137701.75429237873        31672.993570964303     
 >>> 地球非球形引力分量 (地固系), 带谐:   -1.3942149052520672E-011   1.8802751539671011E-011  -1.4687331387918459E-011
 >>> 地球非球形引力分量 (地固系), 田谐:    1.1258492600179431E-013   1.4826105080294920E-013  -1.3853519707860670E-014
 >>> 卫星在地固系坐标为:    101862.09048971267       -137968.10279520258        31685.674982653636     
 >>> 地球非球形引力分量 (地固系), 带谐:   -1.3880825053032109E-011   1.8801018991381976E-011  -1.4663473701077251E-011
 >>> 地球非球形引力分量 (地固系), 田谐:    1.1344111318136232E-013   1.4704194905753625E-013  -1.3527149729361968E-014
 >>> 卫星在地固系坐标为:    101862.08984503668       -137968.10131595048        31685.674689843534     
 >>> 地球非球形引力分量 (地固系), 带谐:   -1.3880825602269063E-011   1.8801019652712469E-011  -1.4663474238333546E-011
 >>> 地球非球形引力分量 (地固系), 田谐:    1.1344111629867625E-013   1.4704195537501441E-013  -1.3527150491695610E-014
 >>> 卫星在地固系坐标为:    101420.78673701755       -138448.70095181561        31708.603545766673     
 >>> 地球非球形引力分量 (地固系), 带谐:   -1.3770214472819521E-011   1.8797609118663174E-011  -1.4620454809384181E-011
 >>> 地球非球形引力分量 (地固系), 田谐:    1.1496803913504839E-013   1.4483131371776650E-013  -1.2938923949153435E-014
 >>> 卫星在地固系坐标为:    101199.27368458248       -138688.47395313031        31720.059618524690     
 >>> 地球非球形引力分量 (地固系), 带谐:   -1.3715055153335847E-011   1.8795787757604716E-011  -1.4599016744357868E-011
 >>> 地球非球形引力分量 (地固系), 田谐:    1.1572133784488686E-013   1.4372319539955126E-013  -1.2645755577785618E-014
 >>> 卫星在地固系坐标为:    100083.35001105357       -139882.34235617940        31777.330916571336     
 >>> 地球非球形引力分量 (地固系), 带谐:   -1.3440590091618094E-011   1.8785354651469492E-011  -1.4492402405533837E-011
 >>> 地球非球形引力分量 (地固系), 田谐:    1.1938506998781709E-013   1.3815481939045080E-013  -1.1189343209289258E-014
 >>> 卫星在地固系坐标为:    99883.498056244163       -140093.69279543462        31787.507839910224     
 >>> 地球非球形引力分量 (地固系), 带谐:   -1.3392033617776090E-011   1.8783277318725928E-011  -1.4473554317115851E-011
 >>> 地球非球形引力分量 (地固系), 田谐:    1.2001850909996184E-013   1.3716032068929496E-013  -1.0932088444636751E-014
 >>> 卫星在地固系坐标为:    99633.061420164027       -140357.49655305338        31800.226653805676     
 >>> 地球非球形引力分量 (地固系), 带谐:   -1.3331439312438012E-011   1.8780587695201207E-011  -1.4450039455701392E-011
 >>> 地球非球形引力分量 (地固系), 田谐:    1.2080271566105546E-013   1.3591536511999032E-013  -1.0611232497395185E-014
 >>> 卫星在地固系坐标为:    99633.060801262865       -140357.49505987979        31800.226360364832     
 >>> 地球非球形引力分量 (地固系), 带谐:   -1.3331439840404740E-011   1.8780588355837970E-011  -1.4450039984134034E-011
 >>> 地球非球形引力分量 (地固系), 田谐:    1.2080271910660893E-013   1.3591537105648827E-013  -1.0611233151705819E-014
 >>> 卫星在地固系坐标为:    99178.493948423376       -140833.42479891024        31823.221948702885     
 >>> 地球非球形引力分量 (地固系), 带谐:   -1.3222153634196748E-011   1.8775453280119978E-011  -1.4407640423950246E-011
 >>> 地球非球形引力分量 (地固系), 田谐:    1.2219920281239787E-013   1.3365920763425483E-013  -1.0033088219409950E-014
 >>> 卫星在地固系坐标为:    98950.349105671470       -141070.83827180762        31834.711373280072     
 >>> 地球非球形引力分量 (地固系), 带谐:   -1.3167656819844696E-011   1.8772772430213759E-011  -1.4386511254465375E-011
 >>> 地球非球形引力分量 (地固系), 田谐:    1.2288718308235037E-013   1.3252886860250805E-013  -9.7450004779633460E-015
 >>> 卫星在地固系坐标为:    97801.263094124180       -142252.66771583408        31892.149414878339     
 >>> 地球非球形引力分量 (地固系), 带谐:   -1.2896510017781844E-011   1.8758070153836949E-011  -1.4281433303989730E-011
 >>> 地球非球形引力分量 (地固系), 田谐:    1.2622334901718418E-013   1.2685489773422589E-013  -8.3144115331882356E-015
 >>> 卫星在地固系坐标为:    97595.515468897429       -142461.83551514326        31902.355973591002     
 >>> 地球非球形引力分量 (地固系), 带谐:   -1.2848544225437567E-011   1.8755238755172795E-011  -1.4262856855047061E-011
 >>> 地球非球形引力分量 (地固系), 田谐:    1.2679839864725714E-013   1.2584258334813575E-013  -8.0618191717551333E-015
 >>> 卫星在地固系坐标为:    97337.709314056687       -142722.89293330791        31915.111827588018     
 >>> 地球非球形引力分量 (地固系), 带谐:   -1.2788688567322040E-011   1.8751608621302713E-011  -1.4239680900001014E-011
 >>> 地球非球形引力分量 (地固系), 田谐:    1.2750955782907966E-013   1.2457576377289282E-013  -7.7468211912411982E-015
 >>> 卫星在地固系坐标为:    97337.708721439194       -142722.89142677671        31915.111533551499     
 >>> 地球非球形引力分量 (地固系), 带谐:   -1.2788689074257785E-011   1.8751609280834443E-011  -1.4239681419692540E-011
 >>> 地球非球形引力分量 (地固系), 田谐:    1.2750956157851936E-013   1.2457576931737607E-013  -7.7468217393380727E-015
 >>> 卫星在地固系坐标为:    96869.793744857758       -143193.82762620380        31938.175217119518     
 >>> 地球非球形引力分量 (地固系), 带谐:   -1.2680734355253459E-011   1.8744779143666077E-011  -1.4197890949084540E-011
 >>> 地球非球形引力分量 (地固系), 田谐:    1.2877385883690035E-013   1.2228111083597367E-013  -7.1793269873170403E-015
 >>> 卫星在地固系坐标为:    96634.975395400514       -143428.71930935048        31949.698674099931     
 >>> 地球非球形引力分量 (地固系), 带谐:   -1.2626903326296104E-011   1.8741253521546686E-011  -1.4177065306941456E-011
 >>> 地球非球形引力分量 (地固系), 田谐:    1.2939567440081580E-013   1.2113206885040512E-013  -6.8966029970538470E-015
 >>> 卫星在地固系坐标为:    95452.523170551984       -144597.69403222387        32007.306861286383     
 >>> 地球非球形引力分量 (地固系), 带谐:   -1.2359091079953183E-011   1.8722355482445683E-011  -1.4073497066995956E-011
 >>> 地球非球形引力分量 (地固系), 田谐:    1.3240032318388183E-013   1.1537013368371520E-013  -5.4932408300873915E-015
 >>> 卫星在地固系坐标为:    95240.844465364804       -144804.53339238217        32017.543659731989     
 >>> 地球非球形引力分量 (地固系), 带谐:   -1.2311718851948376E-011   1.8718783034970976E-011  -1.4055187545123040E-011
 >>> 地球非球形引力分量 (地固系), 田谐:    1.3291632965252696E-013   1.1434314460565460E-013  -5.2455582343015216E-015
 >>> 卫星在地固系坐标为:    94975.624883805824       -145062.66189712033        32030.337309036135     
 >>> 地球非球形引力分量 (地固系), 带谐:   -1.2252605438521043E-011   1.8714228648260862E-011  -1.4032344619008774E-011
 >>> 地球非球形引力分量 (地固系), 田谐:    1.3355364503656047E-013   1.1305838982693850E-013  -4.9367265161376643E-015
 >>> 卫星在地固系坐标为:    94975.624317820693       -145062.66037741199        32030.337014361528     
 >>> 地球非球形引力分量 (地固系), 带谐:   -1.2252605924800865E-011   1.8714229306457464E-011  -1.4032345130176809E-011
 >>> 地球非球形引力分量 (地固系), 田谐:    1.3355364906612059E-013   1.1305839497119212E-013  -4.9367269600852063E-015
 >>> 卫星在地固系坐标为:    94494.308684732780       -145528.24529367391        32053.468862417547     
 >>> 地球非球形引力分量 (地固系), 带谐:   -1.2145995300037404E-011   1.8705733794581840E-011  -1.3991155529613492E-011
 >>> 地球非球形引力分量 (地固系), 田谐:    1.3468430264945316E-013   1.1073248033592391E-013  -4.3804695805182611E-015
 >>> 卫星在地固系坐标为:    94252.791166807903       -145760.43593195980        32065.026386551290     
 >>> 地球非球形引力分量 (地固系), 带谐:   -1.2092836343334628E-011   1.8701378232277122E-011  -1.3970629318165406E-011
 >>> 地球非球形引力分量 (地固系), 田谐:    1.3523925377861774E-013   1.0956835816288058E-013  -4.1034016364602865E-015
 >>> 卫星在地固系坐标为:    93036.850225964474       -146915.65586352671        32122.804893205386     
 >>> 地球非球形引力分量 (地固系), 带谐:   -1.1828389822808918E-011   1.8678358568747662E-011  -1.3868550402604838E-011
 >>> 地球非球形引力分量 (地固系), 田谐:    1.3790918258825163E-013   1.0373660217800768E-013  -2.7287138855144945E-015
 >>> 卫星在地固系坐标为:    92819.219693764244       -147120.00611339562        32133.071962360726     
 >>> 地球非球形引力分量 (地固系), 带谐:   -1.1781616658474898E-011   1.8674058245039931E-011  -1.3850504201837685E-011
 >>> 地球非球形引力分量 (地固系), 田谐:    1.3836562786284062E-013   1.0269816844730412E-013  -2.4861960162402857E-015
 >>> 卫星在地固系坐标为:    92546.561195066461       -147375.00458692617        32145.903445729869     
 >>> 地球非球形引力分量 (地固系), 带谐:   -1.1723252346743044E-011   1.8668596067371230E-011  -1.3827989805067957E-011
 >>> 地球非球形引力分量 (地固系), 田谐:    1.3892847367914076E-013   1.0139951766961379E-013  -2.1838482431657884E-015
 >>> 卫星在地固系坐标为:    92546.560656161659       -147375.00305448935        32145.903150424561     
 >>> 地球非球形引力分量 (地固系), 带谐:   -1.1723252812655301E-011   1.8668596723897777E-011  -1.3827990307838936E-011
 >>> 地球非球形引力分量 (地固系), 田谐:    1.3892847796412789E-013   1.0139952240579978E-013  -2.1838485850283221E-015
 >>> 卫星在地固系坐标为:    92051.797463283307       -147834.87440613349        32169.103337495042     
 >>> 地球非球形引力分量 (地固系), 带谐:   -1.1617998129068993E-011   1.8658465576912668E-011  -1.3787393267934963E-011
 >>> 地球非球形引力分量 (地固系), 田谐:    1.3992442466198855E-013   9.9049649429911155E-014  -1.6393974529790307E-015
 >>> 卫星在地固系坐标为:    91803.557926669819       -148064.18248870646        32180.695016089929     
 >>> 地球非球形引力分量 (地固系), 带谐:   -1.1565517150460751E-011   1.8653294933404807E-011  -1.3767162346094846E-011
 >>> 地球非球形引力分量 (地固系), 田谐:    1.4041200890276212E-013   9.7874097706313204E-014  -1.3682686396675926E-015
 >>> 卫星在地固系坐标为:    90554.020027935650       -149204.73625660827        32238.644278797732     
 >>> 地球非球形引力分量 (地固系), 带谐:   -1.1304465639871825E-011   1.8626227900192948E-011  -1.3666552150674296E-011
 >>> 地球非球形引力分量 (地固系), 田谐:    1.4274500306694609E-013   9.1990788356075093E-014  -2.3656585395399513E-017
 >>> 卫星在地固系坐标为:    90330.419479576332       -149406.43472030919        32248.941696301488     
 >>> 地球非球形引力分量 (地固系), 带谐:   -1.1258296704988359E-011   1.8621212891588851E-011  -1.3648765627012594E-011
 >>> 地球非球形引力分量 (地固系), 田谐:    1.4314154509970490E-013   9.0944159331948735E-014   2.1344990232131050E-016
 >>> 卫星在地固系坐标为:    90050.299778351327       -149658.09954229862        32261.811110798222     
 >>> 地球非球形引力分量 (地固系), 带谐:   -1.1200687935501133E-011   1.8614859407680041E-011  -1.3626575212771450E-011
 >>> 地球非球形引力分量 (地固系), 田谐:    1.4362951568490260E-013   8.9635674748087922E-014   5.0900645888889524E-016
 >>> 卫星在地固系坐标为:    90050.299266962000       -149658.09799757547        32261.810814865552     
 >>> 地球非球形引力分量 (地固系), 带谐:   -1.1200688381343063E-011   1.8614860062217952E-011  -1.3626575707277029E-011
 >>> 地球非球形引力分量 (地固系), 田谐:    1.4362952020041997E-013   8.9635679069824223E-014   5.0900621693672004E-016
 >>> 卫星在地固系坐标为:    89542.070479536036       -150111.86825122972        32285.078560643429     
 >>> 地球非球形引力分量 (地固系), 带谐:   -1.1096805482711546E-011   1.8603123578776451E-011  -1.3586564663817528E-011
 >>> 地球非球形引力分量 (地固系), 田谐:    1.4449005468622460E-013   8.7269291402402036E-014   1.0410767765135844E-015
 >>> 卫星在地固系坐标为:    89287.100605301282       -150338.09969922079        32296.704004282616     
 >>> 地球非球形引力分量 (地固系), 带谐:   -1.1045010375003195E-011   1.8597153000593344E-011  -1.3566625757463294E-011
 >>> 地球非球形引力分量 (地固系), 田谐:    1.4490994959482865E-013   8.6086032170786503E-014   1.3059807807365283E-015
 >>> 卫星在地固系坐标为:    88003.931015239476       -151463.01371200921        32354.822076749060     
 >>> 地球非球形引力分量 (地固系), 带谐:   -1.0787392974392399E-011   1.8566114389984351E-011  -1.3467467967834307E-011
 >>> 地球非球形引力分量 (地固系), 田谐:    1.4690470530541555E-013   8.0169777955313330E-014   2.6191043281859673E-015
 >>> 卫星在地固系坐标为:    87774.355484962871       -151661.88675909911        32365.149496992090     
 >>> 地球非球形引力分量 (地固系), 带谐:   -1.0741835159594501E-011   1.8560398177328978E-011  -1.3449938231717704E-011
 >>> 地球非球形引力分量 (地固系), 田谐:    1.4724116580336342E-013   7.9118260840592932E-014   2.8505509741407340E-015
 >>> 卫星在地固系坐标为:    87486.768887716578       -151910.00066388614        32378.056410824389     
 >>> 地球非球形引力分量 (地固系), 带谐:   -1.0684990519970152E-011   1.8553170240696583E-011  -1.3428068192704078E-011
 >>> 地球非球形引力分量 (地固系), 田谐:    1.4765406094977695E-013   7.7804075740436785E-014   3.1390068932139793E-015
 >>> 卫星在地固系坐标为:    87486.768404331000       -151909.99910752528        32378.056114304251     
 >>> 地球非球形引力分量 (地固系), 带谐:   -1.0684990945989098E-011   1.8553170892854305E-011  -1.3428068679014496E-011
 >>> 地球非球形引力分量 (地固系), 田谐:    1.4765406567015950E-013   7.7804079642267146E-014   3.1390067489121351E-015
 >>> 卫星在地固系坐标为:    86965.000848747179       -152357.33127054904        32401.393556978372     
 >>> 地球非球形引力分量 (地固系), 带谐:   -1.0582482339754748E-011   1.8539858009165717E-011  -1.3388632136340530E-011
 >>> 地球非球形引力分量 (地固系), 田谐:    1.4837899121464626E-013   7.5428351888647822E-014   3.6582065387403072E-015
 >>> 卫星在地固系坐标为:    86703.264553546382       -152580.31712158673        32413.053833377329     
 >>> 地球非球形引力分量 (地固系), 带谐:   -1.0531374363890996E-011   1.8533101936159002E-011  -1.3368979522195735E-011
 >>> 地球非球形引力分量 (地固系), 田谐:    1.4873112619948250E-013   7.4240971075663679E-014   3.9166418808910619E-015
 >>> 卫星在地固系坐标为:    85386.287831470429       -153688.74189460636        32471.346052700697     
 >>> 地球非球形引力分量 (地固系), 带谐:   -1.0277197350305701E-011   1.8498163710882392E-011  -1.3271245711441611E-011
 >>> 地球非球形引力分量 (地固系), 田谐:    1.5038757398251185E-013   6.8309683969857569E-014   5.1970708400251462E-015
 >>> 卫星在地固系坐标为:    85150.707011947525       -153884.63769302313        32481.704423751875     
 >>> 地球非球形引力分量 (地固系), 带谐:   -1.0232251770933574E-011   1.8491759044736719E-011  -1.3253967744256050E-011
 >>> 地球非球形引力分量 (地固系), 田谐:    1.5066398973648000E-013   6.7256459469165035E-014   5.4226455101859660E-015
 >>> 卫星在地固系坐标为:    84855.616016007596       -154129.01054489761        32494.650021597652     
 >>> 地球非球形引力分量 (地固系), 带谐:   -1.0176172656003240E-011   1.8483672575165121E-011  -1.3232411822310123E-011
 >>> 地球非球形引力分量 (地固系), 田谐:    1.5100187622716986E-013   6.5940547946019621E-014   5.7037365902561413E-015
 >>> 卫星在地固系坐标为:    84855.615560929567       -154129.00897697473        32494.649724418246     
 >>> 地球非球形引力分量 (地固系), 带谐:   -1.0176173062606858E-011   1.8483673224803593E-011  -1.3232412300676061E-011
 >>> 地球非球形引力分量 (地固系), 田谐:    1.5100188112844311E-013   6.5940551425312643E-014   5.7037365412033904E-015
 >>> 卫星在地固系坐标为:    84320.287771443880       -154569.51825680313        32518.056944669963     
 >>> 地球非球形引力分量 (地固系), 带谐:   -1.0075050426247583E-011   1.8468813757126262E-011  -1.3193542509491598E-011
 >>> 地球非球形引力分量 (地固系), 田谐:    1.5159130454852463E-013   6.3562873997872281E-014   6.2095438141432699E-015
 >>> 卫星在地固系坐标为:    84051.774996729597       -154789.06577010808        32529.752094285879     
 >>> 地球非球形引力分量 (地固系), 带谐:   -1.0024635401568045E-011   1.8461287088286302E-011  -1.3174172325253300E-011
 >>> 地球非球形引力分量 (地固系), 田谐:    1.5187576272224792E-013   6.2375063965632991E-014   6.4612511057421568E-015
 >>> 卫星在地固系坐标为:    82700.947562254310       -155880.03405418480        32588.218662876414     
 >>> 地球非球形引力分量 (地固系), 带谐:   -9.7739276061923269E-012   1.8422523719568217E-011  -1.3077843273552369E-011
 >>> 地球非球形引力分量 (地固系), 田谐:    1.5319462071046575E-013   5.6447173111160700E-014   7.7077040831307154E-015
 >>> 卫星在地固系坐标为:    82459.354883544613       -156072.78004220792        32598.608020782300     
 >>> 地球非球形引力分量 (地固系), 带谐:   -9.7295993440722053E-012   1.8415443832549615E-011  -1.3060813675648269E-011
 >>> 地球非球形引力分量 (地固系), 田谐:    1.5341117182203888E-013   5.5395511166527139E-014   7.9271816761955874E-015
 >>> 卫星在地固系坐标为:    82156.751774693155       -156313.19588725219        32611.592347735204     
 >>> 地球非球形引力分量 (地固系), 带谐:   -9.6742920873310891E-012   1.8406515367898092E-011  -1.3039567628628196E-011
 >>> 地球非球形引力分量 (地固系), 田谐:    1.5367429696951722E-013   5.4081957655391405E-014   8.2006276940967122E-015
 >>> 卫星在地固系坐标为:    82156.751348355509       -156313.19430827009        32611.592049903662     
 >>> 地球非球形引力分量 (地固系), 带谐:   -9.6742924748107414E-012   1.8406516014710896E-011  -1.3039568099167080E-011
 >>> 地球非球形引力分量 (地固系), 田谐:    1.5367430202645611E-013   5.4081960709772950E-014   8.2006277378596812E-015
 >>> 卫星在地固系坐标为:    81607.870908670680       -156746.47392392516        32635.068278288065     
 >>> 地球非球形引力分量 (地固系), 带谐:   -9.5745707894200685E-012   1.8390140483583597E-011  -1.3001258783917543E-011
 >>> 地球非球形引力分量 (地固系), 田谐:    1.5412871940093577E-013   5.1709796358981328E-014   8.6925215072193150E-015
 >>> 卫星在地固系坐标为:    81332.586209636589       -156962.37942532945        32646.797917128824     
 >>> 地球非球形引力分量 (地固系), 带谐:   -9.5248561770217289E-012   1.8381858476452073E-011  -1.2982167899424710E-011
 >>> 地球非球形引力分量 (地固系), 田谐:    1.5434577922090456E-013   5.0525283918086574E-014   8.9372418668680902E-015
 >>> 卫星在地固系坐标为:    79947.938296304375       -158034.86996130020        32705.436915808063     
 >>> 地球非球形引力分量 (地固系), 带谐:   -9.2776545301205016E-012   1.8339346310338008E-011  -1.2887228009824947E-011
 >>> 地球非球形引力分量 (地固系), 田谐:    1.5532874938691883E-013   4.4619372553762763E-014   1.0148441415655586E-014
 >>> 卫星在地固系坐标为:    79700.340451428550       -158224.28408659188        32715.856919776623     
 >>> 地球非球形引力分量 (地固系), 带谐:   -9.2339500888404117E-012   1.8331604781393476E-011  -1.2870444018706834E-011
 >>> 地球非球形引力分量 (地固系), 田谐:    1.5548579203722045E-013   4.3572567363998947E-014   1.0361597768043644E-014
 >>> 卫星在地固系坐标为:    79390.234160992855       -158460.51515147780        32728.879550064354     
 >>> 地球非球形引力分量 (地固系), 带谐:   -9.1794227941709153E-012   1.8321851297325234E-011  -1.2849504397937368E-011
 >>> 地球非球形引力分量 (地固系), 田谐:    1.5567462371853116E-013   4.2265485307372998E-014   1.0627119766447372E-014
 >>> 卫星在地固系坐标为:    79390.233763862940       -158460.51356212742        32728.879251620252     
 >>> 地球非球形引力分量 (地固系), 带谐:   -9.1794231627811367E-012   1.8321851940943457E-011  -1.2849504860715255E-011
 >>> 地球非球形引力分量 (地固系), 田谐:    1.5567462890537443E-013   4.2265487935607282E-014   1.0627119900482097E-014
 >>> 卫星在地固系坐标为:    78827.819944633346       -158886.15144354699        32752.423697162496     
 >>> 地球非球形引力分量 (地固系), 带谐:   -9.0811169449424653E-012   1.8303991195039014E-011  -1.2811749772818452E-011
 >>> 地球非球形引力分量 (地固系), 田谐:    1.5599496192993376E-013   3.9906262568271195E-014   1.1104600262418398E-014
 >>> 卫星在地固系坐标为:    78545.773740327888       -159098.20863454943        32764.187430482980     
 >>> 地球非球形引力分量 (地固系), 带谐:   -9.0321099731962220E-012   1.8294969270739644E-011  -1.2792935071450189E-011
 >>> 地球非球形引力分量 (地固系), 田谐:    1.5614511454038863E-013   3.8728754323798731E-014   1.1342085402144487E-014
 >>> 卫星在地固系坐标为:    77127.365135203450       -160151.18722149235        32822.996886320187     
 >>> 地球非球形引力分量 (地固系), 带谐:   -8.7884502389498347E-012   1.8248785462040939E-011  -1.2699368815251426E-011
 >>> 地球非球形引力分量 (地固系), 田谐:    1.5679496066151540E-013   3.2863286586191160E-014   1.2516807553297810E-014
 >>> 卫星在地固系坐标为:    76873.774104949422       -160337.08516661884        32833.447186009907     
 >>> 地球非球形引力分量 (地固系), 带谐:   -8.7453759136115770E-012   1.8240396012826391E-011  -1.2682827680650938E-011
 >>> 地球非球形引力分量 (地固系), 田谐:    1.5689303948619827E-013   3.1824608015461132E-014   1.2723428101881663E-014
 >>> 卫星在地固系坐标为:    76556.180192075582       -160568.90086028166        32846.507681926894     
 >>> 地球非球形引力分量 (地固系), 带谐:   -8.6916364242206229E-012   1.8229834662763844E-011  -1.2662191052780771E-011
 >>> 地球非球形引力分量 (地固系), 田谐:    1.5700828099466112E-013   3.0528079112636958E-014   1.2980759160245042E-014
 >>> 卫星在地固系坐标为:    76556.179824602557       -160568.89926127472        32846.507382910459     
 >>> 地球非球形引力分量 (地固系), 带谐:   -8.6916367742245247E-012   1.8229835302826166E-011  -1.2662191507864434E-011
 >>> 地球非球形引力分量 (地固系), 田谐:    1.5700828628571537E-013   3.0528081315041127E-014   1.2980759381887127E-014
 >>> 卫星在地固系坐标为:    75980.192827692648       -160986.52970148541        32870.122143406224     
 >>> 地球非球形引力分量 (地固系), 带谐:   -8.5947481452290569E-012   1.8210518110904382E-011  -1.2624979848247017E-011
 >>> 地球非球形引力分量 (地固系), 田谐:    1.5719590344511575E-013   2.8188870789799504E-014   1.3443405202147227E-014
 >>> 卫星在地固系坐标为:    75691.365811738768       -161194.55529414350        32881.921018762121     
 >>> 地球非球形引力分量 (地固系), 带谐:   -8.5464498797056485E-012   1.8200770628572587E-011  -1.2606435953425373E-011
 >>> 地球非球形引力分量 (地固系), 田谐:    1.5727986073516034E-013   2.7021897168108607E-014   1.3673445957274118E-014
 >>> 卫星在地固系坐标为:    74239.105904188211       -162227.10110024150        32940.906168096488     
 >>> 地球非球形引力分量 (地固系), 带谐:   -8.3063373444556721E-012   1.8150986757448302E-011  -1.2514216625279896E-011
 >>> 地球非球形引力分量 (地固系), 田谐:    1.5760042326608136E-013   2.1214445164007915E-014   1.4810659646021098E-014
 >>> 卫星在地固系坐标为:    73979.506623894296       -162409.31840187364        32951.387693683624     
 >>> 地球非球形引力分量 (地固系), 带谐:   -8.2638940713191486E-012   1.8141962074598886E-011  -1.2497913632414183E-011
 >>> 地球非球形引力分量 (地固系), 田谐:    1.5764026960785329E-013   2.0187002649489969E-014   1.5010563645054109E-014
 >>> 卫星在地固系坐标为:    73654.406696780628       -162636.51282824544        32964.487217552749     
 >>> 地球非球形引力分量 (地固系), 带谐:   -8.2109435555971000E-012   1.8130608700840107E-011  -1.2477574118110013E-011
 >>> 地球非球形引力分量 (地固系), 田谐:    1.5768285564372255E-013   1.8904907269661420E-014   1.5259478922227347E-014
 >>> 卫星在地固系坐标为:    73654.406359273926       -162636.51121971835        32964.486917894043     
 >>> 地球非球形引力分量 (地固系), 带谐:   -8.2109438873865914E-012   1.8130609337227870E-011  -1.2477574565731446E-011
 >>> 地球非球形引力分量 (地固系), 田谐:    1.5768286101545413E-013   1.8904909048701271E-014   1.5259479228821474E-014
 >>> 卫星在地固系坐标为:    73064.865580626531       -163045.72271795984        32988.171959811807     
 >>> 地球非球形引力分量 (地固系), 带谐:   -8.1154838079814971E-012   1.8109865968590717E-011  -1.2440899141398391E-011
 >>> 地球非球形引力分量 (地固系), 田谐:    1.5773948596973003E-013   1.6592924500285103E-014   1.5706844296771846E-014
 >>> 卫星在地固系坐标为:    72769.268222415980       -163249.51067177011        33000.005960636699     
 >>> 地球非球形引力分量 (地固系), 带谐:   -8.0678997075014492E-012   1.8099408054687742E-011  -1.2422622467830860E-011
 >>> 地球非球形引力分量 (地固系), 田谐:    1.5775813897630029E-013   1.5440081653531902E-014   1.5929219224374966E-014
 >>> 卫星在地固系坐标为:    71283.216976592594       -164260.59051821404        33059.166720849251     
 >>> 地球非球形引力分量 (地固系), 带谐:   -7.8313613699781981E-012   1.8046099737846578E-011  -1.2331732224501868E-011
 >>> 地球非球形引力分量 (地固系), 田谐:    1.5775416952912108E-013   9.7085262293153893E-015   1.7027834677440925E-014
 >>> 卫星在地固系坐标为:    71017.621447713173       -164438.94299191065        33069.679457753409     
 >>> 地球非球形引力分量 (地固系), 带谐:   -7.7895539006128915E-012   1.8036453258834747E-011  -1.2315664216862357E-011
 >>> 地球非球形引力分量 (地固系), 田谐:    1.5773667933515243E-013   8.6954805877316886E-015   1.7220831411281891E-014
 >>> 卫星在地固系坐标为:    70685.031081298555       -164661.28570789855        33082.817991409174     
 >>> 地球非球形引力分量 (地固系), 带谐:   -7.7373982780078843E-012   1.8024324655463570E-011  -1.2295617877223605E-011
 >>> 地球非球形引力分量 (地固系), 田谐:    1.5770775142829715E-013   7.4317618446441941E-015   1.7461093795672651E-014
 >>> 卫星在地固系坐标为:    70685.030774165352       -164661.28409043705        33082.817691119730     
 >>> 地球非球形引力分量 (地固系), 带谐:   -7.7373985918773252E-012   1.8024325287889832E-011  -1.2295618317487514E-011
 >>> 地球非球形引力分量 (地固系), 田谐:    1.5770775685601704E-013   7.4317632034621031E-015   1.7461094184442774E-014
 >>> 卫星在地固系坐标为:    70081.913930120325       -165061.69418364597        33106.575039778887     
 >>> 地球非球形引力分量 (地固系), 带谐:   -7.6433695326038429E-012   1.8002184209484343E-011  -1.2259468881541609E-011
 >>> 地球非球形引力分量 (地固系), 田谐:    1.5763551064802173E-013   5.1539140332001502E-015   1.7892791071420973E-014
 >>> 卫星在地固系坐标为:    69779.535739872648       -165261.05284489339        33118.445177451802     
 >>> 地球非球形引力分量 (地固系), 带谐:   -7.5965008360027933E-012   1.7991030074704042E-011  -1.2241454327312755E-011
 >>> 地球非球形引力分量 (地固系), 田谐:    1.5758994707756432E-013   4.0186462118929355E-015   1.8107307928356391E-014
 >>> 卫星在地固系坐标为:    68259.647147838128       -166249.70422401821        33177.786604063927     
 >>> 地球非球形引力分量 (地固系), 带谐:   -7.3635428305840329E-012   1.7934268177128386E-011  -1.2151867825786072E-011
 >>> 地球非球形引力分量 (地固系), 田谐:    1.5726716000442658E-013  -1.6199016673600133E-015   1.9166379450149643E-014
 >>> 卫星在地固系坐标为:    67988.048331188053       -166424.02002292697        33188.331450349309     
 >>> 地球非球形引力分量 (地固系), 带谐:   -7.3223722492396188E-012   1.7924012465934603E-011  -1.2136030328752584E-011
 >>> 地球非球形引力分量 (地固系), 田谐:    1.5719339679028212E-013  -2.6155282144462946E-015   1.9352303477722126E-014
 >>> 卫星在地固系坐标为:    67647.959211768946       -166641.29591136999        33201.510115992714     
 >>> 地球非球形引力分量 (地固系), 带谐:   -7.2710128725621026E-012   1.7911124323484493E-011  -1.2116271583773055E-011
 >>> 地球非球形引力分量 (地固系), 田谐:    1.5709430441186506E-013  -3.8571011683684701E-015   1.9583707308439665E-014
 >>> 卫星在地固系坐标为:    67647.958935336661       -166641.29428515150        33201.509815005753     
 >>> 地球非球形引力分量 (地固系), 带谐:   -7.2710131688844101E-012   1.7911124951832946E-011  -1.2116272016895237E-011
 >>> 地球非球形引力分量 (地固系), 田谐:    1.5709430987264681E-013  -3.8571002250451499E-015   1.9583707776658750E-014
 >>> 卫星在地固系坐标为:    67031.377541895141       -167032.43141388716        33225.336603094431     
 >>> 地球非球形引力分量 (地固系), 带谐:   -7.1784368056553850E-012   1.7887619162386331E-011  -1.2080645915062303E-011
 >>> 地球非球形引力分量 (地固系), 田谐:    1.5689571413868273E-013  -6.0935576524754873E-015   1.9999280257933039E-014
 >>> 卫星在地固系坐标为:    66722.275289758240       -167227.12494178262        33237.241446198313     
 >>> 地球非球形引力分量 (地固系), 带谐:   -7.1322942939554513E-012   1.7875785318129447E-011  -1.2062892149536544E-011
 >>> 地球非球形引力分量 (地固系), 田谐:    1.5678722543953194E-013  -7.2076358220428781E-015   2.0205712988483721E-014
 >>> 卫星在地固系坐标为:    65168.843176493087       -168192.16788792095        33296.756384523876     
 >>> 地球非球形引力分量 (地固系), 带谐:   -6.9029698944138162E-012   1.7815652615808650E-011  -1.1974602701795022E-011
 >>> 地球非球形引力分量 (地固系), 田谐:    1.5615238790499868E-013  -1.2735245295069852E-014   2.1224131754222677E-014
 >>> 卫星在地固系坐标为:    64891.295055856150       -168362.23712771558        33307.332069459429     
 >>> 地球非球形引力分量 (地固系), 带谐:   -6.8624455642550523E-012   1.7804802421813915E-011  -1.1958994520466265E-011
 >>> 地球非球形引力分量 (地固系), 田谐:    1.5602360817127140E-013  -1.3710290467000368E-014   2.1402789673421741E-014
 >>> 卫星在地固系坐标为:    64543.775410465001       -168574.18379000825        33320.549279342376     
 >>> 地球非球形引力分量 (地固系), 带谐:   -6.8118940923524567E-012   1.7791173190282731E-011  -1.1939521873981165E-011
 >>> 地球非球形引力分量 (地固系), 田谐:    1.5585594443546801E-013  -1.4925775851417234E-014   2.1625094776305731E-014
 >>> 卫星在地固系坐标为:    64543.775165221457       -168574.18215623155        33320.548977777362     
 >>> 地球非球形引力分量 (地固系), 带谐:   -6.8118943713192297E-012   1.7791173814055540E-011  -1.1939522299908194E-011
 >>> 地球非球形引力分量 (地固系), 田谐:    1.5585594990342158E-013  -1.4925775318113814E-014   2.1625095320885674E-014
 >>> 卫星在地固系坐标为:    63913.751898156472       -168955.63831014637        33344.446342516741     
 >>> 地球非球形引力分量 (地固系), 带谐:   -6.7207759516008377E-012   1.7766332864507570E-011  -1.1904410779047223E-011
 >>> 地球非球形引力分量 (地固系), 田谐:    1.5553392517684450E-013  -1.7114125128874229E-014   2.2024184853994659E-014
 >>> 卫星在地固系坐标为:    63597.937674579138       -169145.46237489308        33356.386459018060     
 >>> 地球非球形引力分量 (地固系), 带谐:   -6.6753622402695639E-012   1.7753834069710969E-011  -1.1886913442510677E-011
 >>> 地球非球形引力分量 (地固系), 田谐:    1.5536399843937198E-013  -1.8203669771706758E-014   2.2222355837163289E-014
 >>> 卫星在地固系坐标为:    62011.029980045780       -170085.87192587895        33416.077748198339     
 >>> 地球非球形引力分量 (地固系), 带谐:   -6.4496843567161190E-012   1.7690404236339259E-011  -1.1799899379198449E-011
 >>> 地球非球形引力分量 (地固系), 田谐:    1.5442481727773010E-013  -2.3603768286957196E-014   2.3199251047954994E-014
 >>> 卫星在地固系坐标为:    61727.545950956359       -170251.51182336287        33426.684776170390     
 >>> 地球非球形引力分量 (地固系), 带谐:   -6.4098085471588209E-012   1.7678972634342919E-011  -1.1784516685222561E-011
 >>> 地球非球形引力分量 (地固系), 田谐:    1.5424243790475027E-013  -2.4555311944946880E-014   2.3370491045335671E-014
 >>> 卫星在地固系坐标为:    61372.613085485988       -170457.90054307235        33439.941160585360     
 >>> 地球非球形引力分量 (地固系), 带谐:   -6.3600678061830829E-012   1.7664618647465363E-011  -1.1765325362121606E-011
 >>> 地球非球形引力分量 (地固系), 田谐:    1.5400799358637434E-013  -2.5741070903925361E-014   2.3583508925187425E-014
 >>> 卫星在地固系坐标为:    61372.612871767225       -170457.89890212711        33439.940858409194     
 >>> 地球非球形引力分量 (地固系), 带谐:   -6.3600680681390854E-012   1.7664619266490779E-011  -1.1765325781018703E-011
 >>> 地球非球形引力分量 (地固系), 田谐:    1.5400799903887060E-013  -2.5741070773360924E-014   2.3583509543206203E-014
 >>> 卫星在地固系坐标为:    60729.211214239578       -170829.24095360568        33463.908769201938     
 >>> 地球非球形引力分量 (地固系), 带谐:   -6.2704171628043025E-012   1.7638473857423600E-011  -1.1730721965273434E-011
 >>> 地球非球形引力分量 (地固系), 田谐:    1.5356585223261149E-013  -2.7874657485442888E-014   2.3965759038429685E-014
 >>> 卫星在地固系坐标为:    60406.717619963885       -171013.97876551360        33475.884143998381     
 >>> 地球非球形引力分量 (地固系), 带谐:   -6.2257370148219662E-012   1.7625325453879085E-011  -1.1713477630609069E-011
 >>> 地球非球形引力分量 (地固系), 田谐:    1.5333616798493885E-013  -2.8936356893747284E-014   2.4155491543370041E-014
 >>> 卫星在地固系坐标为:    58786.505823807267       -171928.66863850754        33535.751708731506     
 >>> 地球非球形引力分量 (地固系), 带谐:   -6.0037291540796752E-012   1.7558675173190653E-011  -1.1627721896825570E-011
 >>> 地球非球形引力分量 (地固系), 田谐:    1.5210131930224232E-013  -3.4192553016689998E-014   2.5089998557346809E-014
 >>> 卫星在地固系坐标为:    58497.117859221304       -172089.68568351516        33546.390066458654     
 >>> 地球非球形引力分量 (地固系), 带谐:   -5.9645059934539694E-012   1.7546675789072796E-011  -1.1612561673342276E-011
 >>> 地球非球形引力分量 (地固系), 田谐:    1.5186692979205162E-013  -3.5117710765051665E-014   2.5253670211511312E-014
 >>> 卫星在地固系坐标为:    58134.812376941292       -172290.27440922850        33559.685608863299     
 >>> 地球非球形引力分量 (地固系), 带谐:   -5.9155811229651179E-012   1.7531614075871152E-011  -1.1593647909067663E-011
 >>> 地球非球形引力分量 (地固系), 田谐:    1.5156771154787823E-013  -3.6270150618010147E-014   2.5457214236824509E-014
 >>> 卫星在地固系坐标为:    58134.812195111714       -172290.27276175978        33559.685306087369     
 >>> 地球非球形引力分量 (地固系), 带谐:   -5.9155813682138193E-012   1.7531614689892171E-011  -1.1593648321035117E-011
 >>> 地球非球形引力分量 (地固系), 田谐:    1.5156771696205019E-013  -3.6270150881757668E-014   2.5457214925226367E-014
 >>> 卫星在地固系坐标为:    57478.080863015442       -172651.07747858370        33583.724711432849     
 >>> 地球非球形引力分量 (地固系), 带谐:   -5.8274035845123868E-012   1.7504194514886975E-011  -1.1559544020167189E-011
 >>> 地球非球形引力分量 (地固系), 田谐:    1.5100911188962300E-013  -3.8342600574484360E-014   2.5822306120372004E-014
 >>> 卫星在地固系坐标为:    57148.933070877130       -172830.51713699743        33595.735818269684     
 >>> 地球非球形引力分量 (地固系), 带谐:   -5.7834597923900979E-012   1.7490411334891284E-011  -1.1542548607597430E-011
 >>> 地球非球形引力分量 (地固系), 田谐:    1.5072152764573864E-013  -3.9373284994854812E-014   2.6003442751391819E-014
 >>> 卫星在地固系坐标为:    55495.551110110122       -173718.42492165428        33655.782026740417     
 >>> 地球非球形引力分量 (地固系), 带谐:   -5.5651357197288261E-012   1.7420614668522575E-011  -1.1458030921838330E-011
 >>> 地球非球形引力分量 (地固系), 田谐:    1.4920055740668143E-013  -4.4469908738492695E-014   2.6894792786772445E-014
 >>> 卫星在地固系坐标为:    55200.284442013493       -173874.62974510074        33666.452134959160     
 >>> 地球非球形引力分量 (地固系), 带谐:   -5.5265676243395756E-012   1.7408060649628306E-011  -1.1443089585046865E-011
 >>> 地球非球形引力分量 (地固系), 田谐:    1.4891589926891362E-013  -4.5365926418639175E-014   2.7050762572942018E-014
 >>> 卫星在地固系坐标为:    54830.638490936624       -174069.18155805295        33679.787361125098     
 >>> 地球非球形引力分量 (地固系), 带谐:   -5.4784616321696992E-012   1.7392307635932556E-011  -1.1424448909238176E-011
 >>> 地球非球形引力分量 (地固系), 田谐:    1.4855410264289159E-013  -4.6481618108655335E-014   2.7244667171866091E-014
 >>> 卫星在地固系坐标为:    54830.638341330960       -174069.17990451827        33679.787057723690     
 >>> 地球非球形引力分量 (地固系), 带谐:   -5.4784618610442182E-012   1.7392308244773925E-011  -1.1424449314424551E-011
 >>> 地球非球形引力分量 (地固系), 田谐:    1.4855410799716714E-013  -4.6481618757134428E-014   2.7244667927630874E-014
 >>> 卫星在地固系坐标为:    54160.632334431437       -174419.01978894373        33703.899058603289     
 >>> 地球非球形引力分量 (地固系), 带谐:   -5.3917621567815341E-012   1.7363642738031717E-011  -1.1390836294250252E-011
 >>> 地球非球形引力分量 (地固系), 田谐:    1.4788305664318109E-013  -4.8486778336649430E-014   2.7592306348898793E-014
 >>> 卫星在地固系坐标为:    53824.858671359158       -174592.94726150000        33715.946447361261     
 >>> 地球非球形引力分量 (地固系), 带谐:   -5.3485571893472445E-012   1.7349239484054921E-011  -1.1374085702358961E-011
 >>> 地球非球形引力分量 (地固系), 田谐:    1.4753960311506454E-013  -4.9483389838261650E-014   2.7764701618770032E-014
 >>> 卫星在地固系坐标为:    52138.456423116018       -175452.99988756687        33776.174048319037     
 >>> 地球非球形引力分量 (地固系), 带谐:   -5.1339290667881515E-012   1.7276369838570762E-011  -1.1290785677825600E-011
 >>> 地球非球形引力分量 (地固系), 田谐:    1.4574291399436300E-013  -5.4405344400444808E-014   2.8612185551164513E-014
 >>> 卫星在地固系坐标为:    51837.339147332292       -175604.20122519188        33786.876395364488     
 >>> 地球非球形引力分量 (地固系), 带谐:   -5.0960181705661714E-012   1.7263274214903252E-011  -1.1276059625722558E-011
 >>> 地球非球形引力分量 (地固系), 田谐:    1.4540987940268884E-013  -5.5269572179618575E-014   2.8760330569701947E-014
 >>> 卫星在地固系坐标为:    51460.388458968751       -175792.47684046795        33800.251915530527     
 >>> 地球非球形引力分量 (地固系), 带谐:   -5.0487337117942269E-012   1.7246846179793920E-011  -1.1257687545487398E-011
 >>> 地球非球形引力分量 (地固系), 田谐:    1.4498788755689365E-013  -5.6345218104871419E-014   2.8944443465235328E-014
 >>> 卫星在地固系坐标为:    51460.388341919817       -175792.47518130805        33800.251611472311     
 >>> 地球非球形引力分量 (地固系), 带谐:   -5.0487339246270359E-012   1.7246846783296452E-011  -1.1257687944044605E-011
 >>> 地球非球形引力分量 (地固系), 田谐:    1.4498789283047290E-013  -5.6345219127468484E-014   2.8944444285329414E-014
 >>> 卫星在地固系坐标为:    50777.267214127933       -176130.86978922389        33824.433989350633     
 >>> 地球非球形引力分量 (地固系), 带谐:   -4.9635288631403276E-012   1.7216969400936635E-011  -1.1224562688182605E-011
 >>> 地球非球形引力分量 (地固系), 田谐:    1.4420885619672548E-013  -5.8276897967361955E-014   2.9274312069678056E-014
 >>> 卫星在地固系坐标为:    50434.948522933548       -176299.04486233505        33836.516552524416     
 >>> 地球非球形引力分量 (地固系), 带谐:   -4.9210709523082034E-012   1.7201962805557647E-011  -1.1208055158950667E-011
 >>> 地球非球形引力分量 (地固系), 田谐:    1.4381178981083185E-013  -5.9236363031649112E-014   2.9437809217326227E-014
 >>> 卫星在地固系坐标为:    48715.940708417191       -177130.04120775778        33896.920010330832     
 >>> 地球非球形引力分量 (地固系), 带谐:   -4.7101793680354075E-012   1.7126103969739998E-011  -1.1125964000844040E-011
 >>> 地球非球形引力分量 (地固系), 田谐:    1.4175092450805915E-013  -6.3968506311940803E-014   3.0240665878527360E-014
 >>> 卫星在地固系坐标为:    48409.048394158664       -177276.02553779035        33907.653613044211     
 >>> 地球非球形引力分量 (地固系), 带谐:   -4.6729327898836627E-012   1.7112481655304624E-011  -1.1111451669447094E-011
 >>> 地球非球形引力分量 (地固系), 田谐:    1.4137161018696406E-013  -6.4798292030198685E-014   3.0380854730331222E-014
 >>> 卫星在地固系坐标为:    48024.888219656190       -177457.75806218528        33921.068198786197     
 >>> 地球非球形引力分量 (地固系), 带谐:   -4.6264787230363184E-012   1.7095397248137611E-011  -1.1093346229617402E-011
 >>> 地球非球形引力分量 (地固系), 田谐:    1.4089206272487143E-013  -6.5830594082461564E-014   3.0555013331666281E-014
 >>> 卫星在地固系坐标为:    48024.888135528177       -177457.75639854200        33921.067894165550     
 >>> 地球非球形引力分量 (地固系), 带谐:   -4.6264789200754053E-012   1.7095397845900711E-011  -1.1093346621532308E-011
 >>> 地球非球形引力分量 (地固系), 田谐:    1.4089206789555628E-013  -6.5830595466947213E-014   3.0555014212661810E-014
 >>> 卫星在地固系坐标为:    47328.705196062496       -177784.28332957829        33945.322720966040     
 >>> 地球非球形引力分量 (地固系), 带谐:   -4.5427692601342756E-012   1.7064337042370682E-011  -1.1060699707606073E-011
 >>> 地球非球形引力分量 (地固系), 田谐:    1.4000973448480159E-013  -6.7683222242488795E-014   3.0866880830247059E-014
 >>> 卫星在地固系坐标为:    46979.868944217043       -177946.49447802131        33957.441493213060     
 >>> 地球非球形引力分量 (地固系), 带谐:   -4.5010587866290054E-012   1.7048741312393973E-011  -1.1044430549741470E-011
 >>> 地球非球形引力分量 (地固系), 田谐:    1.3956142154757562E-013  -6.8602776360738151E-014   3.1021366284572929E-014
 >>> 卫星在地固系坐标为:    45228.400971811177       -178747.37362925347        34018.025979756603     
 >>> 地球非球形引力分量 (地固系), 带谐:   -4.2939055671451039E-012   1.6969964143052078E-011  -1.0963524956253050E-011
 >>> 地球非球形引力分量 (地固系), 田谐:    1.3724843315615134E-013  -7.3131504237164298E-014   3.1779045586732931E-014
 >>> 卫星在地固系坐标为:    44915.760889137411       -178887.95178167403        34028.791756876919     
 >>> 地球非球形引力分量 (地固系), 带谐:   -4.2573236218406478E-012   1.6955827702943261E-011  -1.0949222231578774E-011
 >>> 地球非球形引力分量 (地固系), 田谐:    1.3682501985180206E-013  -7.3924467811929368E-014   3.1911183549800061E-014
 >>> 卫星在地固系坐标为:    44524.425921225135       -179062.90451727997        34042.246556232174     
 >>> 地球非球形引力分量 (地固系), 带谐:   -4.2117003364639261E-012   1.6938102616705997E-011  -1.0931378301972487E-011
 >>> 地球非球形引力分量 (地固系), 田谐:    1.3629065858228119E-013  -7.4910467389389724E-014   3.2075270756870955E-014
 >>> 卫星在地固系坐标为:    44524.425870317100       -179062.90284942239        34042.246250980970     
 >>> 地球非球形引力分量 (地固系), 带谐:   -4.2117005180677032E-012   1.6938103208656780E-011  -1.0931378687441548E-011
 >>> 地球非球形引力分量 (地固系), 田谐:    1.3629066363149480E-013  -7.4910469123085668E-014   3.2075271695752587E-014
 >>> 卫星在地固系坐标为:    43815.247737528451       -179377.12979548456        34066.575472038567     
 >>> 地球非球形引力分量 (地固系), 带谐:   -4.1294876485194867E-012   1.6905887337546158E-011  -1.0899201128124836E-011
 >>> 地球非球形引力分量 (地固系), 田谐:    1.3531002673227738E-013  -7.6678718499676158E-014   3.2368924713874631E-014
 >>> 卫星在地固系坐标为:    43459.928085937499       -179533.16055846153        34078.731424820136     
 >>> 地球非球形引力分量 (地固系), 带谐:   -4.0885253059263491E-012   1.6889716631485177E-011  -1.0883165866630152E-011
 >>> 地球非球形引力分量 (地固系), 田谐:    1.3481298508409380E-013  -7.7555721486617123E-014   3.2514293992191926E-014
 >>> 卫星在地固系坐标为:    41676.179193879645       -180302.83710773280        34139.501796113735     
 >>> 地球非球形引力分量 (地固系), 带谐:   -3.8851138207814903E-012   1.6808091766632912E-011  -1.0803423607731376E-011
 >>> 地球非球形引力分量 (地固系), 田谐:    1.3226067532834021E-013  -8.1868064882984662E-014   3.3226291700043901E-014
 >>> 卫星在地固系坐标为:    41357.824695251125       -180437.81558973290        34150.300610277642     
 >>> 地球非球形引力分量 (地固系), 带谐:   -3.8491970940612771E-012   1.6793453730812744E-011  -1.0789326564555435E-011
 >>> 地球非球形引力分量 (地固系), 田谐:    1.3179547527975117E-013  -8.2621941435390600E-014   3.3350292272766703E-014
 >>> 卫星在地固系坐标为:    40959.357259359065       -180605.74644869106        34163.796701184569     
 >>> 地球非球形引力分量 (地固系), 带谐:   -3.8044053170304259E-012   1.6775103616125472E-011  -1.0771739250172365E-011
 >>> 地球非球形引力分量 (地固系), 田谐:    1.3120920568683677E-013  -8.3558824909883070E-014   3.3504201289667847E-014
 >>> 卫星在地固系坐标为:    40959.357241984326       -180605.74477693063        34163.796395239835     
 >>> 地球非球形引力分量 (地固系), 带谐:   -3.8044054835429462E-012   1.6775104202182675E-011  -1.0771739629378623E-011
 >>> 地球非球形引力分量 (地固系), 田谐:    1.3120921059670108E-013  -8.3558826979308067E-014   3.3504202283410438E-014
 >>> 卫星在地固系坐标为:    40237.434810146864       -180907.15923027031        34188.196084467105     
 >>> 地球非球形引力分量 (地固系), 带谐:   -3.7237103242248694E-012   1.6741769442570762E-011  -1.0740030301983949E-011
 >>> 地球非球形引力分量 (地固系), 田谐:    1.3013581494688519E-013  -8.5237246223070302E-014   3.3779383959264554E-014
 >>> 卫星在地固系坐标为:    39875.758430571208       -181056.75359317233        34200.387257714385     
 >>> 地球非球形引力分量 (地固系), 带谐:   -3.6835065016424151E-012   1.6725041861910127E-011  -1.0724228368233067E-011
 >>> 地球非球形引力分量 (地固系), 田谐:    1.2959284013166909E-013  -8.6068999043084986E-014   3.3915510654624259E-014
 >>> 卫星在地固系坐标为:    38060.374098893444       -181793.94965406007        34261.333716601475     
 >>> 地球非球形引力分量 (地固系), 带谐:   -3.4838879228971163E-012   1.6640660021099484E-011  -1.0645646536201780E-011
 >>> 地球非球形引力分量 (地固系), 田谐:    1.2681541820145618E-013  -9.0151743905312370E-014   3.4581220325084900E-014
 >>> 卫星在地固系坐标为:    37736.422055661678       -181923.10169370446        34272.163827704098     
 >>> 地球非球形引力分量 (地固系), 带谐:   -3.4486453798751614E-012   1.6625536549891981E-011  -1.0631754646205137E-011
 >>> 地球非球形引力分量 (地固系), 田谐:    1.2631099697079951E-013  -9.0864233651116444E-014   3.4696980124888465E-014
 >>> 卫星在地固系坐标为:    37330.969133428007       -182083.72739380260        34285.699035916245     
 >>> 地球非球形引力分量 (地固系), 带谐:   -3.4046962611426427E-012   1.6606581620123836E-011  -1.0614423281754121E-011
 >>> 地球非球形引力分量 (地固系), 田谐:    1.2567604242172809E-013  -9.1749147469220294E-014   3.4840583603371436E-014
 >>> 卫星在地固系坐标为:    37330.969149890974       -182083.72571967694        34285.698729436728     
 >>> 地球非球形引力分量 (地固系), 带谐:   -3.4046964127914848E-012   1.6606582199790096E-011  -1.0614423654606039E-011
 >>> 地球非球形引力分量 (地固系), 田谐:    1.2567604717178882E-013  -9.1749149858336777E-014   3.4840584648186403E-014
 >>> 卫星在地固系坐标为:    36596.306648634236       -182371.92512094293        34310.173863408170     
 >>> 地球非球形引力分量 (地固系), 带谐:   -3.3255096124861724E-012   1.6572152918604367E-011  -1.0583169798601050E-011
 >>> 地球非球形引力分量 (地固系), 田谐:    1.2451537119703987E-013  -9.3333245939921604E-014   3.5097169359220828E-014
 >>> 卫星在地固系坐标为:    36228.276370859086       -182514.88126594227        34322.402742046288     
 >>> 地球非球形引力分量 (地固系), 带谐:   -3.2860596681261695E-012   1.6554880613731706E-011  -1.0567594843770556E-011
 >>> 地球非球形引力分量 (地固系), 田谐:    1.2392921948529161E-013  -9.4117525442123877E-014   3.5223992083499748E-014
 >>> 卫星在地固系坐标为:    34381.277912504593       -183218.58239691705        34383.537709548662     
 >>> 地球非球形引力分量 (地固系), 带谐:   -3.0902110304890989E-012   1.6467802207770919E-011  -1.0490141943045940E-011
 >>> 地球非球形引力分量 (地固系), 田谐:    1.2094063717743023E-013  -9.7959796129306904E-014   3.5843121752659373E-014
 >>> 卫星在地固系坐标为:    34051.733373894051       -183341.72672110237        34394.401323948383     
 >>> 地球非球形引力分量 (地固系), 带谐:   -3.0556386342099809E-012   1.6452203982698543E-011  -1.0476449652646317E-011
 >>> 地球非球形引力分量 (地固系), 田谐:    1.2039950415712338E-013  -9.8629007714749229E-014   3.5950591462565664E-014
 >>> 卫星在地固系坐标为:    33639.301832782287       -183494.82027562291        34407.978406416041     
 >>> 地球非球形引力分量 (地固系), 带谐:   -3.0125271488426756E-012   1.6432657565253675E-011  -1.0459367315786694E-011
 >>> 地球非球形引力分量 (地固系), 田谐:    1.1971901350388490E-013  -9.9459605649178732E-014   3.6083828845352826E-014
 >>> 卫星在地固系坐标为:    33639.301883386084       -183494.81859884798        34407.978099224376     
 >>> 地球非球形引力分量 (地固系), 带谐:   -3.0125272860258599E-012   1.6432658138675752E-011  -1.0459367682601770E-011
 >>> 地球非球形引力分量 (地固系), 田谐:    1.1971901807993227E-013  -9.9459608343568987E-014   3.6083829938558143E-014
 >>> 卫星在地固系坐标为:    32892.158704627342       -183769.29480444387        34432.525476908224     
 >>> 地球非球形引力分量 (地固系), 带谐:   -2.9348663169762563E-012   1.6397169862255556E-011  -1.0428567294486022E-011
 >>> 地球非球形引力分量 (地固系), 田谐:    1.1847717588169951E-013  -1.0094465887137098E-013   3.6321625202892975E-014
 >>> 卫星在地固系坐标为:    32517.905444756256       -183905.35889235273        34444.790462877769     
 >>> 地球非球形引力分量 (地固系), 带谐:   -2.8961789244953177E-012   1.6379370603393794E-011  -1.0413218312794086E-011
 >>> 地球非球形引力分量 (地固系), 田谐:    1.1785092413530914E-013  -1.0167913349350299E-013   3.6439050140458743E-014
 >>> 卫星在地固系坐标为:    30639.959491800189       -184574.29804157195        34506.105951330224     
 >>> 地球非球形引力分量 (地固系), 带谐:   -2.7041428988166401E-012   1.6289684635084302E-011  -1.0336889276360502E-011
 >>> 地球非球形引力分量 (地固系), 田谐:    1.1466676258374316E-013  -1.0526957627161274E-013   3.7011155930371834E-014
 >>> 卫星在地固系坐标为:    30304.943081030298       -184691.20979536945        34517.001650328551     
 >>> 地球非球形引力分量 (地固系), 带谐:   -2.6702481168123635E-012   1.6273627501270190E-011  -1.0323395678174541E-011
 >>> 地球非球形引力分量 (地固系), 田谐:    1.1409172117188730E-013  -1.0589354453346361E-013   3.7110260995903019E-014
 >>> 卫星在地固系坐标为:    29885.684589807446       -184836.49031416787        34530.618834409092     
 >>> 地球非球形引力分量 (地固系), 带谐:   -2.6279835487079272E-012   1.6253509411399268E-011  -1.0306561231853792E-011
 >>> 地球非球形引力分量 (地固系), 田谐:    1.1336921248539460E-013  -1.0666739292218917E-013   3.7233040937896305E-014
 >>> 卫星在地固系坐标为:    29885.684674810858       -184836.48863615975        34530.618526636594     
 >>> 地球非球形引力分量 (地固系), 带谐:   -2.6279836716766847E-012   1.6253509978149936E-011  -1.0306561592575284E-011
 >>> 地球非球形引力分量 (地固系), 田谐:    1.1336921686955683E-013  -1.0666739590405860E-013   3.7233042075719354E-014
 >>> 卫星在地固系坐标为:    29126.218338756127       -185096.77998382825        34555.238898036441     
 >>> 地球非球形引力分量 (地固系), 带谐:   -2.5518524820467186E-012   1.6216992948654776E-011  -1.0276207589137463E-011
 >>> 地球非球形引力分量 (地固系), 田谐:    1.1205241663226724E-013  -1.0804931529329309E-013   3.7451928339612061E-014
 >>> 卫星在地固系坐标为:    28745.821864825532       -185225.72108113981        34567.540365983841     
 >>> 地球非球形引力分量 (地固系), 带谐:   -2.5139295991267761E-012   1.6198681844447731E-011  -1.0261081051882148E-011
 >>> 地球非球形引力分量 (地固系), 田谐:    1.1138918518935708E-013  -1.0873197065572392E-013   3.7559897685578319E-014
 >>> 卫星在地固系坐标为:    26837.337259053151       -185858.74247561372        34629.038248236910     
 >>> 地球非球形引力分量 (地固系), 带谐:   -2.3257157258918569E-012   1.6106463767161014E-011  -1.0185858335181424E-011
 >>> 地球非球形引力分量 (地固系), 田谐:    1.0802520707453951E-013  -1.1206080480964378E-013   3.8084711138062811E-014
 >>> 卫星在地固系坐标为:    26496.923421459913       -185969.21601049311        34639.966364591710     
 >>> 地球非球形引力分量 (地固系), 带谐:   -2.2925002150015120E-012   1.6089961121389252E-011  -1.0172560328546155E-011
 >>> 地球非球形引力分量 (地固系), 田谐:    1.0741908680003879E-013  -1.1263784189061772E-013   3.8175407383868414E-014
 >>> 卫星在地固系坐标为:    26070.931776977628       -186106.42636417961        34653.624066127893     
 >>> 地球非球形引力分量 (地固系), 带谐:   -2.2510846180110738E-012   1.6069288097764436E-011  -1.0155969904844957E-011
 >>> 地球非球形引力分量 (地固系), 田谐:    1.0665810823545940E-013  -1.1335285267964315E-013   3.8287676173210544E-014
 >>> 卫星在地固系坐标为:    26070.931896641720       -186106.42468555371        34653.623757756715     
 >>> 地球非球形引力分量 (地固系), 带谐:   -2.2510847270872809E-012   1.6069288657703660E-011  -1.0155970259594528E-011
 >>> 地球非球形引力分量 (地固系), 田谐:    1.0665811241323764E-013  -1.1335285593163831E-013   3.8287677352381959E-014
 >>> 卫星在地固系坐标为:    25299.278115150624       -186352.07668523048        34678.319012933025     
 >>> 地球非球形引力分量 (地固系), 带谐:   -2.1764836184460995E-012   1.6031771354215996E-011  -1.0126054311940504E-011
 >>> 地球非球形引力分量 (地固系), 田谐:    1.0527273454749041E-013  -1.1462798438417422E-013   3.8487570136043769E-014
 >>> 卫星在地固系坐标为:    24912.807256499804       -186473.66735311848        34690.657906729466     
 >>> 地球非球形引力分量 (地固系), 带谐:   -2.1393253921939904E-012   1.6012962627484733E-011  -1.0111146071882059E-011
 >>> 地球非球形引力分量 (地固系), 田谐:    1.0457572791832709E-013  -1.1525701929242169E-013   3.8586043504939846E-014
 >>> 卫星在地固系坐标为:    22974.137830986445       -187069.63180648207        34752.342900896350     
 >>> 地球非球形引力分量 (地固系), 带谐:   -1.9549342859153430E-012   1.5918283409042670E-011  -1.0037009072683658E-011
 >>> 地球非球形引力分量 (地固系), 田谐:    1.0104809704123455E-013  -1.1831553267934267E-013   3.9063382044910864E-014
 >>> 卫星在地固系坐标为:    22628.391162583779       -187173.46426835665        34763.304272754234     
 >>> 地球非球形引力分量 (地固系), 带谐:   -1.9223981368445705E-012   1.5901347841785634E-011  -1.0023903019713724E-011
 >>> 地球非球形引力分量 (地固系), 田谐:    1.0041379529805905E-013  -1.1884414114290869E-013   3.9145640359918657E-014
 >>> 卫星在地固系坐标为:    22195.747843634519       -187302.35075107281        34777.003539086043     
 >>> 地球非球形引力分量 (地固系), 带谐:   -1.8818316179032875E-012   1.5880135611293004E-011  -1.0007552081921328E-011
 >>> 地球非球形引力分量 (地固系), 田谐:    9.9617978412980303E-014  -1.1949846442964338E-013   3.9247363019484452E-014
 >>> 卫星在地固系坐标为:    22195.747998236835       -187302.34907222728        34777.003230055634     
 >>> 地球非球形引力分量 (地固系), 带谐:   -1.8818317134182969E-012   1.5880136164361785E-011  -1.0007552430865641E-011
 >>> 地球非球形引力分量 (地固系), 田谐:    9.9617982371510212E-014  -1.1949846793424451E-013   3.9247364236902741E-014
 >>> 卫星在地固系坐标为:    21412.210447646052       -187532.85510932453        34801.770350368679     
 >>> 地球非球形引力分量 (地固系), 带谐:   -1.8087755367933726E-012   1.5841654531470974E-011  -9.9780722684081721E-012
 >>> 地球非球形引力分量 (地固系), 田谐:    9.8170901326382448E-014  -1.2066327911240499E-013   3.9428166299057628E-014
 >>> 卫星在地固系坐标为:    21019.818289406860       -187646.84236527167        34814.145163010311     
 >>> 地球非球形引力分量 (地固系), 带谐:   -1.7723893317475856E-012   1.5822366157748227E-011  -9.9633811875135105E-012
 >>> 地球非球形引力分量 (地固系), 田谐:    9.7443571065225386E-014  -1.2123696352583074E-013   3.9517097527955180E-014
 >>> 卫星在地固系坐标为:    19051.741862943676       -188204.48801801555        34876.009736552653     
 >>> 地球非球形引力分量 (地固系), 带谐:   -1.5918571341947777E-012   1.5725315779218910E-011  -9.8903241882289345E-012
 >>> 地球非球形引力分量 (地固系), 田谐:    9.3769685731516310E-014  -1.2401684441795456E-013   3.9946755816485236E-014
 >>> 卫星在地固系坐标为:    18700.802808785476       -188301.45563511123        34887.003026050399     
 >>> 地球非球形引力分量 (地固系), 带谐:   -1.5600066565554371E-012   1.5707963301546062E-011  -9.8774090678139721E-012
 >>> 地球非球形引力分量 (地固系), 田谐:    9.3110319100824432E-014  -1.2449560575295653E-013   4.0020544097916021E-014
 >>> 卫星在地固系坐标为:    18261.684293740214       -188421.73877731018        34900.742185537521     
 >>> 地球非球形引力分量 (地固系), 带谐:   -1.5202970542155113E-012   1.5686231883414045E-011  -9.8612963375493573E-012
 >>> 地球非球形引力分量 (地固系), 田谐:    9.2283569234992911E-014  -1.2508749359070951E-013   4.0111682360259806E-014
 >>> 卫星在地固系坐标为:    18261.684483446363       -188421.73709965896        34900.741875971835     
 >>> 地球非球形引力分量 (地固系), 带谐:   -1.5202971364450738E-012   1.5686232429230837E-011  -9.8612966806460296E-012
 >>> 地球非球形引力分量 (地固系), 田谐:    9.2283572960257143E-014  -1.2508749732762920E-013   4.0111683612087468E-014
 >>> 卫星在地固系坐标为:    17466.372023599346       -188636.65450102478        34925.584558797978     
 >>> 地球非球形引力分量 (地固系), 带谐:   -1.4487801638142368E-012   1.5646812219510141E-011  -9.8322420047041714E-012
 >>> 地球非球形引力分量 (地固系), 田谐:    9.0781483188436514E-014  -1.2613921419902891E-013   4.0273379462031319E-014
 >>> 卫星在地固系坐标为:    17068.113920962041       -188742.81668418902        34937.997136537480     
 >>> 地球非球形引力分量 (地固系), 带谐:   -1.4131631321916435E-012   1.5627057051483976E-011  -9.8177629576291054E-012
 >>> 地球非球形引力分量 (地固系), 田谐:    9.0027186834375123E-014  -1.2665618898989757E-013   4.0352762475829142E-014
 >>> 卫星在地固系坐标为:    15070.916488985595       -189261.03198443394        35000.050518108226     
 >>> 地球非球形引力分量 (地固系), 带谐:   -1.2364756789780997E-012   1.5527699539578570E-011  -9.7457605207904518E-012
 >>> 地球非球形引力分量 (地固系), 田谐:    8.6223935314486458E-014  -1.2915094193108868E-013   4.0734727596370705E-014
 >>> 卫星在地固系坐标为:    14714.837521020367       -189350.93659133985        35011.077364574368     
 >>> 地球非球形引力分量 (地固系), 带谐:   -1.2053083715456818E-012   1.5509941493239926E-011  -9.7330318454925689E-012
 >>> 地球非球形引力分量 (地固系), 田谐:    8.5542522940825538E-014  -1.2957875376396184E-013   4.0800046559971315E-014
 >>> 卫星在地固系坐标为:    14269.310086524611       -189462.36845483643        35024.858465654994     
 >>> 地球非球形引力分量 (地固系), 带谐:   -1.1664525660518958E-012   1.5487705047710511E-011  -9.7171517284233720E-012
 >>> 地球非球形引力分量 (地固系), 田谐:    8.4688620825826914E-014  -1.3010685050029330E-013   4.0880602597695091E-014
 >>> 卫星在地固系坐标为:    14269.310311632662       -189462.36677843885        35024.858155425682     
 >>> 地球非球形引力分量 (地固系), 带谐:   -1.1664526353417396E-012   1.5487705586347090E-011  -9.7171520659096838E-012
 >>> 地球非球形引力分量 (地固系), 田谐:    8.4688624308117506E-014  -1.3010685445165883E-013   4.0880603881106251E-014
 >>> 卫星在地固系坐标为:    13462.528407791560       -189661.19653071067        35049.774359096045     
 >>> 地球非球形引力分量 (地固系), 带谐:   -1.0964858149650987E-012   1.5447381453611113E-011  -9.6885195303998562E-012
 >>> 地球非球形引力分量 (地固系), 田谐:    8.3138726921409936E-014  -1.3104284344512446E-013   4.1023163279147219E-014
 >>> 卫星在地固系坐标为:    13058.558332109986       -189759.28442675469        35062.223682722470     
 >>> 地球非球形引力分量 (地固系), 带谐:   -1.0616433813337432E-012   1.5427176816519243E-011  -9.6742508452291780E-012
 >>> 地球非球形引力分量 (地固系), 田谐:    8.2361075250325070E-014  -1.3150182609057992E-013   4.1092985319381410E-014
 >>> 卫星在地固系坐标为:    11033.021997248195       -190236.82606335083        35124.460778005632     
 >>> 地球非球形引力分量 (地固系), 带谐:   -8.8882721922765315E-013   1.5325598838355970E-011  -9.6032946153654354E-012
 >>> 地球非球形引力分量 (地固系), 田谐:    7.8446609877832432E-014  -1.3370538791406244E-013   4.1427217979299446E-014
 >>> 卫星在地固系坐标为:    10671.944292812068       -190319.44713395322        35135.520276663177     
 >>> 地球非球形引力分量 (地固系), 带谐:   -8.5834770383940441E-013   1.5307450635161446E-011  -9.5907509008424526E-012
 >>> 地球非球形引力分量 (地固系), 田谐:    7.7746395054063701E-014  -1.3408123329524950E-013   4.1484064872168660E-014
 >>> 卫星在地固系坐标为:    10220.185325196233       -190421.75228348680        35149.342188849339     
 >>> 地球非球形引力分量 (地固系), 带谐:   -8.2035143206307326E-013   1.5284728428221416E-011  -9.5751015420099349E-012
 >>> 地球非球形引力分量 (地固系), 田谐:    7.6869401307205413E-014  -1.3454429365493204E-013   4.1554037030987380E-014
 >>> 卫星在地固系坐标为:    10220.185585847865       -190421.75060958284        35149.341878043626     
 >>> 地球非球形引力分量 (地固系), 带谐:   -8.2035148870416877E-013   1.5284728959377888E-011  -9.5751018738841783E-012
 >>> 地球非球形引力分量 (地固系), 田谐:    7.6869404535525216E-014  -1.3454429779972462E-013   4.1554038342282868E-014
 >>> 卫星在地固系坐标为:    9402.1014700121686       -190604.03322850011        35174.334373357240     
 >>> 地球非球形引力分量 (地固系), 带谐:   -7.5193160396535292E-013   1.5243527937333141E-011  -9.5468826059159898E-012
 >>> 地球非球形引力分量 (地固系), 田谐:    7.5278759805642146E-014  -1.3536255828093513E-013   4.1677490414453405E-014
 >>> 卫星在地固系坐标为:    8992.5040591789930       -190693.81691318675        35186.821826497711     
 >>> 地球非球形引力分量 (地固系), 带谐:   -7.1786216415645257E-013   1.5222887329233257E-011  -9.5328198657740718E-012
 >>> 地球非球形引力分量 (地固系), 田谐:    7.4481290061046156E-014  -1.3576258002658785E-013   4.1737767851321743E-014
 >>> 卫星在地固系坐标为:    6939.0622289604034       -191129.53340613222        35249.249551729212     
 >>> 地球非球形引力分量 (地固系), 带谐:   -5.4890923348010538E-013   1.5119156193687581E-011  -9.4628879122411344E-012
 >>> 地球非球形引力分量 (地固系), 田谐:    7.0473364653737554E-014  -1.3767042852029795E-013   4.2024368713800118E-014
 >>> 卫星在地固系坐标为:    6573.0646359109887       -191204.66592294761        35260.342931169849     
 >>> 地球非球形引力分量 (地固系), 带谐:   -5.1911607402127234E-013   1.5100629768067539E-011  -9.4505252880066694E-012
 >>> 地球非球形引力分量 (地固系), 田谐:    6.9757514596933650E-014  -1.3799355952737823E-013   4.2072764678278489E-014
 >>> 卫星在地固系坐标为:    6115.1734543923749       -191297.58796031616        35274.207189675537     
 >>> 地球非球形引力分量 (地固系), 带谐:   -4.8197753917786855E-013   1.5077436704522140E-011  -9.4351018614774556E-012
 >>> 地球非球形引力分量 (地固系), 田谐:    6.8861392552273907E-014  -1.3839067243223136E-013   4.2132180761551183E-014
 >>> 卫星在地固系坐标为:    6115.1737508599863       -191297.58628918696        35274.206878200239     
 >>> 地球非球形引力分量 (地固系), 带谐:   -4.8197758349567374E-013   1.5077437228214664E-011  -9.4351021879301005E-012
 >>> 地球非球形引力分量 (地固系), 田谐:    6.8861395518811771E-014  -1.3839067675138040E-013   4.2132182097797464E-014
 >>> 卫星在地固系坐标为:    5286.0976896801521       -191462.82864099817        35299.274506611109     
 >>> 地球非球形引力分量 (地固系), 带谐:   -4.1511219258564816E-013   1.5035392696388859E-011  -9.4072919483023834E-012
 >>> 地球非球形引力分量 (地固系), 田谐:    6.7237431159843239E-014  -1.3908949685631579E-013   4.2236561087479903E-014
 >>> 卫星在地固系坐标为:    4871.0293072293325       -191544.06181524158        35311.799510993158     
 >>> 地球非球形引力分量 (地固系), 带谐:   -3.8181948535554354E-013   1.5014332801624158E-011  -9.3934330379655080E-012
 >>> 地球非球形引力分量 (地固系), 田谐:    6.6423863198251942E-014  -1.3942973679819028E-013   4.2287313315137442E-014
 >>> 卫星在地固系坐标为:    2790.4760059592381       -191936.72420180394        35374.414975882159     
 >>> 地球非球形引力分量 (地固系), 带谐:   -2.1674799746040173E-013   1.4908531921079750E-011  -9.3245148153242464E-012
 >>> 地球非球形引力分量 (地固系), 田谐:    6.2341132530519044E-014  -1.4103812386695583E-013   4.2526402905165610E-014
 >>> 卫星在地固系坐标为:    2419.7018135660828       -192004.15014864985        35385.541722818009     
 >>> 地球非球形引力分量 (地固系), 带谐:   -1.8764435018833518E-013   1.4889642098093581E-011  -9.3123314125304758E-012
 >>> 地球非球形引力分量 (地固系), 田谐:    6.1612972375181739E-014  -1.4130793623294876E-013   4.2566373435117587E-014
 >>> 卫星在地固系坐标为:    1955.8584411570009       -192087.41675872396        35399.447686331543     
 >>> 地球非球形引力分量 (地固系), 带谐:   -1.5136746402565191E-013   1.4865996707208823E-011  -9.2971315847867895E-012
 >>> 地球非球形引力分量 (地固系), 田谐:    6.0701881775437577E-014  -1.4163837269240263E-013   4.2615267026771988E-014
 >>> 卫星在地固系坐标为:    1955.8587735689475       -192087.41509145696        35399.447374240808     
 >>> 地球非球形引力分量 (地固系), 带谐:   -1.5136749631942971E-013   1.4865997223208971E-011  -9.2971319058501152E-012
 >>> 地球非球形引力分量 (地固系), 田谐:    6.0701884472171696E-014  -1.4163837716450910E-013   4.2615268384425253E-014
 >>> 卫星在地固系坐标为:    1116.0580751282216       -192235.13809591948        35424.590822980426     
 >>> 地球非球形引力分量 (地固系), 带谐:   -8.6058588588652630E-014   1.4823139611062730E-011  -9.2697244161508856E-012
 >>> 地球非球形引力分量 (地固系), 田谐:    5.9052012539221633E-014  -1.4221656895546150E-013   4.2700648251545428E-014
 >>> 卫星在地固系坐标为:    695.65353863386736       -192307.58132329964        35437.153721919422     
 >>> 地球非球形引力分量 (地固系), 带谐:   -5.3543588665034440E-014   1.4801675632619461E-011  -9.2560662076628845E-012
 >>> 地球非球形引力分量 (地固系), 田谐:    5.8226055961115606E-014  -1.4249646733373487E-013   4.2741914311092926E-014
 >>> 卫星在地固系坐标为:   -1411.3255794081476       -192655.99336218252        35499.958642719750     
 >>> 地球非球形引力分量 (地固系), 带谐:    1.0764186285847567E-013   1.4693880929340246E-011  -9.1881461626694476E-012
 >>> 地球非球形引力分量 (地固系), 田谐:    5.4087099077621135E-014  -1.4380294191797507E-013   4.2933709218207889E-014
 >>> 卫星在地固系坐标为:   -1786.7524431801371       -192715.50025842304        35511.119062099002     
 >>> 地球非球形引力分量 (地固系), 带谐:    1.3605522629039966E-013   1.4674641189050200E-011  -9.1761392323480531E-012
 >>> 地球非球形引力分量 (地固系), 田谐:    5.3349936308862136E-014  -1.4401906038177851E-013   4.2965296506529582E-014
 >>> 卫星在地固系坐标为:   -2256.3922404121449       -192788.84592531313        35525.067111717304     
 >>> 地球非球形引力分量 (地固系), 带谐:    1.7146951863469103E-013   1.4650560313446609E-011  -9.1611595740885038E-012
 >>> 地球非球形引力分量 (地固系), 田谐:    5.2428013049374894E-014  -1.4428237699188903E-013   4.3003721908280176E-014
 >>> 卫星在地固系坐标为:   -2256.3918718803207       -192788.84426263763        35525.066798996144     
 >>> 地球非球形引力分量 (地固系), 带谐:    1.7146949805572160E-013   1.4650560821649042E-011  -9.1611598898662084E-012
 >>> 地球非球形引力分量 (地固系), 田谐:    5.2428015470269421E-014  -1.4428238159623461E-013   4.3003723284110557E-014
 >>> 卫星在地固系坐标为:   -3106.6014037072268       -192918.56263575409        35550.285809470755     
 >>> 地球非球形引力分量 (地固系), 带谐:    2.3521782635401786E-013   1.4606922185888521E-011  -9.1341499957927056E-012
 >>> 地球非球形引力分量 (地固系), 田谐:    5.0759780734695297E-014  -1.4473919532475318E-013   4.3070203611952619E-014
 >>> 卫星在地固系坐标为:   -3532.1829713885545       -192981.97351907872        35562.886474034764     
 >>> 地球非球形引力分量 (地固系), 带谐:    2.6695310165986499E-013   1.4585070142928592E-011  -9.1206899196619498E-012
 >>> 地球非球形引力分量 (地固系), 田谐:    4.9925209486028102E-014  -1.4495841255999338E-013   4.3102035464401765E-014
 >>> 卫星在地固系坐标为:   -5664.7801442380660       -193284.92554763789        35625.880206477574     
 >>> 地球非球形引力分量 (地固系), 带谐:    4.2424281687011294E-013   1.4475361653049506E-011  -9.0537552623767708E-012
 >>> 地球非球形引力分量 (地固系), 田谐:    4.5748906514549888E-014  -1.4596163507842669E-013   4.3246817959616769E-014
 >>> 卫星在地固系坐标为:   -6044.7139591257937       -193336.29877058615        35637.074183960685     
 >>> 地球非球形引力分量 (地固系), 带谐:    4.5196423673377226E-013   1.4455786212159797E-011  -9.0419225415280503E-012
 >>> 地球非球形引力分量 (地固系), 田谐:    4.5006098488777552E-014  -1.4612388377840046E-013   4.3270076065222566E-014
 >>> 卫星在地固系坐标为:   -6519.9671189854507       -193399.45540518349        35651.064176868655     
 >>> 地球非球形引力分量 (地固系), 带谐:    4.8651388677805079E-013   1.4431287617379182E-011  -9.0271602286386930E-012
 >>> 地球非球形引力分量 (地固系), 田谐:    4.4077539274775495E-014  -1.4631988710147955E-013   4.3298102485439653E-014
 >>> 卫星在地固系坐标为:   -6519.9667142170447       -193399.45374802986        35651.063863537463     
 >>> 地球非球形引力分量 (地固系), 带谐:    4.8651387760790825E-013   1.4431288117627200E-011  -9.0271605391972288E-012
 >>> 地球非球形引力分量 (地固系), 田谐:    4.4077541414842009E-014  -1.4631989181664257E-013   4.3298103876085574E-014
 >>> 卫星在地固系坐标为:   -7380.2228626731412       -193510.68044946090        35676.357344982622     
 >>> 地球非球形引力分量 (地固系), 带谐:    5.4869603709608455E-013   1.4386902058934268E-011  -9.0005440004964605E-012
 >>> 地球非球形引力分量 (地固系), 田谐:    4.2398587468208199E-014  -1.4665504707846578E-013   4.3345813771141072E-014
 >>> 卫星在地固系坐标为:   -7810.7990858942121       -193564.81585111815        35688.995230735607     
 >>> 地球非球形引力分量 (地固系), 带谐:    5.7964883292247912E-013   1.4364678744019974E-011  -8.9872799413390147E-012
 >>> 地球非球形引力分量 (地固系), 田谐:    4.1559222661143173E-014  -1.4681347911937633E-013   4.3368278224034891E-014
 >>> 卫星在地固系坐标为:   -9968.0898866843254       -193821.09585464982        35752.175053653751     
 >>> 地球非球形引力分量 (地固系), 带谐:    7.3302951854382309E-013   1.4253140390292857E-011  -8.9213201287556717E-012
 >>> 地球非球形引力分量 (地固系), 田谐:    3.7364666494906868E-014  -1.4751329590321960E-013   4.3466405669765376E-014
 >>> 卫星在地固系坐标为:   -10352.364113744925       -193864.12060133278        35763.402105989699     
 >>> 地球非球形引力分量 (地固系), 带谐:    7.6005671189727383E-013   1.4233244159512390E-011  -8.9096597495362866E-012
 >>> 地球非球形引力分量 (地固系), 田谐:    3.6619604370465712E-014  -1.4762171117207145E-013   4.3481402145224643E-014
 >>> 卫星在地固系坐标为:   -10833.021528996982       -193916.81999100035        35777.433438405678     
 >>> 地球非球形引力分量 (地固系), 带谐:    7.9373889956728536E-013   1.4208346479811273E-011  -8.8951124500004191E-012
 >>> 地球非球形引力分量 (地固系), 田谐:    3.5688646422104130E-014  -1.4775047357814822E-013   4.3499115721978475E-014
 >>> 卫星在地固系坐标为:   -10833.021087945632       -193916.81834047195        35777.433124515774     
 >>> 地球非球形引力分量 (地固系), 带谐:    7.9373890149787897E-013   1.4208346971908198E-011  -8.8951127553761594E-012
 >>> 地球非球形引力分量 (地固系), 田谐:    3.5688648277575396E-014  -1.4775047838211229E-013   4.3499117123966606E-014
 >>> 卫星在地固系坐标为:   -11703.073736326569       -194009.08491397134        35802.803814318861     
 >>> 地球非球形引力分量 (地固系), 带谐:    8.5435920221426137E-013   1.4163240422464191E-011  -8.8688813603063680E-012
 >>> 地球非球形引力分量 (地固系), 田谐:    3.4006377406328577E-014  -1.4796422592823241E-013   4.3528223300420646E-014
 >>> 卫星在地固系坐标为:   -12138.518418730468       -194053.71057975991        35815.480288218532     
 >>> 地球非球形引力分量 (地固系), 带谐:    8.8453167251284200E-013   1.4140659284379954E-011  -8.8558092302823939E-012
 >>> 地球非球形引力分量 (地固系), 田谐:    3.3165917294955132E-014  -1.4806203166488261E-013   4.3541405538959485E-014
 >>> 卫星在地固系坐标为:   -14319.860446003926       -194262.14698639471        35878.853034539505     
 >>> 地球非球形引力分量 (地固系), 带谐:    1.0340141612508908E-012   1.4027358139163191E-011  -8.7908039651890264E-012
 >>> 地球非球形引力分量 (地固系), 田谐:    2.8971564918497565E-014  -1.4845957666464326E-013   4.3593322803587438E-014
 >>> 卫星在地固系坐标为:   -14708.358875302556       -194296.61494299566        35890.114375529382     
 >>> 地球非球形引力分量 (地固系), 带谐:    1.0603490616334585E-012   1.4007153012788110E-011  -8.7793123453216117E-012
 >>> 地球非球形引力分量 (地固系), 田谐:    2.8227523147884451E-014  -1.4851441901056287E-013   4.3600140003239932E-014
 >>> 卫星在地固系坐标为:   -15194.274445684678       -194338.59668581595        35904.188564189863     
 >>> 地球非球形引力分量 (地固系), 带谐:    1.0931662080198318E-012   1.3981871103510647E-011  -8.7649755925265932E-012
 >>> 地球非球形引力分量 (地固系), 田谐:    2.7298256264234273E-014  -1.4857629108211239E-013   4.3607645062064393E-014
 >>> 卫星在地固系坐标为:   -15194.273968119332       -194338.59504227876        35904.188249649887     
 >>> 地球非球形引力分量 (地固系), 带谐:    1.0931662207455768E-012   1.3981871587489104E-011  -8.7649758928929423E-012
 >>> 地球非球形引力分量 (地固系), 田谐:    2.7298257833505415E-014  -1.4857629595503485E-013   4.3607646472593130E-014
 >>> 卫星在地固系坐标为:   -16073.785623669863       -194411.42098507320        35929.636801328088     
 >>> 地球非球形引力分量 (地固系), 带谐:    1.1522238833364108E-012   1.3936075029052638E-011  -8.7391238013093059E-012
 >>> 地球非球形引力分量 (地固系), 田谐:    2.5620194729972065E-014  -1.4866931011902520E-013   4.3618337190495877E-014
 >>> 卫星在地固系坐标为:   -16513.928772892257       -194446.29691236260        35942.352189863450     
 >>> 地球非球形引力分量 (地固系), 带谐:    1.1816156603311796E-012   1.3913151296995305E-011  -8.7262406906899301E-012
 >>> 地球非球形引力分量 (地固系), 田谐:    2.4782396727397783E-014  -1.4870686176791266E-013   4.3622333399885379E-014
 >>> 卫星在地固系坐标为:   -18718.459678848380       -194605.69209292703        36005.919491742614     
 >>> 地球非球形引力分量 (地固系), 带谐:    1.3271984114954644E-012   1.3798163409009649E-011  -8.6621755041307392E-012
 >>> 地球非球形引力分量 (地固系), 田谐:    2.0606979665544194E-014  -1.4880435073264967E-013   4.3628542665096552E-014
 >>> 卫星在地固系坐标为:   -19111.026843751970       -194631.39078598711        36017.215411400517     
 >>> 地球非球形引力分量 (地固系), 带谐:    1.3528407943398805E-012   1.3777662888923930E-011  -8.6508500861339182E-012
 >>> 地球非球形引力分量 (地固系), 田谐:    1.9867277731927592E-014  -1.4880607556315372E-013   4.3627273531283814E-014
 >>> 卫星在地固系坐标为:   -19602.005303590067       -194662.38948449816        36031.332818743860     
 >>> 地球非球形引力分量 (地固系), 带谐:    1.3847926382871543E-012   1.3752013619757017E-011  -8.6367206895865481E-012
 >>> 地球非球形引力分量 (地固系), 田谐:    1.8943846428588629E-014  -1.4880165254942290E-013   4.3624687794492359E-014
 >>> 卫星在地固系坐标为:   -19602.004789394756       -194662.38784874443        36031.332503540434     
 >>> 地球非球形引力分量 (地固系), 带谐:    1.3847926615071649E-012   1.3752014095529978E-011  -8.6367209850375105E-012
 >>> 地球非球形引力分量 (地固系), 田谐:    1.8943847710813697E-014  -1.4880165747035409E-013   4.3624689210452214E-014
 >>> 卫星在地固系坐标为:   -20490.480106688134       -194715.28520104129        36056.855557488634     
 >>> 地球非球形引力分量 (地固系), 带谐:    1.4422782119736065E-012   1.3705565312353226E-011  -8.6112464573233293E-012
 >>> 地球非球形引力分量 (地固系), 田谐:    1.7277734771262618E-014  -1.4877509077158668E-013   4.3617182690871441E-014
 >>> 卫星在地固系坐标为:   -20935.072675268377       -194740.16818970256        36069.608183388977     
 >>> 地球非球形引力分量 (地固系), 带谐:    1.4708846239565855E-012   1.3682317873935004E-011  -8.5985514931614123E-012
 >>> 地球非球形引力分量 (地固系), 田谐:    1.6446462367086623E-014  -1.4875300229024805E-013   4.3612104444025863E-014
 >>> 卫星在地固系坐标为:   -23161.533561632354       -194849.31372080810        36133.361657185415     
 >>> 地球非球形引力分量 (地固系), 带谐:    1.6125450111294384E-012   1.3565737688585928E-011  -8.5354219905423359E-012
 >>> 地球非球形引力分量 (地固系), 田谐:    1.2309213863803432E-014  -1.4855388578617306E-013   4.3573188948110842E-014
 >>> 卫星在地固系坐标为:   -23557.943271630345       -194866.02967368634        36144.690666457733     
 >>> 地球非球形引力分量 (地固系), 带谐:    1.6374909777251771E-012   1.3544958563511521E-011  -8.5242619880106938E-012
 >>> 地球非球形引力分量 (地固系), 田谐:    1.1577255377379926E-014  -1.4850317246179981E-013   4.3563941537300966E-014
 >>> 卫星在地固系坐标为:   -24053.700880544679       -194885.77906578968        36158.849431920309     
 >>> 地球非球形引力分量 (地固系), 带谐:    1.6685726984657548E-012   1.3518962918983549E-011  -8.5103389624981741E-012
 >>> 地球非球形引力分量 (地固系), 田谐:    1.0663907095258568E-014  -1.4843333139887260E-013   4.3551401917906629E-014
 >>> 卫星在地固系坐标为:   -24053.700329884381       -194885.77743939168        36158.849116189180     
 >>> 地球非球形引力分量 (地固系), 带谐:    1.6685727318642032E-012   1.3518963386249512E-011  -8.5103392529893017E-012
 >>> 地球非球形引力分量 (地固系), 田谐:    1.0663908090451448E-014  -1.4843333634466828E-013   4.3551403335560579E-014
 >>> 卫星在地固系坐标为:   -24950.834900181537       -194918.27944981935        36184.449389825131     
 >>> 地球非球形引力分量 (地固系), 带谐:    1.7244913400681785E-012   1.3471889268513297E-011  -8.4852344214321381E-012
 >>> 地球非球形引力分量 (地固系), 田谐:    9.0170078221938787E-015  -1.4828884979188298E-013   4.3525951020354715E-014
 >>> 卫星在地固系坐标为:   -25399.723475282084       -194932.93621208184        36197.240610083318     
 >>> 地球非球形引力分量 (地固系), 带谐:    1.7523149718056083E-012   1.3448331551911320E-011  -8.4727236871212708E-012
 >>> 地球非球形引力分量 (地固系), 田谐:    8.1958828920565482E-015  -1.4820798480560530E-013   4.3511925839240626E-014
 >>> 卫星在地固系坐标为:   -27647.335284680488       -194990.66647999731        36261.187038921227     
 >>> 地球非球形引力分量 (地固系), 带谐:    1.8900659983126985E-012   1.3330226038325912E-011  -8.4105104214427305E-012
 >>> 地球非球形引力分量 (地固系), 田谐:    4.1148119744809981E-015  -1.4771691530899339E-013   4.3428541824186471E-014
 >>> 卫星在地固系坐标为:   -28047.446940943693       -194998.19263606804        36272.550342765899     
 >>> 地球非球形引力分量 (地固系), 带谐:    1.9143178713551032E-012   1.3309180184248541E-011  -8.3995124021424117E-012
 >>> 地球非球形引力分量 (地固系), 田谐:    3.3937802570855369E-015  -1.4761464880188527E-013   4.3411436012640040E-014
 >>> 卫星在地固系坐标为:   -28547.807046586378       -195006.43397819105        36286.751972036123     
 >>> 地球非球形引力分量 (地固系), 带谐:    1.9445323759349227E-012   1.3282852996988822E-011  -8.3857914681293982E-012
 >>> 地球非球形引力分量 (地固系), 田谐:    2.4944860578180115E-015  -1.4748052031969662E-013   4.3389093709432985E-014
 >>> 卫星在地固系坐标为:   -28547.806459268097       -195006.43236156183        36286.751655686930     
 >>> 地球非球形引力分量 (地固系), 带谐:    1.9445324192162411E-012   1.3282853455791493E-011  -8.3857917538255392E-012
 >>> 地球非球形引力分量 (地固系), 田谐:    2.4944867681579532E-015  -1.4748052527098646E-013   4.3389095126108431E-014
 >>> 卫星在地固系坐标为:   -29453.137178747344       -195018.06592453827        36312.427838907766     
 >>> 地球非球形引力分量 (地固系), 带谐:    1.9988805221003741E-012   1.3235188192975555E-011  -8.3610528704773337E-012
 >>> 地球非球形引力分量 (地固系), 田谐:    8.7421558421674813E-016  -1.4722025283917358E-013   4.3345977951494272E-014
 >>> 卫星在地固系坐标为:   -29906.088883283453       -195022.26053150903        36325.256999569006     
 >>> 地球非球形引力分量 (地固系), 带谐:    2.0259196359153010E-012   1.3211337282964531E-011  -8.3487244957965809E-012
 >>> 地球非球形引力分量 (地固系), 田谐:    6.6934117369812814E-017  -1.4708171378829639E-013   4.3323148504769355E-014
 >>> 卫星在地固系坐标为:   -32173.673970287062       -195027.40197442446        36389.393114849481     
 >>> 地球非球形引力分量 (地固系), 带谐:    2.1597531254072525E-012   1.3091791796712908E-011  -8.2874181423111643E-012
 >>> 地球非球形引力分量 (地固系), 田谐:   -3.9396086461656212E-015  -1.4630456070642702E-013   4.3196031971688441E-014
 >>> 卫星在地固系坐标为:   -32577.275904572994       -195025.53078951320        36400.790132775939     
 >>> 地球非球形引力分量 (地固系), 带谐:    2.1833095375660348E-012   1.3070494374327081E-011  -8.2765804535749709E-012
 >>> 地球非球形引力分量 (地固系), 田谐:   -4.6464747043780123E-015  -1.4615184619979340E-013   4.3171202505039744E-014
 >>> 卫星在地固系坐标为:   -33081.972944192741       -195022.00512255749        36415.033900567381     
 >>> 地球非球形引力分量 (地固系), 带谐:    2.2126551531033446E-012   1.3043854589051129E-011  -8.2630595474102682E-012
 >>> 地球非球形引力分量 (地固系), 田谐:   -5.5276765434541795E-015  -1.4595483778885389E-013   4.3139227593411484E-014
 >>> 卫星在地固系坐标为:   -33081.972320311535       -195022.00351688996        36415.033583659519     
 >>> 地球非球形引力分量 (地固系), 带谐:    2.2126552059560870E-012   1.3043855039220018E-011  -8.2630598283379133E-012
 >>> 地球非球形引力分量 (地固系), 田谐:   -5.5276761149243173E-015  -1.4595484272424999E-013   4.3139229005818379E-014
 >>> 卫星在地固系坐标为:   -33995.162715692939       -195012.30244101255        36440.788512793995     
 >>> 地球非球形引力分量 (地固系), 带谐:    2.2654385700827155E-012   1.2995625150709042E-011  -8.2386791942097282E-012
 >>> 地球非球形引力分量 (地固系), 田谐:   -7.1143055487912381E-015  -1.4558135484285748E-013   4.3078751289909370E-014
 >>> 卫星在地固系坐标为:   -34452.008061978493       -195005.80194453997        36453.657030232622     
 >>> 地球非球形引力分量 (地固系), 带谐:    2.2916960491546228E-012   1.2971494290683358E-011  -8.2265293466194293E-012
 >>> 地球非球形引力分量 (地固系), 田谐:   -7.9042508077599802E-015  -1.4538645906359399E-013   4.3047271499741890E-014
 >>> 卫星在地固系坐标为:   -36738.706565127293       -194957.19124276636        36517.989911908022     
 >>> 地球非球形引力分量 (地固系), 带谐:    2.4216264951052282E-012   1.2850574880415477E-011  -8.1661108765524847E-012
 >>> 地球非球形引力分量 (地固系), 田谐:   -1.1818944590732651E-014  -1.4433013246582873E-013   4.2877210262904665E-014
 >>> 卫星在地固系坐标为:   -37145.643733075842       -194945.71617401321        36529.421901603542     
 >>> 地球非球形引力分量 (地固系), 带谐:    2.4444900333542898E-012   1.2829037602817422E-011  -8.1554301600977082E-012
 >>> 地球非球形引力分量 (地固系), 田谐:   -1.2508591383413264E-014  -1.4412825427176517E-013   4.2844800331926880E-014
 >>> 卫星在地固系坐标为:   -37654.482974178740       -194930.16544082074        36543.709379494314     
 >>> 地球非球形引力分量 (地固系), 带谐:    2.4729699977411205E-012   1.2802099848786373E-011  -8.1421050945115556E-012
 >>> 地球非球形引力分量 (地固系), 田谐:   -1.3367895080777180E-014  -1.4386999484334556E-013   4.2803373122125472E-014
 >>> 卫星在地固系坐标为:   -37654.482313547058       -194930.16384654000        36543.709061933434     
 >>> 地球非球形引力分量 (地固系), 带谐:    2.4729700598809929E-012   1.2802100290375234E-011  -8.1421053708320858E-012
 >>> 地球非球形引力分量 (地固系), 田谐:   -1.3367894929540583E-014  -1.4386999974425490E-013   4.2803374527716678E-014
 >>> 卫星在地固系坐标为:   -38575.098867923414       -194898.66047362325        36569.543342218065     
 >>> 地球非球形引力分量 (地固系), 带谐:    2.5241897971892704E-012   1.2753336341088654E-011  -8.1180776028926073E-012
 >>> 地球非球形引力分量 (地固系), 田谐:   -1.4913891096196090E-014  -1.4338632931603563E-013   4.2725869579430626E-014
 >>> 卫星在地固系坐标为:   -39035.619784340590       -194881.23151070985        36582.451518821654     
 >>> 地球非球形引力分量 (地固系), 带谐:    2.5496662223584280E-012   1.2728940800724714E-011  -8.1061036003219328E-012
 >>> 地球非球形引力分量 (地固系), 田谐:   -1.5683020580342260E-014  -1.4313662619330548E-013   4.2685908069743651E-014
 >>> 卫星在地固系坐标为:   -41340.328135031741       -194777.70642210767        36646.982678582011     
 >>> 地球非球形引力分量 (地固系), 带谐:    2.6756968448483549E-012   1.2606723701324403E-011  -8.0465596762512086E-012
 >>> 地球非球形引力分量 (地固系), 田谐:   -1.9488636683508683E-014  -1.4180920400611275E-013   4.2473765515481624E-014
 >>> 卫星在地固系坐标为:   -41750.402042463938       -194756.42167190486        36658.449908665840     
 >>> 地球非球形引力分量 (地固系), 带谐:    2.6978681338974518E-012   1.2584960100890053E-011  -8.0360335744972140E-012
 >>> 地球非球形引力分量 (地固系), 田谐:   -2.0158031602797036E-014  -1.4155965529422555E-013   4.2433932099278209E-014
 >>> 卫星在地固系坐标为:   -42263.134399759991       -194728.58898107387        36672.781432362244     
 >>> 地球非球形引力分量 (地固系), 带谐:    2.7254832505378266E-012   1.2557741284607505E-011  -8.0229014083282334E-012
 >>> 地球非球形引力分量 (地固系), 田谐:   -2.0991659618433791E-014  -1.4124203531562616E-013   4.2383250284446961E-014
 >>> 卫星在地固系坐标为:   -42263.133702362749       -194728.58739904169        36672.781114137033     
 >>> 地球非球形引力分量 (地固系), 带谐:    2.7254833216715065E-012   1.2557741717554409E-011  -8.0229016801261488E-012
 >>> 地球非球形引力分量 (地固系), 田谐:   -2.0991659738947661E-014  -1.4124204016262078E-013   4.2383251680362800E-014
 >>> 卫星在地固系坐标为:   -43190.648144354156       -194674.82219656906        36698.693252485245     
 >>> 地球非球形引力分量 (地固系), 带谐:    2.7751368999923482E-012   1.2508478242130046E-011  -7.9992234007674821E-012
 >>> 地球非球形引力分量 (地固系), 田谐:   -2.2490107378392182E-014  -1.4065171953872375E-013   4.2289088528628657E-014
 >>> 卫星在地固系坐标为:   -43654.579122783252       -194646.23579212875        36711.640342936123     
 >>> 地球非球形引力分量 (地固系), 带谐:    2.7998310507937957E-012   1.2483835277809619E-011  -7.9874235573256589E-012
 >>> 地球非球形引力分量 (地固系), 田谐:   -2.3234982524242215E-014  -1.4034900854082007E-013   4.2240831945083770E-014
 >>> 卫星在地固系坐标为:   -45975.956232316137       -194486.65915650487        36776.366055505627     
 >>> 地球非球形引力分量 (地固系), 带谐:    2.9219562891994552E-012   1.2360406687709075E-011  -7.9287457696041467E-012
 >>> 地球非球形引力分量 (地固系), 田谐:   -2.6914526914449128E-014  -1.3875982207148547E-013   4.1987563201302747E-014
 >>> 卫星在地固系坐标为:   -46388.926100148485       -194455.36393975682        36787.867864369946     
 >>> 地球非球形引力分量 (地固系), 带谐:    2.9434344314596806E-012   1.2338432072487048E-011  -7.9183727913603872E-012
 >>> 地球非球形引力分量 (地固系), 田谐:   -2.7560684241796645E-014  -1.3846431925087615E-013   4.1940479865408009E-014
 >>> 卫星在地固系坐标为:   -46905.249588277242       -194414.99890585279        36802.242607227417     
 >>> 地球非球形引力分量 (地固系), 带谐:    2.9701836158457770E-012   1.2310951321942373E-011  -7.9054316622830629E-012
 >>> 地球非球形引力分量 (地固系), 田谐:   -2.8364919811760644E-014  -1.3808950837403302E-013   4.1880761985300835E-014
 >>> 卫星在地固系坐标为:   -46905.248854299585       -194414.99733732335        36802.242288404159     
 >>> 地球非球形引力分量 (地固系), 带谐:    2.9701836956621686E-012   1.2310951746087789E-011  -7.9054319295764935E-012
 >>> 地球非球形引力分量 (地固系), 田谐:   -2.8364920197186022E-014  -1.3808951314707157E-013   4.1880763368410237E-014
 >>> 卫星在地固系坐标为:   -47839.191031471724       -194338.51562333203        36828.232995222701     
 >>> 地球非球形引力分量 (地固系), 带谐:    3.0182735661806248E-012   1.2261219137480848E-011  -7.8820977421101078E-012
 >>> 地球非球形引力分量 (地固系), 田谐:   -2.9809272495361457E-014  -1.3739648793371143E-013   4.1770334387572694E-014
 >>> 卫星在地固系坐标为:   -48306.295665400692       -194298.54499071746        36841.219354417983     
 >>> 地球非球形引力分量 (地固系), 带谐:    3.0421866918928158E-012   1.2236343931630991E-011  -7.8704693691446661E-012
 >>> 地球非球形引力分量 (地固系), 田谐:   -3.0526640575374245E-014  -1.3704277271709152E-013   4.1713980803306674E-014
 >>> 卫星在地固系坐标为:   -50643.146211300147       -194081.78831267395        36906.141393953192     
 >>> 地球非球形引力分量 (地固系), 带谐:    3.1604131025285490E-012   1.2111779631271846E-011  -7.8126443496264777E-012
 >>> 地球非球形引力分量 (地固系), 田谐:   -3.4064064034975211E-014  -1.3520214927825917E-013   4.1420595611761968E-014
 >>> 卫星在地固系坐标为:   -51058.797218585678       -194040.28298319934        36917.678096836833     
 >>> 地球非球形引力分量 (地固系), 带谐:    3.1811993146256076E-012   1.2089607449883665E-011  -7.8024221322370434E-012
 >>> 地球非球形引力分量 (地固系), 田谐:   -3.4684168668128474E-014  -1.3486258147037754E-013   4.1366445197064069E-014
 >>> 卫星在地固系坐标为:   -51578.442329369609       -193987.13647057328        36932.096452813930     
 >>> 地球非球形引力分量 (地固系), 带谐:    3.2070841089922639E-012   1.2061881565768740E-011  -7.7896690929116932E-012
 >>> 地球非球形引力分量 (地固系), 田谐:   -3.5455509412231467E-014  -1.3443296338107860E-013   4.1297921203904432E-014
 >>> 卫星在地固系坐标为:   -51578.441558844257       -193987.13491640304        36932.096133377287     
 >>> 地球非球形引力分量 (地固系), 带谐:    3.2070841971991799E-012   1.2061881981070892E-011  -7.7896693557876578E-012
 >>> 地球非球形引力分量 (地固系), 田谐:   -3.5455510054563592E-014  -1.3443296806200483E-013   4.1297922571506350E-014
 >>> 卫星在地固系坐标为:   -52518.316423103519       -193887.48719597264        36958.165981115912     
 >>> 地球非球形引力分量 (地固系), 带谐:    3.2536129089842061E-012   1.2011710850536971E-011  -7.7666740827503217E-012
 >>> 地球非球形引力分量 (地固系), 田谐:   -3.6839471699870243E-014  -1.3364161233686672E-013   4.1171647722254832E-014
 >>> 卫星在地固系坐标为:   -52988.345843488911       -193835.90820844308        36971.191895071948     
 >>> 地球非球形引力分量 (地固系), 带谐:    3.2767463095925458E-012   1.1986618694695134E-011  -7.7552146006181699E-012
 >>> 地球非球形引力分量 (地固系), 田谐:   -3.7526207887499739E-014  -1.3323910969446308E-013   4.1107408980580132E-014
 >>> 卫星在地固系坐标为:   -55339.412059985385       -193560.85694812960        37036.311691430747     
 >>> 地球非球形引力分量 (地固系), 带谐:    3.3910807206089155E-012   1.1860995009304692E-011  -7.6982295213973438E-012
 >>> 地球非球形引力分量 (地固系), 田谐:   -4.0906122319994311E-014  -1.3115843070656225E-013   4.0774985677453782E-014
 >>> 卫星在地固系坐标为:   -55757.518259000179       -193508.94445705749        37047.883542417054     
 >>> 地球非球形引力分量 (地固系), 带谐:    3.4111762704427287E-012   1.1838638807131349E-011  -7.6881557973692811E-012
 >>> 地球非球形引力分量 (地固系), 田谐:   -4.1497480417399677E-014  -1.3077687236018582E-013   4.0713963173570065E-014
 >>> 卫星在地固系坐标为:   -56280.201565810996       -193442.77062601439        37062.345829056772     
 >>> 地球非球形引力分量 (地固系), 带谐:    3.4361982823920750E-012   1.1810684711016931E-011  -7.6755880190310757E-012
 >>> 地球非球形引力分量 (地固系), 田谐:   -4.2232577101411399E-014  -1.3029506149897516E-013   4.0636878185195900E-014
 >>> 卫星在地固系坐标为:   -56280.200758802268       -193442.76908709630        37062.345508996623     
 >>> 地球非球形引力分量 (地固系), 带谐:    3.4361983786986659E-012   1.1810685117431809E-011  -7.6755882775704620E-012
 >>> 地球非球形引力分量 (地固系), 田谐:   -4.2232577991544859E-014  -1.3029506607025542E-013   4.0636879534640335E-014
 >>> 卫星在地固系坐标为:   -57225.497521120895       -193319.51105784520        37088.495194978103     
 >>> 地球非球形引力分量 (地固系), 带谐:    3.4811690817652692E-012   1.1760105791097165E-011  -7.6529267205692356E-012
 >>> 地球非球形引力分量 (地固系), 田谐:   -4.3550149083606943E-014  -1.2941016128239306E-013   4.0495204967600514E-014
 >>> 卫星在地固系坐标为:   -57698.194973555233       -193256.10221927665        37101.561012063568     
 >>> 地球非球形引力分量 (地固系), 带谐:    3.5035243565613171E-012   1.1734811834055877E-011  -7.6416335393511773E-012
 >>> 地球非球形引力分量 (地固系), 田谐:   -4.4203278254536933E-014  -1.2896129029845624E-013   4.0423305956846693E-014
 >>> 卫星在地固系坐标为:   -60062.179567836909       -192921.65532203356        37166.880306774598     
 >>> 地球非球形引力分量 (地固系), 带谐:    3.6139750832423094E-012   1.1608204370343003E-011  -7.5854755227864885E-012
 >>> 地球非球形引力分量 (地固系), 田谐:   -4.7411064131894389E-014  -1.2665293408696638E-013   4.0052987570933665E-014
 >>> 卫星在地固系坐标为:   -60482.507969445382       -192859.14107555032        37178.487615309219     
 >>> 地球非球形引力分量 (地固系), 带谐:    3.6333815016661902E-012   1.1585677564249326E-011  -7.5755480160775929E-012
 >>> 地球非球形引力分量 (地固系), 田谐:   -4.7971121945307058E-014  -1.2623163429483337E-013   3.9985299375325386E-014
 >>> 卫星在地固系坐标为:   -61007.937235270183       -192779.69718044577        37192.994219332635     
 >>> 地球非球形引力分量 (地固系), 带谐:    3.6575426667255985E-012   1.1557512016785340E-011  -7.5631626594006598E-012
 >>> 地球非球形引力分量 (地固系), 田谐:   -4.8666801898399989E-014  -1.2570046228934566E-013   3.9899912729407825E-014
 >>> 卫星在地固系坐标为:   -61007.936391851079       -192779.69565766203        37192.993898634355     
 >>> 地球非球形引力分量 (地固系), 带谐:    3.6575427708449847E-012   1.1557512414279254E-011  -7.5631629136861955E-012
 >>> 地球非球形引力分量 (地固系), 田谐:   -4.8666803026193941E-014  -1.2570046673427692E-013   3.9899914058140521E-014
 >>> 卫星在地固系坐标为:   -61958.041648419028       -192632.40199023156        37219.221852962299     
 >>> 地球非球形引力分量 (地固系), 带谐:    3.7009552386922460E-012   1.1506559573543430E-011  -7.5408318941664810E-012
 >>> 地球非球形引力分量 (地固系), 田谐:   -4.9912192891407176E-014  -1.2472727235549970E-013   3.9743325748337421E-014
 >>> 卫星在地固系坐标为:   -62433.099063817681       -192556.95165301452        37232.326789501625     
 >>> 地球非球形引力分量 (地固系), 带谐:    3.7225323216509622E-012   1.1481081141819215E-011  -7.5297034272818291E-012
 >>> 地球非球形引力分量 (地固系), 田谐:   -5.0528847572719082E-014  -1.2423469068094773E-013   3.9664011402291283E-014
 >>> 卫星在地固系坐标为:   -64808.448064878052       -192162.06086800213        37297.841665550281     
 >>> 地球非球形引力分量 (地固系), 带谐:    3.8290995831615472E-012   1.1353576410787264E-011  -7.4743645588130329E-012
 >>> 地球非球形引力分量 (地固系), 田谐:   -5.3550454211577174E-014  -1.2171222320631414E-013   3.9257042511572704E-014
 >>> 卫星在地固系坐标为:   -65230.720039870241       -192088.76028400703        37309.483735963979     
 >>> 地球非球形引力分量 (地固系), 带谐:    3.8478170017392966E-012   1.1330894357935356E-011  -7.4645818659637339E-012
 >>> 地球非球形引力分量 (地固系), 田谐:   -5.4076764444588359E-014  -1.2125364118089604E-013   3.9182913296921801E-014
 >>> 卫星在地固系坐标为:   -65758.545969319792       -191995.81636232886        37324.033788163695     
 >>> 地球非球形引力分量 (地固系), 带谐:    3.8711175227592670E-012   1.1302536545796588E-011  -7.4523771781634381E-012
 >>> 地球非球形引力分量 (地固系), 田谐:   -5.4729990304736715E-014  -1.2067620183598677E-013   3.9089507266485551E-014
 >>> 卫星在地固系坐标为:   -65758.545089815016       -191995.81485696184        37324.033466896130     
 >>> 地球非球形引力分量 (地固系), 带谐:    3.8711176343777975E-012   1.1302536934239991E-011  -7.4523774282114083E-012
 >>> 地球非球形引力分量 (地固系), 田谐:   -5.4729991658689957E-014  -1.2067620613758985E-013   3.9089508571695286E-014
 >>> 卫星在地固系坐标为:   -66712.977902240600       -191824.04722859059        37350.342355027329     
 >>> 地球非球形引力分量 (地固系), 带谐:    3.9129792997916823E-012   1.1251237009801168E-011  -7.4303701870507356E-012
 >>> 地球非球形引力分量 (地固系), 田谐:   -5.5897968296130319E-014  -1.1962021205609595E-013   3.8918495214439959E-014
 >>> 卫星在地固系坐标为:   -67190.153452908198       -191736.33672096365        37363.487742098332     
 >>> 地球非球形引力分量 (地固系), 带谐:    3.9337819131680482E-012   1.1225587303036281E-011  -7.4194030695851374E-012
 >>> 地球非球形引力分量 (地固系), 田谐:   -5.6475560400719139E-014  -1.1908668887158343E-013   3.8832011438801911E-014
 >>> 卫星在地固系坐标为:   -69575.644103119033       -191279.91354775112        37429.204853104406     
 >>> 地球非球形引力分量 (地固系), 带谐:    4.0364844446671080E-012   1.1097251136740164E-011  -7.3648666406084231E-012
 >>> 地球非球形引力分量 (地固系), 田谐:   -5.9298333827995639E-014  -1.1636419669013565E-013   3.8389637526123558E-014
 >>> 卫星在地固系坐标为:   -69999.639892420586       -191195.63398866387        37440.882867367793     
 >>> 地球非球形引力分量 (地固系), 带谐:    4.0545162130312566E-012   1.1074425512177032E-011  -7.3552258124994773E-012
 >>> 地球非球形引力分量 (地固系), 田谐:   -5.9788697335338654E-014  -1.1587087780031635E-013   3.8309291450041087E-014
 >>> 卫星在地固系坐标为:   -70529.586779134450       -191088.94962184256        37455.477844717439     
 >>> 地球非球形引力分量 (地固系), 带谐:    4.0769602850418985E-012   1.1045890017167986E-011  -7.3431981163332452E-012
 >>> 地球非球形引力分量 (地固系), 田谐:   -6.0396741835676266E-014  -1.1525036991865901E-013   3.8208147381537204E-014
 >>> 卫星在地固系坐标为:   -70529.585863469329       -191088.94813445045        37455.477522793575     
 >>> 地球非球形引力分量 (地固系), 带谐:    4.0769604039013661E-012   1.1045890396626159E-011  -7.3431983622804222E-012
 >>> 地球非球形引力分量 (地固系), 田谐:   -6.0396743403964145E-014  -1.1525037406297024E-013   3.8208148661135686E-014
 >>> 卫星在地固系坐标为:   -71487.694439039915       -190892.29979261642        37481.865867671419     
 >>> 地球非球形引力分量 (地固系), 带谐:    4.1172722691838750E-012   1.0994277805491217E-011  -7.3215117462096732E-012
 >>> 地球非球形引力分量 (地固系), 田谐:   -6.1482252483914156E-014  -1.1411757803574859E-013   3.8023249096072562E-014
 >>> 卫星在地固系坐标为:   -71966.660860091404       -190792.12685591663        37495.050967954405     
 >>> 地球非球形引力分量 (地固系), 带谐:    4.1373009605974098E-012   1.0968474016739370E-011  -7.3107044043716653E-012
 >>> 地球非球形引力分量 (地固系), 田谐:   -6.2018286511282957E-014  -1.1354613651451238E-013   3.7929867133929536E-014
 >>> 卫星在地固系坐标为:   -74360.643202130814       -190273.17099325097        37560.966628613649     
 >>> 地球非球形引力分量 (地固系), 带谐:    4.2361420416931531E-012   1.0839392242208092E-011  -7.2569625656314466E-012
 >>> 地球非球形引力分量 (地固系), 田谐:   -6.4630073721841811E-014  -1.1063897575974719E-013   3.7453463022679766E-014
 >>> 卫星在地固系坐标为:   -74786.067117345985       -190177.73657524749        37572.679932215651     
 >>> 地球非球形引力分量 (地固系), 带谐:    4.2534888344159456E-012   1.0816438278644161E-011  -7.2474622106498506E-012
 >>> 地球非球形引力分量 (地固系), 田谐:   -6.5082387061463629E-014  -1.1011369084939056E-013   3.7367147683972582E-014
 >>> 卫星在地固系坐标为:   -75317.764346283016       -190057.09274756777        37587.319016936635     
 >>> 地球非球形引力分量 (地固系), 带谐:    4.2750773386890003E-012   1.0787744130675842E-011  -7.2356097682425834E-012
 >>> 地球非球形引力分量 (地固系), 田谐:   -6.5642645371419212E-014  -1.0945359492213917E-013   3.7258576410171044E-014
 >>> 卫星在地固系坐标为:   -75317.763394834081       -190057.09127942534        37587.318694421905     
 >>> 地球非球形引力分量 (地固系), 带谐:    4.2750774644787688E-012   1.0787744501037379E-011  -7.2356100101068721E-012
 >>> 地球非球形引力分量 (地固系), 田谐:   -6.5642647140633144E-014  -1.0945359889416920E-013   3.7258577661548607E-014
 >>> 卫星在地固系坐标为:   -76278.952057917631       -189835.15379622698        37613.787148143390     
 >>> 地球非球形引力分量 (地固系), 带谐:    4.3138445654990790E-012   1.0735849463725471E-011  -7.2142391122564285E-012
 >>> 地球非球形引力分量 (地固系), 田谐:   -6.6641139789016277E-014  -1.0825025363239836E-013   3.7060343399102197E-014
 >>> 卫星在地固系坐标为:   -76759.410141572473       -189722.31509739373        37627.012287426609     
 >>> 地球非球形引力分量 (地固系), 带谐:    4.3331018786524031E-012   1.0709906687070314E-011  -7.2035891013428501E-012
 >>> 地球非球形引力分量 (地固系), 田谐:   -6.7133373714692460E-014  -1.0764404149453385E-013   3.6960340603725559E-014
 >>> 卫星在地固系坐标为:   -79160.374518482815       -189139.81854995797        37693.128126400436     
 >>> 地球非球形引力分量 (地固系), 带谐:    4.4280945599153047E-012   1.0580154612442944E-011  -7.1506296971857304E-012
 >>> 地球非球形引力分量 (地固系), 田谐:   -6.9523296179988325E-014  -1.0456816124069073E-013   3.6451309355157034E-014
 >>> 卫星在地固系坐标为:   -79586.955792450724       -189033.05162066661        37704.877008739117     
 >>> 地球非球形引力分量 (地固系), 带谐:    4.4447587513957431E-012   1.0557085669731062E-011  -7.1412676668781597E-012
 >>> 地球非球形引力分量 (地固系), 田谐:   -6.9935683609487053E-014  -1.0401378140430877E-013   3.6359276977628391E-014
 >>> 卫星在地固系坐标为:   -80120.063900600260       -188898.22693080673        37719.560562502433     
 >>> 地球非球形引力分量 (地固系), 带谐:    4.4654946789483953E-012   1.0528249556425834E-011  -7.1295877980602179E-012
 >>> 地球非球形引力分量 (地固系), 田谐:   -7.0445835981221927E-014  -1.0331770103852326E-013   3.6243594945963421E-014
 >>> 卫星在地固系坐标为:   -80120.062913551345       -188898.22548283066        37719.560239383951     
 >>> 地球非球形引力分量 (地固系), 带谐:    4.4654948113879931E-012   1.0528249917678329E-011  -7.1295880359187390E-012
 >>> 地球非球形引力分量 (地固系), 田谐:   -7.0445837937481041E-014  -1.0331770482535023E-013   3.6243596166921013E-014
 >>> 卫星在地固系坐标为:   -81083.709823379977       -188650.60106395365        37746.109313090907     
 >>> 地球非球形引力分量 (地固系), 带谐:    4.5027223817802034E-012   1.0476102852191174E-011  -7.1085281472137757E-012
 >>> 地球非球形引力分量 (地固系), 田谐:   -7.1353183142083777E-014  -1.0205037268319347E-013   3.6032603523035193E-014
 >>> 卫星在地固系坐标为:   -81565.347279610985       -188524.89866255541        37759.374746783753     
 >>> 地球非球形引力分量 (地固系), 带谐:    4.5212109610684985E-012   1.0450036280058107E-011  -7.0980331208759856E-012
 >>> 地球非球形引力分量 (地固系), 田谐:   -7.1799585549147028E-014  -1.0141269044750893E-013   3.5926269598425598E-014
 >>> 卫星在地固系坐标为:   -83971.718562626833       -187877.88117467525        37825.692040945687     
 >>> 地球非球形引力分量 (地固系), 带谐:    4.6123688105874269E-012   1.0319689702230323E-011  -7.0458444830822561E-012
 >>> 地球非球形引力分量 (地固系), 田谐:   -7.3957834268476749E-014  -9.8184782983141785E-014   3.5386075477372703E-014
 >>> 卫星在地固系坐标为:   -84399.174789288765       -187759.60914607850        37837.476728932590     
 >>> 地球非球形引力分量 (地固系), 带谐:    4.6283528702543293E-012   1.0296519226386704E-011  -7.0366187148568185E-012
 >>> 地球非球形引力分量 (地固系), 田谐:   -7.4328613014979700E-014  -9.7604307771019834E-014   3.5288589067899046E-014
 >>> 卫星在地固系坐标为:   -84933.339767310972       -187610.38857854035        37852.205035330735     
 >>> 地球非球形引力分量 (地固系), 带谐:    4.6482393322373517E-012   1.0267557942690733E-011  -7.0251088464440252E-012
 >>> 地球非球形引力分量 (地固系), 田谐:   -7.4786582090251581E-014  -9.6876005561717072E-014   3.5166126161969710E-014
 >>> 卫星在地固系坐标为:   -84933.338744885681       -187610.38715167867        37852.204711600869     
 >>> 地球非球形引力分量 (地固系), 带谐:    4.6482394710469827E-012   1.0267558294820361E-011  -7.0251090803684244E-012
 >>> 地球非球形引力分量 (地固系), 田谐:   -7.4786584218906035E-014  -9.6876009151430805E-014   3.5166127350384675E-014
 >>> 卫星在地固系坐标为:   -85898.804117198262       -187336.68771424395        37878.835006335787     
 >>> 地球非球形引力分量 (地固系), 带谐:    4.6839332999331204E-012   1.0215189360339832E-011  -7.0043554983299018E-012
 >>> 地球非球形引力分量 (地固系), 田谐:   -7.5599100943528558E-014  -9.5551525072253289E-014   3.4942975080809499E-014
 >>> 卫星在地固系坐标为:   -86381.299682965604       -187197.92857085183        37892.141034738219     
 >>> 地球非球形引力分量 (地固系), 带谐:    4.7016560669940187E-012   1.0189014055404656E-011  -6.9940131136038380E-012
 >>> 地球非球形引力分量 (地固系), 田谐:   -7.5997866836162631E-014  -9.4885807313190026E-014   3.4830610878502772E-014
 >>> 卫星在地固系坐标为:   -88791.457855848072       -186485.43485111199        37958.661285349976     
 >>> 地球非球形引力分量 (地固系), 带谐:    4.7889940327276526E-012   1.0058148117609445E-011  -6.9425835916780050E-012
 >>> 地球非球形引力分量 (地固系), 田谐:   -7.7915778978551219E-014  -9.1523212252447443E-014   3.4260773128167301E-014
 >>> 卫星在地固系坐标为:   -89219.498654929339       -186355.48964962311        37970.482045755358     
 >>> 地球非球形引力分量 (地固系), 带谐:    4.8043006747429141E-012   1.0034889437436500E-011  -6.9334920262337675E-012
 >>> 地球非球形引力分量 (地固系), 田谐:   -7.8243472430901268E-014  -9.0919752251361578E-014   3.4158105333670212E-014
 >>> 卫星在地固系坐标为:   -89754.356512350452       -186191.66387149997        37985.255438186236     
 >>> 地球非球形引力分量 (地固系), 带谐:    4.8233410870975017E-012   1.0005819631750992E-011  -6.9221495892154523E-012
 >>> 地球非球形引力分量 (地固系), 田谐:   -7.8647439525293526E-014  -9.0163127874581803E-014   3.4029203431848195E-014
 >>> 卫星在地固系坐标为:   -89754.355454786957       -186191.66246669352        37985.255113834173     
 >>> 地球非球形引力分量 (地固系), 带谐:    4.8233412320014569E-012   1.0005819974752029E-011  -6.9221498192782195E-012
 >>> 地球非球形引力分量 (地固系), 田谐:   -7.8647441811046348E-014  -9.0163131256430233E-014   3.4029204585709822E-014
 >>> 卫星在地固系坐标为:   -90720.899890738627       -185891.53557857961        38011.965067003395     
 >>> 地球非球形引力分量 (地固系), 带谐:    4.8575047739734589E-012   9.9532634993889497E-012  -6.9016995750362697E-012
 >>> 地球非球形引力分量 (地固系), 田谐:   -7.9361859030896616E-014  -8.8788689182582079E-014   3.3794532770527436E-014
 >>> 卫星在地固系坐标为:   -91203.882546239984       -185739.54484966228        38025.310910078966     
 >>> 地球非球形引力分量 (地固系), 带谐:    4.8744635035503850E-012   9.9269966064954984E-012  -6.8915083501242975E-012
 >>> 地球非球形引力分量 (地固系), 田谐:   -7.9711391011201791E-014  -8.8098548107718522E-014   3.3676459852207542E-014
 >>> 卫星在地固系坐标为:   -93615.959296498389       -184960.71423612136        38092.030218308166     
 >>> 地球非球形引力分量 (地固系), 带谐:    4.9579910064196511E-012   9.7956968514229140E-012  -6.8408305533663185E-012
 >>> 地球非球形引力分量 (地固系), 田谐:   -8.1381367513290627E-014  -8.4619473757844608E-014   3.3078601719498558E-014
 >>> 卫星在地固系坐标为:   -94044.250232732287       -184818.94525323261        38103.886358688476     
 >>> 地球非球形引力分量 (地固系), 带谐:    4.9726219977791572E-012   9.7723651419222492E-012  -6.8318718803380989E-012
 >>> 地球非球形引力分量 (地固系), 田谐:   -8.1664692599496906E-014  -8.3996290506986762E-014   3.2971043747958485E-014
 >>> 卫星在地固系坐标为:   -94579.381959072285       -184640.32703218094        38118.703971973264     
 >>> 地球非球形引力分量 (地固系), 带谐:    4.9908186079008087E-012   9.7432057688838233E-012  -6.8206952382810312E-012
 >>> 地球非球形引力分量 (地固系), 田谐:   -8.2013082815984969E-014  -8.3215430800259882E-014   3.2836067955847035E-014
 >>> 卫星在地固系坐标为:   -94579.380866902298       -184640.32565071163        38118.703647067268     
 >>> 地球非球形引力分量 (地固系), 带谐:    4.9908187585890925E-012   9.7432061026744181E-012  -6.8206954644983682E-012
 >>> 地球非球形引力分量 (地固系), 田谐:   -8.2013085242348548E-014  -8.3215433963899415E-014   3.2836069072977841E-014
 >>> 卫星在地固系坐标为:   -95546.322580694250       -184313.41257582206        38145.493863711061     
 >>> 地球非球形引力分量 (地固系), 带谐:    5.0234590461195584E-012   9.6904920536655158E-012  -6.8005439240087216E-012
 >>> 地球非球形引力分量 (地固系), 田谐:   -8.2626700476938675E-014  -8.1798341496400536E-014   3.2590522452508845E-014
 >>> 卫星在地固系坐标为:   -96029.450079529997       -184148.01202220601        38158.879823752475     
 >>> 地球非球形引力分量 (地固系), 带谐:    5.0396572811600572E-012   9.6641485380815012E-012  -6.7905015501143628E-012
 >>> 地球非球形引力分量 (地固系), 田谐:   -8.2925685408224645E-014  -8.1087443007004351E-014   3.2467064495540381E-014
 >>> 卫星在地固系坐标为:   -98441.720744177510       -183301.96444349631        38225.799700818476     
 >>> 地球非球形引力分量 (地固系), 带谐:    5.1193923764361518E-012   9.5324896016032756E-012  -6.7405639986033839E-012
 >>> 地球非球形引力分量 (地固系), 田谐:   -8.4341547964884478E-014  -7.7510334318955856E-014   3.1842817592432076E-014
 >>> 卫星在地固系坐标为:   -98869.952865649917       -183148.21719938394        38237.691489710945     
 >>> 地球非球形引力分量 (地固系), 带谐:    5.1333509829421059E-012   9.5090980984091290E-012  -6.7317361889582984E-012
 >>> 地球非球形引力分量 (地固系), 田谐:   -8.4579474001853038E-014  -7.6870725930153574E-014   3.1730661761998401E-014
 >>> 卫星在地固系坐标为:   -99404.971282513230       -182954.61428328339        38252.553659454701     
 >>> 地球非球形引力分量 (地固系), 带谐:    5.1507078966580364E-012   9.4798656884145706E-012  -6.7207228106622426E-012
 >>> 地球非球形引力分量 (地固系), 田谐:   -8.4871027815445196E-014  -7.6069761121382012E-014   3.1589978414642159E-014
 >>> 卫星在地固系坐标为:   -99404.970156042400       -182954.61292608888        38252.553333983647     
 >>> 地球非球形引力分量 (地固系), 带谐:    5.1507080528578416E-012   9.4798660130035145E-012  -6.7207230331061577E-012
 >>> 地球非球形引力分量 (地固系), 田谐:   -8.4871030365960248E-014  -7.6069764058553815E-014   3.1589979493262934E-014
 >>> 卫星在地固系坐标为:   -100371.67833801471       -182600.54121455800        38279.426426628808     
 >>> 地球非球形引力分量 (地固系), 带谐:    5.1818348541499881E-012   9.4270202961614010E-012  -6.7008641614592212E-012
 >>> 地球非球形引力分量 (地固系), 田谐:   -8.5381682890721665E-014  -7.4617400624610828E-014   3.1334203715378901E-014
 >>> 卫星在地固系坐标为:   -100854.63387500861       -182421.54550457795        38292.853808305059     
 >>> 地球非球形引力分量 (地固系), 带谐:    5.1972774882110534E-012   9.4006130941946296E-012  -6.6909676341020333E-012
 >>> 地球非球形引力分量 (地固系), 田谐:   -8.5629078354645495E-014  -7.3889443705430516E-014   3.1205684676234124E-014
 >>> 卫星在地固系坐标为:   -103265.50038271064       -181507.36320254093        38359.980775843200     
 >>> 地球非球形引力分量 (地固系), 带谐:    5.2732447978145450E-012   9.2686594770336606E-012  -6.6417554084695317E-012
 >>> 地球非球形引力分量 (地固系), 田谐:   -8.6786000008037700E-014  -7.0232882675597550E-014   3.0556680245975188E-014
 >>> 卫星在地固系坐标为:   -103693.38715244792       -181341.47611640333        38371.909371785048     
 >>> 地球非球形引力分量 (地固系), 带谐:    5.2865354217860677E-012   9.2452196157786207E-012  -6.6330558287841272E-012
 >>> 地球非球形引力分量 (地固系), 田谐:   -8.6977736112065419E-014  -6.9580166684976696E-014   3.0440218504409520E-014
 >>> 卫星在地固系坐标为:   -104227.93305019343       -181132.68721161998        38386.817545685990     
 >>> 地球非球形引力分量 (地固系), 带谐:    5.3030581520864007E-012   9.2159284504310211E-012  -6.6222024305957763E-012
 >>> 地球非球形引力分量 (地固系), 田谐:   -8.7211493521568329E-014  -6.8763249211108270E-014   3.0294193348292015E-014
 >>> 卫星在地固系坐标为:   -104227.93188949037       -181132.68587934703        38386.817219565717     
 >>> 地球非球形引力分量 (地固系), 带谐:    5.3030583135645585E-012   9.2159287659012358E-012  -6.6222026493853980E-012
 >>> 地球非球形引力分量 (地固系), 田谐:   -8.7211496179965196E-014  -6.8763251915375303E-014   3.0294194386962015E-014
 >>> 卫星在地固系坐标为:   -105193.59906422629       -180751.15038643198        38413.771494558096     
 >>> 地球非球形引力分量 (地固系), 带谐:    5.3326766439115572E-012   9.1629856436166491E-012  -6.6026337146500434E-012
 >>> 地球非球形引力分量 (地固系), 田谐:   -8.7617449782619471E-014  -6.7283373740323010E-014   3.0028894131134421E-014
 >>> 卫星在地固系坐标为:   -105675.97762319523       -180558.40853195850        38427.239452391172     
 >>> 地球非球形引力分量 (地固系), 带谐:    5.3473662332089165E-012   9.1365318648711660E-012  -6.5928816700331547E-012
 >>> 地球非球形引力分量 (地固系), 田谐:   -8.7812429001863976E-014  -6.6542243790999734E-014   2.9895667610564143E-014
 >>> 卫星在地固系坐标为:   -108083.40213018014       -179575.35221420397        38494.569284456433     
 >>> 地球非球形引力分量 (地固系), 带谐:    5.4195790973421476E-012   9.0043689047256648E-012  -6.5443879659623278E-012
 >>> 地球非球形引力分量 (地固系), 田谐:   -8.8706694743684277E-014  -6.2825723500914649E-014   2.9223686360782745E-014
 >>> 卫星在地固系坐标为:   -108510.57904958600       -179397.19662407431        38506.533936898755     
 >>> 地球非球形引力分量 (地固系), 带谐:    5.4322042042644249E-012   8.9808958192843244E-012  -6.5358154094471382E-012
 >>> 地球非球形引力分量 (地固系), 田谐:   -8.8851653500638021E-014  -6.2163375638574397E-014   2.9103237431773413E-014
 >>> 卫星在地固系坐标为:   -109044.19587643763       -179173.06208607569        38521.487177172872     
 >>> 地球非球形引力分量 (地固系), 带谐:    5.4478958726003045E-012   8.9515647997071415E-012  -6.5251204841144671E-012
 >>> 地球非球形引力分量 (地固系), 田谐:   -8.9026911275253406E-014  -6.1334853999589173E-014   2.8952269761877433E-014
 >>> 卫星在地固系坐标为:   -109044.19468215384       -179173.06078002055        38521.486850476431     
 >>> 地球非球形引力分量 (地固系), 带谐:    5.4478960390494147E-012   8.9515651059926174E-012  -6.5251206992615579E-012
 >>> 地球非球形引力分量 (地固系), 田谐:   -8.9026914023659075E-014  -6.1334856464442059E-014   2.8952270758761956E-014
 >>> 卫星在地固系坐标为:   -110008.14405431243       -178763.71565743754        38548.524842204919     
 >>> 地球非球形引力分量 (地固系), 带谐:    5.4760162674777465E-012   8.8985504063371176E-012  -6.5058359163920869E-012
 >>> 地球非球形引力分量 (地固系), 田谐:   -8.9327046088013803E-014  -5.9835104392433876E-014   2.8678128749811924E-014
 >>> 卫星在地固系坐标为:   -110489.60583619747       -178557.05576739056        38562.034641854618     
 >>> 地球非球形引力分量 (地固系), 带谐:    5.4899580073101830E-012   8.8720629479408511E-012  -6.4962254743398960E-012
 >>> 地球非球形引力分量 (地固系), 田谐:   -8.9469087271795793E-014  -5.9084625851365402E-014   2.8540537087916852E-014
 >>> 卫星在地固系坐标为:   -112891.87537937757       -177504.27622551876        38629.573665100797     
 >>> 地球非球形引力分量 (地固系), 带谐:    5.5584425729425617E-012   8.7397549428212899E-012  -6.4484359890496599E-012
 >>> 地球非球形引力分量 (地固系), 田谐:   -9.0098488222827757E-014  -5.5327301918333423E-014   2.7847300540745492E-014
 >>> 卫星在地固系坐标为:   -113318.03548854994       -177313.70298060638        38641.575497949831     
 >>> 地球非球形引力分量 (地固系), 带谐:    5.5704068384460483E-012   8.7162600319978449E-012  -6.4399879309895465E-012
 >>> 地球非球形引力分量 (地固系), 田谐:   -9.0196346630862932E-014  -5.4658732330019428E-014   2.7723172137162149E-014
 >>> 卫星在地固系坐标为:   -113850.33851309892       -177074.03715422534        38656.575209024479     
 >>> 地球非球形引力分量 (地固系), 带谐:    5.5852733006433571E-012   8.6869033932721721E-012  -6.4294483303540385E-012
 >>> 地球非球形引力分量 (地固系), 田谐:   -9.0312730600449489E-014  -5.3822870723189868E-014   2.7567647283596405E-014
 >>> 卫星在地固系坐标为:   -113850.33728535673       -177074.03587506665        38656.574881670902     
 >>> 地球非球形引力分量 (地固系), 带谐:    5.5852734718364200E-012   8.6869036904577064E-012  -6.4294485419712862E-012
 >>> 地球非球形引力分量 (地固系), 田谐:   -9.0312733422016681E-014  -5.3822872944614213E-014   2.7567648237454059E-014
 >>> 卫星在地固系坐标为:   -114811.65150376126       -176636.64301323888        38683.692978464154     
 >>> 地球非球形引力分量 (地固系), 带谐:    5.6118999610031689E-012   8.6338551623852583E-012  -6.4104465968651637E-012
 >>> 地球非球形引力分量 (地固系), 田谐:   -9.0506391979510307E-014  -5.2311302669573631E-014   2.7285426126737317E-014
 >>> 卫星在地固系坐标为:   -115291.73668106835       -176415.94803108828        38697.242816745376     
 >>> 地球非球形引力分量 (地固系), 带谐:    5.6250960978495086E-012   8.6073528722466366E-012  -6.4009770979964122E-012
 >>> 地球非球形引力分量 (地固系), 田谐:   -9.0595212800962616E-014  -5.1555504841142944E-014   2.7143851269560258E-014
 >>> 卫星在地固系坐标为:   -117686.54055170552       -175292.87975322048        38764.982018086324     
 >>> 地球非球形引力分量 (地固系), 带谐:    5.6898643233127271E-012   8.4749938095120825E-012  -6.3538885125021112E-012
 >>> 地球非球形引力分量 (地固系), 田谐:   -9.0958778432741404E-014  -4.7777530455030377E-014   2.6431280378378219E-014
 >>> 卫星在地固系坐标为:   -118111.27106874499       -175089.79180144839        38777.019430450928     
 >>> 地球非球形引力分量 (地固系), 带谐:    5.7011699963747182E-012   8.4514937368586593E-012  -6.3455643590481228E-012
 >>> 地球非球形引力分量 (地固系), 田谐:   -9.1009440685605647E-014  -4.7106321780468997E-014   2.6303815889332619E-014
 >>> 卫星在地固系坐标为:   -118641.74348313901       -174834.47485851694        38792.063612001453     
 >>> 地球非球形引力分量 (地固系), 带谐:    5.7152141154220908E-012   8.4221322886730006E-012  -6.3351793391666426E-012
 >>> 地球非球形引力分量 (地固系), 田谐:   -9.1066863618292202E-014  -4.6267597876614479E-014   2.6144163861947358E-014
 >>> 卫星在地固系坐标为:   -118641.74222293308       -174834.47360780378        38792.063284133314     
 >>> 地球非球形引力分量 (地固系), 带谐:    5.7152142910175374E-012   8.4221325766463956E-012  -6.3351795472215369E-012
 >>> 地球非球形引力分量 (地固系), 田谐:   -9.1066866494082700E-014  -4.6267599850418490E-014   2.6144164771010265E-014
 >>> 卫星在地固系坐标为:   -119599.77851331522       -174368.68528350332        38819.266175936136     
 >>> 地球非球形引力分量 (地固系), 带谐:    5.7403604478048838E-012   8.3690715549755282E-012  -6.3164532856781328E-012
 >>> 地球非球形引力分量 (地固系), 田谐:   -9.1154040008834245E-014  -4.4751842782125297E-014   2.5854555565812544E-014
 >>> 卫星在地固系坐标为:   -120078.16422524271       -174133.78219672450        38832.858394824274     
 >>> 地球非球形引力分量 (地固系), 带谐:    5.7528176776504297E-012   8.3425650863411313E-012  -6.3071211699367670E-012
 >>> 地球非球形引力分量 (地固系), 田谐:   -9.1189673726759455E-014  -4.3994539688694737E-014   2.5709344733021708E-014
 >>> 卫星在地固系坐标为:   -122463.87347998869       -172939.56855692365        38900.809480925178     
 >>> 地球非球形引力分量 (地固系), 带谐:    5.8139030255203570E-012   8.2102080580488944E-012  -6.2607158207279740E-012
 >>> 地球非球形引力分量 (地固系), 田谐:   -9.1287964404543809E-014  -4.0214960776070406E-014   2.4979182713726473E-014
 >>> 卫星在地固系坐标为:   -122886.88225757997       -172723.81511375459        38912.884552365846     
 >>> 地球非球形引力分量 (地固系), 带谐:    5.8245560499929307E-012   8.1867122333687874E-012  -6.2525124567079264E-012
 >>> 地球非球形引力分量 (地固系), 田谐:   -9.1291598617343837E-014  -3.9544493670384600E-014   2.4848693244639684E-014
 >>> 卫星在地固系坐标为:   -123415.15778983130       -172452.65922446514        38927.975802952438     
 >>> 地球非球形引力分量 (地固系), 带谐:    5.8377852533315648E-012   8.1573577261297023E-012  -6.2422781343588370E-012
 >>> 地球非球形引力分量 (地固系), 田谐:   -9.1290299667996798E-014  -3.8707130582134067E-014   2.4685303419534133E-014
 >>> 卫星在地固系坐标为:   -123415.15649703419       -172452.65800258872        38927.975474410625     
 >>> 地球非球形引力分量 (地固系), 带谐:    5.8377854331511368E-012   8.1573580050510305E-012  -6.2422783390102167E-012
 >>> 地球非球形引力分量 (地固系), 田谐:   -9.1290302581635821E-014  -3.8707132307326122E-014   2.4685304283004459E-014
 >>> 卫星在地固系坐标为:   -124369.09809045654       -171958.20548324296        38955.263587997848     
 >>> 地球非球形引力分量 (地固系), 带谐:    5.8614605051853023E-012   8.1043140575762576E-012  -6.2238237574267484E-012
 >>> 地球非球形引力分量 (地固系), 田谐:   -9.1271475906538333E-014  -3.7195055047510924E-014   2.4389058000501895E-014
 >>> 卫星在地固系坐标为:   -124845.37465995186       -171708.96146405404        38968.898400790698     
 >>> 地球非球形引力分量 (地固系), 带谐:    5.8731834825530280E-012   8.0778181732712436E-012  -6.2146270297857819E-012
 >>> 地球非球形引力分量 (地固系), 田谐:   -9.1254206624613352E-014  -3.6440175582760310E-014   2.4240586982096784E-014
 >>> 卫星在地固系坐标为:   -127219.92795148381       -170442.95361027753        39037.062438043955     
 >>> 地球非球形引力分量 (地固系), 带谐:    5.9306095945143584E-012   7.9455367745842822E-012  -6.1688949944346085E-012
 >>> 地球非球形引力分量 (地固系), 田谐:   -9.1089062932941413E-014  -3.2678584412384701E-014   2.3494720543441149E-014
 >>> 卫星在地固系坐标为:   -127640.84628678470       -170214.42202165548        39049.175358092245     
 >>> 地球非球形引力分量 (地固系), 带谐:    5.9406142352027406E-012   7.9220582432266906E-012  -6.1608106656116679E-012
 >>> 地球非球形引力分量 (地固系), 田谐:   -9.1046069245964137E-014  -3.2012331642931916E-014   2.3361542804229936E-014
 >>> 卫星在地固系坐标为:   -128166.46310576795       -169927.28752978981        39064.313914603692     
 >>> 地球非球形引力分量 (地固系), 带谐:    5.9530338793699430E-012   7.8927269675802686E-012  -6.1507248521893106E-012
 >>> 地球非球形引力分量 (地固系), 田谐:   -9.0986579435780992E-014  -3.1180665451675677E-014   2.3194836598584156E-014
 >>> 卫星在地固系坐标为:   -128166.46178086626       -169927.28633774820        39064.313585384414     
 >>> 地球非球形引力分量 (地固系), 带谐:    5.9530340631568840E-012   7.8927272374733372E-012  -6.1507250534945856E-012
 >>> 地球非球形引力分量 (地固系), 田谐:   -9.0986582369565995E-014  -3.1180666927527739E-014   2.3194837415333935E-014
 >>> 卫星在地固系坐标为:   -129115.24304963231       -169404.04648262158        39091.680772928245     
 >>> 地球非球形引力分量 (地固系), 带谐:    5.9752425033999742E-012   7.8397425035384918E-012  -6.1325425689342368E-012
 >>> 地球非球形引力分量 (地固系), 田谐:   -9.0862834329454641E-014  -2.9680456048098382E-014   2.2892790234638466E-014
 >>> 卫星在地固系坐标为:   -129588.87674594327       -169140.40254885712        39105.355110071752     
 >>> 地球非球形引力分量 (地固系), 带谐:    5.9862335394109004E-012   7.8132782383201393E-012  -6.1234814301543107E-012
 >>> 地球非球形引力分量 (地固系), 田谐:   -9.0793246728194718E-014  -2.8932085232325260E-014   2.2741477931703040E-014
 >>> 卫星在地固系坐标为:   -131949.59633738486       -167802.33105334270        39173.716755377223     
 >>> 地球非球形引力分量 (地固系), 带谐:    6.0400129052357256E-012   7.6811773072750800E-012  -6.0784236458864885E-012
 >>> 地球非球形引力分量 (地固系), 田谐:   -9.0368047344011502E-014  -2.5208814603507638E-014   2.1982009528571528E-014
 >>> 卫星在地固系坐标为:   -132367.94663490559       -167560.97790951049        39185.864798732160     
 >>> 地球非球形引力分量 (地固系), 带谐:    6.0493715408001039E-012   7.6577346471213600E-012  -6.0704585069914480E-012
 >>> 地球非球形引力分量 (地固系), 田谐:   -9.0279105302695230E-014  -2.4550373460400403E-014   2.1846518598667950E-014
 >>> 卫星在地固系坐标为:   -132890.30710975861       -167257.81246278450        39201.047255839803     
 >>> 地球非球形引力分量 (地固系), 带谐:    6.0609846658407706E-012   7.6284497991393741E-012  -6.0605213908074491E-012
 >>> 地球非球形引力分量 (地固系), 田谐:   -9.0162307372624784E-014  -2.3728892784067368E-014   2.1676965384782336E-014
 >>> 卫星在地固系坐标为:   -132890.30575425577       -167257.81130240366        39201.046926177063     
 >>> 地球非球形引力分量 (地固系), 带谐:    6.0609848532051838E-012   7.6284500598468540E-012  -6.0605215886811491E-012
 >>> 地球非球形引力分量 (地固系), 田谐:   -9.0162310306842953E-014  -2.3728894010340269E-014   2.1676966153265326E-014
 >>> 卫星在地固系坐标为:   -133833.30460179452       -166705.43892993534        39228.500329189745     
 >>> 地球非球形引力分量 (地固系), 带谐:    6.0817430454964624E-012   7.5755406838020707E-012  -6.0426027127230202E-012
 >>> 地球非球形引力分量 (地固系), 田谐:   -8.9935264650525803E-014  -2.2247915473572317E-014   2.1369821291928011E-014
 >>> 卫星在地固系坐标为:   -134303.98279868389       -166427.22317340726        39242.217756794489     
 >>> 地球非球形引力分量 (地固系), 带谐:    6.0920103063808589E-012   7.5491160999633401E-012  -6.0336729402989766E-012
 >>> 地球非球形引力分量 (地固系), 田谐:   -8.9814207920845202E-014  -2.1509726293060290E-014   2.1216019689712147E-014
 >>> 卫星在地固系坐标为:   -136649.28973124048       -165016.23544320010        39310.794835726861     
 >>> 地球非球形引力分量 (地固系), 带谐:    6.1421835397915391E-012   7.4172358095021299E-012  -5.9892684699035750E-012
 >>> 地球非球形引力分量 (地固系), 田谐:   -8.9133573939831125E-014  -1.7843033470005775E-014   2.0444712907121823E-014
 >>> 卫星在地固系坐标为:   -137064.78852323949       -164761.91041382687        39322.981168861967     
 >>> 地球非球形引力分量 (地固系), 带谐:    6.1509033514725090E-012   7.3938361404000691E-012  -5.9814188307468760E-012
 >>> 地球非球形引力分量 (地固系), 田谐:   -8.8999570061520436E-014  -1.7195629924855369E-014   2.0307222916263805E-014
 >>> 卫星在地固系坐标为:   -137583.53714864849       -164442.52663422871        39338.211483276980     
 >>> 地球非球形引力分量 (地固系), 带谐:    6.1617189176571370E-012   7.3646066108529191E-012  -5.9716258128011689E-012
 >>> 地球非球形引力分量 (地固系), 田谐:   -8.8826599589713183E-014  -1.6388358396119027E-014   2.0135215597321845E-014
 >>> 卫星在地固系坐标为:   -137583.53576211238       -164442.52550562378        39338.211152923475     
 >>> 地球非球形引力分量 (地固系), 带谐:    6.1617191084841759E-012   7.3646068626070737E-012  -5.9716260074473266E-012
 >>> 地球非球形引力分量 (地固系), 田谐:   -8.8826602509152694E-014  -1.6388359375781508E-014   2.0135216317263321E-014
 >>> 卫星在地固系坐标为:   -138519.86712970480       -163860.81598703738        39365.751027256818     
 >>> 地球非球形引力分量 (地固系), 带谐:    6.1810376623837294E-012   7.3118022417422043E-012  -5.9539670327679290E-012
 >>> 地球非球形引力分量 (地固系), 田谐:   -8.8498424515823645E-014  -1.4934241187999999E-014   1.9823761215202223E-014
 >>> 卫星在地固系坐标为:   -138987.14608065708       -163567.92787066608        39379.511673278452     
 >>> 地球非球形引力分量 (地固系), 带谐:    6.1905864852108404E-012   7.2854320147164183E-012  -5.9451667791102172E-012
 >>> 地球非球形引力分量 (地固系), 田谐:   -8.8327022053405032E-014  -1.4210034117780468E-014   1.9667864479823171E-014
 >>> 卫星在地固系坐标为:   -141314.80945589556       -162083.53885724102        39448.304825647785     
 >>> 地球非球形引力分量 (地固系), 带谐:    6.2371806567615588E-012   7.1538454973847644E-012  -5.9014064318034510E-012
 >>> 地球非球形引力分量 (地固系), 田谐:   -8.7396979308963728E-014  -1.0618777130614515E-014   1.8886694420359485E-014
 >>> 卫星在地固系坐标为:   -141727.05804462495       -161816.15881542573        39460.529562322423     
 >>> 地球非球形引力分量 (地固系), 带谐:    6.2452665219470934E-012   7.1305017778740166E-012  -5.8936706672000498E-012
 >>> 地球非球形引力分量 (地固系), 田谐:   -8.7219055558931535E-014  -9.9857373916219384E-015   1.8747557182709636E-014
 >>> 卫星在地固系坐标为:   -142241.69555144635       -161480.45413643951        39475.807876253944     
 >>> 地球非球形引力分量 (地固系), 带谐:    6.2552906524344080E-012   7.1013437473064643E-012  -5.8840197197636370E-012
 >>> 地球非球形引力分量 (地固系), 田谐:   -8.6991369792935268E-014  -9.1968211180508628E-015   1.8573535798695307E-014
 >>> 卫星在地固系坐标为:   -142241.69413448556       -161480.45304062538        39475.807545212265     
 >>> 地球非球形引力分量 (地固系), 带谐:    6.2552908464724028E-012   7.1013439901398548E-012  -5.8840199112327506E-012
 >>> 地球非球形引力分量 (地固系), 田谐:   -8.6991372680447507E-014  -9.1968218542519278E-015   1.8573536469330928E-014
 >>> 卫星在地固系坐标为:   -143170.38455764466       -160869.26989926412        39503.432117772623     
 >>> 地球非球形引力分量 (地固系), 带谐:    6.2731796190437736E-012   7.0486771994119834E-012  -5.8666184557718799E-012
 >>> 地球非球形引力分量 (地固系), 田谐:   -8.6564814098269416E-014  -7.7771317226839635E-015   1.8258590785111422E-014
 >>> 卫星在地固系坐标为:   -143633.77648773071       -160561.64333109115        39517.235097062010     
 >>> 地球非球形引力分量 (地固系), 带谐:    6.2820149807286473E-012   7.0223778375867217E-012  -5.8579465316214105E-012
 >>> 地球非球形引力分量 (地固系), 田谐:   -8.6344482772186521E-014  -7.0706735105534675E-015   1.8101009082240388E-014
 >>> 卫星在地固系坐标为:   -145941.34696897806       -159003.54386820708        39586.239898618638     
 >>> 地球非球形引力分量 (地固系), 带谐:    6.3250555253677379E-012   6.8911673393725225E-012  -5.8148243730028388E-012
 >>> 地球非球形引力分量 (地固系), 田谐:   -8.5172526020742086E-014  -3.5735055681066794E-015   1.7312029702094090E-014
 >>> 卫星在地固系坐标为:   -146349.90811355776       -158723.05760635872        39598.502253056060     
 >>> 地球非球形引力分量 (地固系), 带谐:    6.3325120583064322E-012   6.8678941393227952E-012  -5.8072014302820536E-012
 >>> 地球非球形引力分量 (地固系), 田谐:   -8.4952085655513426E-014  -2.9581131337527140E-015   1.7171610849153252E-014
 >>> 卫星在地固系坐标为:   -146859.88721399748       -158370.96960768651        39613.827584699626     
 >>> 地球非球形引力分量 (地固系), 带谐:    6.3417505604203941E-012   6.8388257972742111E-012  -5.7976912385213370E-012
 >>> 地球非球形引力分量 (地固系), 田谐:   -8.4671468461886145E-014  -2.1916420985213408E-015   1.6996032613085209E-014
 >>> 卫星在地固系坐标为:   -146859.88576757652       -158370.96854590363        39613.827253045492     
 >>> 地球非球形引力分量 (地固系), 带谐:    6.3417507573768178E-012   6.8388260311736059E-012  -5.7976914268219022E-012
 >>> 地球非球形引力分量 (地固系), 田谐:   -8.4671471300085188E-014  -2.1916425955937927E-015   1.6996033233648992E-014
 >>> 卫星在地固系坐标为:   -147780.01604305414       -157730.15798663287        39641.536886206370     
 >>> 地球非球形引力分量 (地固系), 带谐:    6.3582218454835969E-012   6.7863258040925434E-012  -5.7805437485126780E-012
 >>> 地球非球形引力分量 (地固系), 田谐:   -8.4149815121254473E-014  -8.1362232123154871E-016   1.6678399990365840E-014
 >>> 卫星在地固系坐标为:   -148239.06021200187       -157407.71797582100        39655.382379902709     
 >>> 地球非球形引力分量 (地固系), 带谐:    6.3663498250999476E-012   6.7601116491941719E-012  -5.7719982891637723E-012
 >>> 地球非球形引力分量 (地固系), 田谐:   -8.3882235188122374E-014  -1.2851407830828611E-016   1.6519535003510996E-014
 >>> 卫星在地固系坐标为:   -150524.22275888908       -155775.55200220275        39724.599736291442     
 >>> 地球非球形引力分量 (地固系), 带谐:    6.4058675071861762E-012   6.6293486104446418E-012  -5.7295050450685223E-012
 >>> 地球非球形引力分量 (地固系), 田谐:   -8.2477153060101287E-014   3.2567665657491789E-015   1.5724756150879061E-014
 >>> 卫星在地固系坐标为:   -150928.68293894251       -155481.89955270739        39736.899869468594     
 >>> 地球非球形引力分量 (地固系), 带谐:    6.4127002386841127E-012   6.6061585840251538E-012  -5.7219932846147179E-012
 >>> 地球非球形引力分量 (地固系), 田谐:   -8.2215825280273889E-014   3.8513847746700343E-015   1.5583413182746365E-014
 >>> 卫星在地固系坐标为:   -151433.48590622825       -155113.35470331900        39752.272420032285     
 >>> 地球非球形引力分量 (地固系), 带谐:    6.4211600515111634E-012   6.5771957286487379E-012  -5.7126218029308748E-012
 >>> 地球非球形引力分量 (地固系), 田谐:   -8.1884341201281011E-014   4.5915181838810494E-015   1.5406725029516222E-014
 >>> 卫星在地固系坐标为:   -151433.48443102054       -155113.35367653816        39752.272087764162     
 >>> 地球非球形引力分量 (地固系), 带谐:    6.4211602511412845E-012   6.5771959536643826E-012  -5.7126219881159861E-012
 >>> 地球非球形引力分量 (地固系), 田谐:   -8.1884343973952861E-014   4.5915179201451217E-015   1.5406725599541404E-014
 >>> 卫星在地固系坐标为:   -152344.04399874026       -154442.84000095833        39780.064943213620     
 >>> 地球非球形引力分量 (地固系), 带谐:    6.4362250922571172E-012   6.5248949420158408E-012  -5.6957257355782789E-012
 >>> 地球非球形引力分量 (地固系), 田谐:   -8.1271451205620256E-014   5.9207717377032597E-015   1.5087238403793601E-014
 >>> 卫星在地固系坐标为:   -152798.23419991936       -154105.55099709038        39793.952033593174     
 >>> 地球非球形引力分量 (地固系), 带谐:    6.4436514560538848E-012   6.4987822880803379E-012  -5.6873055671531642E-012
 >>> 地球非球形引力分量 (地固系), 田谐:   -8.0958591655640282E-014   6.5810051755075548E-015   1.4927506974593324E-014
 >>> 卫星在地固系坐标为:   -155058.44851117316       -152399.16353753521        39863.377357728801     
 >>> 地球非球形引力分量 (地固系), 带谐:    6.4796756489815961E-012   6.3685478500590981E-012  -5.6454353805026215E-012
 >>> 地球非球形引力分量 (地固系), 田谐:   -7.9330612777103424E-014   9.8370186654315354E-015   1.4129012903568026E-014
 >>> 卫星在地固系坐标为:   -155458.35453684549       -152092.32135277081        39875.714454939087     
 >>> 地球非球形引力分量 (地固系), 带谐:    6.4858898925020972E-012   6.3454553647376722E-012  -5.6380337634616311E-012
 >>> 地球非球形引力分量 (地固系), 田谐:   -7.9030282010367467E-014   1.0407816572622150E-014   1.3987116298148162E-014
 >>> 卫星在地固系坐标为:   -155957.41421486772       -151707.29193751916        39891.133206466482     
 >>> 地球非球形引力分量 (地固系), 带谐:    6.4935776957615158E-012   6.3166159311452704E-012  -5.6287996943218835E-012
 >>> 地球非球形引力分量 (地固系), 田谐:   -7.8650314242348500E-014   1.1117823756681702E-014   1.3809781278212594E-014
 >>> 卫星在地固系坐标为:   -155957.41271193992       -151707.29094693632        39891.132873661991     
 >>> 地球非球形引力分量 (地固系), 带谐:    6.4935778977756522E-012   6.3166161472812516E-012  -5.6287998764007055E-012
 >>> 地球非球形引力分量 (地固系), 田谐:   -7.8650316933224336E-014   1.1117823719291958E-014   1.3809781797244228E-014
 >>> 卫星在地固系坐标为:   -156857.52165108989       -151006.91938339776        39919.011622595295     
 >>> 地球非球形引力分量 (地固系), 带谐:    6.5072510934861078E-012   6.2645382314999494E-012  -5.6121499702674801E-012
 >>> 地球非球形引力分量 (地固系), 田谐:   -7.7950473156863585E-014   1.2391729325338328E-014   1.3489225911838207E-014
 >>> 卫星在地固系坐标为:   -157306.41669785991       -150654.70570934750        39932.941643653481     
 >>> 地球非球形引力分量 (地固系), 带谐:    6.5139831549917845E-012   6.2385389980362151E-012  -5.6038525639758955E-012
 >>> 地球非球形引力分量 (地固系), 田谐:   -7.7594511582825699E-014   1.3023822113685516E-014   1.3329020567758660E-014
 >>> 卫星在地固系坐标为:   -159539.46457671787       -148873.73540886078        40002.581603795472     
 >>> 地球非球形引力分量 (地固系), 带谐:    6.5465506047369517E-012   6.1088925248440022E-012  -5.5625928778297837E-012
 >>> 地球非球形引力分量 (地固系), 田谐:   -7.5754870276564106E-014   1.6134498596736840E-014   1.2528772545812791E-014
 >>> 卫星在地固系坐标为:   -159934.41997760159       -148553.64225536562        40014.956849638402     
 >>> 地球非球形引力分量 (地固系), 带谐:    6.5521529218521591E-012   6.0859080946527281E-012  -5.5552991877989465E-012
 >>> 地球非球形引力分量 (地固系), 田谐:   -7.5417593242206355E-014   1.6678665487150852E-014   1.2386670686341435E-014
 >>> 卫星在地固系坐标为:   -160427.23989512233       -148152.05300833733        40030.423282403470     
 >>> 地球非球形引力分量 (地固系), 带谐:    6.5590769300771706E-012   6.0572052082041755E-012  -5.5461997675473876E-012
 >>> 地球非球形引力分量 (地固系), 田谐:   -7.4991737575668217E-014   1.7355053076381961E-014   1.2209124131743794E-014
 >>> 卫星在地固系坐标为:   -160427.23836484508       -148152.05205465204        40030.422948977910     
 >>> 地球非球形引力分量 (地固系), 带谐:    6.5590771342872268E-012   6.0572054155757370E-012  -5.5461999466174395E-012
 >>> 地球非球形引力分量 (地固系), 田谐:   -7.4991740170472053E-014   1.7355053257155878E-014   1.2209124599718974E-014
 >>> 卫星在地固系坐标为:   -161315.91976584640       -147421.74685999664        40058.387925195661     
 >>> 地球非球形引力分量 (地固系), 带谐:    6.5713723172303808E-012   6.0053786859952054E-012  -5.5297928292213135E-012
 >>> 地球非球形引力分量 (地固系), 田谐:   -7.4209761430960562E-014   1.8567239417496782E-014   1.1888313706528063E-014
 >>> 卫星在地固系坐标为:   -161759.03018658349       -147054.57277202304        40072.361043807512     
 >>> 地球非球形引力分量 (地固系), 带谐:    6.5774169236624214E-012   5.9795068908176236E-012  -5.5216164122050814E-012
 >>> 地球非球形引力分量 (地固系), 田谐:   -7.3813140065156698E-014   1.9168034416987131E-014   1.1728041060233587E-014
 >>> 卫星在地固系坐标为:   -163962.45412367990       -145198.86203135812        40142.216474303910     
 >>> 地球非球形引力分量 (地固系), 带谐:    6.6065622339668242E-012   5.8505181777026751E-012  -5.4809584089399944E-012
 >>> 地球非球形引力分量 (地固系), 田谐:   -7.1774386980956108E-014   2.2117882305241732E-014   1.0928069470082429E-014
 >>> 卫星在地固系坐标为:   -164352.02026529991       -144865.49361020440        40154.630017093623     
 >>> 地球非球形引力分量 (地固系), 带谐:    6.6115588379577700E-012   5.8276541599402638E-012  -5.4737710869660721E-012
 >>> 地球非球形引力分量 (地固系), 田谐:   -7.1402453089110028E-014   2.2632716317407876E-014   1.0786122790894357E-014
 >>> 卫星在地固系坐标为:   -164838.05139478366       -144447.31575151603        40170.144316482423     
 >>> 地球非球形引力分量 (地固系), 带谐:    6.6177268432841151E-012   5.7991032458867932E-012  -5.4648043706161891E-012
 >>> 地球非球形引力分量 (地固系), 田谐:   -7.0933595570906927E-014   2.3272129546532560E-014   1.0608815000098860E-014
 >>> 卫星在地固系坐标为:   -164838.04983793694       -144447.31483567873        40170.143982435453     
 >>> 地球非球形引力分量 (地固系), 带谐:    6.6177270494546321E-012   5.7991034445565269E-012  -5.4648045467271332E-012
 >>> 地球非球形引力分量 (地固系), 田谐:   -7.0933598055405099E-014   2.3272129936261036E-014   1.0608815416941777E-014
 >>> 卫星在地固系坐标为:   -165714.31291054346       -143687.02488825141        40198.195651171838     
 >>> 地球非球形引力分量 (地固系), 带谐:    6.6286584347993923E-012   5.7475554933561738E-012  -5.4486366361221188E-012
 >>> 地球非球形引力分量 (地固系), 田谐:   -7.0074767022915291E-014   2.4416600110637501E-014   1.0288561551201806E-014
 >>> 卫星在地固系坐标为:   -166151.14232822601       -143304.86700752316        40212.212099842138     
 >>> 地球非球形引力分量 (地固系), 带谐:    6.6340227236336087E-012   5.7218249048035379E-012  -5.4405794235461932E-012
 >>> 地球非球形引力分量 (地固系), 田谐:   -6.9640159370988899E-014   2.4983130195163783E-014   1.0128627253308713E-014
 >>> 卫星在地固系坐标为:   -168322.45062734158       -141374.32060377955        40282.284163095595     
 >>> 地球非球形引力分量 (地固系), 带谐:    6.6597819377020042E-012   5.5935624945030763E-012  -5.4005142270539347E-012
 >>> 地球非球形引力分量 (地固系), 田谐:   -6.7415980351957319E-014   2.7757634458553772E-014   9.3309562472782496E-015
 >>> 卫星在地固系坐标为:   -168706.18285811559       -141027.66380125046        40294.736209419934     
 >>> 地球非球形引力分量 (地固系), 带谐:    6.6641792957559689E-012   5.5708310229716988E-012  -5.3934317040362881E-012
 >>> 地球非球形引力分量 (地固系), 田谐:   -6.7011877058394027E-014   2.8240611893272590E-014   9.1895238284170910E-015
 >>> 卫星在地固系坐标为:   -169184.86867874433       -140592.88257166126        40310.298633634717     
 >>> 地球非球形引力分量 (地固系), 带谐:    6.6695994069530955E-012   5.5424472267807842E-012  -5.3845957340244212E-012
 >>> 地球非球形引力分量 (地固系), 田谐:   -6.6503149659493209E-014   2.8839920607793645E-014   9.0129033017747370E-015
 >>> 卫星在地固系坐标为:   -169184.86709612099       -140592.88169459946        40310.298298961337     
 >>> 地球非球形引力分量 (地固系), 带谐:    6.6695996148549218E-012   5.5424474168183010E-012  -5.3845959072274926E-012
 >>> 地球非球形引力分量 (地固系), 田谐:   -6.6503152020310197E-014   2.8839921196242310E-014   9.0129036675459282E-015
 >>> 卫星在地固系坐标为:   -170047.62657392977       -139802.65533981120        40338.434617429535     
 >>> 地球非球形引力分量 (地固系), 带谐:    6.6791810831540101E-012   5.4912101376163744E-012  -5.3686650948685560E-012
 >>> 地球非球形引力分量 (地固系), 田谐:   -6.5573278285416081E-014   2.9910989540305261E-014   8.6940452341274648E-015
 >>> 卫星在地固系坐标为:   -170477.63166985090       -139405.54044861047        40352.493376329898     
 >>> 地球非球形引力分量 (地固系), 带谐:    6.6838720423632463E-012   5.4656366658089270E-012  -5.3607260338082776E-012
 >>> 地球非球形引力分量 (地固系), 田谐:   -6.5103619940495300E-014   3.0440446607296808E-014   8.5348679320727338E-015
 >>> 卫星在地固系坐标为:   -172614.10082372415       -137400.31822052490        40422.776974874301     
 >>> 地球非球形引力分量 (地固系), 带谐:    6.7062806392104568E-012   5.3381797286923489E-012  -5.3212483881625140E-012
 >>> 地球非球形引力分量 (地固系), 田谐:   -6.2708996509315948E-014   3.3025924063550913E-014   7.7415847201724314E-015
 >>> 卫星在地固系坐标为:   -172991.51380017298       -137040.40600497954        40435.266619364062     
 >>> 地球非球形引力分量 (地固系), 带谐:    6.7100851496742526E-012   5.3155948117867970E-012  -5.3142697314507211E-012
 >>> 地球非球形引力分量 (地固系), 田谐:   -6.2275438902334926E-014   3.3474675472324900E-014   7.6010365089759654E-015
 >>> 卫星在地固系坐标为:   -173462.24715660425       -136589.06455250049        40450.876037159898     
 >>> 地球非球形引力分量 (地固系), 带谐:    6.7147654028713505E-012   5.2873956154831967E-012  -5.3055633427117296E-012
 >>> 地球非球形引力分量 (地固系), 田谐:   -6.1730256918541633E-014   3.4030945025569451E-014   7.4255651802202876E-015
 >>> 卫星在地固系坐标为:   -173462.24554946346       -136589.06371535186        40450.875701944875     
 >>> 地球非球形引力分量 (地固系), 带谐:    6.7147656122227083E-012   5.2873957969142531E-012  -5.3055635130119043E-012
 >>> 地球非球形引力分量 (地固系), 田谐:   -6.1730259142613143E-014   3.4030945801319538E-014   7.4255654950289848E-015
 >>> 卫星在地固系坐标为:   -174310.54563322017       -135768.85243397686        40479.099311918246     
 >>> 地球非球形引力分量 (地固系), 带谐:    6.7230133806081464E-012   5.2364921942478414E-012  -5.2898650444855915E-012
 >>> 地球非球形引力分量 (地固系), 田谐:   -6.0735422458874664E-014   3.5023560312823406E-014   7.1088832707768306E-015
 >>> 卫星在地固系坐标为:   -174733.24743376108       -135356.75828444364        40493.201700364960     
 >>> 地球非球形引力分量 (地固系), 带谐:    6.7270391326264137E-012   5.2110873186288342E-012  -5.2820417678806990E-012
 >>> 地球非球形引力分量 (地固系), 田谐:   -6.0233779960712556E-014   3.5513453678881378E-014   6.9508527230445424E-015
 >>> 卫星在地固系坐标为:   -176832.47182507886       -133276.76906472153        40563.703429098590     
 >>> 地球非球形引力分量 (地固系), 带谐:    6.7461379099493601E-012   5.0844929951127374E-012  -5.2431399189534173E-012
 >>> 地球非球形引力分量 (地固系), 田谐:   -5.7684306743308916E-014   3.7897812472067623E-014   6.1638993331116642E-015
 >>> 卫星在地固系坐标为:   -177203.13603112605       -132903.58876330170        40576.231843328671     
 >>> 地球非球形引力分量 (地固系), 带谐:    6.7493568561968272E-012   5.0620647474048754E-012  -5.2362630537914347E-012
 >>> 地球非球形引力分量 (地固系), 田谐:   -5.7224111691306295E-014   3.8310251902393977E-014   6.0245793525233766E-015
 >>> 卫星在地固系坐标为:   -177665.37924644456       -132435.67276526164        40591.889718708058     
 >>> 地球非球形引力分量 (地固系), 带谐:    6.7533063681249392E-012   5.0340627760230920E-012  -5.2276836592644793E-012
 >>> 地球非球形引力分量 (地固系), 田谐:   -5.6646014605380431E-014   3.8820902197412941E-014   5.8506867102038340E-015
 >>> 卫星在地固系坐标为:   -177665.37761527958       -132435.67196872443        40591.889382868350     
 >>> 地球非球形引力分量 (地固系), 带谐:    6.7533065787522634E-012   5.0340629489701138E-012  -5.2276838267517423E-012
 >>> 地球非球形引力分量 (地固系), 田谐:   -5.6646016681756416E-014   3.8820903148506619E-014   5.8506869744559607E-015
 >>> 卫星在地固系坐标为:   -178498.23737086297       -131585.45330108731        40620.202808750182     
 >>> 地球非球形引力分量 (地固系), 带谐:    6.7602369208815410E-012   4.9835160994264762E-012  -5.2122131533347240E-012
 >>> 地球非球形引力分量 (地固系), 田谐:   -5.5592663643858085E-014   3.9730458493187581E-014   5.5369579586185629E-015
 >>> 卫星在地固系坐标为:   -178913.14436110403       -131158.37078209245        40634.350087463405     
 >>> 地球非球形引力分量 (地固系), 带谐:    6.7636056180060562E-012   4.9582913353745718E-012  -5.2045033963989127E-012
 >>> 地球非球形引力分量 (地固系), 田谐:   -5.5062284622138592E-014   4.0178522961738719E-014   5.3804619190680219E-015
 >>> 卫星在地固系坐标为:   -180972.65597530367       -129003.59009424754        40705.076248398873     
 >>> 地球非球形引力分量 (地固系), 带谐:    6.7794355399777798E-012   4.8326169429099534E-012  -5.1661660968304161E-012
 >>> 地球非球形引力分量 (地固系), 田谐:   -5.2374437621258764E-014   4.2350820000356472E-014   4.6017691484267660E-015
 >>> 卫星在地固系坐标为:   -181336.13085621418       -128617.14106872084        40717.644551923760     
 >>> 地球非球形引力分量 (地固系), 带谐:    6.7820762379085941E-012   4.8103555100200636E-012  -5.1593890377147557E-012
 >>> 地球非球形引力分量 (地固系), 田谐:   -5.1890574424015196E-014   4.2725069370761012E-014   4.4640192149825619E-015
 >>> 卫星在地固系坐标为:   -181789.33249150557       -128132.65130499833        40733.352283889973     
 >>> 地球非球形引力分量 (地固系), 带谐:    6.7853041676737875E-012   4.7825634265724721E-012  -5.1509341615438153E-012
 >>> 地球非球形引力分量 (地固系), 田谐:   -5.1283290406493150E-014   4.3187781685929803E-014   4.2921318949933328E-015
 >>> 卫星在地固系坐标为:   -181789.33083685147       -128132.65054980152        40733.351947347313     
 >>> 地球非球形引力分量 (地固系), 带谐:    6.7853043794047766E-012   4.7825635911525426E-012  -5.1509343263024720E-012
 >>> 地球非球形引力分量 (地固系), 田谐:   -5.1283292325107134E-014   4.3187782799712878E-014   4.2921321091786540E-015
 >>> 卫星在地固系坐标为:   -182605.55095357090       -127252.63982070888        40761.750844688497     
 >>> 地球非球形引力分量 (地固系), 带谐:    6.7909323652480230E-012   4.7324085484204279E-012  -5.1356907120951649E-012
 >>> 地球非球形引力分量 (地固系), 田谐:   -5.0178471551851980E-014   4.4009957494471642E-014   3.9822015733532596E-015
 >>> 卫星在地固系坐标为:   -183012.06323122387       -126810.67974210410        40775.940844543184     
 >>> 地球非球形引力分量 (地固系), 带谐:    6.7936516046637634E-012   4.7073813753467661E-012  -5.1280941039535632E-012
 >>> 地球非球形引力分量 (地固系), 田谐:   -4.9622903589002902E-014   4.4414075157452233E-014   3.8276616037712530E-015
 >>> 卫星在地固系坐标为:   -185028.86005375831       -124581.69281030068        40846.880595375624     
 >>> 地球非球形引力分量 (地固系), 带谐:    6.8062513478152500E-012   4.5827138228968995E-012  -5.0903194730203336E-012
 >>> 地球非球形引力分量 (地固系), 田谐:   -4.6814646340708458E-014   4.6364157553810976E-014   3.0593258934513894E-015
 >>> 卫星在地固系坐标为:   -185384.61153341626       -124182.08456898869        40859.486862352795     
 >>> 地球非球形引力分量 (地固系), 带谐:    6.8083207899876147E-012   4.5606345700524683E-012  -5.0836418809778313E-012
 >>> 地球非球形引力分量 (地固系), 田谐:   -4.6310346380518892E-014   4.6698488601210889E-014   2.9235166633352767E-015
 >>> 卫星在地固系坐标为:   -185828.10384517541       -123681.16026002690        40875.242044525650     
 >>> 地球非球形引力分量 (地固系), 带谐:    6.8108359269276779E-012   4.5330715448989471E-012  -5.0753110974645657E-012
 >>> 地球非球形引力分量 (地固系), 田谐:   -4.5677930113150328E-014   4.7111135417157086E-014   2.7540970913078443E-015
 >>> 卫星在地固系坐标为:   -185828.10216881271       -123681.15954742474        40875.241707446970     
 >>> 地球非球形引力分量 (地固系), 带谐:    6.8108361394393422E-012   4.5330717011150649E-012  -5.0753112594587324E-012
 >>> 地球非球形引力分量 (地固系), 田谐:   -4.5677931863665380E-014   4.7111136679394254E-014   2.7540972558968702E-015
 >>> 卫星在地固系坐标为:   -186626.67716057989       -122771.39966957153        40903.728728579968     
 >>> 地球非球形引力分量 (地固系), 带谐:    6.8151792681086432E-012   4.4833306281545789E-012  -5.0602901545171309E-012
 >>> 地球非球形引力分量 (地固系), 田谐:   -4.4528748373491306E-014   4.7842384812701274E-014   2.4487221043165314E-015
 >>> 卫星在地固系坐标为:   -187024.29105508319       -122314.58573118054        40917.962774173189     
 >>> 地球非球形引力分量 (地固系), 带谐:    6.8172578133485390E-012   4.4585121032047737E-012  -5.0528044298983889E-012
 >>> 地球非球形引力分量 (地固系), 田谐:   -4.3951562293360452E-014   4.8200824154482961E-014   2.2965156077890076E-015
 >>> 卫星在地固系坐标为:   -188995.84549008217       -120011.53338039196        40989.122736205740     
 >>> 地球非球形引力分量 (地固系), 带谐:    6.8266713803818859E-012   4.3349064002925930E-012  -5.0155812189553375E-012
 >>> 地球非球形引力分量 (地固系), 田谐:   -4.1040925122193512E-014   4.9920455980482505E-014   1.5404129076558521E-015
 >>> 卫星在地固系坐标为:   -189343.42263324707       -119598.79488902273        41001.768142904875     
 >>> 地球非球形引力分量 (地固系), 带谐:    6.8281774198924233E-012   4.3130190600250336E-012  -5.0090011084542414E-012
 >>> 地球非球形引力分量 (地固系), 田谐:   -4.0519423164327423E-014   5.0213478460938558E-014   1.4068759102891136E-015
 >>> 卫星在地固系坐标为:   -189776.64129243320       -119081.47391834960        41017.572245155709     
 >>> 地球非球形引力分量 (地固系), 带谐:    6.8299895931433806E-012   4.2856972389200537E-012  -5.0007919417928364E-012
 >>> 地球非球形引力分量 (地固系), 田谐:   -3.9865929995402328E-014   5.0574353548131308E-014   1.2403376383247306E-015
 >>> 卫星在地固系坐标为:   -189776.63959494710       -119081.47324902240        41017.571907458019     
 >>> 地球非球形引力分量 (地固系), 带谐:    6.8299898062737412E-012   4.2856973869008122E-012  -5.0007921011079815E-012
 >>> 地球非球形引力分量 (地固系), 田谐:   -3.9865931570044003E-014   5.0574354944775923E-014   1.2403377540683132E-015
 >>> 卫星在地固系坐标为:   -190556.41676861915       -118142.18691880372        41046.145042871627     
 >>> 地球非球形引力分量 (地固系), 带谐:    6.8330651985205739E-012   4.2364003249085660E-012  -4.9859915012958971E-012
 >>> 地球非球形引力分量 (地固系), 田谐:   -3.8679939417178838E-014   5.1211562879726921E-014   9.4031318155032083E-016
 >>> 卫星在地固系坐标为:   -190944.55561321077       -117670.63341350222        41060.422130982748     
 >>> 地球非球形引力分量 (地固系), 带谐:    6.8345116547800795E-012   4.2118054264873420E-012  -4.9786156595232593E-012
 >>> 地球非球形引力分量 (地固系), 田谐:   -3.8084928278619256E-014   5.1522812496438381E-014   7.9083640698561112E-016
 >>> 卫星在地固系坐标为:   -192867.98103045722       -115294.11643485469        41131.797289756098     
 >>> 地球非球形引力分量 (地固系), 带谐:    6.8407825760627721E-012   4.0893360246538622E-012  -4.9419388744696771E-012
 >>> 地球非球形引力分量 (地固系), 田谐:   -3.5091028652230382E-014   5.3004897783331076E-014   4.8933850033030122E-017
 >>> 卫星在地固系坐标为:   -193206.87013489782       -114868.35963965258        41144.480945548545     
 >>> 地球非球形引力分量 (地固系), 带谐:    6.8417330367275239E-012   4.0676537561660827E-012  -4.9354553594983080E-012
 >>> 地球非球形引力分量 (地固系), 田谐:   -3.4555748366316291E-014   5.3255430908707949E-014  -8.1983717587692538E-017
 >>> 卫星在地固系坐标为:   -193629.17280722762       -114334.78413236333        41160.332855049142     
 >>> 地球非球形引力分量 (地固系), 带谐:    6.8428520615472798E-012   4.0405895556121587E-012  -4.9273667029611034E-012
 >>> 地球非球形引力分量 (地固系), 田谐:   -3.3885467854460953E-014   5.3563092702064553E-014  -2.4520778567368120E-016
 >>> 卫星在地固系坐标为:   -193629.17109007094       -114334.78350730870        41160.332516815666     
 >>> 地球非球形引力分量 (地固系), 带谐:    6.8428522750334792E-012   4.0405896954158209E-012  -4.9273668596030568E-012
 >>> 地球非球形引力分量 (地固系), 田谐:   -3.3885469245850763E-014   5.3563094217854212E-014  -2.4520771796750423E-016
 >>> 卫星在地固系坐标为:   -194389.11529715502       -113366.08018279725        41188.994418255636     
 >>> 地球非球形引力分量 (地固系), 带谐:    6.8446782647564183E-012   3.9917582000497037E-012  -4.9127823540831034E-012
 >>> 地球非球形引力分量 (地固系), 田谐:   -3.2670258173946050E-014   5.4103855331070329E-014  -5.3915091619245647E-016
 >>> 卫星在地固系坐标为:   -194767.26070819300       -112879.84423537958        41203.315873194530     
 >>> 地球非球形引力分量 (地固系), 带谐:    6.8455018130501455E-012   3.9673976804953063E-012  -4.9055141991286954E-012
 >>> 地球非球形引力分量 (地固系), 田谐:   -3.2061228695143628E-014   5.4366756372590602E-014  -6.8553390539482538E-016
 >>> 卫星在地固系坐标为:   -196639.95714341316       -110430.17207533633        41274.912848583110     
 >>> 地球非球形引力分量 (地固系), 带谐:    6.8486761780355065E-012   3.8461180515673835E-012  -4.8693729351185514E-012
 >>> 地球非球形引力分量 (地固系), 田谐:   -2.9003210403443396E-014   5.5605951631033352E-014  -1.4114299793604249E-015
 >>> 卫星在地固系坐标为:   -196969.69461923512       -109991.45618191377        41287.635929488017     
 >>> 地球非球形引力分量 (地固系), 带谐:    6.8490792838236706E-012   3.8246503117621081E-012  -4.8629840908191219E-012
 >>> 地球非球形引力分量 (地固系), 田谐:   -2.8457572914318581E-014   5.5813124238014579E-014  -1.5394094674619337E-015
 >>> 卫星在地固系坐标为:   -197380.50124768898       -109441.70193303353        41303.537115798354     
 >>> 地球非球形引力分量 (地固系), 带谐:    6.8495154528786328E-012   3.7978555320363872E-012  -4.8550135442507760E-012
 >>> 地球非球形引力分量 (地固系), 田谐:   -2.7774788398413339E-014   5.6066517336731592E-014  -1.6989220926216181E-015
 >>> 卫星在地固系坐标为:   -197380.49951151013       -109441.70135291533        41303.536776946406     
 >>> 地球非球形引力分量 (地固系), 带谐:    6.8495156665664235E-012   3.7978556637950119E-012  -4.8550136983018980E-012
 >>> 地球非球形引力分量 (地固系), 田谐:   -2.7774789601123796E-014   5.6066518956669211E-014  -1.6989220719836292E-015
 >>> 卫星在地固系坐标为:   -198119.49312637953       -108443.80504476601        41332.287625163255     
 >>> 地球非球形引力分量 (地固系), 带谐:    6.8501106617581989E-012   3.7495152719016775E-012  -4.8406422400687770E-012
 >>> 地球非球形引力分量 (地固系), 田谐:   -2.6538226830449631E-014   5.6508966593916898E-014  -1.9860428083104880E-015
 >>> 卫星在地固系坐标为:   -198487.08584934956       -107943.00145954410        41346.653537388120     
 >>> 地球非球形引力分量 (地固系), 带谐:    6.8503205361579889E-012   3.7254018641498926E-012  -4.8334802534159145E-012
 >>> 地球非球形引力分量 (地固系), 田谐:   -2.5919121379378875E-014   5.6722632615924448E-014  -2.1289630377364851E-015
 >>> 卫星在地固系坐标为:   -200306.25259856644       -105420.77597783446        41418.472781770433     
 >>> 地球非球形引力分量 (地固系), 带谐:    6.8504448651645115E-012   3.6053752896387763E-012  -4.7978669569011956E-012
 >>> 地球非球形引力分量 (地固系), 田谐:   -2.2816774681009191E-014   5.7714980021519558E-014  -2.8370241253662588E-015
 >>> 卫星在地固系坐标为:   -200626.33981390781       -104969.21286797296        41431.235368254791     
 >>> 地球非球形引力分量 (地固系), 带谐:    6.8503089450330469E-012   3.5841332625094603E-012  -4.7915714476312693E-012
 >>> 地球非球形引力分量 (地固系), 田谐:   -2.2264310398068466E-014   5.7878171308564303E-014  -2.9617433665232530E-015
 >>> 卫星在地固系坐标为:   -201025.02681273734       -104403.42181662410        41447.185931984066     
 >>> 地球非球形引力分量 (地固系), 带谐:    6.8500726939476423E-012   3.5576218557451763E-012  -4.7837173445752395E-012
 >>> 地球非球形引力分量 (地固系), 田谐:   -2.1573439392274981E-014   5.8076554921225864E-014  -3.1171430918665402E-015
 >>> 卫星在地固系坐标为:   -201025.02505866409       -104403.42128225694        41447.185592519119     
 >>> 地球非球形引力分量 (地固系), 带谐:    6.8500729076311404E-012   3.5576219795564447E-012  -4.7837174960757888E-012
 >>> 地球非球形引力分量 (地固系), 田谐:   -2.1573440401744928E-014   5.8076556629579708E-014  -3.1171431172379903E-015
 >>> 卫星在地固系坐标为:   -201741.94440781523       -103376.58833883583        41476.025750467590     
 >>> 地球非球形引力分量 (地固系), 带谐:    6.8494558588099600E-012   3.5097975323856098E-012  -4.7695559883977893E-012
 >>> 地球非球形引力分量 (地固系), 田谐:   -2.0323517815696189E-014   5.8419454116739148E-014  -3.3967208918440893E-015
 >>> 卫星在地固系坐标为:   -202098.42222542412       -102861.34812902199        41490.436301418347     
 >>> 地球非球形引力分量 (地固系), 带谐:    6.8490615632379776E-012   3.4859436212100132E-012  -4.7624986269012306E-012
 >>> 地球非球形引力分量 (地固系), 田谐:   -1.9698337376476184E-014   5.8583314476270541E-014  -3.5358198273176690E-015
 >>> 卫星在地固系坐标为:   -203861.24434321251       -100267.25271260564        41562.478721953077     
 >>> 地球非球形引力分量 (地固系), 带谐:    6.8461837086701218E-012   3.3672316395679137E-012  -4.7274056231791083E-012
 >>> 地球非球形引力分量 (地固系), 田谐:   -1.6571708019768975E-014   5.9326442539868568E-014  -4.2242710891473945E-015
 >>> 卫星在地固系坐标为:   -204171.18023499649       -99802.968846178221        41575.280975268448     
 >>> 地球非球形引力分量 (地固系), 带谐:    6.8455173254616683E-012   3.3462261989310777E-012  -4.7212020921145140E-012
 >>> 地球非球形引力分量 (地固系), 田谐:   -1.6015986201538829E-014   5.9445314878876838E-014  -4.3454177087524511E-015
 >>> 卫星在地固系坐标为:   -204557.12103238475       -99221.301170539460        41591.281117971070     
 >>> 地球非球形引力分量 (地固系), 带谐:    6.8446193813225429E-012   3.3200117287747607E-012  -4.7134627397901076E-012
 >>> 地球非球形引力分量 (地固系), 田谐:   -1.5321491962131737E-014   5.9588302629715101E-014  -4.4963154299389569E-015
 >>> 卫星在地固系坐标为:   -204557.11926154725       -99221.300682703935        41591.280777892149     
 >>> 地球非球形引力分量 (地固系), 带谐:    6.8446195948039092E-012   3.3200118447426217E-012  -4.7134628887825710E-012
 >>> 地球非球形引力分量 (地固系), 田谐:   -1.5321492775116245E-014   5.9588304410520518E-014  -4.4963155001462442E-015
 >>> 卫星在地固系坐标为:   -205250.82495371258       -98165.835324745261        41620.210373562280     
 >>> 地球非球形引力分量 (地固系), 带谐:    6.8428099809105924E-012   3.2727281748859174E-012  -4.6995083935162768E-012
 >>> 地球非球形引力分量 (地固系), 田谐:   -1.4066295015044480E-014   5.9831051844075668E-014  -4.7676483852055720E-015
 >>> 卫星在地固系坐标为:   -205595.61790373086       -97636.313545270983        41634.665627352340     
 >>> 地球非球形引力分量 (地固系), 带谐:    6.8418212843540051E-012   3.2491461391589038E-012  -4.6925541928726272E-012
 >>> 地球非球形引力分量 (地固系), 田谐:   -1.3439083161305243E-014   5.9944855016395216E-014  -4.9025769391627975E-015
 >>> 卫星在地固系坐标为:   -207299.24292169724       -94971.152714434909        41706.931544733139     
 >>> 地球非球形引力分量 (地固系), 带谐:    6.8359904343660308E-012   3.1318102388913310E-012  -4.6579741977670181E-012
 >>> 地球非球形引力分量 (地固系), 田谐:   -1.0308391287800268E-014   6.0437994438372164E-014  -5.5696924310283886E-015
 >>> 卫星在地固系坐标为:   -207598.51996831325       -94494.296245895574        41719.773521955161     
 >>> 地球非球形引力分量 (地固系), 带谐:    6.8348023901715600E-012   3.1110522461220152E-012  -4.6518613568407262E-012
 >>> 地球非球形引力分量 (地固系), 田谐:   -9.7530054541011927E-015   6.0512496060966103E-014  -5.6869630351473425E-015
 >>> 卫星在地固系坐标为:   -207971.07999528060       -93896.939339510936        41735.823315011832     
 >>> 地球非球形引力分量 (地固系), 带谐:    6.8332537793565599E-012   3.0851482601633208E-012  -4.6442351481260183E-012
 >>> 地球非球形引力分量 (地固系), 田谐:   -9.0593787244483231E-015   6.0600059267679347E-014  -5.8329809877967117E-015
 >>> 卫星在地固系坐标为:   -207971.07820888792       -93896.938898974287        41735.822974326307     
 >>> 地球非球形引力分量 (地固系), 带谐:    6.8332539924368454E-012   3.0851483683926678E-012  -4.6442352946486109E-012
 >>> 地球非球形引力分量 (地固系), 田谐:   -9.0593793389947398E-015   6.0600061104768740E-014  -5.8329811015532263E-015
 >>> 卫星在地固系坐标为:   -208640.37121448352       -92813.270439367858        41764.839893611461     
 >>> 地球非球形引力分量 (地固系), 带谐:    6.8302720789617421E-012   3.0384334822115775E-012  -4.6304859709061100E-012
 >>> 地球非球形引力分量 (地固系), 田谐:   -7.8071189390252266E-015   6.0742699674179666E-014  -6.0953701905188932E-015
 >>> 卫星在地固系坐标为:   -208972.87994054664       -92269.685024523569        41779.338794783122     
 >>> 地球非球形引力分量 (地固系), 带谐:    6.8286991558317769E-012   3.0151372772155310E-012  -4.6236340118844294E-012
 >>> 地球非球形引力分量 (地固系), 田谐:   -7.1819791157201418E-015   6.0806516146788212E-014  -6.2257810598232310E-015
 >>> 卫星在地固系坐标为:   -210614.31261790954       -89534.581002522842        41851.822933429852     
 >>> 地球非球形引力分量 (地固系), 带谐:    6.8199666521941836E-012   2.8992467276578641E-012  -4.5895624372585387E-012
 >>> 地球非球形引力分量 (地固系), 田谐:   -4.0677027306817877E-015   6.1050521435774378E-014  -6.8698465359194718E-015
 >>> 卫星在地固系坐标为:   -210902.39865729716       -89045.357141138607        41864.703697541110     
 >>> 地球非球形引力分量 (地固系), 带谐:    6.8182661534455138E-012   2.8787484096065120E-012  -4.5835394723881697E-012
 >>> 地球非球形引力分量 (地固系), 田谐:   -3.5162849535986859E-015   6.1080891501274633E-014  -6.9829402947448372E-015
 >>> 卫星在地固系坐标为:   -211260.91287219612       -88432.569937967448        41880.801970155866     
 >>> 地球非球形引力分量 (地固系), 带谐:    6.8160784170326384E-012   2.8531701540149809E-012  -4.5760253903628967E-012
 >>> 地球非球形引力分量 (地固系), 田谐:   -2.8280615258145760E-015   6.1113366041144073E-014  -7.1237041309156492E-015
 >>> 卫星在地固系坐标为:   -211260.91107191128       -88432.569545554943        41880.801628950248     
 >>> 地球非球形引力分量 (地固系), 带谐:    6.8160786294679032E-012   2.8531702545920388E-012  -4.5760255344201397E-012
 >>> 地球非球形引力分量 (地固系), 田谐:   -2.8280619412191164E-015   6.1113367917856359E-014  -7.1237042867859481E-015
 >>> 卫星在地固系坐标为:   -211904.74838209743       -87320.908787022767        41909.910768162721     
 >>> 地球非球形引力分量 (地固系), 带谐:    6.8119445496767614E-012   2.8070403953950968E-012  -4.5624762456595325E-012
 >>> 地球非球形引力分量 (地固系), 田谐:   -1.5866261669324854E-015   6.1156634038971788E-014  -7.3765399048798515E-015
 >>> 卫星在地固系坐标为:   -212224.45060382318       -86763.367631821180        41924.455761845689     
 >>> 地球非球形引力分量 (地固系), 带谐:    6.8097974680851640E-012   2.7840381235086326E-012  -4.5557239721262673E-012
 >>> 地球非球形引力分量 (地固系), 田谐:   -9.6749567812068092E-016   6.1170878270022707E-014  -7.5021301737585683E-015
 >>> 卫星在地固系坐标为:   -213801.07182889289       -83958.884790137119        41997.170344164035     
 >>> 地球非球形引力分量 (地固系), 带谐:    6.7982136964995329E-012   2.6696332045516110E-012  -4.5221481356228087E-012
 >>> 地球非球形引力分量 (地固系), 田谐:    2.1107522334674723E-015   6.1168286542242500E-014  -8.1216509587418019E-015
 >>> 卫星在地固系坐标为:   -214077.49992910362       -83457.398246979981        42010.092066396479     
 >>> 地球非球形引力分量 (地固系), 带谐:    6.7960097074813039E-012   2.6494016832009079E-012  -4.5162128100965995E-012
 >>> 地球非球形引力分量 (地固系), 田谐:    2.6547294670670035E-015   6.1155056775060480E-014  -8.2303056518887935E-015
 >>> 卫星在地固系坐标为:   -214421.38412434579       -82829.313501716984        42026.241531709748     
 >>> 地球非球形引力分量 (地固系), 带谐:    6.7931940537469702E-012   2.6241580440013610E-012  -4.5088080665663526E-012
 >>> 地球非球形引力分量 (地固系), 田谐:    3.3332156714332740E-015   6.1133141413270480E-014  -8.3654890995843282E-015
 >>> 卫星在地固系坐标为:   -214421.38231055834       -82829.313157948854        42026.241189822933     
 >>> 地球非球形引力分量 (地固系), 带谐:    6.7931942654515211E-012   2.6241581370878033E-012  -4.5088082082662883E-012
 >>> 地球非球形引力分量 (地固系), 田谐:    3.3332154542820713E-015   6.1133143314366318E-014  -8.3654892961490157E-015
 >>> 卫星在地固系坐标为:   -215038.54870383505       -81690.173698886516        42055.440398321785     
 >>> 地球非球形引力分量 (地固系), 带谐:    6.7879292449228479E-012   2.5786405387119774E-012  -4.4954572287275985E-012
 >>> 地球非球形引力分量 (地固系), 田谐:    4.5557083714995334E-015   6.1078381573159649E-014  -8.6081240104306826E-015
 >>> 卫星在地固系坐标为:   -215344.83716774071       -81118.937008368914        42070.030410819236     
 >>> 地球非球形引力分量 (地固系), 带谐:    6.7852186587697213E-012   2.5559457668354242E-012  -4.4888037787975141E-012
 >>> 地球非球形引力分量 (地固系), 田谐:    5.1647811580458725E-015   6.1043775433357034E-014  -8.7285724075328242E-015
 >>> 卫星在地固系坐标为:   -216853.61416742764       -78246.410278956188        42142.970070063471     
 >>> 地球非球形引力分量 (地固系), 带谐:    6.7708373496460910E-012   2.4430937857620725E-012  -4.4557193773057570E-012
 >>> 地球非球形引力分量 (地固系), 田谐:    8.1868777911664474E-015   6.0798693111254687E-014  -9.3219673729316146E-015
 >>> 卫星在地固系坐标为:   -217117.84584022328       -77732.904308717145        42155.931797207748     
 >>> 地球非球形引力分量 (地固系), 带谐:    6.7681395000099593E-012   2.4231409355888899E-012  -4.4498709273982555E-012
 >>> 地球非球形引力分量 (地固系), 田谐:    8.7198594532755191E-015   6.0742679660035823E-014  -9.4259063476934757E-015
 >>> 卫星在地固系坐标为:   -217446.42721486674       -77089.828606552634        42172.131264191907     
 >>> 地球非球形引力分量 (地固系), 带谐:    6.7647079984451127E-012   2.3982467169175697E-012  -4.4425745682537471E-012
 >>> 地球非球形引力分量 (地固系), 田谐:    9.3841748412458728E-015   6.0667430916838735E-014  -9.5551654962045348E-015
 >>> 卫星在地固系坐标为:   -217446.42538931625       -77089.828312199999        42172.130921711920     
 >>> 地球非球形引力分量 (地固系), 带谐:    6.7647082091825901E-012   2.3982468026059263E-012  -4.4425747075989315E-012
 >>> 地球非球形引力分量 (地固系), 田谐:    9.3841748204327071E-015   6.0667432825866891E-014  -9.5551657318277941E-015
 >>> 卫星在地固系坐标为:   -218035.80347259151       -75923.589744162222        42201.422707667451     
 >>> 地球非球形引力分量 (地固系), 带谐:    6.7583333222266527E-012   2.3533608624766044E-012  -4.4294181828913875E-012
 >>> 地球非球形引力分量 (地固系), 田谐:    1.0579932338171225E-014   6.0516647018506167E-014  -9.7870217466762986E-015
 >>> 卫星在地固系坐标为:   -218328.11922550944       -75338.850242528613        42216.058991621816     
 >>> 地球非球形引力分量 (地固系), 带谐:    6.7550697837352963E-012   2.3309832586841687E-012  -4.4228616374306555E-012
 >>> 地球非球形引力分量 (地固系), 田谐:    1.1175065347353289E-014   6.0434238982839702E-014  -9.9020416933217457E-015
 >>> 卫星在地固系坐标为:   -219766.25468329174       -72399.272438063461        42289.229989457752     
 >>> 地球非球形引力分量 (地固系), 带谐:    6.7379438843207169E-012   2.2197322134661966E-012  -4.3902591400472706E-012
 >>> 地球非球形引力分量 (地固系), 田谐:    1.4121753389709290E-014   5.9952374679148593E-014  -1.0467901876257575E-014
 >>> 卫星在地固系坐标为:   -220017.79223111118       -71873.928654874529        42302.232833916663     
 >>> 地球非球形引力分量 (地固系), 带谐:    6.7347616178440997E-012   2.2000665088033165E-012  -4.3844958832251635E-012
 >>> 地球非球形引力分量 (地固系), 田谐:    1.4640344118445489E-014   5.9854673069387299E-014  -1.0566878852969796E-014
 >>> 卫星在地固系坐标为:   -220330.44850461272       -71216.091213296459        42318.483692646827     
 >>> 地球非球形引力分量 (地固系), 带谐:    6.7307260858631074E-012   2.1755322794275786E-012  -4.3773058103856218E-012
 >>> 地球非球形引力分量 (地固系), 田谐:    1.5286257058409248E-014   5.9727494334262187E-014  -1.0689907649250554E-014
 >>> 卫星在地固系坐标为:   -220330.44666819909       -71216.090968949138        42318.483349497415     
 >>> 地球非球形引力分量 (地固系), 带谐:    6.7307262955027860E-012   2.1755323578564155E-012  -4.3773059474454047E-012
 >>> 地球非球形引力分量 (地固系), 田谐:    1.5286257230677102E-014   5.9727496235946401E-014  -1.0689907922307583E-014
 >>> 卫星在地固系坐标为:   -220890.73227763950       -70023.543614202907        42347.861051313936     
 >>> 地球非球形引力分量 (地固系), 带谐:    6.7232651555190192E-012   2.1313110151475288E-012  -4.3643441722820254E-012
 >>> 地球非球形引力分量 (地固系), 田谐:    1.6447297363608691E-014   5.9483385089285618E-014  -1.0910366730255802E-014
 >>> 卫星在地固系坐标为:   -221168.42458179654       -69425.700465193338        42362.540280501918     
 >>> 地球非球形引力分量 (地固系), 带谐:    6.7194605330962225E-012   2.1092669766967399E-012  -4.3578846731041072E-012
 >>> 地球非球形引力分量 (地固系), 田谐:    1.7024519573158127E-014   5.9354574441536244E-014  -1.1019652001607802E-014
 >>> 卫星在地固系坐标为:   -222532.67816699774       -66421.106960585894        42435.925990713375     
 >>> 地球非球形引力分量 (地固系), 带谐:    6.6996500651571122E-012   1.9996980993611720E-012  -4.3257647411984451E-012
 >>> 地球非球形引力分量 (地固系), 田谐:    1.9876156336433598E-014   5.8643422739939670E-014  -1.1556477460181231E-014
 >>> 卫星在地固系坐标为:   -222770.94793825658       -65884.294126188892        42448.966999192235     
 >>> 地球非球形引力分量 (地固系), 带谐:    6.6959941668969545E-012   1.9803338507198730E-012  -4.3200867865315692E-012
 >>> 地球非球形引力分量 (地固系), 田谐:    2.0376902748162653E-014   5.8505451308933013E-014  -1.1650231252233854E-014
 >>> 卫星在地固系坐标为:   -223066.96310160871       -65212.158818076678        42465.265559412321     
 >>> 地球非球形引力分量 (地固系), 带谐:    6.6913681336733996E-012   1.9561774427554403E-012  -4.3130031326863021E-012
 >>> 地球非球形引力分量 (地固系), 田谐:    2.1000113634525290E-014   5.8328151624880263E-014  -1.1766705557591005E-014
 >>> 卫星在地固系坐标为:   -223066.96125699420       -65212.158624495496        42465.265215839660     
 >>> 地球非球形引力分量 (地固系), 带谐:    6.6913683418927930E-012   1.9561775139964093E-012  -4.3130032674018583E-012
 >>> 地球非球形引力分量 (地固系), 田谐:    2.1000113995100518E-014   5.8328153502543133E-014  -1.1766705866095227E-014
 >>> 卫星在地固系坐标为:   -223597.16470227853       -63993.495479130223        42494.738209675736     
 >>> 地球非球形引力分量 (地固系), 带谐:    6.6828413466605202E-012   1.9126288031187482E-012  -4.3002294197848377E-012
 >>> 地球非球形引力分量 (地固系), 田谐:    2.2119339774784629E-014   5.7993945522776472E-014  -1.1975306858234685E-014
 >>> 卫星在地固系坐标为:   -223859.73753309998       -63382.647477557868        42509.465066230667     
 >>> 地球非球形引力分量 (地固系), 带谐:    6.6785058185807626E-012   1.8909223455751354E-012  -4.2938635738259024E-012
 >>> 地球非球形引力分量 (地固系), 田谐:    2.2675123285386451E-014   5.7820387574051556E-014  -1.2078629301808099E-014
 >>> 卫星在地固系坐标为:   -225147.61739280666       -60313.555471697167        42583.088893113279     
 >>> 地球非球形引力分量 (地固系), 带谐:    6.6560614784541639E-012   1.7830556585610033E-012  -4.2622093886152999E-012
 >>> 地球非球形引力分量 (地固系), 田谐:    2.5414285190337616E-014   5.6888634488455154E-014  -1.2585301417588793E-014
 >>> 卫星在地固系坐标为:   -225372.17437293674       -59765.369618358673        42596.172223154295     
 >>> 地球非球形引力分量 (地固系), 带谐:    6.6519409273847489E-012   1.7639964175292467E-012  -4.2566137727397752E-012
 >>> 地球非球形引力分量 (地固系), 田谐:    2.5894128650073614E-014   5.6712008026898595E-014  -1.2673637038607829E-014
 >>> 卫星在地固系坐标为:   -225650.99131077237       -59079.058234792967        42612.523680023631     
 >>> 地球非球形引力分量 (地固系), 带谐:    6.6467356026196668E-012   1.7402222673935697E-012  -4.2496328451156451E-012
 >>> 地球非球形引力分量 (地固系), 田谐:    2.6490831238067582E-014   5.6486635532607917E-014  -1.2783314778449207E-014
 >>> 卫星在地固系坐标为:   -225650.98945762575       -59079.058092379761        42612.523335710110     
 >>> 地球非球形引力分量 (地固系), 带谐:    6.6467358094427380E-012   1.7402223316397600E-012  -4.2496329776490972E-012
 >>> 地球非球形引力分量 (地固系), 田谐:    2.6490831781504431E-014   5.6486637373134105E-014  -1.2783315120830781E-014
 >>> 卫星在地固系坐标为:   -226149.84812436215       -57835.076476809423        42642.087122934048     
 >>> 地球非球形引力分量 (地固系), 带谐:    6.6371671094045052E-012   1.6973748624880104E-012  -4.2370464528419276E-012
 >>> 地球非球形引力分量 (地固系), 田谐:    2.7560878299642641E-014   5.6066268216186319E-014  -1.2979525825442985E-014
 >>> 卫星在地固系坐标为:   -226396.67140838358       -57211.626146008828        42656.859360696923     
 >>> 地球非球形引力分量 (地固系), 带谐:    6.6323127998897390E-012   1.6760202260492676E-012  -4.2307739553117028E-012
 >>> 地球非球形引力分量 (地固系), 田谐:    2.8091568098420172E-014   5.5849976602346723E-014  -1.3076622368513813E-014
 >>> 卫星在地固系坐标为:   -227605.03944313584       -54080.086509459812        42730.710076837051     
 >>> 地球非球形引力分量 (地固系), 带谐:    6.6072957519252660E-012   1.5699262491372791E-012  -4.1995839710381640E-012
 >>> 地球非球形引力分量 (地固系), 田谐:    3.0700266789550831E-014   5.4708145357298827E-014  -1.3551858267523535E-014
 >>> 卫星在地固系坐标为:   -227815.32796319478       -53520.898920937754        42743.833734164677     
 >>> 地球非球形引力分量 (地固系), 带谐:    6.6027215131300859E-012   1.5511844346330730E-012  -4.1940704153262491E-012
 >>> 地球非球形引力分量 (地固系), 田谐:    3.1156060813624864E-014   5.4494812880252954E-014  -1.3634553341147165E-014
 >>> 卫星在地固系坐标为:   -228076.25305668727       -52820.878405232856        42760.235595779413     
 >>> 地球非球形引力分量 (地固系), 带谐:    6.5969506412262423E-012   1.5278080159398582E-012  -4.1871918639987005E-012
 >>> 地球非球形引力分量 (地固系), 田谐:    3.1722344470714827E-014   5.4223836576771434E-014  -1.3737158976260382E-014
 >>> 卫星在地固系坐标为:   -228076.25119733028       -52820.878314616304        42760.235250895290     
 >>> 地球非球形引力分量 (地固系), 带谐:    6.5969508463862347E-012   1.5278080732876905E-012  -4.1871919943208340E-012
 >>> 地球非球形引力分量 (地固系), 田谐:    3.1722345189835821E-014   5.4223838364964899E-014  -1.3737159350427919E-014
 >>> 卫星在地固系坐标为:   -228542.67179172716       -51552.033539739015        42789.894753972585     
 >>> 地球非球形引力分量 (地固系), 带谐:    6.5863623341651543E-012   1.4856760415629592E-012  -4.1747881460674985E-012
 >>> 地球非球形引力分量 (地固系), 田谐:    3.2736544797553425E-014   5.3721729064227151E-014  -1.3920550665783817E-014
 >>> 卫星在地固系坐标为:   -228773.19860943482       -50916.211484878178        42804.714831167672     
 >>> 地球非球形引力分量 (地固系), 带谐:    6.5810001923164805E-012   1.4646803017606228E-012  -4.1686066847633530E-012
 >>> 地球非球形引力分量 (地固系), 田谐:    3.3238835741096836E-014   5.3464954042227754E-014  -1.4011209416712941E-014
 >>> 卫星在地固系坐标为:   -229899.31754252882       -47723.406733041040        42878.804724462629     
 >>> 地球非球形引力分量 (地固系), 带谐:    6.5534652336824864E-012   1.3603941508004572E-012  -4.1378694291113309E-012
 >>> 地球非球形引力分量 (地固系), 田谐:    3.5700843029981323E-014   5.2124689996133891E-014  -1.4453976946577303E-014
 >>> 卫星在地固系坐标为:   -230094.85055339450       -47153.432810649785        42891.970891961624     
 >>> 地球非球形引力分量 (地固系), 带谐:    6.5484470570228760E-012   1.3419759615427440E-012  -4.1324359102068564E-012
 >>> 地球非球形引力分量 (地固系), 田谐:    3.6129755694838795E-014   5.1876789421562875E-014  -1.4530852755787672E-014
 >>> 卫星在地固系坐标为:   -230337.27483068558       -46439.974613657017        42908.425886033292     
 >>> 地球非球形引力分量 (地固系), 带谐:    6.5421228287761409E-012   1.3190050039061918E-012  -4.1256572129174722E-012
 >>> 地球非球形引力分量 (地固系), 田谐:    3.6662103589938904E-014   5.1562909959403946E-014  -1.4626164930819277E-014
 >>> 卫星在地固系坐标为:   -230337.27296569195       -46439.974575325141        42908.425540418350     
 >>> 地球非球形引力分量 (地固系), 带谐:    6.5421230322080261E-012   1.3190050545125724E-012  -4.1256573411242665E-012
 >>> 地球非球形引力分量 (地固系), 田谐:    3.6662104477056916E-014   5.1562911682463678E-014  -1.4626165334956247E-014
 >>> 卫星在地固系坐标为:   -230770.00414495863       -45147.176696488321        42938.176058265642     
 >>> 地球非球形引力分量 (地固系), 带谐:    6.5305402479062305E-012   1.2776160211469676E-012  -4.1134356446689488E-012
 >>> 地球非球形引力分量 (地固系), 田谐:    3.7613838002089642E-014   5.0984191378881389E-014  -1.4796283936256663E-014
 >>> 卫星在地固系坐标为:   -230983.61039263839       -44499.441880201070        42953.041627631828     
 >>> 地球非球形引力分量 (地固系), 带谐:    6.5246830907916867E-012   1.2569928900664063E-012  -4.1073449546499108E-012
 >>> 地球非球形引力分量 (地固系), 田谐:    3.8084455752320407E-014   5.0689538765554594E-014  -1.4880281672532537E-014
 >>> 卫星在地固系坐标为:   -232024.37527763593       -41247.705866858632        43027.358965289968     
 >>> 地球非球形引力分量 (地固系), 带谐:    6.4946948271589358E-012   1.1545824080125485E-012  -4.0770590799858666E-012
 >>> 地球非球形引力分量 (地固系), 田谐:    4.0383764194032871E-014   4.9164278202267321E-014  -1.5289499952278256E-014
 >>> 卫星在地固系坐标为:   -232204.60358708055       -40667.367323583509        43040.565558906848     
 >>> 地球非球形引力分量 (地固系), 带谐:    6.4892442856221259E-012   1.1364997805346840E-012  -4.0717053542770375E-012
 >>> 地球非球形引力分量 (地固系), 田谐:    4.0783014534836597E-014   4.8884267815189912E-014  -1.5360370501832287E-014
 >>> 卫星在地固系坐标为:   -232427.84177206361       -39941.001483581713        43057.071081345857     
 >>> 地球非球形引力分量 (地固系), 带谐:    6.4823812036018218E-012   1.1139491521162602E-012  -4.0650262047827922E-012
 >>> 地球非球形引力分量 (地固系), 田谐:    4.1277978523527174E-014   4.8530587016969324E-014  -1.5448159349053993E-014
 >>> 卫星在地固系坐标为:   -232427.83990385759       -39941.001498034268        43057.070735177025     
 >>> 地球非球形引力分量 (地固系), 带谐:    6.4823814050461375E-012   1.1139491960897414E-012  -4.0650263308439801E-012
 >>> 地球非球形引力分量 (地固系), 田谐:    4.1277979569062875E-014   4.8530588661157613E-014  -1.5448159780892340E-014
 >>> 卫星在地固系坐标为:   -232825.72149813539       -38625.011899430719        43086.912355795386     
 >>> 地球非球形引力分量 (地固系), 带谐:    6.4698289649005928E-012   1.0733230810950937E-012  -4.0529842220465552E-012
 >>> 地球非球形引力分量 (地固系), 田谐:    4.2161256684853806E-014   4.7880865614598845E-014  -1.5604627176495628E-014
 >>> 卫星在地固系坐标为:   -233021.82795679852       -37965.748500672511        43101.823461477776     
 >>> 地球非球形引力分量 (地固系), 带谐:    6.4634891238229097E-012   1.0530824715587907E-012  -4.0469830254192214E-012
 >>> 地球非球形引力分量 (地固系), 田谐:    4.2597243446133760E-014   4.7551176007933277E-014  -1.5681777879290143E-014
 >>> 卫星在地固系坐标为:   -233974.35131746528       -34657.036875515005        43176.368464378480     
 >>> 地球非球形引力分量 (地固系), 带谐:    6.4311094782487306E-012   9.5259671448228090E-013  -4.0171421751709631E-012
 >>> 地球非球形引力分量 (地固系), 田谐:    4.4719448423560009E-014   4.5855480716433894E-014  -1.6056549836582859E-014
 >>> 卫星在地固系坐标为:   -234138.76316480423       -34066.687460305729        43189.615523458211     
 >>> 地球非球形引力分量 (地固系), 带谐:    6.4252376248508712E-012   9.3485828260706748E-013  -4.0118671186665587E-012
 >>> 地球非球形引力分量 (地固系), 田谐:    4.5086543737391093E-014   4.5546010429626540E-014  -1.6121261414461838E-014
 >>> 卫星在地固系坐标为:   -234342.17624704973       -33327.858741219905        43206.171623489798     
 >>> 地球非球形引力分量 (地固系), 带谐:    6.4178495238381431E-012   9.1273873861865645E-013  -4.0052861145821590E-012
 >>> 地球非球形引力分量 (地固系), 田谐:    4.5541037344146152E-014   4.5155866044002491E-014  -1.6201337252561407E-014
 >>> 卫星在地固系坐标为:   -234342.17437717845       -33327.858808869263        43206.171276775873     
 >>> 地球非球形引力分量 (地固系), 带谐:    6.4178497231403801E-012   9.1273877609882453E-013  -4.0052862385306025E-012
 >>> 地球非球形引力分量 (地固系), 田谐:    4.5541038537866239E-014   4.5155867597319835E-014  -1.6201337709956932E-014
 >>> 卫星在地固系坐标为:   -234704.05520028694       -31989.483141479261        43236.104225843694     
 >>> 地球非球形引力分量 (地固系), 带谐:    6.4043526498820078E-012   8.7289472246510232E-013  -3.9934211307787431E-012
 >>> 地球非球形引力分量 (地固系), 田谐:    4.6350367354299265E-014   4.4441245415923524E-014  -1.6343818810874113E-014
 >>> 卫星在地固系坐标为:   -234882.08725172741       -31319.097506598704        43251.060980736125     
 >>> 地球非球形引力分量 (地固系), 带谐:    6.3975426578788987E-012   8.5304615881584316E-013  -3.9875081385469816E-012
 >>> 地球非球形引力分量 (地固系), 田谐:    4.6749017734574233E-014   4.4079603984311635E-014  -1.6413958252824177E-014
 >>> 卫星在地固系坐标为:   -235743.50572709934       -27955.476979888917        43325.834213407128     
 >>> 地球非球形引力分量 (地固系), 带谐:    6.3628345458647190E-012   7.5453223674240060E-013  -3.9581059017749741E-012
 >>> 地球非球形引力分量 (地固系), 田谐:    4.8681008106768059E-014   4.2229226526487971E-014  -1.6753496677121033E-014
 >>> 卫星在地固系坐标为:   -235891.59383369581       -27355.490226318074        43339.121838339044     
 >>> 地球非球形引力分量 (地固系), 带谐:    6.3565526072928119E-012   7.3714628781755448E-013  -3.9529083810233469E-012
 >>> 地球非球形引力分量 (地固系), 田谐:    4.9013691013583644E-014   4.1893152250682993E-014  -1.6811915255459303E-014
 >>> 卫星在地固系坐标为:   -236074.54848887306       -26604.668132598974        43355.728641467067     
 >>> 地球非球形引力分量 (地固系), 带谐:    6.3486535380043229E-012   7.1546814999168076E-013  -3.9464241082256775E-012
 >>> 地球非球形引力分量 (地固系), 田谐:    4.9424924152397504E-014   4.1470137056739028E-014  -1.6884113072362994E-014
 >>> 卫星在地固系坐标为:   -236074.54661888606       -26604.668253814161        43355.728294212044     
 >>> 地球非球形引力分量 (地固系), 带谐:    6.3486537350176315E-012   7.1546818112143687E-013  -3.9464242300954856E-012
 >>> 地球非球形引力分量 (地固系), 田谐:    4.9424925483162495E-014   4.1470138508154679E-014  -1.6884113553126810E-014
 >>> 卫星在地固系坐标为:   -236399.33269283132       -25244.556445262075        43385.757352015447     
 >>> 地球非球形引力分量 (地固系), 带谐:    6.3342352921598428E-012   6.7641883142823823E-013  -3.9347318021147421E-012
 >>> 地球非球形引力分量 (地固系), 田谐:    5.0155461431558627E-014   4.0697059503395783E-014  -1.7012336489813888E-014
 >>> 卫星在地固系坐标为:   -236558.74355791666       -24563.376748278453        43400.762143362466     
 >>> 地球非球形引力分量 (地固系), 带谐:    6.3269667839135894E-012   6.5696860935966079E-013  -3.9289048637292772E-012
 >>> 地球非球形引力分量 (地固系), 田谐:    5.0514394775338335E-014   4.0306716265171894E-014  -1.7075331808142152E-014
 >>> 卫星在地固系坐标为:   -237326.32540519192       -21146.520253479219        43475.775538919690     
 >>> 地球非球形引力分量 (地固系), 带谐:    6.2899884281279139E-012   5.6045770507112475E-013  -3.8999305696788185E-012
 >>> 地球非球形引力分量 (地固系), 田谐:    5.2244692819729721E-014   3.8318188090422764E-014  -1.7379003787862312E-014
 >>> 卫星在地固系坐标为:   -237457.60455845163       -20537.199183251352        43489.105849575775     
 >>> 地球非球形引力分量 (地固系), 带谐:    6.2833067629106390E-012   5.4342973247505195E-013  -3.8948087025972947E-012
 >>> 地球非球形引力分量 (地固系), 田谐:    5.2540997873822430E-014   3.7958496302270821E-014  -1.7431022327971250E-014
 >>> 卫星在地固系坐标为:   -237619.49447171742       -19774.764897571757        43505.766004778867     
 >>> 地球非球形引力分量 (地固系), 带谐:    6.2749096767267470E-012   5.2219984680397753E-013  -3.8884188148927526E-012
 >>> 地球非球形引力分量 (地固系), 田谐:    5.2906545949494167E-014   3.7506362947825309E-014  -1.7495210655375605E-014
 >>> 卫星在地固系坐标为:   -237619.49260234178       -19774.765072765818        43505.765656828386     
 >>> 地球非球形引力分量 (地固系), 带谐:    6.2749098713973702E-012   5.2219987173913878E-013  -3.8884189347717397E-012
 >>> 地球非球形引力分量 (地固系), 田谐:    5.2906547406012163E-014   3.7506364287920688E-014  -1.7495211157507189E-014
 >>> 卫星在地固系坐标为:   -237905.98802351873       -18394.041809665625        43535.886163923140     
 >>> 地球非球形引力分量 (地固系), 带谐:    6.2595980670416083E-012   4.8396977946382391E-013  -3.8768986295787260E-012
 >>> 地球非球形引力分量 (地固系), 田谐:    5.3553772695238431E-014   3.6681913680261861E-014  -1.7608905263552946E-014
 >>> 卫星在地固系坐标为:   -238046.18195614361       -17702.634368080686        43550.936665236870     
 >>> 地球非球形引力分量 (地固系), 带谐:    6.2518850868141719E-012   4.6493010261142442E-013  -3.8711574643267694E-012
 >>> 地球非球形引力分量 (地固系), 田谐:    5.3870778362255587E-014   3.6266439063056584E-014  -1.7664624980091995E-014
 >>> 卫星在地固系坐标为:   -238716.97037111997       -14235.413013745438        43626.178594704848     
 >>> 地球非球形引力分量 (地固系), 带谐:    6.2127071542592185E-012   3.7048246773925462E-013  -3.8426096894236733E-012
 >>> 地球非球形引力分量 (地固系), 田谐:    5.5388822889261734E-014   3.4157881089512204E-014  -1.7931812424699996E-014
 >>> 卫星在地固系坐标为:   -238830.91882810727       -13617.274924618347        43639.549525462724     
 >>> 地球非球形引力分量 (地固系), 带谐:    6.2056384001080905E-012   3.5382305017994838E-013  -3.8375632194217996E-012
 >>> 地球非球形引力分量 (地固系), 田谐:    5.5646959128097550E-014   3.3777838330394132E-014  -1.7977327894212996E-014
 >>> 卫星在地固系坐标为:   -238971.09351164050       -12843.877983886290        43656.260451676164     
 >>> 地球非球形引力分量 (地固系), 带谐:    6.1967591251403633E-012   3.3305458383802332E-013  -3.8312673945680675E-012
 >>> 地球非球形引力分量 (地固系), 田谐:    5.5964620539443127E-014   3.3300688338448531E-014  -1.8033380853898158E-014
 >>> 卫星在地固系坐标为:   -238971.09164539832       -12843.878213273745        43656.260103204710     
 >>> 地球非球形引力分量 (地固系), 带谐:    6.1967593172347204E-012   3.3305460271166956E-013  -3.8312675124296976E-012
 >>> 地球非球形引力分量 (地固系), 田谐:    5.5964622108329134E-014   3.3300689557591491E-014  -1.8033381374890614E-014
 >>> 卫星在地固系坐标为:   -239218.21552052620       -11443.285948867906        43686.476994399171     
 >>> 地球非球形引力分量 (地固系), 带谐:    6.1805779689895441E-012   2.9565524880504734E-013  -3.8199150744335135E-012
 >>> 地球非球形引力分量 (地固系), 田谐:    5.6524865701717552E-014   3.2432071483840351E-014  -1.8132363264644145E-014
 >>> 卫星在地固系坐标为:   -239338.65251045412       -10742.025296893198        43701.575670093094     
 >>> 地球非球形引力分量 (地固系), 带谐:    6.1724324274036237E-012   2.7703183160370421E-013  -3.8142575645019574E-012
 >>> 地球非球形引力分量 (地固系), 田谐:    5.6798154799830823E-014   3.1995089144996979E-014  -1.8180718901947039E-014
 >>> 卫星在地固系坐标为:   -239909.95187487517       -7226.3447080486230        43777.058452334895     
 >>> 地球非球形引力分量 (地固系), 带谐:    6.1311145070521334E-012   1.8467573573431358E-013  -3.7861258009054802E-012
 >>> 地球非球形引力分量 (地固系), 田谐:    5.8095475601802371E-014   2.9784826483304509E-014  -1.8411012232408929E-014
 >>> 卫星在地固系坐标为:   -240006.09124465298       -6599.7341624597429        43790.472191593981     
 >>> 地球非球形引力分量 (地固系), 带谐:    6.1236692631044447E-012   1.6838984804813978E-013  -3.7811528747182072E-012
 >>> 地球非球形引力分量 (地固系), 田谐:    5.8314020474361842E-014   2.9387724956294033E-014  -1.8449957531165248E-014
 >>> 卫星在地固系坐标为:   -240123.95308460141       -5815.8077121278802        43807.236623428194     
 >>> 地球非球形引力分量 (地固系), 带谐:    6.1143210506121544E-012   1.4808899763551483E-013  -3.7749488024810352E-012
 >>> 地球非球形引力分量 (地固系), 田谐:    5.8582052647434273E-014   2.8889687462484072E-014  -1.8497793678763615E-014
 >>> 卫星在地固系坐标为:   -240123.95122225204       -5815.8079960775567        43807.236274276474     
 >>> 地球非球形引力分量 (地固系), 带谐:    6.1143212400865615E-012   1.4808901060339955E-013  -3.7749489184119919E-012
 >>> 地球非球形引力分量 (地固系), 田谐:    5.8582054316109777E-014   2.8889688553394965E-014  -1.8497794216571998E-014
 >>> 卫星在地固系坐标为:   -240330.56241257238       -4396.4774402746652        43837.547133164524     
 >>> 地球非球形引力分量 (地固系), 带谐:    6.0972982284559885E-012   1.1154067896705887E-013  -3.7637629595176074E-012
 >>> 地球非球形引力分量 (地固系), 田谐:    5.9052126805787772E-014   2.7984617422147617E-014  -1.8581898877918032E-014
 >>> 卫星在地固系坐标为:   -240430.67396766823       -3685.9327727809673        43852.692776812117     
 >>> 地球非球形引力分量 (地固系), 带谐:    6.0887340946753378E-012   9.3343599524787166E-014  -3.7581884114894770E-012
 >>> 地球非球形引力分量 (地固系), 田谐:    5.9280156612328550E-014   2.7530003615717372E-014  -1.8622811761488993E-014
 >>> 卫星在地固系坐标为:   -240899.66250648085       -124.67712404334065        43928.410381597714     
 >>> 地球非球形引力分量 (地固系), 带谐:    6.0453463564996393E-012   3.1287565525501130E-015  -3.7304691958137931E-012
 >>> 地球非球形引力分量 (地固系), 田谐:    6.0349567532948368E-014   2.5237597167938265E-014  -1.8815856601866827E-014
 >>> 卫星在地固系坐标为:   -240977.49483087510        509.88649199510695        43941.865858278601     
 >>> 地球非球形引力分量 (地固系), 带谐:    6.0375371515397249E-012  -1.2774880246179301E-014  -3.7255691985013484E-012
 >>> 地球非球形引力分量 (地固系), 田谐:    6.0527335951122944E-014   2.4826943765698758E-014  -1.8848175518284070E-014
 >>> 卫星在地固系坐标为:   -241072.42297465462        1303.6903852935927        43958.682457413997     
 >>> 地球非球形引力分量 (地固系), 带谐:    6.0277356848891282E-012  -3.2597262517692590E-014  -3.7194561105389957E-012
 >>> 地球非球形引力分量 (地固系), 田谐:    6.0744296974381096E-014   2.4312414055992369E-014  -1.8887727469297399E-014
 >>> 卫星在地固系坐标为:   -241072.42111835058        1303.6900466388390        43958.682107678367     
 >>> 地球非球形引力分量 (地固系), 带谐:    6.0277358715643659E-012  -3.2597255310546079E-014  -3.7194562245393620E-012
 >>> 地球非球形引力分量 (地固系), 田谐:    6.0744298728551326E-014   2.4312415011711650E-014  -1.8887728021469794E-014
 >>> 卫星在地固系坐标为:   -241237.42286730272        2740.6919365006293        43989.087105449056     
 >>> 地球非球形引力分量 (地固系), 带谐:    6.0098982353022888E-012  -6.8278293794170935E-014  -3.7084343822405828E-012
 >>> 地球非球形引力分量 (地固系), 田谐:    6.1121753135317138E-014   2.3378795540841537E-014  -1.8956850323560184E-014
 >>> 卫星在地固系坐标为:   -241316.66232392838        3459.9834669193024        44004.279802741949     
 >>> 地球非球形引力分量 (地固系), 带谐:    6.0009290465731509E-012  -8.6040951699505120E-014  -3.7029416187365546E-012
 >>> 地球非球形引力分量 (地固系), 田谐:    6.1303352805353655E-014   2.2910516674105210E-014  -1.8990271579303043E-014
 >>> 卫星在地固系坐标为:   -241680.62383093708        7064.0918820154275        44080.232658632514     
 >>> 地球非球形引力分量 (地固系), 带谐:    5.9555393825629397E-012  -1.7407468061988945E-013  -3.6756290947180770E-012
 >>> 地球非球形引力分量 (地固系), 田谐:    6.2139532601457717E-014   2.0555927645410135E-014  -1.9145861107127809E-014
 >>> 卫星在地固系坐标为:   -241739.66928919882        7706.1182238521842        44093.729948975662     
 >>> 地球非球形引力分量 (地固系), 带谐:    5.9473783204044494E-012  -1.8958907569358509E-013  -3.6708009908089537E-012
 >>> 地球非球形引力分量 (地固系), 田谐:    6.2275671795047888E-014   2.0135291646460659E-014  -1.9171523402455007E-014
 >>> 卫星在地固系坐标为:   -241811.06528706694        8509.1839388856206        44110.598810742587     
 >>> 地球非球形引力分量 (地固系), 带谐:    5.9371387434670216E-012  -2.0892429210743467E-013  -3.6647775952030693E-012
 >>> 地球非球形引力分量 (地固系), 田谐:    6.2440535424894918E-014   1.9608739244103141E-014  -1.9202756130077646E-014
 >>> 卫星在地固系坐标为:   -241811.06343850208        8509.1835453749427        44110.598460429326     
 >>> 地球非球形引力分量 (地固系), 带谐:    5.9371389272185619E-012  -2.0892429050890654E-013  -3.6647777073029502E-012
 >>> 地球非球形引力分量 (地固系), 田谐:    6.2440537250227797E-014   1.9608740059229836E-014  -1.9202756694282139E-014
 >>> 卫星在地固系坐标为:   -241933.38688225782        9962.8463744374549        44141.100087202387     
 >>> 地球非球形引力分量 (地固系), 带谐:    5.9185126786133656E-012  -2.4372507383977554E-013  -3.6539168257264851E-012
 >>> 地球非球形引力分量 (地固系), 田谐:    6.2723652353633554E-014   1.8654602714527977E-014  -1.9256845333054608E-014
 >>> 卫星在地固系坐标为:   -241991.22117915971        10690.375996632823        44156.341081804560     
 >>> 地球非球形引力分量 (地固系), 带谐:    5.9091514505790508E-012  -2.6104686988198313E-013  -3.6485042753515389E-012
 >>> 地球非球形引力分量 (地固系), 田谐:    6.2858014235684755E-014   1.8176683342555858E-014  -1.9282752869869989E-014
 >>> 卫星在地固系坐标为:   -242247.50407178805        14334.757651149506        44232.535405623756     
 >>> 地球非球形引力分量 (地固系), 带谐:    5.8618250542893069E-012  -3.4686772880752782E-013  -3.6215906388424839E-012
 >>> 地球非球形引力分量 (地固系), 田谐:    6.3457459663493071E-014   1.5780116145496046E-014  -1.9400812819405316E-014
 >>> 卫星在地固系坐标为:   -242287.29373547932        14983.781923382194        44246.075614085348     
 >>> 地球非球形引力分量 (地固系), 带谐:    5.8533237438142332E-012  -3.6198731329270855E-013  -3.6168330505845443E-012
 >>> 地球非球形引力分量 (地固系), 田谐:    6.3551440266766780E-014   1.5353101777101696E-014  -1.9419811583023792E-014
 >>> 卫星在地固系坐标为:   -242334.57249930917        15795.525809145567        44262.998118639807     
 >>> 地球非球形引力分量 (地固系), 带谐:    5.8426605755209279E-012  -3.8082843468395823E-013  -3.6108976292853991E-012
 >>> 地球非球形引力分量 (地固系), 田谐:    6.3663584520964110E-014   1.4819036399583602E-014  -1.9442719115561872E-014
 >>> 卫星在地固系坐标为:   -242334.57065978061        15795.525360574513        44262.997767675115     
 >>> 地球非球形引力分量 (地固系), 带谐:    5.8426607562703761E-012  -3.8082843854114156E-013  -3.6108977395395170E-012
 >>> 地球非球形引力分量 (地固系), 田谐:    6.3663586403231251E-014   1.4819037070136538E-014  -1.9442719689591712E-014
 >>> 卫星在地固系坐标为:   -242413.14228937545        17264.541057999562        44293.593381670828     
 >>> 地球非球形引力分量 (地固系), 带谐:    5.8232753401049726E-012  -4.1473071654368403E-013  -3.6001965434091141E-012
 >>> 地球非球形引力分量 (地固系), 田谐:    6.3851306652539713E-014   1.3852708549567253E-014  -1.9481763009501114E-014
 >>> 卫星在地固系坐标为:   -242449.03732012716        17999.650904523834        44308.881354605597     
 >>> 地球非球形引力分量 (地固系), 带谐:    5.8135368201197241E-012  -4.3160259343320450E-013  -3.5948635689451990E-012
 >>> 地球非球形引力分量 (地固系), 田谐:    6.3937959358083969E-014   1.3369316968205771E-014  -1.9500154974142259E-014
 >>> 卫星在地固系坐标为:   -242594.99745071121        21680.978381419089        44385.310553519135     
 >>> 地球非球形引力分量 (地固系), 带谐:    5.7643477090997942E-012  -5.1516601486956543E-013  -3.5683456358856683E-012
 >>> 地球非球形引力分量 (地固系), 田谐:    6.4298881840832596E-014   1.0951649549261594E-014  -1.9580716404326556E-014
 >>> 卫星在地固系坐标为:   -242615.06593767408        22336.402410193659        44398.892509075202     
 >>> 地球非球形引力分量 (地固系), 带谐:    5.7555193556210854E-012  -5.2988298937641617E-013  -3.5636579976903019E-012
 >>> 地球非球形引力分量 (地固系), 田谐:    6.4350484944055025E-014   1.0521972757639702E-014  -1.9593064159307032E-014
 >>> 卫星在地固系坐标为:   -242637.64776002115        23156.073956202807        44415.867193207610     
 >>> 地球非球形引力分量 (地固系), 带谐:    5.7444491218238887E-012  -5.4822031919036537E-013  -3.5578098439135017E-012
 >>> 地球非球形引力分量 (地固系), 田谐:    6.4409678229863928E-014   9.9850402783503106E-015  -1.9607665116698221E-014
 >>> 卫星在地固系坐标为:   -242637.64593177848        23156.073452644192        44415.866841695221     
 >>> 地球非球形引力分量 (地固系), 带谐:    5.7444492994062425E-012  -5.4822032834691215E-013  -3.5578099523202325E-012
 >>> 地球非球形引力分量 (地固系), 田谐:    6.4409680153671803E-014   9.9850408012977946E-015  -1.9607665698058038E-014
 >>> 卫星在地固系坐标为:   -242671.43466775399        24639.209394962298        44446.556574409660     
 >>> 地球非球形引力分量 (地固系), 带谐:    5.7243329602125433E-012  -5.8120989248802959E-013  -3.5472661744060059E-012
 >>> 地球非球形引力分量 (地固系), 田谐:    6.4501731916240725E-014   9.0148357813250713E-015  -1.9631710768206017E-014
 >>> 卫星在地固系坐标为:   -242684.87712042121        25381.279468895107        44461.891591546009     
 >>> 地球非球形引力分量 (地固系), 带谐:    5.7142312849495444E-012  -5.9762480016932118E-013  -3.5420116459552846E-012
 >>> 地球非球形引力分量 (地固系), 田谐:    6.4540594288510366E-014   8.5301290600583250E-015  -1.9642614476337175E-014
 >>> 卫星在地固系坐标为:   -242717.97015808016        29096.416224782708        44538.555995026909     
 >>> 地球非球形引力分量 (地固系), 带谐:    5.6632503094368427E-012  -6.7889611997489863E-013  -3.5158837962913991E-012
 >>> 地球非球形引力分量 (地固系), 田谐:    6.4663147873669442E-014   6.1121309309492285E-015  -1.9685852304388668E-014
 >>> 卫星在地固系坐标为:   -242717.86910069789        29757.676025394358        44552.179756315069     
 >>> 地球非球形引力分量 (地固系), 带谐:    5.6541075360339163E-012  -6.9320442245739093E-013  -3.5112651144571528E-012
 >>> 地球非球形引力分量 (地固系), 田谐:    6.4672498258165051E-014   5.6834793236530412E-015  -1.9691586799290282E-014
 >>> 卫星在地固系坐标为:   -242715.19522993520        30584.567555194597        44569.206693359367     
 >>> 地球非球形引力分量 (地固系), 带谐:    5.6426460268545310E-012  -7.1103042574195576E-013  -3.5055029884010574E-012
 >>> 地球非球形引力分量 (地固系), 田谐:    6.4678937810109490E-014   5.1482863743869152E-015  -1.9697931182761648E-014
 >>> 卫星在地固系坐标为:   -242715.19341473919        30584.566996669528        44569.206341306817     
 >>> 地球非球形引力分量 (地固系), 带谐:    5.6426462011604773E-012  -7.1103044003925717E-013  -3.5055030949891488E-012
 >>> 地球非球形引力分量 (地固系), 田谐:    6.4678939760472910E-014   5.1482867482398498E-015  -1.9697931769121113E-014
 >>> 卫星在地固系坐标为:   -242703.19320283772        32080.650032903432        44599.992673236280     
 >>> 地球非球形引力分量 (地固系), 带谐:    5.6218259392447511E-012  -7.4309624081493467E-013  -3.4951137060247370E-012
 >>> 地球非球形引力分量 (地固系), 田谐:    6.4675796555428174E-014   4.1824514212475256E-015  -1.9707077766811010E-014
 >>> 卫星在地固系坐标为:   -242693.68191496682        32829.090154281956        44615.375973437316     
 >>> 地球非球形引力分量 (地固系), 带谐:    5.6113746157623183E-012  -7.5904869750525613E-013  -3.4899361152321095E-012
 >>> 地球非球形引力分量 (地固系), 田谐:    6.4667160067878929E-014   3.7005475451923371E-015  -1.9710546422663685E-014
 >>> 卫星在地固系坐标为:   -242611.42071286513        36575.049316982746        44692.281774317387     
 >>> 地球非球形引力分量 (地固系), 带谐:    5.5586693967949981E-012  -8.3800097591118410E-013  -3.4641908579492409E-012
 >>> 地球非球形引力分量 (地固系), 田谐:    6.4553351270456843E-014   1.3027444565239548E-015  -1.9716763292467034E-014
 >>> 卫星在地固系坐标为:   -242590.71128200117        37241.607626341924        44705.948441534587     
 >>> 地球非球形引力分量 (地固系), 带谐:    5.5492242388380055E-012  -8.5189589758511112E-013  -3.4596398100113987E-012
 >>> 地球非球形引力分量 (地固系), 田谐:    6.4520901027134677E-014   8.7875392323178821E-016  -1.9715944682600693E-014
 >>> 卫星在地固系坐标为:   -242562.23462366898        38075.044896784959        44723.029006325938     
 >>> 地球非球形引力分量 (地固系), 带谐:    5.5373865041736728E-012  -8.6920472217933024E-013  -3.4539620625718059E-012
 >>> 地球非球形引力分量 (地固系), 田谐:    6.4475192289256060E-014   3.4983896293777429E-016  -1.9714110372618342E-014
 >>> 卫星在地固系坐标为:   -242562.23282288620        38075.044283227682        44723.028653660040     
 >>> 地球非球形引力分量 (地固系), 带谐:    5.5373866751380485E-012  -8.6920474146189229E-013  -3.4539621673934826E-012
 >>> 地球非球形引力分量 (地固系), 田谐:    6.4475194251666219E-014   3.4983918756874640E-016  -1.9714110961800484E-014
 >>> 卫星在地固系坐标为:   -242503.45696330952        39582.733233128107        44753.911704770966     
 >>> 地球非球形引力分量 (地固系), 带谐:    5.5158912867908818E-012  -9.0033377701915759E-013  -3.4437250041774344E-012
 >>> 地球非球形引力分量 (地固系), 田谐:    6.4378059783637789E-014  -6.0336473212695867E-016  -1.9708504817141648E-014
 >>> 卫星在地固系坐标为:   -242470.50115064281        40336.869113096604        44769.343348155882     
 >>> 地球非球形引力分量 (地固系), 带谐:    5.5051047261212606E-012  -9.1581733752214900E-013  -3.4386232729386429E-012
 >>> 地球非球形引力分量 (地固系), 田谐:    6.4322581823521390E-014  -1.0783449951495053E-015  -1.9704615666373740E-014
 >>> 卫星在地固系坐标为:   -242270.45738819632        44110.242530850242        44846.490847174784     
 >>> 地球非球形引力分量 (地固系), 带谐:    5.4507474680475661E-012  -9.9241894939234226E-013  -3.4132552452022155E-012
 >>> 地球非球形引力分量 (地固系), 田谐:    6.3976253701216838E-014  -3.4354639062823913E-015  -1.9674236052246397E-014
 >>> 卫星在地固系坐标为:   -242228.71243220838        44781.487057613536        44860.200473858691     
 >>> 地球非球形引力分量 (地固系), 带谐:    5.4410127863400929E-012  -1.0058949710183093E-012  -3.4087708828660808E-012
 >>> 地球非球形引力分量 (地固系), 田谐:    6.3902782436965948E-014  -3.8511728239288272E-015  -1.9666946425781931E-014
 >>> 卫星在地固系坐标为:   -242173.90100610349        45620.702006482963        44877.334733360469     
 >>> 地球非球形引力分量 (地固系), 带谐:    5.4288149121718110E-012  -1.0226797616407854E-012  -3.4031763308617859E-012
 >>> 地球非球形引力分量 (地固系), 田谐:    6.3805940598361126E-014  -4.3692943024377092E-015  -1.9657038832553154E-014
 >>> 卫星在地固系坐标为:   -242173.89922154113        45620.701338004896        44877.334380089596     
 >>> 地球非球形引力分量 (地固系), 带谐:    5.4288150796934998E-012  -1.0226797857492841E-012  -3.4031764339437813E-012
 >>> 地球非球形引力分量 (地固系), 田谐:    6.3805942557996994E-014  -4.3692942259619154E-015  -1.9657039422270630E-014
 >>> 卫星在地固系坐标为:   -242067.38301323674        47138.723353061192        44908.316795569132     
 >>> 地球非球形引力分量 (地固系), 带谐:    5.4066718822039381E-012  -1.0528622524169215E-012  -3.3930885394574005E-012
 >>> 地球非球形引力分量 (地固系), 田谐:    6.3616752442580354E-014  -5.3018079163134744E-015  -1.9636878130071756E-014
 >>> 卫星在地固系坐标为:   -242010.50248108353        47897.914929966137        44923.798103253153     
 >>> 地球非球形引力分量 (地固系), 带谐:    5.3955637486011611E-012  -1.0678720583620459E-012  -3.3880611954221013E-012
 >>> 地球非球形引力分量 (地固系), 田谐:    6.3515454501335609E-014  -5.7658499577568397E-015  -1.9625733253611324E-014
 >>> 卫星在地固系坐标为:   -241690.29677869630        51695.465959854417        45001.193904403379     
 >>> 地球非球形引力分量 (地固系), 带谐:    5.3396228432975686E-012  -1.1420991848377815E-012  -3.3630630853487966E-012
 >>> 地球非球形引力分量 (地固系), 田谐:    6.2942250898995524E-014  -8.0623731512545566E-015  -1.9559303777185814E-014
 >>> 卫星在地固系坐标为:   -241627.09714105833        52370.814976697380        45014.947663795552     
 >>> 地球非球形引力分量 (地固系), 带谐:    5.3296108076917902E-012  -1.1551521530902210E-012  -3.3586441178282608E-012
 >>> 地球非球形引力分量 (地固系), 田谐:    6.2828854770456869E-014  -8.4662906777868898E-015  -1.9545646583010294E-014
 >>> 卫星在地固系坐标为:   -241545.42866138121        53215.077765700007        45032.137084120921     
 >>> 地球非球形引力分量 (地固系), 带谐:    5.3170680109089635E-012  -1.1714077523805962E-012  -3.3531311516813001E-012
 >>> 地球非球形引力分量 (地固系), 田谐:    6.2682289116628669E-014  -8.9692450269741793E-015  -1.9527797665987333E-014
 >>> 卫星在地固系坐标为:   -241545.42689443065        53215.077042292425        45032.136730166880     
 >>> 地球非球形引力分量 (地固系), 带谐:    5.3170681749319473E-012  -1.1714077811615507E-012  -3.3531312530746649E-012
 >>> 地球非球形引力分量 (地固系), 田谐:    6.2682291059396457E-014  -8.9692450963169698E-015  -1.9527798254129173E-014
 >>> 卫星在地固系坐标为:   -241390.25135781584        54741.840009386273        45063.215758038816     
 >>> 地球非球形引力分量 (地固系), 带谐:    5.2943085831960830E-012  -1.2006292374750312E-012  -3.3431914781594552E-012
 >>> 地球非球形引力分量 (地固系), 田谐:    6.2403740570471983E-014  -9.8730384815791578E-015  -1.9493332067187621E-014
 >>> 卫星在地固系坐标为:   -241308.99021521790        55505.287521146973        45078.745356010295     
 >>> 地球非球形引力分量 (地固系), 带谐:    5.2828946016139398E-012  -1.2151581403783304E-012  -3.3382379470258884E-012
 >>> 地球非球形引力分量 (地固系), 田谐:    6.2258025120411691E-014  -1.0322147767721574E-014  -1.9475060511652039E-014
 >>> 卫星在地固系坐标为:   -240866.37896981995        59322.980655880710        45156.382591350019     
 >>> 地球非球形引力分量 (地固系), 带谐:    5.2254488723719526E-012  -1.2869758066685427E-012  -3.3136068840887086E-012
 >>> 地球非球形引力分量 (地固系), 田谐:    6.1465504731815499E-014  -1.2538322055532171E-014  -1.9373265952823855E-014
 >>> 卫星在地固系坐标为:   -240781.33213144497        60001.710376928866        45170.179263552629     
 >>> 地球非球形引力分量 (地固系), 带谐:    5.2151735283778162E-012  -1.2995996360894210E-012  -3.3092528013360617E-012
 >>> 地球非球形引力分量 (地固系), 田谐:    6.1313621795155969E-014  -1.2926976740256306E-014  -1.9353369767249234E-014
 >>> 卫星在地固系坐标为:   -240672.31867746435        60850.113573888142        45187.422320418664     
 >>> 地球非球形引力分量 (地固系), 带谐:    5.2023033791666425E-012  -1.3153184928273758E-012  -3.3038207836029684E-012
 >>> 地球非球形引力分量 (地固系), 田谐:    6.1119169507665668E-014  -1.3410442554478500E-014  -1.9327743129235833E-014
 >>> 卫星在地固系坐标为:   -240672.31693045754        60850.112795978137        45187.421965888600     
 >>> 地球非球形引力分量 (地固系), 带谐:    5.2023035395538517E-012  -1.3153185261113293E-012  -3.3038208833051180E-012
 >>> 地球非球形引力分量 (地固系), 田谐:    6.1119171418820391E-014  -1.3410442766013290E-014  -1.9327743713423049E-014
 >>> 卫星在地固系坐标为:   -240467.58360188978        62384.214374383904        45218.599862878065     
 >>> 地球非球形引力分量 (地固系), 带谐:    5.1789557065972144E-012  -1.3435702151467058E-012  -3.2940264680960164E-012
 >>> 地球非球形引力分量 (地固系), 田谐:    6.0754651210601182E-014  -1.4277899975467489E-014  -1.9279271394659225E-014
 >>> 卫星在地固系坐标为:   -240361.49523014750        63151.213050929044        45234.178878271989     
 >>> 地球非球形引力分量 (地固系), 带谐:    5.1672499578316101E-012  -1.3576138834632259E-012  -3.2891453755360927E-012
 >>> 地球非球形引力分量 (地固系), 田谐:    6.0566264546694736E-014  -1.4708293333540235E-014  -1.9254026064608479E-014
 >>> 卫星在地固系坐标为:   -239794.27150708495        66985.488508741459        45312.063182160113     
 >>> 地球非球形引力分量 (地固系), 带谐:    5.1083698642945961E-012  -1.4270009399828242E-012  -3.2648745334218039E-012
 >>> 地球非球形引力分量 (地固系), 田谐:    5.9563665377189428E-014  -1.6825463974803567E-014  -1.9117666459770715E-014
 >>> 卫星在地固系坐标为:   -239686.98977039877        67666.959824684978        45325.903768171294     
 >>> 地球非球形引力分量 (地固系), 带谐:    5.0978437468118591E-012  -1.4391919575546421E-012  -3.2605841301496999E-012
 >>> 地球非球形引力分量 (地固系), 田谐:    5.9375025180105630E-014  -1.7195586724520281E-014  -1.9091679648814411E-014
 >>> 卫星在地固系坐标为:   -239550.14871741721        68518.701912417688        45343.201712461283     
 >>> 地球非球形引力分量 (地固系), 带谐:    5.0846619171757783E-012  -1.4543695175884412E-012  -3.2552315577720708E-012
 >>> 地球非球形引力分量 (地固系), 田谐:    5.9134884758767718E-014  -1.7655498495627660E-014  -1.9058463333742896E-014
 >>> 卫星在地固系坐标为:   -239550.14699184400        68518.701080133877        45343.201357290440     
 >>> 地球非球形引力分量 (地固系), 带谐:    5.0846620738743258E-012  -1.4543695552194775E-012  -3.2552316558289715E-012
 >>> 地球非球形引力分量 (地固系), 田谐:    5.9134886624984443E-014  -1.7655498844557253E-014  -1.9058463911929327E-014
 >>> 卫星在地固系坐标为:   -239295.02180096498        70058.454060372605        45374.475701111805     
 >>> 地球非球形引力分量 (地固系), 带谐:    5.0607578764333428E-012  -1.4816391520742639E-012  -3.2455813555782213E-012
 >>> 地球非球形引力分量 (地固系), 田谐:    5.8688532883586603E-014  -1.8479200598821858E-014  -1.8996340653917902E-014
 >>> 卫星在地固系坐标为:   -239163.69308439645        70828.156727300433        45390.102924543600     
 >>> 地球非球形引力分量 (地固系), 带谐:    5.0487763116971410E-012  -1.4951914953068487E-012  -3.2407720799013894E-012
 >>> 地球非球形引力分量 (地固系), 田谐:    5.8459593758845646E-014  -1.8887198914029451E-014  -1.8964302906033158E-014
 >>> 卫星在地固系坐标为:   -238469.83036611855        74674.743266624049        45468.228251940076     
 >>> 地球非球形引力分量 (地固系), 带谐:    4.9885417580620200E-012  -1.5621182540625550E-012  -3.2168583545585733E-012
 >>> 地球非球形引力分量 (地固系), 田谐:    5.7258011314180856E-014  -2.0887289581138820E-014  -1.8794322869193362E-014
 >>> 卫星在地固系坐标为:   -238339.96036570551        75358.190718430153        45482.111678037581     
 >>> 地球非球形引力分量 (地固系), 带谐:    4.9777790961742478E-012  -1.5738713135142775E-012  -3.2126310798189317E-012
 >>> 地球非球形引力分量 (地固系), 田谐:    5.7034672538195054E-014  -2.1235724272804152E-014  -1.8762419891316816E-014
 >>> 卫星在地固系坐标为:   -238174.85297010097        76212.312287401495        45499.463168122958     
 >>> 地球非球形引力分量 (地固系), 带谐:    4.9643033820924470E-012  -1.5885011995490878E-012  -3.2073572644914674E-012
 >>> 地球非球形引力分量 (地固系), 田谐:    5.6751453330150073E-014  -2.1668161995872680E-014  -1.8721834717743677E-014
 >>> 卫星在地固系坐标为:   -238174.85126823999        76212.311401309256        45499.462812406804     
 >>> 地球非球形引力分量 (地固系), 带谐:    4.9643035349837955E-012  -1.5885012413535877E-012  -3.2073573609043915E-012
 >>> 地球非球形引力分量 (地固系), 田谐:    5.6751455137858543E-014  -2.1668162476073682E-014  -1.8721835287678623E-014
 >>> 卫星在地固系坐标为:   -237868.51040718795        77756.210835995473        45530.835995272377     
 >>> 地球非球形引力分量 (地固系), 带谐:    4.9398715030157992E-012  -1.6147815843034573E-012  -3.1978484436702084E-012
 >>> 地球非球形引力分量 (地固系), 田谐:    5.6228019029547941E-014  -2.2441220053246200E-014  -1.8646458685090470E-014
 >>> 卫星在地固系坐标为:   -237711.53240120428        78527.861487678834        45546.512621536669     
 >>> 地球非球形引力分量 (地固系), 带谐:    4.9276283889440949E-012  -1.6278390689798758E-012  -3.1931096245099909E-012
 >>> 地球非球形引力分量 (地固系), 田谐:    5.5960949149726679E-014  -2.2823413113789328E-014  -1.8607830681726509E-014
 >>> 卫星在地固系坐标为:   -236889.01559128932        82382.943846080409        45624.884945008969     
 >>> 地球非球形引力分量 (地固系), 带谐:    4.8661107350656456E-012  -1.6922883757826012E-012  -3.1695462595038442E-012
 >>> 地球非球形引力分量 (地固系), 田谐:    5.4572947344705944E-014  -2.4689727142659075E-014  -1.8405274849439474E-014
 >>> 卫星在地固系坐标为:   -236736.20433485435        83067.683053001005        45638.812272271316     
 >>> 地球非球形引力分量 (地固系), 带谐:    4.8551242186369055E-012  -1.7036005156449231E-012  -3.1653809204407131E-012
 >>> 地球非球形引力分量 (地固系), 田谐:    5.4317221547988051E-014  -2.5013568867445238E-014  -1.8367647250170332E-014
 >>> 卫星在地固系坐标为:   -236542.39161826743        83923.326029019488        45656.218634111086     
 >>> 地球非球形引力分量 (地固系), 带谐:    4.8413704838717292E-012  -1.7176790627911337E-012  -3.1601843746476567E-012
 >>> 地球非球形引力分量 (地固系), 田谐:    5.3993845491834877E-014  -2.5414928988797637E-014  -1.8319935102181163E-014
 >>> 卫星在地固系坐标为:   -236542.38994161086        83923.325089350270        45656.218277780354     
 >>> 地球非球形引力分量 (地固系), 带谐:    4.8413706329142815E-012  -1.7176791086130160E-012  -3.1601844694625437E-012
 >>> 地球非球形引力分量 (地固系), 田谐:    5.3993847229020761E-014  -2.5414929593221471E-014  -1.8319935661943892E-014
 >>> 卫星在地固系坐标为:   -236184.09557216609        85469.573345533019        45687.687840593077     
 >>> 地球非球形引力分量 (地固系), 带谐:    4.8164432531825236E-012  -1.7429596556669870E-012  -3.1508157199004554E-012
 >>> 地球非球形引力分量 (地固系), 田谐:    5.3398786704851929E-014  -2.6130789160541403E-014  -1.8231762165296604E-014
 >>> 卫星在地固系坐标为:   -236001.10368794427        86242.269759941162        45703.412641916744     
 >>> 地球非球形引力分量 (地固系), 带谐:    4.8039548421505398E-012  -1.7555170841876291E-012  -3.1461467502641905E-012
 >>> 地球非球形引力分量 (地固系), 田谐:    5.3096359753638065E-014  -2.6483939915607798E-014  -1.8186775691194784E-014
 >>> 卫星在地固系坐标为:   -235048.15300423122        90101.303088029221        45782.025824499731     
 >>> 地球非球形引力分量 (地固系), 带谐:    4.7412354565262469E-012  -1.8174637299638429E-012  -3.1229307150456923E-012
 >>> 地球非球形引力分量 (地固系), 田谐:    5.1536246429947408E-014  -2.8200703752357669E-014  -1.7952838684677149E-014
 >>> 卫星在地固系坐标为:   -234872.09171036558        90786.520228730747        45795.995962871639     
 >>> 地球非球形引力分量 (地固系), 带谐:    4.7300395679156113E-012  -1.8283306023638391E-012  -3.1188267737775342E-012
 >>> 地球非球形引力分量 (地固系), 田谐:    5.1250752168790756E-014  -2.8497221641340742E-014  -1.7909704984789972E-014
 >>> 卫星在地固系坐标为:   -234649.19095677734        91642.664895590991        45813.455834426088     
 >>> 地球非球形引力分量 (地固系), 带谐:    4.7160259218966875E-012  -1.8418524327190561E-012  -3.1137068255465449E-012
 >>> 地球非球形引力分量 (地固系), 田谐:    5.0890523542782377E-014  -2.8864122370675041E-014  -1.7855141590403737E-014
 >>> 卫星在地固系坐标为:   -234649.18930760320        91642.663903075430        45813.455477577154     
 >>> 地球非球形引力分量 (地固系), 带谐:    4.7160260669845239E-012  -1.8418524823806039E-012  -3.1137069187647654E-012
 >>> 地球非球形引力分量 (地固系), 田谐:    5.0890525197428476E-014  -2.8864123090957990E-014  -1.7855142137884698E-014
 >>> 卫星在地固系坐标为:   -234238.16983166183        93189.775363577719        45845.026397409223     
 >>> 地球非球形引力分量 (地固系), 带谐:    4.6906301813993260E-012  -1.8661295604911947E-012  -3.1044749212428213E-012
 >>> 地球非球形引力分量 (地固系), 田谐:    5.0229756102892653E-014  -2.9516924489341257E-014  -1.7754655781429745E-014
 >>> 卫星在地固系坐标为:   -234028.78098458340        93962.771201928015        45860.801859382402     
 >>> 地球非球形引力分量 (地固系), 带谐:    4.6779098899789215E-012  -1.8781851311026616E-012  -3.0998741012570453E-012
 >>> 地球非球形引力分量 (地固系), 田谐:    4.9894968785018008E-014  -2.9838144699594751E-014  -1.7703555867006924E-014
 >>> 卫星在地固系坐标为:   -232943.50821483953        97821.988665901183        45939.668325870742     
 >>> 地球非球形引力分量 (地固系), 带谐:    4.6140558142361332E-012  -1.9376204944409322E-012  -3.0769969614142553E-012
 >>> 地球非球形引力分量 (地固系), 田谐:    4.8178107096738407E-014  -3.1391347129544873E-014  -1.7439493039195102E-014
 >>> 卫星在地固系坐标为:   -232743.86602758276        98507.007972465697        45953.683482608292     
 >>> 地球非球形引力分量 (地固系), 带谐:    4.6026624643925035E-012  -1.9480406328764358E-012  -3.0729529303061825E-012
 >>> 地球非球形引力分量 (地固系), 田谐:    4.7865640110293128E-014  -3.1658126573432443E-014  -1.7391081608780426E-014
 >>> 卫星在地固系坐标为:   -232491.46575037329        99362.807022230743        45971.199622071785     
 >>> 地球非球形引力分量 (地固系), 带谐:    4.5884037926255951E-012  -1.9610039410059352E-012  -3.0679077251598110E-012
 >>> 地球非球形引力分量 (地固系), 田谐:    4.7472080254844371E-014  -3.1987582578226831E-014  -1.7329954610480379E-014
 >>> 卫星在地固系坐标为:   -232491.46412979538        99362.805976956719        45971.199264547686     
 >>> 地球非球形引力分量 (地固系), 带谐:    4.5884039337606375E-012  -1.9610039943644287E-012  -3.0679078168483782E-012
 >>> 地球非球形引力分量 (地固系), 田谐:    4.7472081816999488E-014  -3.1987583405558419E-014  -1.7329955144035767E-014
 >>> 卫星在地固系坐标为:   -232027.07699870548        100908.87518766661        46002.869058829696     
 >>> 地球非球形引力分量 (地固系), 带谐:    4.5625724441045087E-012  -1.9842686433506089E-012  -3.0588114209023435E-012
 >>> 地球非球形引力分量 (地固系), 田谐:    4.6752199782429933E-014  -3.2571866150123687E-014  -1.7217705557538424E-014
 >>> 卫星在地固系坐标为:   -231790.97465207969        101681.21446321595        46018.693941960148     
 >>> 地球非球形引力分量 (地固系), 带谐:    4.5496367291708572E-012  -1.9958179505605505E-012  -3.0542781759086647E-012
 >>> 地球非球形引力分量 (地固系), 田谐:    4.6388387053478085E-014  -3.2858473544091113E-014  -1.7160770327596980E-014
 >>> 卫星在地固系坐标为:   -230571.84433195755        105535.80386076863        46097.807496811562     
 >>> 地球非球形引力分量 (地固系), 带谐:    4.4847303213911788E-012  -2.0527207948485039E-012  -3.0317370617403207E-012
 >>> 地球非球形引力分量 (地固系), 田谐:    4.4531812924901656E-014  -3.4235194507669803E-014  -1.6868005378376913E-014
 >>> 卫星在地固系坐标为:   -230348.35661100902        106219.76425386294        46111.866571454884     
 >>> 地球非球形引力分量 (地固系), 带谐:    4.4731541629099259E-012  -2.0626905598369262E-012  -3.0277524313535392E-012
 >>> 地球非球形引力分量 (地固系), 田谐:    4.4195462815327807E-014  -3.4470025509366766E-014  -1.6814574995677017E-014
 >>> 卫星在地固系坐标为:   -230066.12957515559        107074.13900193473        46129.437603787126     
 >>> 地球非球形引力分量 (地固系), 带谐:    4.4586687853049746E-012  -2.0750908539337058E-012  -3.0227813328073863E-012
 >>> 地球非球形引力分量 (地固系), 田谐:    4.3772458770363100E-014  -3.4759311717274030E-014  -1.6747210240000604E-014
 >>> 卫星在地固系坐标为:   -230066.12798545879        107074.13790477389        46129.437245685192     
 >>> 地球非球形引力分量 (地固系), 带谐:    4.4586689223916239E-012  -2.0750909108100635E-012  -3.0227814229668003E-012
 >>> 地球非球形引力分量 (地固系), 田谐:    4.3772460229897624E-014  -3.4759312641435385E-014  -1.6747210757684058E-014
 >>> 卫星在地固系坐标为:   -229547.68034378934        108617.56456330199        46161.210751017847     
 >>> 地球非球形引力分量 (地固系), 带谐:    4.4324289735250014E-012  -2.0973404718490686E-012  -3.0138173869577313E-012
 >>> 地球非球形引力分量 (地固系), 田谐:    4.3000393632493917E-014  -3.5270385121586523E-014  -1.6623767108937668E-014
 >>> 卫星在地固系坐标为:   -229284.52120508550        109388.44364586385        46177.087470764811     
 >>> 地球非球形引力分量 (地固系), 带谐:    4.4192914024107353E-012  -2.1083822230409463E-012  -3.0093501036110496E-012
 >>> 地球非球形引力分量 (地固系), 田谐:    4.2611050587742251E-014  -3.5520082903227038E-014  -1.6561283929630272E-014
 >>> 卫星在地固系坐标为:   -227929.84830966376        113234.35215580047        46256.460188231264     
 >>> 地球非球形引力分量 (地固系), 带谐:    4.3534004498109204E-012  -2.1627464909263912E-012  -2.9871370095387152E-012
 >>> 地球非球形引力分量 (地固系), 田谐:    4.0632538032212438E-014  -3.6709338519259955E-014  -1.6241281468376871E-014
 >>> 卫星在地固系坐标为:   -227682.22106102694        113916.52711571650        46270.565325774507     
 >>> 地球非球形引力分量 (地固系), 带谐:    4.3416535247518727E-012  -2.1722648750289395E-012  -2.9832103677822683E-012
 >>> 地球非球形引力分量 (地固系), 田谐:    4.0275514734139214E-014  -3.6910356587941664E-014  -1.6183097272824967E-014
 >>> 卫星在地固系坐标为:   -227369.80217020167        114768.56686320326        46288.193931373680     
 >>> 地球非球形引力分量 (地固系), 带谐:    4.3269564900291144E-012  -2.1841009250135169E-012  -2.9783116154912626E-012
 >>> 地球非球形引力分量 (地固系), 田谐:    3.9827099355999545E-014  -3.7157180250879136E-014  -1.6109828176119905E-014
 >>> 卫星在地固系坐标为:   -227369.80061256941        114768.56571433136        46288.193572542579     
 >>> 地球非球形引力分量 (地固系), 带谐:    4.3269566230718828E-012  -2.1841009852679344E-012  -2.9783117041841883E-012
 >>> 地球非球形引力分量 (地固系), 田谐:    3.9827100704850479E-014  -3.7157181261508607E-014  -1.6109828676434288E-014
 >>> 卫星在地固系坐标为:   -226796.85626398036        116307.07636676013        46320.062846541543     
 >>> 地球非球形引力分量 (地固系), 带谐:    4.3003460223475259E-012  -2.2053245422524922E-012  -2.9694804396772697E-012
 >>> 地球非球形引力分量 (地固系), 田谐:    3.9010515629347801E-014  -3.7590812541914360E-014  -1.5975850760533751E-014
 >>> 卫星在地固系坐标为:   -226506.42873782769        117075.35579718568        46335.987436949625     
 >>> 地球非球形引力分量 (地固系), 带谐:    4.2870255065277402E-012  -2.2158533834343427E-012  -2.9650793193024096E-012
 >>> 地球非球形引力分量 (地固系), 田谐:    3.8599504186776282E-014  -3.7801542051957832E-014  -1.5908152766446240E-014
 >>> 卫星在地固系坐标为:   -225015.22000759907        120906.85918367162        46415.599492863141     
 >>> 地球非球形引力分量 (地固系), 带谐:    4.2202446639146651E-012  -2.2676533937719410E-012  -2.9431952136195905E-012
 >>> 地球非球形引力分量 (地固系), 田谐:    3.6518638216332454E-014  -3.8793616986468016E-014  -1.5562610646799283E-014
 >>> 卫星在地固系坐标为:   -224743.28803526246        121586.22646708446        46429.747171845076     
 >>> 地球非球形引力分量 (地固系), 带谐:    4.2083438141515000E-012  -2.2767160190274326E-012  -2.9393267257921925E-012
 >>> 地球非球形引力分量 (地固系), 田谐:    3.6144469173222749E-014  -3.8959196631514689E-014  -1.5499979974669993E-014
 >>> 卫星在地固系坐标为:   -224400.47565209947        122434.65150791971        46447.428950444460     
 >>> 地球非球形引力分量 (地固系), 带谐:    4.1934561798260039E-012  -2.2879824318497408E-012  -2.9345005234480799E-012
 >>> 地球非球形引力分量 (地固系), 田谐:    3.5675070130002311E-014  -3.9161569435992854E-014  -1.5421192993513038E-014
 >>> 卫星在地固系坐标为:   -224400.47412958677        122434.65030897949        46447.428591166397     
 >>> 地球非球形引力分量 (地固系), 带谐:    4.1934563086745781E-012  -2.2879824952689881E-012  -2.9345006106299559E-012
 >>> 地球非球形引力分量 (地固系), 田谐:    3.5675071359630551E-014  -3.9161570520817470E-014  -1.5421193474458099E-014
 >>> 卫星在地固系坐标为:   -223772.45059901485        123966.55824381378        46479.398771061322     
 >>> 地球非球形引力分量 (地固系), 带谐:    4.1665022380637762E-012  -2.3081793178082462E-012  -2.9257988387168999E-012
 >>> 地球非球形引力分量 (地固系), 田谐:    3.4821691952822327E-014  -3.9514472616897814E-014  -1.5277332191294793E-014
 >>> 卫星在地固系坐标为:   -223454.46691774184        124731.39135861587        46495.373797712149     
 >>> 地球非球形引力分量 (地固系), 带谐:    4.1530123600435119E-012  -2.3181949197213702E-012  -2.9214622495209134E-012
 >>> 地球非球形引力分量 (地固系), 田谐:    3.4392895169536844E-014  -3.9684644578137822E-014  -1.5204747257126900E-014
 >>> 卫星在地固系坐标为:   -221825.31825088279        128544.22345232029        46575.238016730706     
 >>> 地球非球形引力分量 (地固系), 带谐:    4.0854094526413736E-012  -2.3674294247179074E-012  -2.8998990360273399E-012
 >>> 地球非球形引力分量 (地固系), 田谐:    3.2229288242594381E-014  -4.0472147396274565E-014  -1.4835328925907087E-014
 >>> 卫星在地固系坐标为:   -221528.83808394379        129220.01892282281        46589.430515446977     
 >>> 地球非球形引力分量 (地固系), 带谐:    4.0733667206466043E-012  -2.3760361372098081E-012  -2.8960872742161778E-012
 >>> 地球非球形引力分量 (地固系), 田谐:    3.1841492352883101E-014  -4.0601071954648918E-014  -1.4768551611581499E-014
 >>> 卫星在地固系坐标为:   -221155.33051233267        130063.87167278031        46607.168314014314     
 >>> 地球非球形引力分量 (地固系), 带谐:    4.0583035332812765E-012  -2.3867327490550902E-012  -2.8913318418200225E-012
 >>> 地球非球形引力分量 (地固系), 田谐:    3.1355521032287253E-014  -4.0757514661780659E-014  -1.4684623249239361E-014
 >>> 卫星在地固系坐标为:   -221155.32902607360        130063.87042404826        46607.167954127624     
 >>> 地球非球形引力分量 (地固系), 带谐:    4.0583036579537607E-012  -2.3867328155013997E-012  -2.8913319275551325E-012
 >>> 地球非球形引力分量 (地固系), 田谐:    3.1355522136980991E-014  -4.0757515809233895E-014  -1.4684623709531981E-014
 >>> 卫星在地固系坐标为:   -220471.72980826092        131587.30669309167        46639.241512644097     
 >>> 地球非球形引力分量 (地固系), 带谐:    4.0310355102081450E-012  -2.4059007766383816E-012  -2.8827572026295677E-012
 >>> 地球非球形引力分量 (地固系), 田谐:    3.0473424779809891E-014  -4.1027085274058714E-014  -1.4531574799710002E-014
 >>> 卫星在地固系坐标为:   -220125.94605119919        132347.75589211815        46655.268210563692     
 >>> 地球非球形引力分量 (地固系), 带谐:    4.0173909604768910E-012  -2.4154021263660169E-012  -2.8784839268070155E-012
 >>> 地球非球形引力分量 (地固系), 田谐:    3.0030897312373112E-014  -4.1155455783393142E-014  -1.4454453183833186E-014
 >>> 卫星在地固系坐标为:   -218357.68116264447        136137.19763463395        46735.390766384633     
 >>> 地球非球形引力分量 (地固系), 带谐:    3.9490393834540891E-012  -2.4620666062660780E-012  -2.8572355570743518E-012
 >>> 地球非球形引力分量 (地固系), 田谐:    2.7804973522052114E-014  -4.1732751943953969E-014  -1.4062933569745379E-014
 >>> 卫星在地固系坐标为:   -218036.45132601439        136808.57698350790        46749.629181656514     
 >>> 地球非球形引力分量 (地固系), 带谐:    3.9368678065695552E-012  -2.4702166959397008E-012  -2.8534794534095514E-012
 >>> 地球非球形引力分量 (地固系), 田谐:    2.7407205746046324E-014  -4.1824122151812830E-014  -1.3992329179325454E-014
 >>> 卫星在地固系坐标为:   -217631.99999679392        137646.79980078875        46767.424370821631     
 >>> 地球非球形引力分量 (地固系), 带谐:    3.9216453580778453E-012  -2.4803426587128083E-012  -2.8487934592991479E-012
 >>> 地球非球形引力分量 (地固系), 田谐:    2.6909240057387044E-014  -4.1933554345427715E-014  -1.3903660561685953E-014
 >>> 卫星在地固系坐标为:   -217631.99854833650        137646.79850287200        46767.424010255723     
 >>> 地球非球形引力分量 (地固系), 带谐:    3.9216454785606880E-012  -2.4803427280352382E-012  -2.8487935436278259E-012
 >>> 地球非球形引力分量 (地固系), 田谐:    2.6909241032245564E-014  -4.1933555543274667E-014  -1.3903661000010386E-014
 >>> 卫星在地固系坐标为:   -216892.55506021969        139159.47995899012        46799.595710195499     
 >>> 地球非球形引力分量 (地固系), 带谐:    3.8940992845746674E-012  -2.4984759444584373E-012  -2.8403455082178717E-012
 >>> 地球非球形引力分量 (地固系), 田谐:    2.6006942571169213E-014  -4.2117909101929203E-014  -1.3742192331653384E-014
 >>> 卫星在地固系坐标为:   -216518.84338410734        139914.40129125692        46815.671464297069     
 >>> 地球非球形引力分量 (地固系), 带谐:    3.8803180758510096E-012  -2.5074601910707707E-012  -2.8361353652278464E-012
 >>> 地球非球形引力分量 (地固系), 田谐:    2.5554954321856363E-014  -4.2203599144469457E-014  -1.3660920429809979E-014
 >>> 卫星在地固系坐标为:   -214610.88734857977        143674.70939562403        46896.039285248095     
 >>> 地球非球形引力分量 (地固系), 带谐:    3.8113078769877043E-012  -2.5515413426069370E-012  -2.8152009203898289E-012
 >>> 地球非球形引力分量 (地固系), 田谐:    2.3288162254595735E-014  -4.2566925347748088E-014  -1.3249255759917653E-014
 >>> 卫星在地固系坐标为:   -214264.81693198337        144340.64759388077        46910.321295124239     
 >>> 地球非球形引力分量 (地固系), 带谐:    3.7990234589387908E-012  -2.5592326082244307E-012  -2.8115003086750167E-012
 >>> 地球非球形引力分量 (地固系), 田谐:    2.2884250411945223E-014  -4.2620182543128787E-014  -1.3175176171983256E-014
 >>> 卫星在地固系坐标为:   -213829.31303198589        145171.95753490925        46928.170973494394     
 >>> 地球非球形引力分量 (地固系), 带谐:    3.7836617513168597E-012  -2.5687852394983218E-012  -2.8068835438877563E-012
 >>> 地球非球形引力分量 (地固系), 田谐:    2.2379080296522458E-014  -4.2681952829264843E-014  -1.3082208839761063E-014
 >>> 卫星在地固系坐标为:   -213829.31162390095        145171.95618943722        46928.170612438931     
 >>> 地球非球形引力分量 (地固系), 带谐:    3.7836618675158826E-012  -2.5687853114954490E-012  -2.8068836267895628E-012
 >>> 地球非球形引力分量 (地固系), 田谐:    2.2379081137256771E-014  -4.2681954064063870E-014  -1.3082209254606116E-014
 >>> 卫星在地固系坐标为:   -213033.60536634389        146672.03970695546        46960.445448852399     
 >>> 地球非球形引力分量 (地固系), 带谐:    3.7558650220218551E-012  -2.5858849015704887E-012  -2.7985592106159775E-012
 >>> 地球非球形引力分量 (地固系), 田谐:    2.1464968938989266E-014  -4.2780105206375033E-014  -1.2913072592964704E-014
 >>> 卫星在地固系坐标为:   -212631.76064438969        147420.50852209167        46976.572753737317     
 >>> 地球非球形引力分量 (地固系), 带谐:    3.7419608410388625E-012  -2.5943526422578117E-012  -2.7944106724323712E-012
 >>> 地球非球形引力分量 (地固系), 田谐:    2.1007718341227535E-014  -4.2822681207366772E-014  -1.2828028152657807E-014
 >>> 卫星在地固系坐标为:   -210583.12904626605        151147.02916988719        47057.198309692707     
 >>> 地球非球形引力分量 (地固系), 带谐:    3.6723603419637821E-012  -2.6358538703600799E-012  -2.7737825706761482E-012
 >>> 地球非球形引力分量 (地固系), 田谐:    1.8721082670513763E-014  -4.2970470242779425E-014  -1.2398125456845799E-014
 >>> 卫星在地固系坐标为:   -210212.05032202959        151806.69357870292        47071.526129455262     
 >>> 地球非球形引力分量 (地固系), 带谐:    3.6599752091878751E-012  -2.6430869887605426E-012  -2.7701361136352770E-012
 >>> 地球非球形引力分量 (地固系), 田谐:    1.8314767834785560E-014  -4.2985440523053645E-014  -1.2320912789902916E-014
 >>> 卫星在地固系坐标为:   -209745.28731270685        152630.04761677299        47089.433065264027     
 >>> 地球非球形引力分量 (地固系), 带谐:    3.6444893920703664E-012  -2.6520671647854685E-012  -2.7655869111204800E-012
 >>> 地球非球形引力分量 (地固系), 田谐:    1.7807070061236655E-014  -4.2999375959186866E-014  -1.2224075662724783E-014
 >>> 卫星在地固系坐标为:   -209745.28594618643        152630.04622418017        47089.432703563245     
 >>> 地球非球形引力分量 (地固系), 带谐:    3.6444895040096151E-012  -2.6520672393240056E-012  -2.7655869926546216E-012
 >>> 地球非球形引力分量 (地固系), 田谐:    1.7807070765727385E-014  -4.2999377218456724E-014  -1.2224076053106019E-014
 >>> 卫星在地固系坐标为:   -208893.06707790319        154115.40896794692        47121.810766102899     
 >>> 地球非球形引力分量 (地固系), 带谐:    3.6164735915108618E-012  -2.6681321423157630E-012  -2.7573844787856150E-012
 >>> 地球非球形引力分量 (地固系), 田谐:    1.6889739475483172E-014  -4.3011113548819960E-014  -1.2048075453082030E-014
 >>> 卫星在地固系坐标为:   -208462.96993190070        154856.36129498508        47137.989666764028     
 >>> 地球非球形引力分量 (地固系), 带谐:    3.6024622214088209E-012  -2.6760829105152739E-012  -2.7532966896820250E-012
 >>> 地球非球形引力分量 (地固系), 田谐:    1.6431523070485053E-014  -4.3010531560803909E-014  -1.1959662315631420E-014
 >>> 卫星在地固系坐标为:   -206273.12122924021        158543.74934070057        47218.873182865333     
 >>> 地球非球形引力分量 (地固系), 带谐:    3.5323502480175459E-012  -2.7150025605268627E-012  -2.7329706742088536E-012
 >>> 地球非球形引力分量 (地固系), 田谐:    1.4146502555992959E-014  -4.2943188582527518E-014  -1.1513558490806692E-014
 >>> 卫星在地固系坐标为:   -205876.94766163229        159196.18538103724        47233.246852628748     
 >>> 地球非球形引力分量 (地固系), 带谐:    3.5198783973473901E-012  -2.7217773540327828E-012  -2.7293776190910358E-012
 >>> 地球非球形引力分量 (地固系), 田谐:    1.3741592985743634E-014  -4.2920052677800446E-014  -1.1433577828583623E-014
 >>> 卫星在地固系坐标为:   -205378.82153971007        160010.38848165891        47251.211096069965     
 >>> 地球非球形引力分量 (地固系), 带谐:    3.5042859594164705E-012  -2.7301849017993145E-012  -2.7248950396308813E-012
 >>> 地球非球形引力分量 (地固系), 田谐:    1.3236124009964624E-014  -4.2886425202224487E-014  -1.1333328474069204E-014
 >>> 卫星在地固系坐标为:   -205378.82021659415        160010.38704305387        47251.210733733984     
 >>> 地球非球形引力分量 (地固系), 带谐:    3.5042860670698897E-012  -2.7301849787144178E-012  -2.7248951198175416E-012
 >>> 地球非球形引力分量 (地固系), 田谐:    1.3236124576969316E-014  -4.2886426472846648E-014  -1.1333328838924861E-014
 >>> 卫星在地固系坐标为:   -204469.93140883540        161478.83460111948        47283.691474888066     
 >>> 地球非球形引力分量 (地固系), 带谐:    3.4760832470247462E-012  -2.7452147503472790E-012  -2.7168129701751566E-012
 >>> 地球非球形引力分量 (地固系), 田谐:    1.2324180312779521E-014  -4.2812372822321184E-014  -1.1151298760080451E-014
 >>> 卫星在地固系坐标为:   -204011.50908059021        162211.17091523964        47299.921698133810     
 >>> 地球非球形引力分量 (地固系), 带谐:    3.4619807566177827E-012  -2.7526483910040642E-012  -2.7127851633045630E-012
 >>> 地球非球形引力分量 (地固系), 田谐:    1.1869294173975869E-014  -4.2769007769114063E-014  -1.1059935729013168E-014
 >>> 卫星在地固系坐标为:   -201680.13840840588        165853.90585231245        47381.061809026331     
 >>> 地球非球形引力分量 (地固系), 带谐:    3.3914375439319724E-012  -2.7889863997229746E-012  -2.6927574171605137E-012
 >>> 地球非球形引力分量 (地固系), 田谐:    9.6072827232230282E-015  -4.2489033192817568E-014  -1.0599740009662848E-014
 >>> 卫星在地固系坐标为:   -201258.82616072614        166498.12819677973        47395.481086365675     
 >>> 地球非球形引力分量 (地固系), 带谐:    3.3788932193258001E-012  -2.7953029793846580E-012  -2.6892170885865353E-012
 >>> 地球非球形引力分量 (地固系), 田谐:    9.2075642431668641E-015  -4.2428344230469314E-014  -1.0517368859981819E-014
 >>> 卫星在地固系坐标为:   -200729.28655612713        167301.94708038823        47413.502334577068     
 >>> 地球非球形引力分量 (地固系), 带谐:    3.3632119566355339E-012  -2.8031380893282588E-012  -2.6848002893250195E-012
 >>> 地球非球形引力分量 (地固系), 田谐:    8.7090478447459996E-015  -4.2347891130322527E-014  -1.0414180187967055E-014
 >>> 卫星在地固系坐标为:   -200729.28527830858        167301.94559704469        47413.501971637343     
 >>> 地球非球形引力分量 (地固系), 带谐:    3.3632120599763811E-012  -2.8031381684508846E-012  -2.6848003681795528E-012
 >>> 地球非球形引力分量 (地固系), 田谐:    8.7090482743272138E-015  -4.2347892399148401E-014  -1.0414180526344336E-014
 >>> 卫星在地固系坐标为:   -199763.71359667543        168751.15155801841        47446.082745574087     
 >>> 地球非球形引力分量 (地固系), 带谐:    3.3348563171680408E-012  -2.8171324695077396E-012  -2.6768375657909554E-012
 >>> 地球非球形引力分量 (地固系), 田谐:    7.8110638563114470E-015  -4.2189526819272230E-014  -1.0226991283845474E-014
 >>> 卫星在地固系坐标为:   -199276.96623199483        169473.70679913202        47462.362970358467     
 >>> 地球非球形引力分量 (地固系), 带谐:    3.3206796854894892E-012  -2.8240488905140927E-012  -2.6728692331843104E-012
 >>> 地球非球形引力分量 (地固系), 田谐:    7.3637808918084326E-015  -4.2104180387752938E-014  -1.0133114850184877E-014
 >>> 卫星在地固系坐标为:   -196804.14023788492        173065.94511157559        47543.753072815431     
 >>> 地球非球形引力分量 (地固系), 带谐:    3.2497899959519918E-012  -2.8578056151854635E-012  -2.6531372198236497E-012
 >>> 地球非球形引力分量 (地固系), 田谐:    5.1459909626983094E-015  -4.1616208124332713E-014  -9.6610224210984704E-015
 >>> 卫星在地固系坐标为:   -196357.71273947111        173700.91183610735        47558.216784835553     
 >>> 地球非球形引力分量 (地固系), 带谐:    3.2371882419241384E-012  -2.8636641849328098E-012  -2.6496491675181288E-012
 >>> 地球非球形引力分量 (地固系), 田谐:    4.7552056912112543E-015  -4.1518898189127192E-014  -9.5766531304005238E-015
 >>> 卫星在地固系坐标为:   -195796.79387933048        174493.04283575306        47576.293572256036     
 >>> 地球非球形引力分量 (地固系), 带谐:    3.2214369492897789E-012  -2.8709271712157478E-012  -2.6452975858974291E-012
 >>> 地球非球形引力分量 (地固系), 田谐:    4.2683061540229161E-015  -4.1392830188460450E-014  -9.4710164077864055E-015
 >>> 卫星在地固系坐标为:   -195796.79264890205        174493.04130932689        47576.293208814110     
 >>> 地球非球形引力分量 (地固系), 带谐:    3.2214370482786412E-012  -2.8709272523613686E-012  -2.6452976634203724E-012
 >>> 地球非球形引力分量 (地固系), 田谐:    4.2683064475378720E-015  -4.1392831442280202E-014  -9.4710167188114166E-015
 >>> 卫星在地固系坐标为:   -194774.29720754694        175921.10276639691        47608.981757206813     
 >>> 地球非球形引力分量 (地固系), 带谐:    3.1929532882594119E-012  -2.8838911068109054E-012  -2.6374506754366353E-012
 >>> 地球非球形引力分量 (地固系), 田谐:    3.3923941696168754E-015  -4.1152407634711422E-014  -9.2794986011811264E-015
 >>> 卫星在地固系坐标为:   -194259.10865930261        176632.92248582168        47625.315849753963     
 >>> 地球非球形引力分量 (地固系), 带谐:    3.1787149539282346E-012  -2.8902928461719820E-012  -2.6335400594671869E-012
 >>> 地球非球形引力分量 (地固系), 田谐:    2.9567520042291194E-015  -4.1026264176878910E-014  -9.1835247928261617E-015
 >>> 卫星在地固系坐标为:   -191644.28965254070        180169.86224264922        47706.975269953327     
 >>> 地球非球形引力分量 (地固系), 带谐:    3.1075408274025218E-012  -2.9214812703348287E-012  -2.6140950633103699E-012
 >>> 地球非球形引力分量 (地固系), 田谐:    8.0317085421520177E-016  -4.0336788623048167E-014  -8.7016240872546816E-015
 >>> 卫星在地固系坐标为:   -191172.65891416892        180794.71453494558        47721.486849920191     
 >>> 地球非球形引力分量 (地固系), 带谐:    3.0948926469204577E-012  -2.9268841883268669E-012  -2.6106577509989963E-012
 >>> 地球非球形引力分量 (地固系), 田谐:    4.2483487544527293E-016  -4.0204111211648206E-014  -8.6156292768929262E-015
 >>> 卫星在地固系坐标为:   -190580.25407048187        181574.08197504212        47739.623466760393     
 >>> 地球非球形引力分量 (地固系), 带谐:    3.0790850669072804E-012  -2.9335780197878548E-012  -2.6063694723168620E-012
 >>> 地球非球形引力分量 (地固系), 田谐:   -4.6069426950326258E-017  -4.0034036780471205E-014  -8.5080108078673917E-015
 >>> 卫星在地固系坐标为:   -190580.25288835302        181574.08040578660        47739.623102569873     
 >>> 地球非球形引力分量 (地固系), 带谐:    3.0790851616027954E-012  -2.9335781028512720E-012  -2.6063695485821212E-012
 >>> 地球非球形引力分量 (地固系), 田谐:   -4.6069266630913837E-017  -4.0034038007571619E-014  -8.5080110910862991E-015
 >>> 卫星在地固系坐标为:   -189501.06636137341        182978.46456123886        47772.413863426387     
 >>> 地球非球形引力分量 (地固系), 带谐:    3.0505098038509312E-012  -2.9455116572970600E-012  -2.5986381252233562E-012
 >>> 地球非球形引力分量 (地固系), 田谐:   -8.9168480140195359E-016  -3.9714678882571831E-014  -8.3130866566031233E-015
 >>> 卫星在地固系坐标为:   -188957.56067981091        183678.28126344210        47788.799046434535     
 >>> 地球非球形引力分量 (地固系), 带谐:    3.0362279591013571E-012  -2.9513988804965137E-012  -2.5947850991062625E-012
 >>> 地球非球形引力分量 (地固系), 田谐:   -1.3115999245465040E-015  -3.9549360496730396E-014  -8.2154775724177738E-015
 >>> 卫星在地固系坐标为:   -186201.44582777741        187153.57427429175        47870.713901824056     
 >>> 地球非球形引力分量 (地固系), 带谐:    2.9648601848734468E-012  -2.9800207960567065E-012  -2.5756264694082558E-012
 >>> 地球非球形引力分量 (地固系), 田谐:   -3.3808188606434831E-015  -3.8667093801943577E-014  -7.7260865493067127E-015
 >>> 卫星在地固系坐标为:   -185704.74927469180        187767.18183644244        47885.270883728299     
 >>> 地球非球形引力分量 (地固系), 带谐:    2.9521816865859212E-012  -2.9849685467087743E-012  -2.5722397784351824E-012
 >>> 地球非球形引力分量 (地固系), 田谐:   -3.7431735402789670E-015  -3.8500701344461497E-014  -7.6388794614270234E-015
 >>> 卫星在地固系坐标为:   -185081.03597084837        188532.37216720139        47903.464248577198     
 >>> 地球非球形引力分量 (地固系), 带谐:    2.9363379409044488E-012  -2.9910938988393543E-012  -2.5680146531010116E-012
 >>> 地球非球形引力分量 (地固系), 田谐:   -4.1936901986347568E-015  -3.8288729427350112E-014  -7.5297962316049273E-015
 >>> 卫星在地固系坐标为:   -185081.03483938053        188532.37055734100        47903.463883837576     
 >>> 地球非球形引力分量 (地固系), 带谐:    2.9363380312512503E-012  -2.9910939836158904E-012  -2.5680147280878672E-012
 >>> 地球非球形引力分量 (地固系), 田谐:   -4.1936901676790092E-015  -3.8288730614924568E-014  -7.5297964863331497E-015
 >>> 卫星在地固系坐标为:   -183945.14617693267        189910.97341115886        47936.361884331112     
 >>> 地球非球形引力分量 (地固系), 带谐:    2.9076981886137288E-012  -3.0020025255482654E-012  -2.5603960952128978E-012
 >>> 地球非球形引力分量 (地固系), 田谐:   -5.0014047768730772E-015  -3.7894269199399700E-014  -7.3323388167545021E-015
 >>> 卫星在地固系坐标为:   -183373.32321733647        190597.73273656875        47952.800668480078     
 >>> 地球非球形引力分量 (地固系), 带谐:    2.8933863732868564E-012  -3.0073779162836320E-012  -2.5565992782714858E-012
 >>> 地球非球形引力分量 (地固系), 田谐:   -5.4018211879918801E-015  -3.7691746758461755E-014  -7.2335313929990736E-015
 >>> 卫星在地固系坐标为:   -180475.96551202837        194006.08399651671        48034.983509344151     
 >>> 地球非球形引力分量 (地固系), 带谐:    2.8218924729305197E-012  -3.0334471771866452E-012  -2.5377201641747256E-012
 >>> 地球非球形引力分量 (地固系), 田谐:   -7.3681393609895976E-015  -3.6627080992876560E-014  -6.7388380042463689E-015
 >>> 卫星在地固系坐标为:   -179954.22202508131        194607.50151281719        48049.588122772191     
 >>> 地球非球形引力分量 (地固系), 带谐:    2.8091956297584406E-012  -3.0379422978573942E-012  -2.5343828861535446E-012
 >>> 地球非球形引力分量 (地固系), 田谐:   -7.7112748195521687E-015  -3.6428913327784690E-014  -6.6508080665564337E-015
 >>> 卫星在地固系坐标为:   -179299.22791070741        195357.33142601338        48067.841021748864     
 >>> 地球非球形引力分量 (地固系), 带谐:    2.7933306713948502E-012  -3.0435023737296536E-012  -2.5302194077742975E-012
 >>> 地球非球形引力分量 (地固系), 田谐:   -8.1373818558552634E-015  -3.6177507319002146E-014  -6.5407470076502131E-015
 >>> 卫星在地固系坐标为:   -179299.22683110752        195357.32977630282        48067.840656305321     
 >>> 地球非球形引力分量 (地固系), 带谐:    2.7933307574324676E-012  -3.0435024600973262E-012  -2.5302194815352828E-012
 >>> 地球非球形引力分量 (地固系), 田谐:   -8.1373819491375969E-015  -3.6177508455961651E-014  -6.5407472336011896E-015
 >>> 卫星在地固系坐标为:   -178107.06361816675        196707.56936737464        48100.840432862569     
 >>> 地球非球形引力分量 (地固系), 带谐:    2.7646625654233160E-012  -3.0533884637572601E-012  -2.5227133484953792E-012
 >>> 地球非球形引力分量 (地固系), 田谐:   -8.8997420903950199E-015  -3.5712637635465954E-014  -6.3417001963312577E-015
 >>> 卫星在地固系坐标为:   -177507.14522122662        197379.97977884614        48117.330089984993     
 >>> 地球非球形引力分量 (地固系), 带谐:    2.7503388241240645E-012  -3.0582533498244048E-012  -2.5189725937156601E-012
 >>> 地球非球形引力分量 (地固系), 田谐:   -9.2769711706630300E-015  -3.5475312311813172E-014  -6.2421665298550066E-015
 >>> 卫星在地固系坐标为:   -174469.73401004571        200714.92639768086        48199.767279363507     
 >>> 地球非球形引力分量 (地固系), 带谐:    2.6788087873523395E-012  -3.0817775451868735E-012  -2.5003722450655472E-012
 >>> 地球非球形引力分量 (地固系), 田谐:   -1.1122343230854057E-014  -3.4240792175016690E-014  -5.7445320448580625E-015
 >>> 卫星在地固系坐标为:   -173923.16907738423        201303.00414116372        48214.417101926279     
 >>> 地球非球形引力分量 (地固系), 带谐:    2.6661095554021950E-012  -3.0858215482097747E-012  -2.4970842439793774E-012
 >>> 地球非球形引力分量 (地固系), 田谐:   -1.1443122874763132E-014  -3.4013171634871402E-014  -5.6560990348557867E-015
 >>> 卫星在地固系坐标为:   -173237.18198881389        202036.03621375657        48232.726508122643     
 >>> 地球非球形引力分量 (地固系), 带谐:    2.6502433109841424E-012  -3.0908183070527699E-012  -2.4929822413968231E-012
 >>> 地球非球形引力分量 (地固系), 田谐:   -1.1840930790115659E-014  -3.3725272790057138E-014  -5.5455848062968980E-015
 >>> 卫星在地固系坐标为:   -173237.18096329758        202036.03452660103        48232.726142170664     
 >>> 地球非球形引力分量 (地固系), 带谐:    2.6502433926736857E-012  -3.0908183948084317E-012  -2.4929823139132347E-012
 >>> 地球非球形引力分量 (地固系), 田谐:   -1.1840931001309245E-014  -3.3725273864881125E-014  -5.5455850030996936E-015
 >>> 卫星在地固系坐标为:   -171988.99308137316        203355.64455040457        48265.830305565352     
 >>> 地球非球形引力分量 (地固系), 带谐:    2.6215758029261702E-012  -3.0996881113756186E-012  -2.4855865178817067E-012
 >>> 地球非球形引力分量 (地固系), 田谐:   -1.2551184280982203E-014  -3.3195311106312012E-014  -5.3458483422789570E-015
 >>> 卫星在地固系坐标为:   -171361.11051364735        204012.57134773105        48282.372139643805     
 >>> 地球非球形引力分量 (地固系), 带谐:    2.6072545900206641E-012  -3.1040456698366698E-012  -2.4819007483089558E-012
 >>> 地球非球形引力分量 (地固系), 田谐:   -1.2901891803741235E-014  -3.2925889958824692E-014  -5.2460381078311712E-015
 >>> 卫星在地固系坐标为:   -168184.36529464278        207268.42466290231        48365.070195944121     
 >>> 地球非球形引力分量 (地固系), 带谐:    2.5357604637388774E-012  -3.1250412350806632E-012  -2.4635738167138058E-012
 >>> 地球非球形引力分量 (地固系), 田谐:   -1.4610080815360632E-014  -3.1535524521147479E-014  -4.7477081387741192E-015
 >>> 卫星在地固系坐标为:   -167613.11790848456        207842.14877958444        48379.766385708055     
 >>> 地球非球形引力分量 (地固系), 带谐:    2.5230716116614782E-012  -3.1286371367353816E-012  -2.4603341483657268E-012
 >>> 地球非球形引力分量 (地固系), 田谐:   -1.4905695603321059E-014  -3.1281022336514089E-014  -4.6592706738020188E-015
 >>> 卫星在地固系坐标为:   -166896.31632828678        208557.11464564010        48398.133746290521     
 >>> 地球非球形引力分量 (地固系), 带谐:    2.5072200251649194E-012  -3.1330743885420317E-012  -2.4562924441743330E-012
 >>> 地球非球形引力分量 (地固系), 田谐:   -1.5271726767878473E-014  -3.0959878150582943E-014  -4.5488012418936250E-015
 >>> 卫星在地固系坐标为:   -166896.31535823448        208557.11292230262        48398.133379755913     
 >>> 地球非球形引力分量 (地固系), 带谐:    2.5072201025358796E-012  -3.1330744775477371E-012  -2.4562925154816251E-012
 >>> 地球非球形引力分量 (地固系), 田谐:   -1.5271727089663006E-014  -3.0959879153368675E-014  -4.5488014094823375E-015
 >>> 卫星在地固系坐标为:   -165592.45936137703        209843.76536654800        48431.343851605423     
 >>> 地球非球形引力分量 (地固系), 带谐:    2.4785825094964401E-012  -3.1409346087996631E-012  -2.4490051049306555E-012
 >>> 地球非球形引力分量 (地固系), 田谐:   -1.5923660414722578E-014  -3.0370794119964700E-014  -4.3492788254538165E-015
 >>> 卫星在地固系坐标为:   -164936.79758286799        210484.04329621021        48447.938822480734     
 >>> 地球非球形引力分量 (地固系), 带谐:    2.4642784991310133E-012  -3.1447882455969828E-012  -2.4453733486158623E-012
 >>> 地球非球形引力分量 (地固系), 田谐:   -1.6244786838860129E-014  -3.0072306382892895E-014  -4.2496433888222397E-015
 >>> 卫星在地固系坐标为:   -161621.70993732006        213654.96483830761        48530.902543869430     
 >>> 地球非球形引力分量 (地固系), 带谐:    2.3928934138358449E-012  -3.1632727954257446E-012  -2.4273150053594067E-012
 >>> 地球非球形引力分量 (地固系), 田谐:   -1.7800978801667804E-014  -2.8541674770264733E-014  -3.7528690970177586E-015
 >>> 卫星在地固系坐标为:   -161025.96811105235        214213.29534830552        48545.645953316947     
 >>> 地球非球形引力分量 (地固系), 带谐:    2.3802279005240349E-012  -3.1664238273642518E-012  -2.4241228169714597E-012
 >>> 地球非球形引力分量 (地固系), 田谐:   -1.8068881115710387E-014  -2.8263133977945978E-014  -3.6648262757987295E-015
 >>> 卫星在地固系坐标为:   -160278.59204621011        214908.89422575635        48564.072333601311     
 >>> 地球非球形引力分量 (地固系), 带谐:    2.3644071522688211E-012  -3.1703056540892352E-012  -2.4201403476246152E-012
 >>> 地球非球形引力分量 (地固系), 田谐:   -1.8399988211262158E-014  -2.7912328502297076E-014  -3.5548999897521914E-015
 >>> 卫星在地固系坐标为:   -160278.59113305886        214908.89246766339        48564.071966433352     
 >>> 地球非球形引力分量 (地固系), 带谐:    2.3644072253476744E-012  -3.1703057442036805E-012  -2.4201404177525562E-012
 >>> 地球非球形引力分量 (地固系), 田谐:   -1.8399988635391870E-014  -2.7912329423910464E-014  -3.5549001281688584E-015
 >>> 卫星在地固系坐标为:   -158919.69560817332        216160.06012452848        48597.386149832215     
 >>> 地球非球形引力分量 (地固系), 带谐:    2.3358327246685838E-012  -3.1771627819505710E-012  -2.4129604608963808E-012
 >>> 地球非球形引力分量 (地固系), 田谐:   -1.8987932340682374E-014  -2.7270769895045209E-014  -3.3565182299667245E-015
 >>> 卫星在地固系坐标为:   -158236.57679963647        216782.42540635960        48614.032960880148     
 >>> 地球非球形引力分量 (地固系), 带谐:    2.3215624358416158E-012  -3.1805158184842489E-012  -2.4093822524631379E-012
 >>> 地球非球形引力分量 (地固系), 田谐:   -1.9276695770626871E-014  -2.6946580108865363E-014  -3.2575200639824161E-015
 >>> 卫星在地固系坐标为:   -154784.83617218054        219862.09491255548        48697.255866193751     
 >>> 地球非球形引力分量 (地固系), 带谐:    2.2503686891225890E-012  -3.1965067544842521E-012  -2.3915901740889939E-012
 >>> 地球非球形引力分量 (地固系), 田谐:   -2.0667523558834391E-014  -2.5292898359891463E-014  -2.7646045650813497E-015
 >>> 卫星在地固系坐标为:   -154164.91399929812        220403.90812411392        48712.045344107355     
 >>> 地球非球形引力分量 (地固系), 带谐:    2.2377410923799322E-012  -3.1992161467602578E-012  -2.3884450532825039E-012
 >>> 地球非球形引力分量 (地固系), 田谐:   -2.0905433084418102E-014  -2.4993445811022776E-014  -2.6773640857019784E-015
 >>> 卫星在地固系坐标为:   -153387.36193601205        221078.73540337363        48730.529305617325     
 >>> 地球非球形引力分量 (地固系), 带谐:    2.2219693820246590E-012  -3.2025466432361716E-012  -2.3845213035991214E-012
 >>> 地球非球形引力分量 (地固系), 田谐:   -2.1198807117560802E-014  -2.4616914704106422E-014  -2.5684897732301212E-015
 >>> 卫星在地固系坐标为:   -153387.36108152434        221078.73361274597        48730.528937915369     
 >>> 地球非球形引力分量 (地固系), 带谐:    2.2219694508128764E-012  -3.2025467342829743E-012  -2.3845213725485990E-012
 >>> 地球非球形引力分量 (地固系), 田谐:   -2.1198807634733884E-014  -2.4616915536011387E-014  -2.5684898825975195E-015
 >>> 卫星在地固系坐标为:   -151973.85498303626        222292.15458051796        48763.951705675274     
 >>> 地球非球形引力分量 (地固系), 带谐:    2.1934844893755640E-012  -3.2084097178206603E-012  -2.3774463363413252E-012
 >>> 地球非球形引力分量 (地固系), 田谐:   -2.1717927522892663E-014  -2.3929926263152313E-014  -2.3721220920902372E-015
 >>> 卫星在地固系坐标为:   -151263.50001970329        222895.47493704042        48780.652790514825     
 >>> 地球非球形引力分量 (地固系), 带谐:    2.1792611219910021E-012  -3.2112667149361176E-012  -2.3739204150537879E-012
 >>> 地球非球形引力分量 (地固系), 田谐:   -2.1971965673433704E-014  -2.3583590498560843E-014  -2.2741968341195302E-015
 >>> 卫星在地固系坐标为:   -147676.27476837407        225878.21805970377        48864.147044861784     
 >>> 地球非球形引力分量 (地固系), 带谐:    2.1083244640718817E-012  -3.2247872840994994E-012  -2.3563883454855448E-012
 >>> 地球非球形引力分量 (地固系), 田谐:   -2.3186177063343717E-014  -2.1824962280539384E-014  -1.7873067284818420E-015
 >>> 卫星在地固系坐标为:   -147032.39120207875        226402.50303215781        48878.984752417084     
 >>> 地球非球形引力分量 (地固系), 带谐:    2.0957464295678850E-012  -3.2270592452159526E-012  -2.3532891887159239E-012
 >>> 地球非球形引力分量 (地固系), 田谐:   -2.3392192092389728E-014  -2.1507870422385291E-014  -1.7012516345090533E-015
 >>> 卫星在地固系坐标为:   -146224.94161844780        227055.29416646351        48897.528995793902     
 >>> 地球非球形引力分量 (地固系), 带谐:    2.0800382955553985E-012  -3.2298437041417624E-012  -2.3494227829701727E-012
 >>> 地球非球形引力分量 (地固系), 田谐:   -2.3645498324049203E-014  -2.1109726146026979E-014  -1.5939071460508255E-015
 >>> 卫星在地固系坐标为:   -146224.94082376591        227055.29234438812        48897.528627409592     
 >>> 地球非球形引力分量 (地固系), 带谐:    2.0800383601052491E-012  -3.2298437960077389E-012  -2.3494228507881956E-012
 >>> 地球非球形引力分量 (地固系), 田谐:   -2.3645498924538318E-014  -2.1109726881296035E-014  -1.5939072266989003E-015
 >>> 卫星在地固系坐标为:   -144757.66494633860        228228.39851935807        48931.057188496110     
 >>> 地球非球形引力分量 (地固系), 带谐:    2.0516757142115198E-012  -3.2347210264073755E-012  -2.3424518837732810E-012
 >>> 地球非球形引力分量 (地固系), 田谐:   -2.4091573737163334E-014  -2.0384961091078511E-014  -1.4004599134372954E-015
 >>> 卫星在地固系坐标为:   -144020.50248120606        228811.39033353468        48947.811153558883     
 >>> 地球非球形引力分量 (地固系), 带谐:    2.0375156231388116E-012  -3.2370862101215582E-012  -2.3389778242366982E-012
 >>> 地球非球形引力分量 (地固系), 田谐:   -2.4308836814339258E-014  -2.0020335404782386E-014  -1.3040592667314074E-015
 >>> 卫星在地固系坐标为:   -140300.01805054242        231690.79374994009        49031.569791184440     
 >>> 地球非球形引力分量 (地固系), 带谐:    1.9669174841396757E-012  -3.2481583357800185E-012  -2.3217036384332243E-012
 >>> 地球非球形引力分量 (地固系), 田谐:   -2.5336801379594611E-014  -1.8176319487631331E-014  -8.2543726899154079E-016
 >>> 卫星在地固系坐标为:   -139632.58310793288        232196.41132095197        49046.454491079654     
 >>> 地球非球形引力分量 (地固系), 带谐:    1.9544034275052298E-012  -3.2499968992860445E-012  -2.3186500683238132E-012
 >>> 地球非球形引力分量 (地固系), 田谐:   -2.5509318697017638E-014  -1.7845111322958712E-014  -7.4096338343717898E-016
 >>> 卫星在地固系坐标为:   -138795.75464668623        232825.74283287398        49065.057470277206     
 >>> 地球非球形引力分量 (地固系), 带谐:    1.9387768632067941E-012  -3.2522404198339664E-012  -2.3148405349705780E-012
 >>> 地球非球形引力分量 (地固系), 田谐:   -2.5720599735767795E-014  -1.7429775956460590E-014  -6.3564221985713345E-016
 >>> 卫星在地固系坐标为:   -138795.75391347718        232825.74098175566        49065.057101316386     
 >>> 地球非球形引力分量 (地固系), 带谐:    1.9387769235285234E-012  -3.2522405123448521E-012  -2.3148406016565110E-012
 >>> 地球非球形引力分量 (地固系), 田谐:   -2.5720600408806848E-014  -1.7429776588736676E-014  -6.3564227217880187E-016
 >>> 卫星在地固系坐标为:   -137275.56336390282        233956.04918119989        49098.691069954322     
 >>> 地球非球形引力分量 (地固系), 带谐:    1.9105669908327566E-012  -3.2561418355743790E-012  -2.3079723366392976E-012
 >>> 地球非球形引力分量 (地固系), 田谐:   -2.6090263715687798E-014  -1.6675231685559817E-014  -4.4598974266913831E-016
 >>> 卫星在地固系坐标为:   -136512.02880735684        234517.47116285196        49115.497722810956     
 >>> 地球非球形引力分量 (地固系), 带谐:    1.8964853415754573E-012  -3.2580201927211046E-012  -2.3045494573001585E-012
 >>> 地球非球形引力分量 (地固系), 田谐:   -2.6269131662366851E-014  -1.6296337367039429E-014  -3.5154907515563534E-016
 >>> 卫星在地固系坐标为:   -132660.54059479569        237287.33178413028        49199.519782058043     
 >>> 地球非球形引力分量 (地固系), 带谐:    1.8263012027639023E-012  -3.2666694820855790E-012  -2.2875297637712238E-012
 >>> 地球非球形引力分量 (地固系), 田谐:   -2.7103389011121826E-014  -1.4387249301383964E-014   1.1664678973007933E-016
 >>> 卫星在地固系坐标为:   -131969.96894974579        237773.17991272741        49214.451303579161     
 >>> 地球非球形引力分量 (地固系), 带谐:    1.8138644820359963E-012  -3.2680793157470983E-012  -2.2845211803850992E-012
 >>> 地球非球形引力分量 (地固系), 田谐:   -2.7241194610547912E-014  -1.4045570208779282E-014   1.9915921582027410E-016
 >>> 卫星在地固系坐标为:   -131104.28578942342        238377.67461716977        49233.112805342542     
 >>> 地球非球形引力分量 (地固系), 带谐:    1.7983361588853770E-012  -3.2697877811836770E-012  -2.2807677707868203E-012
 >>> 地球非球形引力分量 (地固系), 田谐:   -2.7408980902229205E-014  -1.3617613610743989E-014   3.0198323425914521E-016
 >>> 卫星在地固系坐标为:   -131104.28511910152        238377.67273910018        49233.112435831055     
 >>> 地球非球形引力分量 (地固系), 带谐:    1.7983362150094958E-012  -3.2697878741870946E-012  -2.2807678363549996E-012
 >>> 地球非球形引力分量 (地固系), 田谐:   -2.7408981636612332E-014  -1.3617614135056583E-014   3.0198320971269729E-016
 >>> 卫星在地固系坐标为:   -129532.00631050674        239462.79211102414        49266.854423732992     
 >>> 地球非球形引力分量 (地固系), 带谐:    1.7703065656407115E-012  -3.2727243650082898E-012  -2.2740003172360747E-012
 >>> 地球非球形引力分量 (地固系), 田谐:   -2.7699741007891775E-014  -1.2841520177241159E-014   4.8700514944974811E-016
 >>> 卫星在地固系坐标为:   -128742.52026811703        240001.44876868575        49283.715068856756     
 >>> 地球非球形引力分量 (地固系), 带谐:    1.7563171122430712E-012  -3.2741214833896663E-012  -2.2706276440492912E-012
 >>> 地球非球形引力分量 (地固系), 田谐:   -2.7839032070370061E-014  -1.2452487996363916E-014   5.7906996244803553E-016
 >>> 卫星在地固系坐标为:   -124762.20511397427        242655.78886351609        49368.007070609252     
 >>> 地球非球形引力分量 (地固系), 带谐:    1.6866154174977828E-012  -3.2803764110165769E-012  -2.2538576053126181E-012
 >>> 地球非球形引力分量 (地固系), 田谐:   -2.8474324527295848E-014  -1.0499121707758358E-014   1.0347815352594480E-015
 >>> 卫星在地固系坐标为:   -124048.89669933244        243120.80492021973        49382.986572274654     
 >>> 地球非球形引力分量 (地固系), 带谐:    1.6742681435708443E-012  -3.2813626686565785E-012  -2.2508931546152552E-012
 >>> 地球非球形引力分量 (地固系), 田谐:   -2.8576597658536903E-014  -1.0150690060651224E-014   1.1149704124714610E-015
 >>> 卫星在地固系坐标为:   -123154.86426140941        243699.13461747402        49401.708044341292     
 >>> 地球非球形引力分量 (地固系), 带谐:    1.6588531757909791E-012  -3.2825425599075220E-012  -2.2471948037834177E-012
 >>> 地球非球形引力分量 (地固系), 田谐:   -2.8699911801640979E-014  -9.7147682097933344E-015   1.2148463370748015E-015
 >>> 卫星在地固系坐标为:   -123154.86365516197        243699.13271410950        49401.707674206147     
 >>> 地球非球形引力分量 (地固系), 带谐:    1.6588532277666964E-012  -3.2825426532783197E-012  -2.2471948682652552E-012
 >>> 地球非球形引力分量 (地固系), 田谐:   -2.8699912585955483E-014  -9.7147686225253869E-015   1.2148463396250567E-015
 >>> 卫星在地固系坐标为:   -121531.44775664443        244736.63771533180        49435.559721661950     
 >>> 地球非球形引力分量 (地固系), 带谐:    1.6310316332992092E-012  -3.2845259832689748E-012  -2.2405263053837994E-012
 >>> 地球非球形引力分量 (地固系), 田谐:   -2.8910124013905620E-014  -8.9255771088126956E-015   1.3944232502725403E-015
 >>> 卫星在地固系坐标为:   -120716.49351144962        245251.31659704543        49452.475378175135     
 >>> 地球非球形引力分量 (地固系), 带谐:    1.6171482285192321E-012  -3.2854477515063361E-012  -2.2372029470230294E-012
 >>> 地球非球形引力分量 (地固系), 田谐:   -2.9009082515207445E-014  -8.5306420002527216E-015   1.4837073158321170E-015
 >>> 卫星在地固系坐标为:   -116609.84459908809        247784.07749645784        49537.042416947814     
 >>> 地球非球形引力分量 (地固系), 带谐:    1.5479978947763486E-012  -3.2893383199536110E-012  -2.2206781350232342E-012
 >>> 地球非球形引力分量 (地固系), 田谐:   -2.9442299670879879E-014  -6.5542458221285585E-015   1.9249343548832911E-015
 >>> 卫星在地固系坐标为:   -115874.25609028674        248227.18514990152        49552.070803893970     
 >>> 地球非球形引力分量 (地固系), 带谐:    1.5357522589314175E-012  -3.2899064312017103E-012  -2.2177570350139656E-012
 >>> 地球非球形引力分量 (地固系), 田谐:   -2.9508603987330178E-014  -6.2028491214919667E-015   2.0024484123203759E-015
 >>> 卫星在地固系坐标为:   -114952.45094507498        248778.00480306882        49570.853377381449     
 >>> 地球非球形引力分量 (地固系), 带谐:    1.5204658597549189E-012  -3.2905645756239311E-012  -2.2141127676796529E-012
 >>> 地球非球形引力分量 (地固系), 田谐:   -2.9586950094349345E-014  -5.7636994323895806E-015   2.0989390371139957E-015
 >>> 卫星在地固系坐标为:   -114952.45040410059        248778.00287622193        49570.853006569021     
 >>> 地球非球形引力分量 (地固系), 带谐:    1.5204659076303782E-012  -3.2905646692345272E-012  -2.2141128311021750E-012
 >>> 地球非球形引力分量 (地固系), 田谐:   -2.9586950916885056E-014  -5.7636997310951285E-015   2.0989390659779184E-015
 >>> 卫星在地固系坐标为:   -113279.18599249049        249765.32033297769        49604.812418976886     
 >>> 地球非球形引力分量 (地固系), 带谐:    1.4928836788968114E-012  -3.2916070769104458E-012  -2.2075423935759896E-012
 >>> 地球非球形引力分量 (地固系), 田谐:   -2.9715833046780718E-014  -4.9700942794341527E-015   2.2722610300598956E-015
 >>> 卫星在地固系坐标为:   -112439.41657027612        250254.73664131443        49621.781741459141     
 >>> 地球非球形引力分量 (地固系), 带谐:    1.4791219354486791E-012  -3.2920596860687847E-012  -2.2042679350050547E-012
 >>> 地球非球形引力分量 (地固系), 田谐:   -2.9774137345710102E-014  -4.5736002787863611E-015   2.3583621583587314E-015
 >>> 卫星在地固系坐标为:   -108209.78602039382        252659.51263968897        49706.617092164539     
 >>> 地球非球形引力分量 (地固系), 带谐:    1.4106005840023799E-012  -3.2936176032741861E-012  -2.1879862771551950E-012
 >>> 地球非球形引力分量 (地固系), 田谐:   -3.0004364077965409E-014  -2.5958971879016000E-015   2.7831224129970637E-015
 >>> 卫星在地固系坐标为:   -107452.52854784546        253079.57645975938        49721.693169838109     
 >>> 地球非球形引力分量 (地固系), 带谐:    1.3984703078737014E-012  -3.2937733340601043E-012  -2.1851081598976974E-012
 >>> 地球非球形引力分量 (地固系), 田谐:   -3.0034657570326233E-014  -2.2453948202337958E-015   2.8576143621616551E-015
 >>> 卫星在地固系坐标为:   -106503.72106467601        253601.46827488751        49740.535352115548     
 >>> 地球非球形引力分量 (地固系), 带谐:    1.3833295960313747E-012  -3.2939169932722473E-012  -2.1815175163654941E-012
 >>> 地球非球形引力分量 (地固系), 田谐:   -3.0068034263893586E-014  -1.8078392015757650E-015   2.9502877937921842E-015
 >>> 卫星在地固系坐标为:   -106503.72059033270        253601.46632725099        49740.534980728044     
 >>> 地球非球形引力分量 (地固系), 带谐:    1.3833296398390021E-012  -3.2939170869582029E-012  -2.1815175787288801E-012
 >>> 地球非球形引力分量 (地固系), 田谐:   -3.0068035112441228E-014  -1.8078393849704220E-015   2.9502878480571197E-015
 >>> 卫星在地固系坐标为:   -104781.92110173375        254536.10385370883        49774.601146648296     
 >>> 地球非球形引力分量 (地固系), 带谐:    1.3560159012834462E-012  -3.2940320300221417E-012  -2.1750440184134244E-012
 >>> 地球非球形引力分量 (地固系), 田谐:   -3.0115747081720005E-014  -1.0184812942771554E-015   3.1165917479402847E-015
 >>> 卫星在地固系坐标为:   -103918.00163417665        254999.01308689761        49791.623829976095     
 >>> 地球非球形引力分量 (地固系), 带谐:    1.3423903393770868E-012  -3.2940222707858939E-012  -2.1718178373511417E-012
 >>> 地球非球形引力分量 (地固系), 田谐:   -3.0133545232475339E-014  -6.2475377689614567E-016   3.1991314001640441E-015
 >>> 卫星在地固系坐标为:   -99568.798881433031        257269.59898852909        49876.725967633858     
 >>> 地球非球形引力分量 (地固系), 带谐:    1.2745701333672067E-012  -3.2932821403682063E-012  -2.1557762364800893E-012
 >>> 地球非球形引力分量 (地固系), 田谐:   -3.0162207227908751E-014   1.3327016342937723E-015   3.6055633545464400E-015
 >>> 卫星在地固系坐标为:   -98790.493222570876        257665.51900735215        49891.849465249186     
 >>> 地球非球形引力分量 (地固系), 带谐:    1.2625679695092629E-012  -3.2930317537005297E-012  -2.1529405539877826E-012
 >>> 地球非球形引力分量 (地固系), 田谐:   -3.0156862372873728E-014   1.6784932455527134E-015   3.6767077908246974E-015
 >>> 卫星在地固系坐标为:   -97815.465588188570        258157.10944213939        49910.750918013146     
 >>> 地球非球形引力分量 (地固系), 带谐:    1.2475888528400223E-012  -3.2926688032889744E-012  -2.1494028503980420E-012
 >>> 地球非球形引力分量 (地固系), 田谐:   -3.0145785542951401E-014   2.1096920983637796E-015   3.7651596658219267E-015
 >>> 卫星在地固系坐标为:   -97815.465181635242        258157.10747612247        49910.750546083829     
 >>> 地球非球形引力分量 (地固系), 带谐:    1.2475888926271180E-012  -3.2926688969059310E-012  -2.1494029117145308E-012
 >>> 地球非球形引力分量 (地固系), 田谐:   -3.0145786405432580E-014   2.1096920301690610E-015   3.7651597444586480E-015
 >>> 卫星在地固系坐标为:   -96046.548305389311        259036.59724138316        49944.923174772972     
 >>> 地球非球形引力分量 (地固系), 带谐:    1.2205720379586925E-012  -3.2918707957676701E-012  -2.1430249283269789E-012
 >>> 地球非球形引力分量 (地固系), 田谐:   -3.0113407105422547E-014   2.8862234005040371E-015   3.9237232414160156E-015
 >>> 卫星在地固系坐标为:   -95159.196076234322        259471.76747737208        49961.999073971623     
 >>> 地球非球形引力分量 (地固系), 带谐:    1.2070968107303137E-012  -3.2914059377464183E-012  -2.1398463766227102E-012
 >>> 地球非球形引力分量 (地固系), 田谐:   -3.0091306318146189E-014   3.2729073916481188E-015   4.0023435465221233E-015
 >>> 卫星在地固系坐标为:   -90694.091570364777        261602.02400507435        50047.367274132856     
 >>> 地球非球形引力分量 (地固系), 带谐:    1.1400480598413196E-012  -3.2884047323651664E-012  -2.1240416079041728E-012
 >>> 地球非球形引力分量 (地固系), 田谐:   -2.9922115666061154E-014   5.1888758919176388E-015   4.3886917868417106E-015
 >>> 卫星在地固系坐标为:   -89895.404919379798        261972.71251332905        50062.538063113163     
 >>> 地球非球形引力分量 (地固系), 带谐:    1.1281864279145846E-012  -3.2877549081242428E-012  -2.1212477898002697E-012
 >>> 地球非球形引力分量 (地固系), 田谐:   -2.9881909462128115E-014   5.5262091992314535E-015   4.4561826446341311E-015
 >>> 卫星在地固系坐标为:   -88894.997366231750        262432.64356996212        50081.498625762055     
 >>> 地球非球形引力分量 (地固系), 带谐:    1.1133843969927245E-012  -3.2868937428344131E-012  -2.1177623144357587E-012
 >>> 地球非球形引力分量 (地固系), 田谐:   -2.9827399685322645E-014   5.9463800913410156E-015   4.5400329703015792E-015
 >>> 卫星在地固系坐标为:   -88894.997028527665        262432.64158798533        50081.498253313504     
 >>> 地球非球形引力分量 (地固系), 带谐:    1.1133844328126199E-012  -3.2868938362435532E-012  -2.1177623747193311E-012
 >>> 地球非球形引力分量 (地固系), 田谐:   -2.9827400549812510E-014   5.9463801369302276E-015   4.5400330721737875E-015
 >>> 卫星在地固系坐标为:   -87080.062988213467        263254.73194120527        50115.785316474867     
 >>> 地球非球形引力分量 (地固系), 带谐:    1.0866859340960292E-012  -3.2851976039963313E-012  -2.1114771682663219E-012
 >>> 地球非球形引力分量 (地固系), 田谐:   -2.9716888701478685E-014   6.7018604631187658E-015   4.6902128142324601E-015
 >>> 卫星在地固系坐标为:   -86169.835291922151        263661.03745120607        50132.918412762054     
 >>> 地球非球形引力分量 (地固系), 带谐:    1.0733717485558623E-012  -3.2842851310588928E-012  -2.1083448528526202E-012
 >>> 地球非球形引力分量 (地固系), 田谐:   -2.9655931951208174E-014   7.0774076349343924E-015   4.7645953260041121E-015
 >>> 卫星在地固系坐标为:   -81591.687357361152        265645.33732870535        50218.572576550047     
 >>> 地球非球形引力分量 (地固系), 带谐:    1.0071476772349421E-012  -3.2790605651662708E-012  -2.0927700083800680E-012
 >>> 地球非球形引力分量 (地固系), 田谐:   -2.9294736367951087E-014   8.9316298088684701E-015   5.1293007661385919E-015
 >>> 卫星在地固系坐标为:   -80773.140456132649        265989.79428582598        50233.794192362009     
 >>> 地球非球形引力分量 (地固系), 带谐:    9.9543598572257441E-013  -3.2780180586249944E-012  -2.0900168369970700E-012
 >>> 地球非球形引力分量 (地固系), 田谐:   -2.9220817728856389E-014   9.2569418561711277E-015   5.1928667245505569E-015
 >>> 卫星在地固系坐标为:   -79748.009288257716        266416.81611529982        50252.818282851309     
 >>> 地球非球形引力分量 (地固系), 带谐:    9.8082277849619341E-013  -3.2766671438254130E-012  -2.0865820722300688E-012
 >>> 地球非球形引力分量 (地固系), 田谐:   -2.9124357094693283E-014   9.6616486438911966E-015   5.2717788647552504E-015
 >>> 卫星在地固系坐标为:   -79748.009020198326        266416.81411840033        50252.817909636105     
 >>> 地球非球形引力分量 (地固系), 带谐:    9.8082281042892843E-013  -3.2766672369581996E-012  -2.0865821315372789E-012
 >>> 地球非球形引力分量 (地固系), 田谐:   -2.9124357950151719E-014   9.6616488007176391E-015   5.2717789887206751E-015
 >>> 卫星在地固系坐标为:   -77889.159149688829        267178.84650496085        50287.210471982995     
 >>> 地球非球形引力分量 (地固系), 带谐:    9.5447695657434653E-013  -3.2740891679547474E-012  -2.0803900603789605E-012
 >>> 地球非球形引力分量 (地固系), 田谐:   -2.8938584483772570E-014   1.0387738867281106E-014   5.4129003311715184E-015
 >>> 卫星在地固系坐标为:   -76957.116711769762        267554.96309524227        50304.396303389265     
 >>> 地球非球形引力分量 (地固系), 带谐:    9.4134089244759465E-013  -3.2727373178774423E-012  -2.0773041570924566E-012
 >>> 地球非球形引力分量 (地固系), 田谐:   -2.8840274439698480E-014   1.0748007471827878E-014   5.4827118881823153E-015
 >>> 卫星在地固系坐标为:   -72271.328740854442        269386.73660026875        50390.314127034057     
 >>> 地球非球形引力分量 (地固系), 带谐:    8.7602623253861078E-013  -3.2653315231825996E-012  -2.0619600872132004E-012
 >>> 地球非球形引力分量 (地固系), 田谐:   -2.8295252945299816E-014   1.2520073558816784E-014   5.8241513374708373E-015
 >>> 卫星在地固系坐标为:   -71433.899569865564        269703.80321457301        50405.582607635079     
 >>> 地球非球形引力分量 (地固系), 带谐:    8.6447942795259650E-013  -3.2639039856915450E-012  -2.0592477085790424E-012
 >>> 地球非球形引力分量 (地固系), 田谐:   -2.8189190479319842E-014   1.2829790922093483E-014   5.8835113437802362E-015
 >>> 卫星在地固系坐标为:   -70385.274602192629        270096.47130523296        50424.665275101361     
 >>> 地球非球形引力分量 (地固系), 带谐:    8.5007367729455129E-013  -3.2620729532476538E-012  -2.0558638347418659E-012
 >>> 地球非球形引力分量 (地固系), 田谐:   -2.8052787706242626E-014   1.3214591383703534E-014   5.9571372118388309E-015
 >>> 卫星在地固系坐标为:   -70385.274404909098        270096.46929746727        50424.664901425320     
 >>> 地球非球形引力分量 (地固系), 带谐:    8.5007370537556139E-013  -3.2620730459003602E-012  -2.0558638930408151E-012
 >>> 地球非球形引力分量 (地固系), 田谐:   -2.8052788540751454E-014   1.3214591647804317E-014   5.9571373564867733E-015
 >>> 卫星在地固系坐标为:   -68483.974395246652        270796.16865774593        50459.168481746208     
 >>> 地球非球形引力分量 (地固系), 带谐:    8.2410292787028852E-013  -3.2586297366292200E-012  -2.0497626630103138E-012
 >>> 地球非球形引力分量 (地固系), 田谐:   -2.7795448094850901E-014   1.3903638087496259E-014   6.0886402059965280E-015
 >>> 卫星在地固系坐标为:   -67530.857828035732        271140.96030489821        50476.409804530114     
 >>> 地球非球形引力分量 (地固系), 带谐:    8.1115616339703623E-013  -3.2568468426799880E-012  -2.0467220300965998E-012
 >>> 地球非球形引力分量 (地固系), 田谐:   -2.7661691502094679E-014   1.4244834454182550E-014   6.1536045707546184E-015
 >>> 卫星在地固系坐标为:   -62741.210528076270        272814.54277245945        50562.605065964541     
 >>> 地球非球形引力分量 (地固系), 带谐:    7.4680641082104628E-013  -3.2473018577879240E-012  -2.0316030700731783E-012
 >>> 地球非球形引力分量 (地固系), 田谐:   -2.6942964415244525E-014   1.5916123989776704E-014   6.4704357430506295E-015
 >>> 卫星在地固系坐标为:   -61885.584786096530        273103.21483885637        50577.922859065591     
 >>> 地球非球形引力分量 (地固系), 带谐:    7.3543429047777779E-013  -3.2454968265459162E-012  -2.0289304851111583E-012
 >>> 地球非球形引力分量 (地固系), 田谐:   -2.6806657928562906E-014   1.6206999446474019E-014   6.5253580100347591E-015
 >>> 卫星在地固系坐标为:   -60814.328910899290        273460.27520117688        50597.067162215666     
 >>> 地球非球形引力分量 (地固系), 带谐:    7.2124821381712514E-013  -3.2431951247502748E-012  -2.0255962567792617E-012
 >>> 地球非球形引力分量 (地固系), 田谐:   -2.6632729769864097E-014   1.6567862362551049E-014   6.5934108032623191E-015
 >>> 卫星在地固系坐标为:   -60814.328785120349        273460.27318412892        50597.066787911797     
 >>> 地球非球形引力分量 (地固系), 带谐:    7.2124823812502782E-013  -3.2431952168400711E-012  -2.0255963141126650E-012
 >>> 地球非球形引力分量 (地固系), 田谐:   -2.6632730573102626E-014   1.6567862729027584E-014   6.5934109672611410E-015
 >>> 卫星在地固系坐标为:   -58872.639585292287        274095.19636009983        50631.678111205030     
 >>> 地球非球形引力分量 (地固系), 带谐:    6.9568117623570847E-013  -3.2389046923588025E-012  -2.0195852410958930E-012
 >>> 地球非球形引力分量 (地固系), 田谐:   -2.6308374685722179E-014   1.7212480717352802E-014   6.7147514014118317E-015
 >>> 卫星在地固系坐标为:   -57899.488531617295        274407.44590339309        50648.973290080117     
 >>> 地球非球形引力分量 (地固系), 带谐:    6.8293797291767313E-013  -3.2366998329604167E-012  -2.0165895366118376E-012
 >>> 地球非球形引力分量 (地固系), 田谐:   -2.6141505775232781E-014   1.7530953467158257E-014   6.7746010218543760E-015
 >>> 卫星在地固系坐标为:   -53011.271059777944        275916.79615410051        50735.437815243022     
 >>> 地球非球形引力分量 (地固系), 带谐:    6.1962383008238461E-013  -3.2250617387437620E-012  -2.0016939769576514E-012
 >>> 地球非球形引力分量 (地固系), 田谐:   -2.5261318435128620E-014   1.9083638022886884E-014   7.0655311247206873E-015
 >>> 卫星在地固系坐标为:   -52138.404889056226        276176.00766646641        50750.803468876184     
 >>> 地球非球形引力分量 (地固系), 带谐:    6.0843885765874536E-013  -3.2228875235998704E-012  -1.9990608818510982E-012
 >>> 地球非球形引力分量 (地固系), 田谐:   -2.5097042949620841E-014   1.9352579182178803E-014   7.1157937205296701E-015
 >>> 卫星在地固系坐标为:   -51045.720016192325        276496.13125279202        50770.007593410250     
 >>> 地球非球形引力分量 (地固系), 带谐:    5.9448798972692447E-013  -3.2201255890523799E-012  -1.9957759192937699E-012
 >>> 地球非球形引力分量 (地固系), 田谐:   -2.4888473918002969E-014   1.9685672805699879E-014   7.1779994021273681E-015
 >>> 卫星在地固系坐标为:   -51045.719962692026        276496.12922964600        50770.007218598665     
 >>> 地球非球形引力分量 (地固系), 带谐:    5.9448801032333570E-013  -3.2201256804286921E-012  -1.9957759756595868E-012
 >>> 地球非球形引力分量 (地固系), 田谐:   -2.4888474679665481E-014   1.9685673268332632E-014   7.1779995839550105E-015
 >>> 卫星在地固系坐标为:   -49065.204548636706        277064.07749048294        50804.734142073903     
 >>> 地球非球形引力分量 (地固系), 带谐:    5.6934447037702421E-013  -3.2150054587655993E-012  -1.9898524538583176E-012
 >>> 地球非球形引力分量 (地固系), 田谐:   -2.4502319981723565E-014   2.0279231021834798E-014   7.2887291869924707E-015
 >>> 卫星在地固系坐标为:   -48072.808203316221        277342.68705902039        50822.087101111407     
 >>> 地球非球形引力分量 (地固系), 带谐:    5.5681469706582186E-013  -3.2123874192050339E-012  -1.9869003813200587E-012
 >>> 地球非球形引力分量 (地固系), 田谐:   -2.4304998051634513E-014   2.0571709086052219E-014   7.3432439381170015E-015
 >>> 卫星在地固系坐标为:   -43090.043500368389        278682.33114407334        50908.840505500928     
 >>> 地球非球形引力分量 (地固系), 带谐:    4.9458514226961190E-013  -3.1987004235848644E-012  -1.9722217928439112E-012
 >>> 地球非球形引力分量 (地固系), 田谐:   -2.3277145419207456E-014   2.1989897323997366E-014   7.6072139039061111E-015
 >>> 卫星在地固系坐标为:   -42200.665560843154        278911.11179082724        50924.257504409274     
 >>> 地球非球形引力分量 (地固系), 带谐:    4.8359596181106475E-013  -3.1961649318495640E-012  -1.9696270542663979E-012
 >>> 地球非球形引力分量 (地固系), 田谐:   -2.3087438167090982E-014   2.2234161988367390E-014   7.6526358353955337E-015
 >>> 卫星在地固系坐标为:   -41087.468226819205        279193.08697711915        50943.525804908204     
 >>> 地球非球形引力分量 (地固系), 带谐:    4.6989108060808204E-013  -3.1929526690172728E-012  -1.9663899449545016E-012
 >>> 地球非球形引力分量 (地固系), 田谐:   -2.2847434866876166E-014   2.2536094637484651E-014   7.7087712773011678E-015
 >>> 卫星在地固系坐标为:   -41087.468246249984        279193.08494915965        50943.525429346955     
 >>> 地球非球形引力分量 (地固系), 带谐:    4.6989109757710000E-013  -3.1929527596208303E-012  -1.9663900004046497E-012
 >>> 地球非球形引力分量 (地固系), 田谐:   -2.2847435578134110E-014   2.2536095189508116E-014   7.7087714755485271E-015
 >>> 卫星在地固系坐标为:   -39070.599699686943        279691.64308044279        50978.361809156399     
 >>> 地球非球形引力分量 (地固系), 带谐:    4.4520062897253804E-013  -3.1870228861312676E-012  -1.9605538759253933E-012
 >>> 地球非球形引力分量 (地固系), 田谐:   -2.2405534101737752E-014   2.3072324811827329E-014   7.8084511364980996E-015
 >>> 卫星在地固系坐标为:   -38060.204152447666        279935.41123802221        50995.769480386421     
 >>> 地球非球形引力分量 (地固系), 带谐:    4.3289899104502860E-013  -3.1840017619800810E-012  -1.9576453568422389E-012
 >>> 地球非球形引力分量 (地固系), 田谐:   -2.2180834712105804E-014   2.3335728012646381E-014   7.8574163929574936E-015
 >>> 卫星在地固系坐标为:   -32989.217507131216        281099.40404573624        51082.796428388319     
 >>> 地球非球形引力分量 (地固系), 带谐:    3.7182683590220213E-013  -3.1683171011172608E-012  -1.9431833334102475E-012
 >>> 地球非球形引力分量 (地固系), 田谐:   -2.1021175370881426E-014   2.4604572636090760E-014   8.0934031739286862E-015
 >>> 卫星在地固系坐标为:   -32084.468775991681        281296.70796602231        51098.262048381046     
 >>> 地球非球形引力分量 (地固系), 带谐:    3.6104626664643025E-013  -3.1654295709287288E-012  -1.9406268767439134E-012
 >>> 地球非球形引力分量 (地固系), 田谐:   -2.0808936875880130E-014   2.4821619796836255E-014   8.1338113368221883E-015
 >>> 卫星在地固系坐标为:   -30952.192176027798        281539.23219836544        51117.591120784389     
 >>> 地球非球形引力分量 (地固系), 带谐:    3.4760334292969256E-013  -3.1617785816736288E-012  -1.9374375263711444E-012
 >>> 地球非球形引力分量 (地固系), 田谐:   -2.0541158301079345E-014   2.5089257856597215E-014   8.1836639000930740E-015
 >>> 卫星在地固系坐标为:   -30952.192268965704        281539.23016938870        51117.590744687004     
 >>> 地球非球形引力分量 (地固系), 带谐:    3.4760335633614005E-013  -3.1617786713381235E-012  -1.9374375808894929E-012
 >>> 地球非球形引力分量 (地固系), 田谐:   -2.0541158953070851E-014   2.5089258489703530E-014   8.1836641130618463E-015
 >>> 卫星在地固系坐标为:   -28900.932060646202        281966.21872492140        51152.541664039825     
 >>> 地球非球形引力分量 (地固系), 带谐:    3.2338671094405062E-013  -3.1550583863330359E-012  -1.9316867952396131E-012
 >>> 地球非球形引力分量 (地固系), 田谐:   -2.0050078530069903E-014   2.5562789414699145E-014   8.2719523402289994E-015
 >>> 卫星在地固系坐标为:   -27873.526231499858        282174.05888817931        51170.006586224459     
 >>> 地球非球形引力分量 (地固系), 带谐:    3.1132354038754045E-013  -3.1516438318203872E-012  -1.9288208050531243E-012
 >>> 地球非球形引力分量 (地固系), 田谐:   -1.9801326613843476E-014   2.5794488664104130E-014   8.3152018907482681E-015
 >>> 卫星在地固系坐标为:   -22719.343833238112        283156.99936212768        51257.319768602618     
 >>> 地球非球形引力分量 (地固系), 带谐:    2.5145998169594204E-013  -3.1340101368821195E-012  -1.9145702626238813E-012
 >>> 地球非球形引力分量 (地固系), 田谐:   -1.8526880190306361E-014   2.6901419487826817E-014   8.5224204249553521E-015
 >>> 卫星在地固系坐标为:   -21800.132094660617        283321.87209628610        51272.836264274927     
 >>> 地球非球形引力分量 (地固系), 带谐:    2.4089704495790091E-013  -3.1307792752619207E-012  -1.9120511910686858E-012
 >>> 地球非球形引力分量 (地固系), 田谐:   -1.8295202409326858E-014   2.7089116319931567E-014   8.5576832944356758E-015
 >>> 卫星在地固系坐标为:   -20649.917004264214        283523.75479803223        51292.228925981959     
 >>> 地球非球形引力分量 (地固系), 带谐:    2.2772732123197108E-013  -3.1267004691812156E-012  -1.9089084816454973E-012
 >>> 地球非球形引力分量 (地固系), 田谐:   -1.8003540487064081E-014   2.7319837658959314E-014   8.6010919984464898E-015
 >>> 卫星在地固系坐标为:   -20649.917171238842        283523.75276991655        51292.228549197236     
 >>> 地球非球形引力分量 (地固系), 带谐:    2.2772733115901953E-013  -3.1267005578313069E-012  -1.9089085352691369E-012
 >>> 地球非球形引力分量 (地固系), 田谐:   -1.8003541072544007E-014   2.7319838364585416E-014   8.6010922245872024E-015
 >>> 卫星在地固系坐标为:   -18566.960391068744        283876.90307311306        51327.288641261679     
 >>> 地球非球形引力分量 (地固系), 带谐:    2.0401194957837373E-013  -3.1192117189023191E-012  -1.9032427896532956E-012
 >>> 地球非球形引力分量 (地固系), 田谐:   -1.7470542576418966E-014   2.7725917081417490E-014   8.6776819824807323E-015
 >>> 卫星在地固系坐标为:   -17523.901117790432        284047.68784058909        51344.808134454215     
 >>> 地球非球形引力分量 (地固系), 带谐:    1.9220089435888111E-013  -3.1154147285223445E-012  -1.9004191779478007E-012
 >>> 地球非球形引力分量 (地固系), 田谐:   -1.7201405249751089E-014   2.7923599303847093E-014   8.7150675014744137E-015
 >>> 卫星在地固系坐标为:   -12293.399136558161        284844.00871999911        51432.394155191287     
 >>> 地球非球形引力分量 (地固系), 带谐:    1.3361342161630702E-013  -3.0958876555796777E-012  -1.8863793552001948E-012
 >>> 地球非球形引力分量 (地固系), 田谐:   -1.5830855990341450E-014   2.8857700120349377E-014   8.8928287350062793E-015
 >>> 卫星在地固系坐标为:   -11360.962809546119        284975.47291722591        51447.959146906986     
 >>> 地球非球形引力分量 (地固系), 带谐:    1.2327998482703380E-013  -3.0923234734817284E-012  -1.8838975317923442E-012
 >>> 地球非球形引力分量 (地固系), 田谐:   -1.5583118343077657E-014   2.9014220522295602E-014   8.9228329920166765E-015
 >>> 卫星在地固系坐标为:   -10194.363993787807        285135.49774094083        51467.412424406379     
 >>> 地球非球形引力分量 (地固系), 带谐:    1.1039823956061815E-013  -3.0878294129994453E-012  -1.8808012914219728E-012
 >>> 地球非球形引力分量 (地固系), 田谐:   -1.5271820559635459E-014   2.9205791708212679E-014   8.9596600929553255E-015
 >>> 卫星在地固系坐标为:   -10194.364235090945        285135.49571743415        51467.412047121819     
 >>> 地球非球形引力分量 (地固系), 带谐:    1.1039824608502122E-013  -3.0878295004835080E-012  -1.8808013441394013E-012
 >>> 地球非球形引力分量 (地固系), 田谐:   -1.5271821071858376E-014   2.9205792476470456E-014   8.9596603304787377E-015
 >>> 卫星在地固系坐标为:   -8081.9303318826123        285412.72767687961        51502.586224709346     
 >>> 地球非球形引力分量 (地固系), 带谐:    8.7203729253001337E-014  -3.0795927714830395E-012  -1.8752186622797504E-012
 >>> 地球非球形引力分量 (地固系), 田谐:   -1.4704492578690471E-014   2.9540639850711877E-014   9.0243361720338642E-015
 >>> 卫星在地固系坐标为:   -7024.3355477350069        285545.42106831097        51520.162742582273     
 >>> 地球非球形引力分量 (地固系), 带谐:    7.5654542124131644E-014  -3.0754237094398558E-012  -1.8724364453888506E-012
 >>> 地球非球形引力分量 (地固系), 田谐:   -1.4418791759229336E-014   2.9702480016227687E-014   9.0557547038411093E-015
 >>> 卫星在地固系坐标为:   -1723.1855079290590        286149.98356215493        51608.033867111051     
 >>> 地球非球形引力分量 (地固系), 带谐:    1.8391418282983931E-014  -3.0540554195382809E-012  -1.8586024609718278E-012
 >>> 地球非球形引力分量 (地固系), 田谐:   -1.2971509884292792E-014   3.0455280689749110E-014   9.2035920553809162E-015
 >>> 卫星在地固系坐标为:   -778.54712581745230        286247.13301037491        51623.649533910146     
 >>> 地球非球形引力分量 (地固系), 带谐:    8.2959745980576814E-015  -3.0501672480359398E-012  -1.8561570246238541E-012
 >>> 地球非球形引力分量 (地固系), 田谐:   -1.2711198443382459E-014   3.0579234038719268E-014   9.2282631566375254E-015
 >>> 卫星在地固系坐标为:    403.15119904688618        286364.17038015526        51643.166150189580     
 >>> 地球非球形引力分量 (地固系), 带谐:   -4.2872126691775139E-015  -3.0452696213103134E-012  -1.8531061798197094E-012
 >>> 地球非球形引力分量 (地固系), 田谐:   -1.2384639138142150E-014   3.0729966075909300E-014   9.2584190453568030E-015
 >>> 卫星在地固系坐标为:    403.15088304560413        286364.16836326069        51643.165772259861     
 >>> 地球非球形引力分量 (地固系), 带谐:   -4.2872094603564600E-015  -3.0452697075581115E-012  -1.8531062316661345E-012
 >>> 地球非球形引力分量 (地固系), 田谐:   -1.2384639571953542E-014   3.0729966896976847E-014   9.2584192926485788E-015
 >>> 卫星在地固系坐标为:    2542.2419543931846        286563.38518398930        51678.450946515921     
 >>> 地球非球形引力分量 (地固系), 带谐:   -2.6936553652183813E-014  -3.0363081635171973E-012  -1.8476059522601286E-012
 >>> 地球非球形引力分量 (地固系), 田谐:   -1.1791064463590045E-014   3.0990592273131284E-014   9.3110145129791212E-015
 >>> 卫星在地固系坐标为:    3612.9534022079461        286656.94598641532        51696.082946730501     
 >>> 地球非球形引力分量 (地固系), 带谐:   -3.8211789527211844E-014  -3.0317786218477753E-012  -1.8448647997527362E-012
 >>> 地球非球形引力分量 (地固系), 田谐:   -1.1492863488276731E-014   3.1115165102015742E-014   9.3363879609268199E-015
 >>> 卫星在地固系坐标为:    8977.5693876356472        287064.61624416400        51784.231465593817     
 >>> 地球非球形引力分量 (地固系), 带谐:   -9.4090883706532420E-014  -3.0086276426322834E-012  -1.8312350027115333E-012
 >>> 地球非球形引力分量 (地固系), 田谐:   -9.9893616908426927E-015   3.1680247671769306E-014   9.4539639897724605E-015
 >>> 卫星在地固系坐标为:    9933.1177453735236        287126.55106895324        51799.896438036361     
 >>> 地球非球形引力分量 (地固系), 带谐:   -1.0393785227403394E-013  -3.0044259832576371E-012  -1.8288256601823570E-012
 >>> 地球非球形引力分量 (地固系), 田谐:   -9.7201540780438908E-015   3.1770617189324701E-014   9.4732511822569449E-015
 >>> 卫星在地固系坐标为:    11128.294040718964        287199.48166026745        51819.474681918669     
 >>> 地球非球形引力分量 (地固系), 带谐:   -1.1620943348297292E-013  -2.9991379575540837E-012  -1.8258198445058873E-012
 >>> 地球非球形引力分量 (地固系), 田谐:   -9.3829419966201592E-015   3.1879292082067731E-014   9.4966763354278799E-015
 >>> 卫星在地固系坐标为:    11128.293649943014        287199.47965341114        51819.474303457217     
 >>> 地球非球形引力分量 (地固系), 带谐:   -1.1620943350336047E-013  -2.9991380424395718E-012  -1.8258198954804325E-012
 >>> 地球非球形引力分量 (地固系), 田谐:   -9.3829423476994171E-015   3.1879292945132370E-014   9.4966765906892208E-015
 >>> 卫星在地固系坐标为:    13291.403788231179        287318.70525061130        51854.872541156248     
 >>> 地球非球形引力分量 (地固系), 带谐:   -1.3829350342531290E-013  -2.9894743235409409E-012  -1.8204005479206793E-012
 >>> 地球非球形引力分量 (地固系), 田谐:   -8.7713990269039236E-015   3.2063685011166992E-014   9.5371028077143171E-015
 >>> 卫星在地固系坐标为:    14373.904494487579        287372.15135698690        51872.561056084975     
 >>> 地球非球形引力分量 (地固系), 带谐:   -1.4928479593480709E-013  -2.9845956600815484E-012  -1.8176997273731621E-012
 >>> 地球非球形引力分量 (地固系), 田谐:   -8.4648503169348149E-015   3.2150055504346384E-014   9.5563920122213679E-015
 >>> 卫星在地固系坐标为:    19795.266278362924        287578.07862634293        51960.992130057515     
 >>> 地球非球形引力分量 (地固系), 带谐:   -2.0373051196347692E-013  -2.9597191754908361E-012  -1.8042704792020214E-012
 >>> 地球非球形引力分量 (地固系), 田谐:   -6.9260022668433318E-015   3.2523456948335277E-014   9.6435616174829892E-015
 >>> 卫星在地固系坐标为:    20760.515475565368        287603.94709554780        51976.707325063922     
 >>> 地球非球形引力分量 (地固系), 带谐:   -2.1332033870959262E-013  -2.9552142614593360E-012  -1.8018965879441036E-012
 >>> 地球非球形引力分量 (地固系), 田谐:   -6.6516255798542575E-015   3.2579662528801854E-014   9.6574479222309716E-015
 >>> 卫星在地固系坐标为:    21967.652216877890        287631.71082741255        51996.348342399055     
 >>> 地球非球形引力分量 (地固系), 带谐:   -2.2526952571943533E-013  -2.9495486563729760E-012  -1.7989350000515644E-012
 >>> 地球非球形引力分量 (地固系), 田谐:   -6.3084250895865114E-015   3.2645608060902523E-014   9.6741248511504639E-015
 >>> 卫星在地固系坐标为:    21967.651751215548        287631.70883316878        51996.347963352775     
 >>> 地球非球形引力分量 (地固系), 带谐:   -2.2526952887870067E-013  -2.9495487398118577E-012  -1.7989350501759150E-012
 >>> 地球非球形引力分量 (地固系), 田谐:   -6.3084253550015674E-015   3.2645608955199510E-014   9.6741251126825059E-015
 >>> 卫星在地固系坐标为:    24152.042600884142        287669.03216994420        52031.861683239549     
 >>> 地球非球形引力分量 (地固系), 带谐:   -2.4676909652213931E-013  -2.9392059437397942E-012  -1.7935951472693754E-012
 >>> 地球非球形引力分量 (地固系), 田谐:   -5.6873540019881295E-015   3.2752695606755413E-014   9.7023603832413175E-015
 >>> 卫星在地固系坐标为:    25244.955065218990        287681.41432734276        52049.607921037503     
 >>> 地球非球形引力分量 (地固系), 带谐:   -2.5746689058509862E-013  -2.9339897430846097E-012  -1.7909339180528842E-012
 >>> 地球非球形引力分量 (地固系), 田谐:   -5.3766830318745282E-015   3.2800399576405164E-014   9.7155594014336708E-015
 >>> 卫星在地固系坐标为:    30716.092545312207        287680.91543330962        52138.327589589484     
 >>> 地球非球形引力分量 (地固系), 带谐:   -3.1043206949363351E-013  -2.9074460496576024E-012  -1.7777015399815904E-012
 >>> 地球非球形引力分量 (地固系), 田谐:   -3.8236486481601200E-015   3.2980520699855076E-014   9.7723434684902621E-015
 >>> 卫星在地固系坐标为:    31689.789091956834        287669.89618562232        52154.094080183029     
 >>> 地球非球形引力分量 (地固系), 带谐:   -3.1975647754306257E-013  -2.9026483083423093E-012  -1.7753624504250707E-012
 >>> 地球非球形引力分量 (地固系), 田谐:   -3.5478670649567258E-015   3.3002403819241145E-014   9.7808413867612341E-015
 >>> 卫星在地固系坐标为:    32907.313335033614        287651.47118885437        52173.799211889098     
 >>> 地球非球形引力分量 (地固系), 带谐:   -3.3137296958755776E-013  -2.8966181846453407E-012  -1.7724442802528084E-012
 >>> 地球非球形引力分量 (地固系), 田谐:   -3.2033830144423119E-015   3.3025475167844540E-014   9.7907894358311525E-015
 >>> 卫星在地固系坐标为:    32907.312794431949        287651.46920978097        52173.798832194079     
 >>> 地球非球形引力分量 (地固系), 带谐:   -3.3137297579453256E-013  -2.8966182665587629E-012  -1.7724443295493750E-012
 >>> 地球非球形引力分量 (地固系), 田谐:   -3.2033831924495530E-015   3.3025476082472245E-014   9.7907897019459604E-015
 >>> 卫星在地固系坐标为:    35109.935469266595        287605.05163741740        52209.427403970469     
 >>> 地球非球形引力分量 (地固系), 带谐:   -3.5226768537933969E-013  -2.8856209642539348E-012  -1.7671828724814024E-012
 >>> 地球非球形引力分量 (地固系), 田谐:   -2.5813411405081152E-015   3.3055135424593053E-014   9.8068768674035056E-015
 >>> 卫星在地固系坐标为:    36211.726884367068        287575.45834188681        52227.231050101705     
 >>> 地球非球形引力分量 (地固系), 带谐:   -3.6266187251124574E-013  -2.8800795538854161E-012  -1.7645607365951752E-012
 >>> 地球非球形引力分量 (地固系), 田谐:   -2.2708238976476840E-015   3.3064185240113625E-014   9.8140122940801463E-015
 >>> 卫星在地固系坐标为:    41724.893119278910        287364.05434716243        52316.237741209057     
 >>> 地球非球形引力分量 (地固系), 带谐:   -4.1409669348095833E-013  -2.8519307261079660E-012  -1.7515227498576078E-012
 >>> 地球非球形引力分量 (地固系), 田谐:   -7.2493421515330798E-016   3.3051821665255239E-014   9.8405957663057334E-015
 >>> 卫星在地固系坐标为:    42705.645404408169        287315.36504456226        52332.055248249730     
 >>> 地球非球形引力分量 (地固系), 带谐:   -4.2314695114806209E-013  -2.8468512672109063E-012  -1.7492180233998897E-012
 >>> 地球非球形引力分量 (地固系), 田谐:   -4.5152806478460164E-016   3.3039651261353483E-014   9.8437471902719846E-015
 >>> 卫星在地固系坐标为:    43931.811588154422        287249.77938227664        52351.824145585539     
 >>> 地球非球形引力分量 (地固系), 带谐:   -4.3441988705183907E-013  -2.8404705429575622E-012  -1.7463427235800633E-012
 >>> 地球非球形引力分量 (地固系), 田谐:   -1.1047940155294214E-016   3.3020238495776671E-014   9.8470225326642183E-015
 >>> 卫星在地固系坐标为:    43931.810972797095        287249.77742147644        52351.823765276080     
 >>> 地球非球形引力分量 (地固系), 带谐:   -4.3441989621200800E-013  -2.8404706232490443E-012  -1.7463427720580914E-012
 >>> 地球非球形引力分量 (地固系), 田谐:   -1.1047949157690837E-016   3.3020239419561783E-014   9.8470228016159073E-015
 >>> 卫星在地固系坐标为:    46149.501233852447        287117.88292535639        52387.566715001602     
 >>> 地球非球形引力分量 (地固系), 带谐:   -4.5469039012769085E-013  -2.8288440548562984E-012  -1.7411587450170290E-012
 >>> 地球非球形引力分量 (地固系), 田谐:    5.0402395783854856E-016   3.2973333001612044E-014   9.8510749198698767E-015
 >>> 卫星在地固系坐标为:    47258.581323863116        287045.45445062447        52405.427533011942     
 >>> 地球非球形引力分量 (地固系), 带谐:   -4.6477136240480569E-013  -2.8229900940711885E-012  -1.7385751960404210E-012
 >>> 地球非球形引力分量 (地固系), 田谐:    8.1014391467983229E-016   3.2944232190083644E-014   9.8522084021987181E-015
 >>> 卫星在地固系坐标为:    52805.744070041190        286618.92990959273        52494.720064955880     
 >>> 地球非球形引力分量 (地固系), 带谐:   -5.1462852197049307E-013  -2.7932998363301547E-012  -1.7257290804451985E-012
 >>> 地球非球形引力分量 (地固系), 田谐:    2.3278041849765303E-015   3.2742627052876862E-014   9.8489508328985525E-015
 >>> 卫星在地固系坐标为:    53792.110134348921        286531.83585880208        52510.588378638946     
 >>> 地球非球形引力分量 (地固系), 带谐:   -5.2339634762758651E-013  -2.7879500542545377E-012  -1.7234582712398595E-012
 >>> 地球非球形引力分量 (地固系), 田谐:    2.5951129946816421E-015   3.2697105346537167E-014   9.8468285702669097E-015
 >>> 卫星在地固系坐标为:    55025.109906125610        286418.17749178316        52530.420779503380     
 >>> 地球非球形引力分量 (地固系), 带谐:   -5.3431542965728431E-013  -2.7812330012473395E-012  -1.7206252854015048E-012
 >>> 地球非球形引力分量 (地固系), 田谐:    2.9280865299401362E-015   3.2636139194597617E-014   9.8435259640709735E-015
 >>> 卫星在地固系坐标为:    55025.109216324148        286418.17555235163        52530.420398608549     
 >>> 地球非球形引力分量 (地固系), 带谐:   -5.3431544167316353E-013  -2.7812330798259494E-012  -1.7206253330709075E-012
 >>> 地球非球形引力分量 (地固系), 田谐:    2.9280865272221084E-015   3.2636140116480198E-014   9.8435262341364710E-015
 >>> 卫星在地固系坐标为:    57254.759853717500        286199.15901094739        52566.280138764698     
 >>> 地球非球形引力分量 (地固系), 带谐:   -5.5394486496337450E-013  -2.7690021737233227E-012  -1.7155173173348291E-012
 >>> 地球非球形引力分量 (地固系), 田谐:    3.5267486289603190E-015   3.2514493202657316E-014   9.8357250972062636E-015
 >>> 卫星在地固系坐标为:    58369.567060001500        286083.08053809940        52584.199333689554     
 >>> 地球非球形引力分量 (地固系), 带谐:   -5.6370425854044155E-013  -2.7628481573269120E-012  -1.7129716487309291E-012
 >>> 地球非球形引力分量 (地固系), 田谐:    3.8243390814365042E-015   3.2448224772209504E-014   9.8309524279587827E-015
 >>> 卫星在地固系坐标为:    63942.839707926614        285437.43918244506        52673.783730354597     
 >>> 地球非球形引力分量 (地固系), 带谐:   -6.1194260188886501E-013  -2.7316792624107856E-012  -1.7003138948101478E-012
 >>> 地球非球形引力分量 (地固系), 田谐:    5.2933219944677558E-015   3.2062992363631488E-014   9.7983818016666842E-015
 >>> 卫星在地固系坐标为:    64933.403823159861        285311.24371416442        52689.703920938904     
 >>> 地球非球形引力分量 (地固系), 带谐:   -6.2042079436816489E-013  -2.7260703743390630E-012  -1.6980763831739505E-012
 >>> 地球非球形引力分量 (地固系), 田谐:    5.5509385710628257E-015   3.1985238183993902E-014   9.7910881938446539E-015
 >>> 卫星在地固系坐标为:    66171.461763458370        285148.64773103932        52709.601162798201     
 >>> 地球非球形引力分量 (地固系), 带谐:   -6.3097707002754030E-013  -2.7190310365337009E-012  -1.6952849385209168E-012
 >>> 地球非球形引力分量 (地固系), 田谐:    5.8713618053516692E-015   3.1884167890408767E-014   9.7813391365356028E-015
 >>> 卫星在地固系坐标为:    66171.460999469899        285148.64581562422        52709.600781254769     
 >>> 地球非球形引力分量 (地固系), 带谐:   -6.3097708480262838E-013  -2.7190311133314880E-012  -1.6952849854028975E-012
 >>> 地球非球形引力分量 (地固系), 田谐:    5.8713618880634432E-015   3.1884168799794883E-014   9.7813394060869350E-015
 >>> 卫星在地固系坐标为:    68409.653212622012        284840.97769299737        52745.576636187361     
 >>> 地球非球形引力分量 (地固系), 带谐:   -6.4994768542313886E-013  -2.7062223746380506E-012  -1.6902520304393672E-012
 >>> 地球非球形引力分量 (地固系), 田谐:    6.4460928936655874E-015   3.1690553613872936E-014   9.7619333409209082E-015
 >>> 卫星在地固系坐标为:    69528.470352160512        284680.49382161925        52763.553870839256     
 >>> 地球非球形引力分量 (地固系), 带谐:   -6.5937669901114604E-013  -2.6997815907383807E-012  -1.6877437682700363E-012
 >>> 地球非球形引力分量 (地固系), 田谐:    6.7311363988468264E-015   3.1588572611943511E-014   9.7513836270181780E-015
 >>> 卫星在地固系坐标为:    75119.189878942329        283812.05269069690        52853.428446972008     
 >>> 地球非球形引力分量 (地固系), 带谐:   -7.0595299448051897E-013  -2.6672008682407977E-012  -1.6752720169503962E-012
 >>> 地球非球形引力分量 (地固系), 田谐:    8.1316505064613737E-015   3.1027670305568002E-014   9.6901948653433546E-015
 >>> 卫星在地固系坐标为:    76112.398624393143        283646.11767059896        52869.400215202302     
 >>> 地球非球形引力分量 (地固系), 带谐:   -7.1413400264987814E-013  -2.6613448138433082E-012  -1.6730673854451858E-012
 >>> 地球非球形引力分量 (地固系), 田谐:    8.3761110026266048E-015   3.0919215649497107E-014   9.6778619801642246E-015
 >>> 卫星在地固系坐标为:    77353.567353393606        283433.79353504610        52889.361924179109     
 >>> 地球非球形引力分量 (地固系), 带谐:   -7.2431809013200358E-013  -2.6539981417310372E-012  -1.6703169610161712E-012
 >>> 地球非球形引力分量 (地固系), 田谐:    8.6796786181806755E-015   3.0780005313374598E-014   9.6618351413194007E-015
 >>> 卫星在地固系坐标为:    77353.566515779297        283433.79164681426        52889.361542022809     
 >>> 地球非球形引力分量 (地固系), 带谐:   -7.2431810756454600E-013  -2.6539982166638192E-012  -1.6703170071193640E-012
 >>> 地球非球形引力分量 (地固系), 田谐:    8.6796787832769172E-015   3.0780006199810403E-014   9.6618354086973864E-015
 >>> 卫星在地固系坐标为:    79596.604639974728        283036.09699148271        52925.450281019708     
 >>> 地球非球形引力分量 (地固系), 带谐:   -7.4261184051918607E-013  -2.6406397342061129E-012  -1.6653585178275416E-012
 >>> 地球非球形引力分量 (地固系), 田谐:    9.2227287279013477E-015   3.0518135063346313E-014   9.6311424510945541E-015
 >>> 卫星在地固系坐标为:    80717.576447262152        282830.53109326557        52943.483942194514     
 >>> 地球非球形引力分量 (地固系), 带谐:   -7.5170153597741787E-013  -2.6339262649074225E-012  -1.6628873647325295E-012
 >>> 地球非球形引力分量 (地固系), 田谐:    9.4913860902219765E-015   3.0382363831105047E-014   9.6149796227231912E-015
 >>> 卫星在地固系坐标为:    86316.393287330706        281736.01575007237        53033.640634079042     
 >>> 地球非球形引力分量 (地固系), 带谐:   -7.9657196718288092E-013  -2.6000045153096377E-012  -1.6506001302370335E-012
 >>> 地球非球形引力分量 (地固系), 田谐:    1.0804614220654279E-014   2.9656055103361346E-014   9.5260413432216884E-015
 >>> 卫星在地固系坐标为:    87310.571901783740        281529.77822905907        53049.662547570428     
 >>> 地球非球形引力分量 (地固系), 带谐:   -8.0444815326174351E-013  -2.5939139470913026E-012  -1.6484281149497962E-012
 >>> 地球非球形引力分量 (地固系), 田谐:    1.1032642329584228E-014   2.9518836244518783E-014   9.5088320384297353E-015
 >>> 卫星在地固系坐标为:    88552.752672251969        281267.03047478403        53069.686933825280     
 >>> 地球非球形引力分量 (地固系), 带谐:   -8.1425056969901902E-013  -2.5862757835353925E-012  -1.6457183809504847E-012
 >>> 地球非球形引力分量 (地固系), 田谐:    1.1315289451367011E-014   2.9343952721586531E-014   9.4867345301887746E-015
 >>> 卫星在地固系坐标为:    88552.751761916792        281267.02861729520        53069.686551172941     
 >>> 地球非球形引力分量 (地固系), 带谐:   -8.1425058968020558E-013  -2.5862758565084552E-012  -1.6457184262740349E-012
 >>> 地球非球形引力分量 (地固系), 田谐:    1.1315289694609403E-014   2.9343953574959364E-014   9.4867347937279722E-015
 >>> 卫星在地固系坐标为:    90797.333411986227        280777.97909177525        53105.893106599920     
 >>> 地球非球形引力分量 (地固系), 带谐:   -8.3185459823033328E-013  -2.5723933094986717E-012  -1.6408326882662297E-012
 >>> 地球非球形引力分量 (地固系), 田谐:    1.1819517670221700E-014   2.9018354854264768E-014   9.4451319566636321E-015
 >>> 卫星在地固系坐标为:    91918.801329049747        280526.67532901000        53123.985657780941     
 >>> 地球非球形引力分量 (地固系), 带谐:   -8.4059860724228208E-013  -2.5654200138198375E-012  -1.6383977909082084E-012
 >>> 地球非球形引力分量 (地固系), 田谐:    1.2068260469064613E-014   2.8851117174583311E-014   9.4235488834283162E-015
 >>> 卫星在地固系坐标为:    97517.349806718266        279202.89029813011        53214.436779940726     
 >>> 地球非球形引力分量 (地固系), 带谐:   -8.8373196152633595E-013  -2.5302217338354104E-012  -1.6262908385270332E-012
 >>> 地球非球形引力分量 (地固系), 田谐:    1.3276999701893191E-014   2.7971605055209851E-014   9.3078688530552478E-015
 >>> 卫星在地固系坐标为:    98510.998425994563        278955.79699756240        53230.511026478438     
 >>> 地球非球形引力分量 (地固系), 带谐:   -8.9129788537536594E-013  -2.5239081518792045E-012  -1.6241506924168033E-012
 >>> 地球非球形引力分量 (地固系), 田谐:    1.3485616260716732E-014   2.7807891059694977E-014   9.2859697573895036E-015
 >>> 卫星在地固系坐标为:    99752.311105001107        278641.94038162165        53250.600823941088     
 >>> 地球非球形引力分量 (地固系), 带谐:   -9.0071187689907802E-013  -2.5159928860169392E-012  -1.6214807175275037E-012
 >>> 地球非球形引力分量 (地固系), 田谐:    1.3743653610123144E-014   2.7600212000329817E-014   9.2580379953044439E-015
 >>> 卫星在地固系坐标为:    99752.310122363488        278641.93855717534        53250.600440649367     
 >>> 地球非球形引力分量 (地固系), 带谐:   -9.0071189933174368E-013  -2.5159929569896339E-012  -1.6214807621012393E-012
 >>> 地球非球形引力分量 (地固系), 田谐:    1.3743653926390272E-014   2.7600212811749711E-014   9.2580382535767675E-015
 >>> 卫星在地固系坐标为:    101994.70563569755        278060.37318839232        53286.924682262412     
 >>> 地球非球形引力分量 (地固系), 带谐:   -9.1761156635914598E-013  -2.5016143043262818E-012  -1.6166667908098352E-012
 >>> 地球非球形引力分量 (地固系), 田谐:    1.4202414036568281E-014   2.7216244774826679E-014   9.2059666330116909E-015
 >>> 卫星在地固系坐标为:    103114.79784541178        277762.76178905147        53305.076058643077     
 >>> 地球非球形引力分量 (地固系), 带谐:   -9.2600265781538681E-013  -2.4943951889854637E-012  -1.6142676584192735E-012
 >>> 地球非球形引力分量 (地固系), 田谐:    1.4427968956253016E-014   2.7020275664271564E-014   9.1791882630467491E-015
 >>> 卫星在地固系坐标为:    108703.64984278858        276206.96567909973        53395.821287381412     
 >>> 地球非球形引力分量 (地固系), 带谐:   -9.6736358226382907E-013  -2.4579906944429244E-012  -1.6023385465335001E-012
 >>> 地球非球形引力分量 (地固系), 田谐:    1.5516366995131243E-014   2.6001779516112192E-014   9.0379348978113035E-015
 >>> 卫星在地固系坐标为:    109695.08047786404        275918.54818977631        53411.947809589183     
 >>> 地球非球形引力分量 (地固系), 带谐:   -9.7461309819267559E-013  -2.4514666467137374E-012  -1.6002298377749294E-012
 >>> 地球非球形引力分量 (地固系), 田谐:    1.5702845877626473E-014   2.5814190581798428E-014   9.0115612267029344E-015
 >>> 卫星在地固系坐标为:    110933.41010268401        275553.00532053667        53432.102946634281     
 >>> 地球非球形引力分量 (地固系), 带谐:   -9.8363104177327998E-013  -2.4432899830295559E-012  -1.5975990831733275E-012
 >>> 地球非球形引力分量 (地固系), 田谐:    1.5932905874008070E-014   2.5577029280104977E-014   8.9780673633934580E-015
 >>> 卫星在地固系坐标为:    110933.40904865619        275553.00353222748        53432.102562721549     
 >>> 地球非球形引力分量 (地固系), 带谐:   -9.8363106655093199E-013  -2.4432900519340971E-012  -1.5975991270074990E-012
 >>> 地球非球形引力分量 (地固系), 田谐:    1.5932906257138169E-014   2.5577030041062379E-014   8.9780676149239980E-015
 >>> 卫星在地固系坐标为:    113169.75448558929        274877.91216801357        53468.543936232018     
 >>> 地球非球形引力分量 (地固系), 带谐:   -9.9981261348506513E-013  -2.4284439336573393E-012  -1.5928560030427516E-012
 >>> 地球非球形引力分量 (地固系), 田谐:    1.6340220854014102E-014   2.5140796318821611E-014   8.9160291646550856E-015
 >>> 卫星在地固系坐标为:    114286.53240779572        274533.49944865034        53486.753861232130     
 >>> 地球非球形引力分量 (地固系), 带谐:   -1.0078439782760883E-012  -2.4209933438798672E-012  -1.5904921772491484E-012
 >>> 地球非球形引力分量 (地固系), 田谐:    1.6539655191555525E-014   2.4919197502169628E-014   8.8843106551629630E-015
 >>> 卫星在地固系坐标为:    119855.92987603568        272743.33803699253        53577.791814251796     
 >>> 地球非球形引力分量 (地固系), 带谐:   -1.0473992582200911E-012  -2.3834546212263408E-012  -1.5787386246428270E-012
 >>> 地球非球形引力分量 (地固系), 田谐:    1.7493625984692609E-014   2.3777708254835066E-014   8.7188011213871671E-015
 >>> 卫星在地固系坐标为:    120843.39657315201        272413.19795081846        53593.970366692331     
 >>> 地球非球形引力分量 (地固系), 带谐:   -1.0543266054888410E-012  -2.3767329488457686E-012  -1.5766609496393612E-012
 >>> 地球非球形引力分量 (地固系), 田谐:    1.7655565777524770E-014   2.3569168424606972E-014   8.6881941232846627E-015
 >>> 卫星在地固系坐标为:    122076.55601426140        271995.47943838814        53614.190536692731     
 >>> 地球非球形引力分量 (地固系), 带谐:   -1.0629413612196792E-012  -2.3683109566595586E-012  -1.5740689116661336E-012
 >>> 地球非球形引力分量 (地固系), 田谐:    1.7854691144266364E-014   2.3306213147446933E-014   8.6494426732884952E-015
 >>> 卫星在地固系坐标为:    122076.55488993609        271995.47768936137        53614.190152190698     
 >>> 地球非球形引力分量 (地固系), 带谐:   -1.0629413882330990E-012  -2.3683110234305042E-012  -1.5740689547694283E-012
 >>> 地球非球形引力分量 (地固系), 田谐:    1.7854691587209440E-014   2.3306213850272147E-014   8.6494429166688887E-015
 >>> 卫星在地固系坐标为:    124303.06336244436        271225.94185125397        53650.751062439565     
 >>> 地球非球形引力分量 (地固系), 带谐:   -1.0783933663576617E-012  -2.3530253282950908E-012  -1.5693953873206304E-012
 >>> 地球非球形引力分量 (地固系), 田谐:    1.8205371370929181E-014   2.2824438471953360E-014   8.5779911864440282E-015
 >>> 卫星在地固系坐标为:    125414.62706634031        270834.27936232684        53669.020737295403     
 >>> 地球非球形引力分量 (地固系), 带谐:   -1.0860593518954086E-012  -2.3453572266312846E-012  -1.5670662252755107E-012
 >>> 地球非球形引力分量 (地固系), 田谐:    1.8376151550425833E-014   2.2580614535587629E-014   8.5416131178938871E-015
 >>> 卫星在地固系坐标为:    130955.00634149280        268807.61864136142        53760.357419508095     
 >>> 地球非球形引力分量 (地固系), 带谐:   -1.1237814701720738E-012  -2.3067542762168510E-012  -1.5554850387666512E-012
 >>> 地球非球形引力分量 (地固系), 田谐:    1.9183651985484734E-014   2.1333562419989869E-014   8.3532878852085142E-015
 >>> 卫星在地固系坐标为:    131936.79787735705        268435.39566164219        53776.589069078807     
 >>> 地球非球形引力分量 (地固系), 带谐:   -1.1303818859859020E-012  -2.2998474549567206E-012  -1.5534378336696419E-012
 >>> 地球非球形引力分量 (地固系), 田谐:    1.9319022344345124E-014   2.1107238343652703E-014   8.3187100603393694E-015
 >>> 卫星在地固系坐标为:    133162.64350627171        267965.05930542323        53796.875605305097     
 >>> 地球非球形引力分量 (地固系), 带谐:   -1.1385875552256706E-012  -2.2911957417403921E-012  -1.5508838091528635E-012
 >>> 地球非球形引力分量 (地固系), 田谐:    1.9484722830747164E-014   2.0822474901278938E-014   8.2750318167620040E-015
 >>> 卫星在地固系坐标为:    133162.64231259521        267965.05759839131        53796.875220151756     
 >>> 地球非球形引力分量 (地固系), 带谐:   -1.1385875843710842E-012  -2.2911958063327851E-012  -1.5508838515442359E-012
 >>> 地球非球形引力分量 (地固系), 田谐:    1.9484723325810542E-014   2.0822475539419113E-014   8.2750320507241652E-015
 >>> 卫星在地固系坐标为:    133481.95134460280        267841.52343413013        53802.163346362053     
 >>> 地球非球形引力分量 (地固系), 带谐:   -1.1407185190975988E-012  -2.2889370651755876E-012  -1.5502189303487237E-012
 >>> 地球非球形引力分量 (地固系), 田谐:    1.9527276118610309E-014   2.0747907193230559E-014   8.2635627888084382E-015
 >>> 卫星在地固系坐标为:    133641.56530364000        267779.61257828336        53804.807185027581     
 >>> 地球非球形引力分量 (地固系), 带谐:   -1.1417827283689240E-012  -2.2878072099539992E-012  -1.5498866263335572E-012
 >>> 地球非球形引力分量 (地固系), 田谐:    1.9548452707245350E-014   2.0710572243758060E-014   8.2578154844782243E-015
 >>> 卫星在地固系坐标为:    134439.23213684888        267468.63087179512        53818.026129840633     
 >>> 地球非球形引力分量 (地固系), 带谐:   -1.1470910253813540E-012  -2.2821527701955653E-012  -1.5482264423030066E-012
 >>> 地球非球形引力分量 (地固系), 田谐:    1.9653333055163314E-014   2.0523391602898261E-014   8.2289514713378019E-015
 >>> 卫星在地固系坐标为:    134580.96871351346        267413.09580121277        53820.376034797926     
 >>> 地球非球形引力分量 (地固系), 带谐:   -1.1480325054438916E-012  -2.2811466531697475E-012  -1.5479315412932281E-012
 >>> 地球非球形引力分量 (地固系), 田谐:    1.9671803399457197E-014   2.0490027648805140E-014   8.2237979682243068E-015
 >>> 卫星在地固系坐标为:    134758.10919276709        267343.57109535980        53823.313359485990     
 >>> 地球非球形引力分量 (地固系), 带谐:   -1.1492084143400524E-012  -2.2798886335145738E-012  -1.5475630181927346E-012
 >>> 地球非球形引力分量 (地固系), 田谐:    1.9694816914537204E-014   2.0448285929071001E-014   8.2173467286656164E-015
 [RKF45] 总计算步数 :      272
 [RKF45] 耗时       :   0.1036 秒
 >>> 正在运行 RKF 7(8) 自适应积分...
 >>> 卫星在地固系坐标为:    86489.069243927108        70782.736250237678        20234.751054768909     
 >>> 地球非球形引力分量 (地固系), 带谐:   -1.0136379757867759E-010  -8.2956228018811778E-011  -8.0116476905284478E-011
 >>> 地球非球形引力分量 (地固系), 田谐:    1.0327813613212674E-012  -4.9439009279021687E-013   1.6197004020630655E-013
 >>> 卫星在地固系坐标为:    86877.629595257225        70555.247943657494        20266.975687514358     
 >>> 地球非球形引力分量 (地固系), 带谐:   -1.0109541951470072E-010  -8.2101830161088658E-011  -7.9677391703112571E-011
 >>> 地球非球形引力分量 (地固系), 田谐:    1.0176524712082136E-012  -5.0424543157086256E-013   1.5785751136651570E-013
 >>> 卫星在地固系坐标为:    87071.711169645132        70440.632544442939        20283.062587602959     
 >>> 地球非球形引力分量 (地固系), 带谐:   -1.0096138865672267E-010  -8.1677320728068995E-011  -7.9459260545058414E-011
 >>> 地球非球形引力分量 (地固系), 田谐:    1.0100940562959446E-012  -5.0909524895812321E-013   1.5581405810880927E-013
 >>> 卫星在地固系坐标为:    87362.744808093194        70267.752635204495        20307.199405032548     
 >>> 地球非球形引力分量 (地固系), 带谐:   -1.0075978351329890E-010  -8.1043281767783267E-011  -7.9133219363120029E-011
 >>> 地球非球形引力分量 (地固系), 田谐:    9.9875686510530014E-013  -5.1626922789900525E-013   1.5276363883459869E-013
 >>> 卫星在地固系坐标为:    88669.868376251732        69474.695189875740        20415.658962134017     
 >>> 地球非球形引力分量 (地固系), 带谐:   -9.9849438162017574E-011  -7.8234121784762279E-011  -7.7686894209939120E-011
 >>> 地球非球形引力分量 (地固系), 田谐:    9.4781643487260968E-013  -5.4709403546678890E-013   1.3926312448817828E-013
 >>> 卫星在地固系坐标为:    89104.604879470309        69204.848032880400        20451.755687587440     
 >>> 地球非球形引力分量 (地固系), 带谐:   -9.9544910624438027E-011  -7.7313517315176580E-011  -7.7212261221270184E-011
 >>> 地球非球形引力分量 (地固系), 田谐:    9.3087209802034298E-013  -5.5684402080183289E-013   1.3484488234352633E-013
 >>> 卫星在地固系坐标为:    90838.243453643183        68097.951713313669        20595.862526805155     
 >>> 地球非球形引力分量 (地固系), 带谐:   -9.8321880811265634E-011  -7.3708147992366506E-011  -7.5350190490766797E-011
 >>> 地球非球形引力分量 (地固系), 田谐:    8.6333946733087354E-013  -5.9326523993571483E-013   1.1757819596629417E-013
 >>> 卫星在地固系坐标为:    87362.744807405033        70267.752635082405        20307.199404934079     
 >>> 地球非球形引力分量 (地固系), 带谐:   -1.0075978351522599E-010  -8.1043281769830836E-011  -7.9133219364885788E-011
 >>> 地球非球形引力分量 (地固系), 田谐:    9.9875686513470302E-013  -5.1626922790054813E-013   1.5276363884065058E-013
 >>> 卫星在地固系坐标为:    89972.519543648290        68656.903693089567        20523.864955355257     
 >>> 地球非球形引力分量 (地固系), 带谐:   -9.8934344659644344E-011  -7.5495560285392220E-011  -7.6274001161223112E-011
 >>> 地球非球形引力分量 (地固系), 田谐:    8.9705199296051421E-013  -5.7556687872809520E-013   1.2613053786069754E-013
 >>> 卫星在地固系坐标为:    88234.634930600732        69741.794049380027        20379.534059559704     
 >>> 地球非球形引力分量 (地固系), 带谐:   -1.0015343836455809E-010  -7.9162570086589149E-011  -7.8165241695244632E-011
 >>> 地球非球形引力分量 (地固系), 田谐:    9.6478034489716628E-013  -5.3708271093615146E-013   1.4372224836856409E-013
 >>> 卫星在地固系坐标为:    91701.640639432560        67527.984403041788        20667.749049726564     
 >>> 地球非球形引力分量 (地固系), 带谐:   -9.7707655762676811E-011  -7.1950741648591791E-011  -7.4440564091048603E-011
 >>> 地球非球形引力分量 (地固系), 田谐:    8.2975353220399915E-013  -6.0995328431025688E-013   1.0918682340881768E-013
 >>> 卫星在地固系坐标为:    86489.069243919410        70782.736250240880        20234.751054768476     
 >>> 地球非球形引力分量 (地固系), 带谐:   -1.0136379757868570E-010  -8.2956228018829523E-011  -8.0116476905296575E-011
 >>> 地球非球形引力分量 (地固系), 田谐:    1.0327813613215719E-012  -4.9439009279006450E-013   1.6197004020638778E-013
 >>> 卫星在地固系坐标为:    91701.640639439924        67527.984403038179        20667.749049726997     
 >>> 地球非球形引力分量 (地固系), 带谐:   -9.7707655762669030E-011  -7.1950741648576436E-011  -7.4440564091037979E-011
 >>> 地球非球形引力分量 (地固系), 田谐:    8.2975353220371733E-013  -6.0995328431035311E-013   1.0918682340874973E-013
 >>> 卫星在地固系坐标为:    91701.640645406645        67527.984401453577        20667.749050259092     
 >>> 地球非球形引力分量 (地固系), 带谐:   -9.7707655752868517E-011  -7.1950741634989452E-011  -7.4440564080485765E-011
 >>> 地球非球形引力分量 (地固系), 田谐:    8.2975353197749555E-013  -6.0995328434495394E-013   1.0918682335834964E-013
 >>> 卫星在地固系坐标为:    92084.638625516498        67271.163501347124        20699.674035781252     
 >>> 地球非球形引力分量 (地固系), 带谐:   -9.7433931596582569E-011  -7.1179015749501361E-011  -7.4040614996002892E-011
 >>> 地球非球形引力分量 (地固系), 田谐:    8.1487023105735373E-013  -6.1704834048709654E-013   1.0550848911379754E-013
 >>> 卫星在地固系坐标为:    92275.878707810436        67141.883415596982        20715.611995831925     
 >>> 地球非球形引力分量 (地固系), 带谐:   -9.7297260242992070E-011  -7.0795546955209086E-011  -7.3841898612398511E-011
 >>> 地球非球形引力分量 (地固系), 田谐:    8.0744243331880227E-013  -6.2052446438578713E-013   1.0368148594457649E-013
 >>> 卫星在地固系坐标为:    92562.574886826944        66946.995642075839        20739.525176518964     
 >>> 地球非球形引力分量 (地固系), 带谐:   -9.7091802262767897E-011  -7.0222813819884989E-011  -7.3544862192259096E-011
 >>> 地球非球形引力分量 (地固系), 田谐:    7.9631276118560874E-013  -6.2564541010056376E-013   1.0095537086683580E-013
 >>> 卫星在地固系坐标为:    93849.059318355110        66054.837885752393        20846.983777057725     
 >>> 地球非球形引力分量 (地固系), 带谐:   -9.6165250311324326E-011  -6.7685068616505152E-011  -7.2226863083836006E-011
 >>> 地球非球形引力分量 (地固系), 田谐:    7.4646335227169549E-013  -6.4734825941956856E-013   8.8905711715152562E-014
 >>> 卫星在地固系坐标为:    94276.507766682698        65751.937394472116        20882.748801296992     
 >>> 地球非球形引力分量 (地固系), 带谐:   -9.5855723211856050E-011  -6.6853340888759346E-011  -7.1794220288186699E-011
 >>> 地球非球形引力分量 (地固系), 田谐:    7.2993884153540077E-013  -6.5410053506796118E-013   8.4967957571003623E-014
 >>> 卫星在地固系坐标为:    95978.945474954380        64512.760383884575        21025.538476468606     
 >>> 地球非球形引力分量 (地固系), 带谐:   -9.4614635237418495E-011  -6.3595731977207591E-011  -7.0096293666526506E-011
 >>> 地球非球形引力分量 (地固系), 田谐:    6.6435759825150945E-013  -6.7874983205639206E-013   6.9607277247904750E-014
 >>> 卫星在地固系坐标为:    92562.574886195929        66946.995641990623        20739.525176427622     
 >>> 地球非球形引力分量 (地固系), 带谐:   -9.7091802264464974E-011  -7.0222813821501752E-011  -7.3544862193731840E-011
 >>> 地球非球形引力分量 (地固系), 田谐:    7.9631276120848808E-013  -6.2564541010588368E-013   1.0095537087106013E-013
 >>> 卫星在地固系坐标为:    95129.232225121174        65137.863762217567        20954.197567223830     
 >>> 地球非球形引力分量 (地固系), 带谐:   -9.5235745521915726E-011  -6.5210796639454022E-011  -7.0938787580272984E-011
 >>> 地球非球形引力分量 (地固系), 田谐:    6.9704066629242854E-013  -6.6689334273896387E-013   7.7209827008406095E-014
 >>> 卫星在地固系坐标为:    93420.909578121747        66354.980932284554        20811.191548499501     
 >>> 地球非球形引力分量 (地固系), 带谐:   -9.6474449522170900E-011  -6.8523848541028115E-011  -7.2662830565256744E-011
 >>> 地球非球形引力分量 (地固系), 田谐:    7.6303529572462437E-013  -6.4035622438010422E-013   9.2882774854374727E-014
 >>> 卫星在地固系坐标为:    96825.509660357944        63876.629275989559        21096.772143990664     
 >>> 地球非球形引力分量 (地固系), 带谐:   -9.3992508061695864E-011  -6.2007673527749252E-011  -6.9266504898880610E-011
 >>> 地球非球形引力分量 (地固系), 田谐:    6.3190603046272430E-013  -6.8968536307470192E-013   6.2159189865748210E-014
 >>> 卫星在地固系坐标为:    91701.640645399981        67527.984401456633        20667.749050258670     
 >>> 地球非球形引力分量 (地固系), 带谐:   -9.7707655752876065E-011  -7.1950741635003514E-011  -7.4440564080495588E-011
 >>> 地球非球形引力分量 (地固系), 田谐:    8.2975353197774980E-013  -6.0995328434487376E-013   1.0918682335841033E-013
 >>> 卫星在地固系坐标为:    96825.509660364318        63876.629275986168        21096.772143991082     
 >>> 地球非球形引力分量 (地固系), 带谐:   -9.3992508061688497E-011  -6.2007673527737039E-011  -6.9266504898871834E-011
 >>> 地球非球形引力分量 (地固系), 田谐:    6.3190603046249408E-013  -6.8968536307474069E-013   6.2159189865698076E-014
 >>> 卫星在地固系坐标为:    96825.509665674675        63876.629274365980        21096.772144493461     
 >>> 地球非球形引力分量 (地固系), 带谐:   -9.3992508052833425E-011  -6.2007673516921704E-011  -6.9266504890075428E-011
 >>> 地球非球形引力分量 (地固系), 田谐:    6.3190603028070236E-013  -6.8968536307130727E-013   6.2159189829141782E-014
 >>> 卫星在地固系坐标为:    97200.761817887498        63590.397080064336        21128.407813089838     
 >>> 地球非球形引力分量 (地固系), 带谐:   -9.3715523817645257E-011  -6.1310294905873892E-011  -6.8901591080924498E-011
 >>> 地球非球形引力分量 (地固系), 田谐:    6.1756037256750957E-013  -6.9425264430555670E-013   5.8898088249402134E-014
 >>> 卫星在地固系坐标为:    97388.067994452125        63446.417022440430        21144.201953303862     
 >>> 地球非球形引力分量 (地固系), 带谐:   -9.3577247813591879E-011  -6.0963742385069394E-011  -6.8720257936158139E-011
 >>> 地球非球形引力分量 (地固系), 田谐:    6.1040816243802766E-013  -6.9647173802608521E-013   5.7279052824161285E-014
 >>> 卫星在地固系坐标为:    97668.786781900795        63229.474060178582        21167.899189148891     
 >>> 地球非球形引力分量 (地固系), 带谐:   -9.3369476360827031E-011  -6.0446157652727155E-011  -6.8449192288767504E-011
 >>> 地球非球形引力分量 (地固系), 田谐:    5.9970191242978744E-013  -6.9971546307426971E-013   5.4864432692757518E-014
 >>> 卫星在地固系坐标为:    98927.236668202779        62238.083050105015        21274.391172201711     
 >>> 地球非球形引力分量 (地固系), 带谐:   -9.2433471233654992E-011  -5.8152661016344791E-011  -6.7246127032336979E-011
 >>> 地球非球形引力分量 (地固系), 田谐:    5.5189351350400561E-013  -7.1309728344796016E-013   4.4207284341640889E-014
 >>> 卫星在地固系坐标为:    99344.926470680919        61902.114100366292        21309.835842768625     
 >>> 地球非球形引力分量 (地固系), 带谐:   -9.2121133892080611E-011  -5.7400947827221352E-011  -6.6851103466697270E-011
 >>> 地球非球形引力分量 (地固系), 田谐:    5.3609762950567557E-013  -7.1712226277756794E-013   4.0730319195086917E-014
 >>> 卫星在地固系坐标为:    101006.25592669980        60530.742587851702        21451.353257064486     
 >>> 地球非球形引力分量 (地固系), 带谐:   -9.0870447198849565E-011  -5.4456583879598625E-011  -6.5300288400469175E-011
 >>> 地球非球形引力分量 (地固系), 田谐:    4.7366354447880261E-013  -7.3109746437545991E-013   2.7195635640009353E-014
 >>> 卫星在地固系坐标为:    97668.786781322051        63229.474060125176        21167.899189064130     
 >>> 地球非球形引力分量 (地固系), 带谐:   -9.3369476362318735E-011  -6.0446157654000018E-011  -6.8449192290000158E-011
 >>> 地球非球形引力分量 (地固系), 田谐:    5.9970191244705322E-013  -6.9971546308186449E-013   5.4864432695570192E-014
 >>> 卫星在地固系坐标为:    100177.51186688202        61221.924876986603        21380.646655323006     
 >>> 地球非球形引力分量 (地固系), 带谐:   -9.1496032940082124E-011  -5.5916374351995039E-011  -6.6069892619365132E-011
 >>> 地球非球形引力分量 (地固系), 田谐:    5.0472716365740207E-013  -7.2453077516624693E-013   3.3888637457820741E-014
 >>> 卫星在地固系坐标为:    98508.638552144970        62571.300022706848        21238.920220876596     
 >>> 地球非球形引力分量 (地固系), 带谐:   -9.2745649510122573E-011  -5.8910730536863458E-011  -6.7644131663187828E-011
 >>> 地球非球形引力分量 (地固系), 田谐:    5.6776075531162916E-013  -7.0885581774580282E-013   4.7721861356170178E-014
 >>> 卫星在地固系坐标为:    101831.01958764768        59828.579164448201        21521.956232184406     
 >>> 地球非球形引力分量 (地固系), 带谐:   -9.0244474614180572E-011  -5.3021159126874486E-011  -6.4542084546749717E-011
 >>> 地球非球形引力分量 (地固系), 田谐:    4.4292052068636993E-013  -7.3683856438107798E-013   2.0650122527606654E-014
 >>> 卫星在地固系坐标为:    96825.509665668855        63876.629274368868        21096.772144493054     
 >>> 地球非球形引力分量 (地固系), 带谐:   -9.3992508052840508E-011  -6.2007673516932897E-011  -6.9266504890083609E-011
 >>> 地球非球形引力分量 (地固系), 田谐:    6.3190603028091057E-013  -6.8968536307127758E-013   6.2159189829186715E-014
 >>> 卫星在地固系坐标为:    101831.01958765322        59828.579164445015        21521.956232184810     
 >>> 地球非球形引力分量 (地固系), 带谐:   -9.0244474614173799E-011  -5.3021159126864773E-011  -6.4542084546742428E-011
 >>> 地球非球形引力分量 (地固系), 田谐:    4.4292052068618621E-013  -7.3683856438107616E-013   2.0650122527570382E-014
 >>> 卫星在地固系坐标为:    101831.01959238065        59828.579162805800        21521.956232657874     
 >>> 地球非球形引力分量 (地固系), 带谐:   -9.0244474606227579E-011  -5.3021159118281992E-011  -6.4542084539388559E-011
 >>> 地球非球形引力分量 (地固系), 田谐:    4.4292052054407835E-013  -7.3683856435261073E-013   2.0650122501843387E-014
 >>> 卫星在地固系坐标为:    102196.31528486712        59513.013248866751        21553.312392252308     
 >>> 地球非球形引力分量 (地固系), 带谐:   -8.9965995891304644E-011  -5.2390807736093888E-011  -6.4208590513322313E-011
 >>> 地球非球形引力分量 (地固系), 田谐:    4.2936254687088657E-013  -7.3912802895601448E-013   1.7787992121787058E-014
 >>> 卫星在地固系坐标为:    102378.58184155553        59354.376178619561        21568.967574444847     
 >>> 地球非球形引力分量 (地固系), 带谐:   -8.9826992188405452E-011  -5.2077543851856993E-011  -6.4042849180243511E-011
 >>> 地球非球形引力分量 (地固系), 田谐:    4.2260987215036858E-013  -7.4021537622824619E-013   1.6367792224088985E-014
 >>> 卫星在地固系坐标为:    102651.66374355955        59115.448179171508        21592.456169045076     
 >>> 地球非球形引力分量 (地固系), 带谐:   -8.9618210291861539E-011  -5.1609691194615681E-011  -6.3795078858783634E-011
 >>> 地球非球形引力分量 (地固系), 田谐:    4.1251139754147177E-013  -7.4177042409033520E-013   1.4250895472881678E-014
 >>> 卫星在地固系坐标为:    103874.60123758888        58025.221365354824        21698.014143413777     
 >>> 地球非球形引力分量 (地固系), 带谐:   -8.8678468593352569E-011  -4.9536534524937619E-011  -6.2695134827287742E-011
 >>> 地球非球形引力分量 (地固系), 田谐:    3.6755180159772244E-013  -7.4768691244235459E-013   4.9236850530040709E-015
 >>> 卫星在地固系坐标为:    104280.03636607931        57656.346245719396        21733.149237239566     
 >>> 地球非球形引力分量 (地固系), 带谐:   -8.8365174208923134E-011  -4.8857032062852749E-011  -6.2333873970960551E-011
 >>> 地球非球形引力分量 (地固系), 田谐:    3.5274587971026779E-013  -7.4927234469855941E-013   1.8864374451263479E-015
 >>> 卫星在地固系坐标为:    105890.25869975617        56153.579006124331        21873.437041661105     
 >>> 地球非球形引力分量 (地固系), 带谐:   -8.7112049338098479E-011  -4.6195499047388549E-011  -6.0915137241335410E-011
 >>> 地球非球形引力分量 (地固系), 田谐:    2.9446465055917273E-013  -7.5373599939617087E-013  -9.9075635060269657E-015
 >>> 卫星在地固系坐标为:    102651.66374302868        59115.448179145496        21592.456168966379     
 >>> 地球非球形引力分量 (地固系), 带谐:   -8.9618210293170785E-011  -5.1609691195613861E-011  -6.3795078859818915E-011
 >>> 地球非球形引力分量 (地固系), 田谐:    4.1251139755400247E-013  -7.4177042409908745E-013   1.4250895474615664E-014
 >>> 卫星在地固系坐标为:    105087.48604200661        56910.410853118068        21803.343512784260     
 >>> 地球非球形引力分量 (地固系), 带谐:   -8.7738580023975268E-011  -4.7515064113701050E-011  -6.1619290702594514E-011
 >>> 地球非球形引力分量 (地固系), 田谐:    3.2341389965018248E-013  -7.5187560329003850E-013  -4.0812499346989539E-015
 >>> 卫星在地固系坐标为:    103468.04912488040        58391.364893561731        21662.853646211952     
 >>> 地球非球形引力分量 (地固系), 带谐:   -8.8991746809800961E-011  -5.0221779616380220E-011  -6.3059073328520856E-011
 >>> 地球非球形引力分量 (地固系), 田谐:    3.8244904157886294E-013  -7.4590949946768304E-013   7.9967415177693242E-015
 >>> 卫星在地固系坐标为:    106688.21476526801        55385.872715828918        21943.430379212692     
 >>> 地球非球形引力分量 (地固系), 带谐:   -8.6485665035374148E-011  -4.4897967839578516E-011  -6.0221231186471693E-011
 >>> 地球非球形引力分量 (地固系), 田谐:    2.6590924721025371E-013  -7.5487033027849180E-013  -1.5593755010508276E-014
 >>> 卫星在地固系坐标为:    101831.01959237561        59828.579162808543        21521.956232657489     
 >>> 地球非球形引力分量 (地固系), 带谐:   -9.0244474606234042E-011  -5.3021159118290833E-011  -6.4542084539395332E-011
 >>> 地球非球形引力分量 (地固系), 田谐:    4.4292052054424289E-013  -7.3683856435261567E-013   2.0650122501875614E-014
 >>> 卫星在地固系坐标为:    106688.21476527282        55385.872715825921        21943.430379213074     
 >>> 地球非球形引力分量 (地固系), 带谐:   -8.6485665035367970E-011  -4.4897967839570851E-011  -6.0221231186465658E-011
 >>> 地球非球形引力分量 (地固系), 田谐:    2.6590924721011154E-013  -7.5487033027846494E-013  -1.5593755010533750E-014
 >>> 卫星在地固系坐标为:    106688.21476948152        55385.872714181729        21943.430379657624     
 >>> 地球非球形引力分量 (地固系), 带谐:   -8.6485665028276085E-011  -4.4897967832785179E-011  -6.0221231180300176E-011
 >>> 地球非球形引力分量 (地固系), 田谐:    2.6590924710248819E-013  -7.5487033023483743E-013  -1.5593755027873512E-014
 >>> 卫星在地固系坐标为:    107041.32713616468        55041.210083543505        21974.516348281653     
 >>> 地球非球形引力分量 (地固系), 带谐:   -8.6207186109103607E-011  -4.4328185835237018E-011  -5.9915963901627799E-011
 >>> 地球非球形引力分量 (地固系), 田谐:    2.5334673380018723E-013  -7.5514446924335649E-013  -1.8076278512355081E-014
 >>> 卫星在地固系坐标为:    107217.44054048539        54868.038755130932        21990.037191936291     
 >>> 地球非球形引力分量 (地固系), 带谐:   -8.6068197073235269E-011  -4.4045009364081421E-011  -5.9764231990676029E-011
 >>> 地球非球形引力分量 (地固系), 田谐:    2.4709640774927968E-013  -7.5523150846747540E-013  -1.9307325952927070E-014
 >>> 卫星在地固系坐标为:    107481.21472857594        54607.315656484694        22013.324084715194     
 >>> 地球非球形引力分量 (地固系), 带谐:   -8.5859507581559948E-011  -4.3622108704825060E-011  -5.9537393686358228E-011
 >>> 地球非球形引力分量 (地固系), 田谐:    2.3775836691357372E-013  -7.5529545616295865E-013  -2.1141085440128167E-014
 >>> 卫星在地固系坐标为:    108661.11673283581        53419.190865955417        22117.979036369416     
 >>> 地球非球形引力分量 (地固系), 带谐:   -8.4920867459128194E-011  -4.1748181536319838E-011  -5.8530133675285536E-011
 >>> 地球非球形引力分量 (地固系), 田谐:    1.9631281873565723E-013  -7.5464040202034142E-013  -2.9204495634658474E-014
 >>> 卫星在地固系坐标为:    109051.78817206819        53017.752463463148        22152.814795178238     
 >>> 地球非球形引力分量 (地固系), 带谐:   -8.4608184354649375E-011  -4.1133995596844348E-011  -5.8199227068574982E-011
 >>> 地球非球形引力分量 (地固系), 田谐:    1.8271072146317366E-013  -7.5408580338322714E-013  -3.1824248866629529E-014
 >>> 卫星在地固系坐标为:    110600.86310813132        51385.112854692386        22291.913528141766     
 >>> 地球非球形引力分量 (地固系), 带谐:   -8.3358680535617073E-011  -3.8728406690218854E-011  -5.6899277319872560E-011
 >>> 地球非球形引力分量 (地固系), 田谐:    1.2939849325276449E-013  -7.5024287786039014E-013  -4.1967306119222930E-014
 >>> 卫星在地固系坐标为:    107481.21472808908        54607.315656482198        22013.324084642092     
 >>> 地球非球形引力分量 (地固系), 带谐:   -8.5859507582707429E-011  -4.3622108705603663E-011  -5.9537393687230477E-011
 >>> 地球非球形引力分量 (地固系), 田谐:    2.3775836692218647E-013  -7.5529545617205774E-013  -2.1141085439207654E-014
 >>> 卫星在地固系坐标为:    109829.08265501307        52206.802188832102        22222.412888166582     
 >>> 地球非球形引力分量 (地固系), 带谐:   -8.3983168783595235E-011  -3.9921053457659274E-011  -5.7544557981471856E-011
 >>> 地球非球形引力分量 (地固系), 田谐:    1.5583315025791173E-013  -7.5248498822373860E-013  -3.6962645091405349E-014
 >>> 卫星在地固系坐标为:    108269.11904015667        53817.933211750620        22083.118708246162     
 >>> 地球非球形引力分量 (地固系), 带谐:   -8.5233655299238412E-011  -4.2367567123054234E-011  -5.8863449542977805E-011
 >>> 地球非球形引力分量 (地固系), 田谐:    2.1002225421706229E-013  -7.5502829296289866E-013  -2.6550824181539927E-014
 >>> 卫星在地固系坐标为:    111366.99015688391        50552.716667019966        22361.317243383106     
 >>> 地球非球形引力分量 (地固系), 带谐:   -8.2734789694489094E-011  -3.7555727922960837E-011  -5.6263223507131652E-011
 >>> 地球非球形引力分量 (地固系), 田谐:    1.0341527861173801E-013  -7.4737652517421987E-013  -4.6839532213161376E-014
 >>> 卫星在地固系坐标为:    106688.21476947716        55385.872714184319        21943.430379657257     
 >>> 地球非球形引力分量 (地固系), 带谐:   -8.6485665028281927E-011  -4.4897967832792164E-011  -6.0221231180305812E-011
 >>> 地球非球形引力分量 (地固系), 田谐:    2.6590924710261507E-013  -7.5487033023486499E-013  -1.5593755027851093E-014
 >>> 卫星在地固系坐标为:    111366.99015688805        50552.716667017150        22361.317243383466     
 >>> 地球非球形引力分量 (地固系), 带谐:   -8.2734789694483678E-011  -3.7555727922954898E-011  -5.6263223507126695E-011
 >>> 地球非球形引力分量 (地固系), 田谐:    1.0341527861163182E-013  -7.4737652517417888E-013  -4.6839532213178554E-014
 >>> 卫星在地固系坐标为:    111366.99016063430        50552.716665379761        22361.317243800560     
 >>> 地球非球形引力分量 (地固系), 带谐:   -8.2734789688182074E-011  -3.7555727917614666E-011  -5.6263223501943000E-011
 >>> 地球非球形引力分量 (地固系), 田谐:    1.0341527853326064E-013  -7.4737652512271950E-013  -4.6839532224097480E-014
 >>> 卫星在地固系坐标为:    111705.68732684637        50179.356131411267        22392.141879900126     
 >>> 地球非球形引力分量 (地固系), 带谐:   -8.2457574632539781E-011  -3.7040799821695621E-011  -5.5983358171433185E-011
 >>> 地球非球形引力分量 (地固系), 田谐:    9.2014072976066373E-014  -7.4590540839476934E-013  -4.8962721999718556E-014
 >>> 卫星在地固系坐标为:    111874.53184884146        49991.854260961554        22407.532777145931     
 >>> 地球非球形引力分量 (地固系), 带谐:   -8.2319228406197405E-011  -3.6784876784269150E-011  -5.5844235538455171E-011
 >>> 地球非球形引力分量 (地固系), 田谐:    8.6347956794172900E-014  -7.4512725242532931E-013  -5.0014753378949123E-014
 >>> 卫星在地固系坐标为:    112127.32460348960        49709.647505839814        22430.624565864407     
 >>> 地球非球形引力分量 (地固系), 带谐:   -8.2111564282300677E-011  -3.6402696051656651E-011  -5.5636238070511345E-011
 >>> 地球非球形引力分量 (地固系), 田谐:    7.7891608950356495E-014  -7.4390299536320929E-013  -5.1580630810530699E-014
 >>> 卫星在地固系坐标为:    113256.66088559509        48425.110280216482        22534.405958164723     
 >>> 地球非球形引力分量 (地固系), 带谐:   -8.1178118135167849E-011  -3.4709299146712952E-011  -5.4712424265305096E-011
 >>> 地球非球形引力分量 (地固系), 田谐:    4.0484440804143972E-014  -7.3759158502415523E-013  -5.8449290658249579E-014
 >>> 卫星在地固系坐标为:    113630.05938463582        47991.634376162161        22568.952121493519     
 >>> 地球非球形引力分量 (地固系), 带谐:   -8.0867372713353189E-011  -3.4154319774515870E-011  -5.4408854261862531E-011
 >>> 地球非球形引力分量 (地固系), 田谐:    2.8253213560469901E-014  -7.3520268430617616E-013  -6.0674707603436814E-014
 >>> 卫星在地固系坐标为:    115107.95646314471        46231.378773254153        22706.900338995954     
 >>> 地球非球形引力分量 (地固系), 带谐:   -7.9626613541455863E-011  -3.1980831249013072E-011  -5.3215919920385800E-011
 >>> 地球非球形引力分量 (地固系), 田谐:   -1.9460246900970415E-014  -7.2427842360321084E-013  -6.9260121816835475E-014
 >>> 卫星在地固系坐标为:    112127.32460304319        49709.647505857436        22430.624565796450     
 >>> 地球非球形引力分量 (地固系), 带谐:   -8.2111564283305391E-011  -3.6402696052259911E-011  -5.5636238071248608E-011
 >>> 地球非球形引力分量 (地固系), 田谐:    7.7891608955793867E-014  -7.4390299537208866E-013  -5.1580630810213186E-014
 >>> 卫星在地固系坐标为:    114372.18195533732        47116.766738781145        22637.973389933464     
 >>> 地球非球形引力分量 (地固系), 带谐:   -8.0246533470070188E-011  -3.3058363794979155E-011  -5.3808154437392170E-011
 >>> 地球非球形引力分量 (地固系), 田谐:    4.1525980270205576E-015  -7.3001002690668166E-013  -6.5030332268906898E-014
 >>> 卫星在地固系坐标为:    112881.72733665365        48855.940970551019        22499.836018927133     
 >>> 地球非球形引力分量 (地固系), 带谐:   -8.1489070500665788E-011  -3.5268996249961360E-011  -5.5018165727181238E-011
 >>> 地球非球形引力分量 (地固系), 田谐:    5.2835166178458270E-014  -7.3983935919427047E-013  -5.6191915866729151E-014
 >>> 卫星在地固系坐标为:    115837.24445832754        45335.512940994267        22775.733471558146     
 >>> 地球非球形引力分量 (地固系), 带谐:   -7.9007672112270143E-011  -3.0921430825059262E-011  -5.2632007334683278E-011
 >>> 地球非球形引力分量 (地固系), 田谐:   -4.2579296350227491E-014  -7.1802488485402865E-013  -7.3365413387130201E-014
 >>> 卫星在地固系坐标为:    111366.99016063051        50552.716665382213        22361.317243800218     
 >>> 地球非球形引力分量 (地固系), 带谐:   -8.2734789688187386E-011  -3.7555727917620185E-011  -5.6263223501947737E-011
 >>> 地球非球形引力分量 (地固系), 田谐:    1.0341527853335550E-013  -7.4737652512276070E-013  -4.6839532224082486E-014
 >>> 卫星在地固系坐标为:    115837.24445833112        45335.512940991626        22775.733471558488     
 >>> 地球非球形引力分量 (地固系), 带谐:   -7.9007672112265218E-011  -3.0921430825054571E-011  -5.2632007334679097E-011
 >>> 地球非球形引力分量 (地固系), 田谐:   -4.2579296350303707E-014  -7.1802488485397927E-013  -7.3365413387140967E-014
 >>> 卫星在地固系坐标为:    115837.24446166442        45335.512939370921        22775.733471949363     
 >>> 地球非球形引力分量 (地固系), 带谐:   -7.9007672106686208E-011  -3.0921430820875900E-011  -5.2632007330308733E-011
 >>> 地球非球形引力分量 (地固系), 田谐:   -4.2579296404417104E-014  -7.1802488479997928E-013  -7.3365413393212028E-014
 >>> 卫星在地固系坐标为:    116159.30101161081        44934.016691689518        22806.305202640109     
 >>> 地球非球形引力分量 (地固系), 带谐:   -7.8732789275495136E-011  -3.0456282335365894E-011  -5.2375040605866460E-011
 >>> 地球非球形引力分量 (地固系), 田谐:   -5.2694353417337357E-014  -7.1508128421910316E-013  -7.5150261962906148E-014
 >>> 卫星在地固系坐标为:    116319.76445935320        44732.469725593102        22821.570332213625     
 >>> 地球非球形引力分量 (地固系), 带谐:   -7.8595616865330087E-011  -3.0225096038784064E-011  -5.2247286231494835E-011
 >>> 地球非球形引力分量 (地固系), 田谐:   -5.7714874219917287E-014  -7.1357428211119559E-013  -7.6033771738913352E-014
 >>> 卫星在地固系坐标为:    116559.90778319139        44429.213378814959        22844.473293955525     
 >>> 地球非球形引力分量 (地固系), 带谐:   -7.8389766606589180E-011  -2.9879876653281751E-011  -5.2056276022734201E-011
 >>> 地球非球形引力分量 (地固系), 田谐:   -6.5198933334418937E-014  -7.1126638506143388E-013  -7.7347549312562707E-014
 >>> 卫星在地固系坐标为:    117631.17983238990        43050.301593991804        22947.409161076277     
 >>> 地球非球形引力分量 (地固系), 带谐:   -7.7464972476358255E-011  -2.8350395131880093E-011  -5.1207718079750943E-011
 >>> 地球非球形引力分量 (地固系), 田谐:   -9.8180693335648400E-014  -7.0021885868721857E-013  -8.3092784086722817E-014
 >>> 卫星在地固系坐标为:    117984.80889354895        42585.498246701929        22981.674997051461     
 >>> 地球非球形引力分量 (地固系), 带谐:   -7.7157285286183707E-011  -2.7849190655041300E-011  -5.0928808433078800E-011
 >>> 地球非球形引力分量 (地固系), 田谐:   -1.0891951188400600E-013  -6.9630218040466213E-013  -8.4947746545493273E-014
 >>> 卫星在地固系坐标为:    119381.55958436275        40700.620815885282        23118.509393980381     
 >>> 地球非球形引力分量 (地固系), 带谐:   -7.5929597872837347E-011  -2.5886592389012471E-011  -4.9832445977930912E-011
 >>> 地球非球形引力分量 (地固系), 田谐:   -1.5058504167386030E-013  -6.7952061432858177E-013  -9.2071540606889570E-014
 >>> 卫星在地固系坐标为:    116559.90778278222        44429.213378849694        22844.473293892308     
 >>> 地球非球形引力分量 (地固系), 带谐:   -7.8389766607468046E-011  -2.9879876653744998E-011  -5.2056276023359297E-011
 >>> 地球非球形引力分量 (地固系), 田谐:   -6.5198933331500531E-014  -7.1126638506971962E-013  -7.7347549312682879E-014
 >>> 卫星在地固系坐标为:    118686.77161137707        41648.179539096345        23050.137863518037     
 >>> 地球非球形引力分量 (地固系), 带谐:   -7.6542816533232662E-011  -2.6859513677247947E-011  -5.0376804397275450E-011
 >>> 地球非球形引力分量 (地固系), 田谐:   -1.3001122008166311E-013  -6.8813018057627888E-013  -8.8568514777341640E-014
 >>> 卫星在地固系坐标为:    117275.80848951744        43512.525954154582        22913.120304425116     
 >>> 地球非球形引力分量 (地固系), 带谐:   -7.7772952896067443E-011  -2.8855888311559661E-011  -5.1488588116552780E-011
 >>> 地球非球形引力分量 (地固系), 田谐:   -8.7313943433852785E-014  -7.0401985635585103E-013  -8.1207876567428437E-014
 >>> 卫星在地固系坐标为:    120069.03602150286        39742.874801631042        23186.790067458671     
 >>> 地球非球形引力分量 (地固系), 带谐:   -7.5317679190697807E-011  -2.4930166790788957E-011  -4.9295605731556081E-011
 >>> 地球非球形引力分量 (地固系), 田谐:   -1.7063733762057227E-013  -6.7049016721791317E-013  -9.5458186820913387E-014
 >>> 卫星在地固系坐标为:    115837.24446166112        45335.512939373228        22775.733471949039     
 >>> 地球非球形引力分量 (地固系), 带谐:   -7.9007672106690952E-011  -3.0921430820880217E-011  -5.2632007330312701E-011
 >>> 地球非球形引力分量 (地固系), 田谐:   -4.2579296404349559E-014  -7.1802488480002614E-013  -7.3365413393202764E-014
 >>> 卫星在地固系坐标为:    120069.03602150598        39742.874801628568        23186.790067458991     
 >>> 地球非球形引力分量 (地固系), 带谐:   -7.5317679190693452E-011  -2.4930166790785309E-011  -4.9295605731552578E-011
 >>> 地球非球形引力分量 (地固系), 田谐:   -1.7063733762062455E-013  -6.7049016721786208E-013  -9.5458186820919571E-014
 >>> 卫星在地固系坐标为:    120069.03602446993        39742.874800032696        23186.790067824979     
 >>> 地球非球形引力分量 (地固系), 带谐:   -7.5317679185768974E-011  -2.4930166787538841E-011  -4.9295605727857866E-011
 >>> 地球非球形引力分量 (地固系), 田谐:   -1.7063733765507460E-013  -6.7049016716500684E-013  -9.5458186823393679E-014
 >>> 卫星在地固系坐标为:    120372.24463599865        39313.969171975557        23217.116915221257     
 >>> 地球非球形引力分量 (地固系), 带谐:   -7.5046030218854139E-011  -2.4510279154675172E-011  -4.9059315325237021E-011
 >>> 地球非球形引力分量 (地固系), 田谐:   -1.7938092035264200E-013  -6.6634486023796430E-013  -9.6926221959397867E-014
 >>> 卫星在地固系坐标为:    120523.22418201194        39098.744637159070        23232.260255475569     
 >>> 地球非球形引力分量 (地固系), 带谐:   -7.4910479861711540E-011  -2.4301587869379669E-011  -4.8941827343224516E-011
 >>> 地球非球形引力分量 (地固系), 田谐:   -1.8371417585626625E-013  -6.6424425243150987E-013  -9.7651970364364216E-014
 >>> 卫星在地固系坐标为:    120749.06453882887        38774.995894010979        23254.980366201555     
 >>> 地球非球形引力分量 (地固系), 带谐:   -7.4707108864892130E-011  -2.3989981624728204E-011  -4.8766158599438114E-011
 >>> 地球非球形引力分量 (地固系), 田谐:   -1.9016485363599703E-013  -6.6105544355521059E-013  -9.8729819492238174E-014
 >>> 卫星在地固系坐标为:    121754.84497350668        37304.301595153935        23357.097400175120     
 >>> 地球非球形引力分量 (地固系), 带谐:   -7.3793884089223479E-011  -2.2609607926002681E-011  -4.7985582403576661E-011
 >>> 地球非球形引力分量 (地固系), 田谐:   -2.1846597875758446E-013  -6.4618144570480238E-013  -1.0342461336922515E-013
 >>> 卫星在地固系坐标为:    122086.23400919151        36809.065603446077        23391.091734186219     
 >>> 地球非球形引力分量 (地固系), 带谐:   -7.3490200154713428E-011  -2.2157335105459716E-011  -4.7728955570939340E-011
 >>> 地球非球形引力分量 (地固系), 田谐:   -2.2763442072014493E-013  -6.4103914203444576E-013  -1.0493352256982171E-013
 >>> 卫星在地固系坐标为:    123391.98445558295        34803.299358066812        23526.847257334255     
 >>> 地球非球形引力分量 (地固系), 带谐:   -7.2279232189413404E-011  -2.0386703126286863E-011  -4.6719883829905021E-011
 >>> 地球非球形引力分量 (地固系), 田谐:   -2.6297521840732596E-013  -6.1960267369100519E-013  -1.1069363104334963E-013
 >>> 卫星在地固系坐标为:    120749.06453845405        38774.995894060201        23254.980366142707     
 >>> 地球非球形引力分量 (地固系), 带谐:   -7.4707108865660412E-011  -2.3989981625079830E-011  -4.8766158599969752E-011
 >>> 地球非球形引力分量 (地固系), 田谐:   -1.9016485363502576E-013  -6.6105544356266864E-013  -9.8729819492666065E-014
 >>> 卫星在地固系坐标为:    122743.10406238580        35811.131577844004        23459.013742663057     
 >>> 地球非球形引力分量 (地固系), 带谐:   -7.2883951872717032E-011  -2.1264386381336125E-011  -4.7220961439366183E-011
 >>> 地球非球形引力分量 (地固系), 田谐:   -2.4557184293121543E-013  -6.3049030868465048E-013  -1.0786833842313158E-013
 >>> 卫星在地固系坐标为:    121421.50908808199        37797.040218199611        23323.080764861243     
 >>> 地球非球形引力分量 (地固系), 带谐:   -7.4097933948151341E-011  -2.3065786371441769E-011  -4.8243981966362265E-011
 >>> 地球非球形引力分量 (地固系), 田谐:   -2.0916471460963068E-013  -6.5123296081127982E-013  -1.0188780755471133E-013
 >>> 卫星在地固系坐标为:    124032.74079431516        33785.631888540032        23594.592734800430     
 >>> 地球非球形引力分量 (地固系), 带谐:   -7.1676083039455015E-011  -1.9524052611231540E-011  -4.6225609269041984E-011
 >>> 地球非球形引力分量 (地固系), 田谐:   -2.7984314513974955E-013  -6.0839233606215020E-013  -1.1341077810425826E-013
 >>> 卫星在地固系坐标为:    120069.03602446706        39742.874800034871        23186.790067824677     
 >>> 地球非球形引力分量 (地固系), 带谐:   -7.5317679185773097E-011  -2.4930166787542170E-011  -4.9295605727861149E-011
 >>> 地球非球形引力分量 (地固系), 田谐:   -1.7063733765502853E-013  -6.7049016716505450E-013  -9.5458186823388416E-014
 >>> 卫星在地固系坐标为:    124032.74079431784        33785.631888537704        23594.592734800728     
 >>> 地球非球形引力分量 (地固系), 带谐:   -7.1676083039451163E-011  -1.9524052611228726E-011  -4.6225609269039076E-011
 >>> 地球非球形引力分量 (地固系), 田谐:   -2.7984314513978267E-013  -6.0839233606210103E-013  -1.1341077810426111E-013
 >>> 卫星在地固系坐标为:    124032.74079695101        33785.631886973380        23594.592735143200     
 >>> 地球非球形引力分量 (地固系), 带谐:   -7.1676083035115587E-011  -1.9524052608729267E-011  -4.6225609265907189E-011
 >>> 地球非球形引力分量 (地固系), 田谐:   -2.7984314515867535E-013  -6.0839233601282814E-013  -1.1341077810412573E-013
 >>> 卫星在地固系坐标为:    124314.92400267231        33330.207273975058        23624.682340884381     
 >>> 地球非球形引力分量 (地固系), 带谐:   -7.1408427255382403E-011  -1.9145389828491568E-011  -4.6008019029596527E-011
 >>> 地球非球形引力分量 (地固系), 田谐:   -2.8716741823493820E-013  -6.0330968286733843E-013  -1.1458388571878487E-013
 >>> 卫星在地固系坐标为:    124455.33206436802        33101.754719989716        23639.707681907410     
 >>> 地球非球形引力分量 (地固系), 带谐:   -7.1274876511695271E-011  -1.8957190831867749E-011  -4.5899817455696367E-011
 >>> 地球非球形引力分量 (地固系), 田谐:   -2.9079042796000520E-013  -6.0074739573524443E-013  -1.1516280993600518E-013
 >>> 卫星在地固系坐标为:    124665.23920570147        32758.193782261318        23662.250634669632     
 >>> 地球非球形引力分量 (地固系), 带谐:   -7.1074545063187732E-011  -1.8676206254449520E-011  -4.5738026378460411E-011
 >>> 地球非球形引力分量 (地固系), 田谐:   -2.9617457782889585E-013  -5.9687527239132940E-013  -1.1602115874392653E-013
 >>> 卫星在地固系坐标为:    125598.21152441678        31198.862215855617        23763.574266466985     
 >>> 地球非球形引力分量 (地固系), 带谐:   -7.0175345143766063E-011  -1.7431704619972589E-011  -4.5018960530880934E-011
 >>> 地球非球形引力分量 (地固系), 田谐:   -3.1966437678990139E-013  -5.7905919898397997E-013  -1.1973956236768973E-013
 >>> 卫星在地固系坐标为:    125904.92912319188        30674.272632011351        23797.305507875077     
 >>> 地球非球形引力分量 (地固系), 带谐:   -6.9876459515535005E-011  -1.7024032217531396E-011  -4.4782500737559834E-011
 >>> 地球非球形引力分量 (地固系), 田谐:   -3.2722553052064698E-013  -5.7298422946034725E-013  -1.2092714297234828E-013
 >>> 卫星在地固系坐标为:    127109.99325406566        28552.086706987517        23932.015461205603     
 >>> 地球非球形引力分量 (地固系), 带谐:   -6.8685277915742955E-011  -1.5428432968476301E-011  -4.3852457501506053E-011
 >>> 地球非球形引力分量 (地固系), 田谐:   -3.5612664562213172E-013  -5.4805468984033846E-013  -1.2542263553791806E-013
 >>> 卫星在地固系坐标为:    124665.23920535833        32758.193782322738        23662.250634614807     
 >>> 地球非球形引力分量 (地固系), 带谐:   -7.1074545063858744E-011  -1.8676206254712267E-011  -4.5738026378913835E-011
 >>> 地球非球形引力分量 (地固系), 田谐:   -2.9617457782938230E-013  -5.9687527239783618E-013  -1.1602115874456118E-013
 >>> 卫星在地固系坐标为:    126511.85537596198        29617.927294528843        23864.703376699072     
 >>> 地球非球形引力分量 (地固系), 带谐:   -6.9279987528500134E-011  -1.6219267573676425E-011  -4.4314345662127850E-011
 >>> 地球非球形引力分量 (地固系), 田谐:   -3.4194469541916216E-013  -5.6064153958049606E-013  -1.2322550964824625E-013
 >>> 卫星在地固系坐标为:    125289.34628142162        31721.051358815057        23729.821409424276     
 >>> 地球非球形引力分量 (地固系), 带谐:   -7.0474657768433699E-011  -1.7842939602749710E-011  -4.5257025923781468E-011
 >>> 地球非球形引力分量 (地固系), 田谐:   -3.1196882230642155E-013  -5.8506733185976815E-013  -1.1852615329088798E-013
 >>> 卫星在地固系坐标为:    127699.21149669462        27476.823944825090        23999.242196913252     
 >>> 地球非球形引力分量 (地固系), 带谐:   -6.8092365798149568E-011  -1.4651319495976786E-011  -4.3396735051273704E-011
 >>> 地球非球形引力分量 (地固系), 田谐:   -3.6977203954861731E-013  -5.3523895643100902E-013  -1.2751990295993116E-013
 >>> 卫星在地固系坐标为:    124032.74079694854        33785.631886975418        23594.592735142916     
 >>> 地球非球形引力分量 (地固系), 带谐:   -7.1676083035119296E-011  -1.9524052608731849E-011  -4.6225609265909994E-011
 >>> 地球非球形引力分量 (地固系), 田谐:   -2.7984314515864723E-013  -6.0839233601287399E-013  -1.1341077810412369E-013
 >>> 卫星在地固系坐标为:    127699.21149669697        27476.823944822921        23999.242196913532     
 >>> 地球非球形引力分量 (地固系), 带谐:   -6.8092365798146130E-011  -1.4651319495974624E-011  -4.3396735051271183E-011
 >>> 地球非球形引力分量 (地固系), 田谐:   -3.6977203954863442E-013  -5.3523895643096267E-013  -1.2751990295993126E-013
 >>> 卫星在地固系坐标为:    127699.21149903355        27476.823943295571        23999.242197233867     
 >>> 地球非球形引力分量 (地固系), 带谐:   -6.8092365794337519E-011  -1.4651319494072619E-011  -4.3396735048609491E-011
 >>> 地球非球形引力分量 (地固系), 田谐:   -3.6977203955555333E-013  -5.3523895638675587E-013  -1.2751990295796025E-013
 >>> 卫星在地固系坐标为:    127958.23350319274        26995.933887319938        24029.101845328674     
 >>> 地球非球形引力分量 (地固系), 带谐:   -6.7829340782896264E-011  -1.4310266321001318E-011  -4.3196084714138089E-011
 >>> 地球非球形引力分量 (地固系), 田谐:   -3.7566414916537406E-013  -5.2947283081281796E-013  -1.2842015781709118E-013
 >>> 卫星在地固系坐标为:    128087.00365416902        26754.784398517102        24044.012800229753     
 >>> 地球非球形引力分量 (地固系), 带谐:   -6.7698106738107557E-011  -1.4140765247785641E-011  -4.3096296491627255E-011
 >>> 地球非球形引力分量 (地固系), 田谐:   -3.7857135525255806E-013  -5.2657545062115565E-013  -1.2886328721910334E-013
 >>> 卫星在地固系坐标为:    128279.37948309191        26392.213727197202        24066.384022137212     
 >>> 地球非球形引力分量 (地固系), 带谐:   -6.7501285185029496E-011  -1.3887721882055126E-011  -4.2947078950694457E-011
 >>> 地球非球形引力分量 (地固系), 田谐:   -3.8288186035006797E-013  -5.2220945655033436E-013  -1.2951869402846249E-013
 >>> 卫星在地固系坐标为:    129132.37796990902        24747.939510257624        24166.938497186467     
 >>> 地球非球形引力分量 (地固系), 带谐:   -6.6618170324399778E-011  -1.2767227517923226E-011  -4.2283756465392555E-011
 >>> 地球非球形引力分量 (地固系), 田谐:   -4.0154532567165457E-013  -5.0229706003982421E-013  -1.3233525971264096E-013
 >>> 卫星在地固系坐标为:    129412.04519817398        24195.258211035685        24200.414664200336     
 >>> 地球非球形引力分量 (地固系), 带谐:   -6.6324749639685384E-011  -1.2400271094217486E-011  -4.2065577710589534E-011
 >>> 地球非球形引力分量 (地固系), 田谐:   -4.0750030342623491E-013  -4.9556880383195780E-013  -1.3322637315777677E-013
 >>> 卫星在地固系坐标为:    130506.95793588606        21961.851335256186        24334.110806892550     
 >>> 地球非球形引力分量 (地固系), 带谐:   -6.5155923825311950E-011  -1.0964508983235629E-011  -4.1207195496603292E-011
 >>> 地球非球形引力分量 (地固系), 田谐:   -4.2999611251262103E-013  -4.6825029974953242E-013  -1.3655671636297271E-013
 >>> 卫星在地固系坐标为:    128279.37948277807        26392.213727268758        24066.384022086098     
 >>> 地球非球形引力分量 (地固系), 带谐:   -6.7501285185615256E-011  -1.3887721882247268E-011  -4.2947078951082320E-011
 >>> 地球非球形引力分量 (地固系), 田谐:   -3.8288186035160252E-013  -5.2220945655584664E-013  -1.2951869402922626E-013
 >>> 卫星在地固系坐标为:    129964.28479693965        23083.070713245008        24267.304335374556     
 >>> 地球非球形引力分量 (地固系), 带谐:   -6.5739357837413180E-011  -1.1676025055462460E-011  -4.1633543022697544E-011
 >>> 地球非球形引力分量 (地固系), 田谐:   -4.1901246304650123E-013  -4.8198704571580145E-013  -1.3493802220890950E-013
 >>> 卫星在地固系坐标为:    128850.36718271160        25298.332457914948        24133.441368507858     
 >>> 地球非球形引力分量 (地固系), 带谐:   -6.6912069114516736E-011  -1.3137438463839726E-011  -4.2503391723292745E-011
 >>> 地球非球形引力分量 (地固系), 田谐:   -3.9545740997107545E-013  -5.0898114410734250E-013  -1.3142039043471610E-013
 >>> 卫星在地固系坐标为:    131039.93722528961        20831.683130731868        24400.834494435923     
 >>> 地球非球形引力分量 (地固系), 带谐:   -6.4574476874025494E-011  -1.0265534836602934E-011  -4.0786444720909958E-011
 >>> 地球非球形引力分量 (地固系), 田谐:   -4.4045377078470220E-013  -4.5437281196319136E-013  -1.3808383297044012E-013
 >>> 卫星在地固系坐标为:    127699.21149903140        27476.823943297506        23999.242197233605     
 >>> 地球非球形引力分量 (地固系), 带谐:   -6.8092365794340711E-011  -1.4651319494074587E-011  -4.3396735048611824E-011
 >>> 地球非球形引力分量 (地固系), 田谐:   -3.6977203955553783E-013  -5.3523895638679767E-013  -1.2751990295796015E-013
 >>> 卫星在地固系坐标为:    131039.93722529159        20831.683130729838        24400.834494436185     
 >>> 地球非球形引力分量 (地固系), 带谐:   -6.4574476874022534E-011  -1.0265534836601309E-011  -4.0786444720907890E-011
 >>> 地球非球形引力分量 (地固系), 田谐:   -4.4045377078470892E-013  -4.5437281196315152E-013  -1.3808383297043878E-013
 >>> 卫星在地固系坐标为:    131039.93722736198        20831.683129243818        24400.834494735751     
 >>> 地球非球形引力分量 (地固系), 带谐:   -6.4574476870683245E-011  -1.0265534835175975E-011  -4.0786444718639941E-011
 >>> 地球非球形引力分量 (地固系), 田谐:   -4.4045377078271377E-013  -4.5437281192477759E-013  -1.3808383296723220E-013
 >>> 卫星在地固系坐标为:    131273.71572292323        20326.542553529063        24430.471132839884     
 >>> 地球非球形引力分量 (地固系), 带谐:   -6.4316615846147368E-011  -9.9588437921195135E-012  -4.0601163700696477E-011
 >>> 地球非球形引力分量 (地固系), 田谐:   -4.4493291189254688E-013  -4.4816295439044560E-013  -1.3873333822772857E-013
 >>> 卫星在地固系坐标为:    131389.80859915327        20073.307847870270        24445.271148262731     
 >>> 地球非球形引力分量 (地固系), 带谐:   -6.4187963727857579E-011  -9.8064284420117449E-012  -4.0509009734324523E-011
 >>> 地球非球形引力分量 (地固系), 田谐:   -4.4713470184659653E-013  -4.4504991426418410E-013  -1.3905171405548255E-013
 >>> 卫星在地固系坐标为:    131563.09603236680        19692.650767880379        24467.475816283059     
 >>> 地球非球形引力分量 (地固系), 带谐:   -6.3995045297117655E-011  -9.5789177658207804E-012  -4.0371201909163162E-011
 >>> 地球非球形引力分量 (地固系), 田谐:   -4.5038824608221207E-013  -4.4036863796934714E-013  -1.3952074760724487E-013
 >>> 卫星在地固系坐标为:    132329.14560451588        17967.671207499647        24567.284264810805     
 >>> 地球非球形引力分量 (地固系), 带谐:   -6.3129736624780266E-011  -8.5717650930815909E-012  -3.9758474963788888E-011
 >>> 地球非球形引力分量 (地固系), 田谐:   -4.6431582893122433E-013  -4.1915510834741682E-013  -1.4150999507023147E-013
 >>> 卫星在地固系坐标为:    132579.44928153491        17388.340500665410        24600.513007658257     
 >>> 地球非球形引力分量 (地固系), 带谐:   -6.2842337333863651E-011  -8.2420312147961933E-012  -3.9556893268634265E-011
 >>> 地球非球形引力分量 (地固系), 田谐:   -4.6870028970189782E-013  -4.1203547906257544E-013  -1.4212946328664570E-013
 >>> 卫星在地固系坐标为:    133555.01957686554        15049.630647075674        24733.225645434941     
 >>> 地球非球形引力分量 (地固系), 带谐:   -6.1698009646336776E-011  -6.9524324864680800E-012  -3.8763591523885815E-011
 >>> 地球非球形引力分量 (地固系), 田谐:   -4.8496025797233355E-013  -3.8335930171500935E-013  -1.4439382443591741E-013
 >>> 卫星在地固系坐标为:    131563.09603208004        19692.650767960295        24467.475816235365     
 >>> 地球非球形引力分量 (地固系), 带谐:   -6.3995045297628594E-011  -9.5789177659570116E-012  -4.0371201909495818E-011
 >>> 地球非球形引力分量 (地固系), 田谐:   -4.5038824608445642E-013  -4.4036863797387992E-013  -1.3952074760807894E-013
 >>> 卫星在地固系坐标为:    133072.39418395312        16223.240129002414        24666.909692785601     
 >>> 地球非球形引力分量 (地固系), 带谐:   -6.2269113370123096E-011  -7.5914075569055926E-012  -3.9157657946826997E-011
 >>> 地球非球形引力分量 (地固系), 田谐:   -4.7708486487427534E-013  -3.9773361603516761E-013  -1.4330400471820857E-013
 >>> 卫星在地固系坐标为:    132076.30843865033        18544.840571669250        24534.035184439730     
 >>> 地球非球形引力分量 (地固系), 带谐:   -6.3417656573236258E-011  -8.9044760902431319E-012  -3.9961379933724789E-011
 >>> 地球非球形引力分量 (地固系), 田谐:   -4.5980262967704440E-013  -4.2625163942828060E-013  -1.4086883390503488E-013
 >>> 卫星在地固系坐标为:    134027.20267137169        13867.604884412111        24799.461262610239     
 >>> 地球非球形引力分量 (地固系), 带谐:   -6.1129050398703027E-011  -6.3249362889941182E-012  -3.8374613098591870E-011
 >>> 地球非球形引力分量 (地固系), 田谐:   -4.9233062969568749E-013  -3.6892557638257180E-013  -1.4540028583041447E-013
 >>> 卫星在地固系坐标为:    131039.93722736015        20831.683129245634        24400.834494735504     
 >>> 地球非球形引力分量 (地固系), 带谐:   -6.4574476870685907E-011  -1.0265534835177437E-011  -4.0786444718641803E-011
 >>> 地球非球形引力分量 (地固系), 田谐:   -4.4045377078270776E-013  -4.5437281192481384E-013  -1.3808383296723338E-013
 >>> 卫星在地固系坐标为:    134027.20267137341        13867.604884410210        24799.461262610483     
 >>> 地球非球形引力分量 (地固系), 带谐:   -6.1129050398700455E-011  -6.3249362889929049E-012  -3.8374613098590132E-011
 >>> 地球非球形引力分量 (地固系), 田谐:   -4.9233062969568648E-013  -3.6892557638253772E-013  -1.4540028583041210E-013
 >>> 卫星在地固系坐标为:    134027.20267320465        13867.604882968944        24799.461262890596     
 >>> 地球非球形引力分量 (地固系), 带谐:   -6.1129050395777509E-011  -6.3249362879467007E-012  -3.8374613096652700E-011
 >>> 地球非球形引力分量 (地固系), 田谐:   -4.9233062968733712E-013  -3.6892557635024234E-013  -1.4540028582643028E-013
 >>> 卫星在地固系坐标为:    134233.72059800479        13339.587477781382        24828.881522127391     
 >>> 地球非球形引力分量 (地固系), 带谐:   -6.0876796919359047E-011  -6.0496822575965515E-012  -3.8203297734568972E-011
 >>> 地球非球形引力分量 (地固系), 田谐:   -4.9544475901613981E-013  -3.6249442332613584E-013  -1.4582102218757200E-013
 >>> 卫星在地固系坐标为:    134336.12977411400        13074.958573657546        24843.573888043629     
 >>> 地球非球形引力分量 (地固系), 带谐:   -6.0750947391603866E-011  -5.9129001393095881E-012  -3.8118081632548327E-011
 >>> 地球非球形引力分量 (地固系), 田谐:   -4.9696581324172156E-013  -3.5927642992347005E-013  -1.4602562212659325E-013
 >>> 卫星在地固系坐标为:    134488.82155097375        12677.257252048856        24865.616943723671     
 >>> 地球非球形引力分量 (地固系), 带谐:   -6.0562259037523072E-011  -5.7087520637758302E-012  -3.7990643204158462E-011
 >>> 地球非球形引力分量 (地固系), 田谐:   -4.9920039186388912E-013  -3.5444526402683562E-013  -1.4632474905697873E-013
 >>> 卫星在地固系坐标为:    135161.17735288935        10876.342780371748        24964.701446284194     
 >>> 地球非球形引力分量 (地固系), 带谐:   -5.9716186210055043E-011  -4.8053274133689922E-012  -3.7423909105016763E-011
 >>> 地球非球形引力分量 (地固系), 田谐:   -5.0857664393086551E-013  -3.3266495695216795E-013  -1.4756066436528787E-013
 >>> 卫星在地固系坐标为:    135379.88322711797        10271.982058842328        24997.690068798824     
 >>> 地球非球形引力分量 (地固系), 带谐:   -5.9435270009560088E-011  -4.5096657837739808E-012  -3.7237418405303276E-011
 >>> 地球非球形引力分量 (地固系), 田谐:   -5.1145695245113394E-013  -3.2539507455435734E-013  -1.4793310466309492E-013
 >>> 卫星在地固系坐标为:    136227.24664986588        7834.5922691987789        25129.448139013595     
 >>> 地球非球形引力分量 (地固系), 带谐:   -5.8317215364838957E-011  -3.3538929685107710E-012  -3.6503309839257198E-011
 >>> 地球非球形引力分量 (地固系), 田谐:   -5.2177001145690688E-013  -2.9630687381812303E-013  -1.4922970106373060E-013
 >>> 卫星在地固系坐标为:    134488.82155071211        12677.257252135574        24865.616943679132     
 >>> 地球非球形引力分量 (地固系), 带谐:   -6.0562259037968379E-011  -5.7087520638679607E-012  -3.7990643204444460E-011
 >>> 地球非球形引力分量 (地固系), 田谐:   -4.9920039186656827E-013  -3.5444526403044237E-013  -1.4632474905783840E-013
 >>> 卫星在地固系坐标为:    135809.08652207669        9057.2513050702837        25063.608291876146     
 >>> 地球非球形引力分量 (地固系), 带谐:   -5.8875115539075232E-011  -3.9264435886310891E-012  -3.6868011696030784E-011
 >>> 地球非球形引力分量 (地固系), 田谐:   -5.1685377214150707E-013  -3.1084973430649086E-013  -1.4861969961266685E-013
 >>> 卫星在地固系坐标为:    134939.75513714735        11478.683771442909        24931.693082300040     
 >>> 地球非球形引力分量 (地固系), 带谐:   -5.9997658254220395E-011  -5.1037156946619361E-012  -3.7611603836588404E-011
 >>> 地球非球形引力分量 (地固系), 田谐:   -5.0557420116317521E-013  -3.3993096948856283E-013  -1.4716857093255636E-013
 >>> 卫星在地固系坐标为:    136634.24614139006        6604.1073074125379        25195.209989617262     
 >>> 地球非球形引力分量 (地固系), 带谐:   -5.7761589380853111E-011  -2.7918603519289977E-012  -3.6143240327340753E-011
 >>> 地球非球形引力分量 (地固系), 田谐:   -5.2621124004738998E-013  -2.8177818573747320E-013  -1.4976445011550918E-013
 >>> 卫星在地固系坐标为:    134027.20267320308        13867.604882970641        24799.461262890371     
 >>> 地球非球形引力分量 (地固系), 带谐:   -6.1129050395779913E-011  -6.3249362879477937E-012  -3.8374613096654322E-011
 >>> 地球非球形引力分量 (地固系), 田谐:   -4.9233062968733864E-013  -3.6892557635027324E-013  -1.4540028582643261E-013
 >>> 卫星在地固系坐标为:    136634.24614139152        6604.1073074107680        25195.209989617484     
 >>> 地球非球形引力分量 (地固系), 带谐:   -5.7761589380850823E-011  -2.7918603519281079E-012  -3.6143240327339234E-011
 >>> 地球非球形引力分量 (地固系), 田谐:   -5.2621124004738231E-013  -2.8177818573744452E-013  -1.4976445011550583E-013
 >>> 卫星在地固系坐标为:    136634.24614300777        6604.1073060168555        25195.209989879422     
 >>> 地球非球形引力分量 (地固系), 带谐:   -5.7761589378296580E-011  -2.7918603511823553E-012  -3.6143240325680252E-011
 >>> 地球非球形引力分量 (地固系), 田谐:   -5.2621124003478396E-013  -2.8177818571110682E-013  -1.4976445011109886E-013
 >>> 卫星在地固系坐标为:    136811.56331498720        6054.7420616975442        25224.420203308026     
 >>> 地球非球形引力分量 (地固系), 带谐:   -5.7515309818327129E-011  -2.5454015516716384E-012  -3.5984634100954396E-011
 >>> 地球非球形引力分量 (地固系), 田谐:   -5.2803351008079603E-013  -2.7532821570087492E-013  -1.4997813525812321E-013
 >>> 卫星在地固系坐标为:    136899.32111751451        5779.4875237586348        25239.008062142559     
 >>> 地球非球形引力分量 (地固系), 带谐:   -5.7392445165608491E-011  -2.4229405820639909E-012  -3.5905732385549200E-011
 >>> 地球非球形引力分量 (地固系), 田谐:   -5.2891101192161879E-013  -2.7210593544361659E-013  -1.5007980320080470E-013
 >>> 卫星在地固系坐标为:    137029.96851494056        5365.9003049719486        25260.894225324635     
 >>> 地球非球形引力分量 (地固系), 带谐:   -5.7208256767462493E-011  -2.2401946505736136E-012  -3.5787731920909503E-011
 >>> 地球非球形引力分量 (地固系), 田谐:   -5.3018323885827784E-013  -2.6727512618603317E-013  -1.5022528331373299E-013
 >>> 卫星在地固系坐标为:    137602.15504777551        3494.3420680263685        25359.275873861672     
 >>> 地球非球形引力分量 (地固系), 带谐:   -5.6382598334196978E-011  -1.4318095904487285E-012  -3.5262868711048271E-011
 >>> 地球非球形引力分量 (地固系), 田谐:   -5.3527457943729540E-013  -2.4559306288965373E-013  -1.5078085307581449E-013
 >>> 卫星在地固系坐标为:    137787.12080737657        2866.7435236735892        25392.031353599010     
 >>> 地球非球形引力分量 (地固系), 带谐:   -5.6108545258913316E-011  -1.1673718690195970E-012  -3.5090119884634706E-011
 >>> 地球非球形引力分量 (地固系), 田谐:   -5.3674368833295240E-013  -2.3839052173050704E-013  -1.5093052487875647E-013
 >>> 卫星在地固系坐标为:    138497.79141891026        337.98393690157633        25522.862504531477     
 >>> 地球非球形引力分量 (地固系), 带谐:   -5.5018221769366234E-011  -1.3426405579775505E-013  -3.4409928955210566E-011
 >>> 地球非球形引力分量 (地固系), 田谐:   -5.4150158096848613E-013  -2.0973988875578766E-013  -1.5135602103562188E-013
 >>> 卫星在地固系坐标为:    137029.96851470208        5365.9003050640640        25260.894225283006     
 >>> 地球非球形引力分量 (地固系), 带谐:   -5.7208256767850498E-011  -2.2401946506311625E-012  -3.5787731921156152E-011
 >>> 地球非球形引力分量 (地固系), 田谐:   -5.3018323886117530E-013  -2.6727512618879487E-013  -1.5022528331458630E-013
 >>> 卫星在地固系坐标为:    138148.32268707504        1606.0092542154321        25457.484990897163     
 >>> 地球非球形引力分量 (地固系), 带谐:   -5.5562201592749714E-011  -6.4592467144653954E-013  -3.4747880075923988E-011
 >>> 地球非球形引力分量 (地固系), 田谐:   -5.3934469770205529E-013  -2.2403068513831726E-013  -1.5117758217397146E-013
 >>> 卫星在地固系坐标为:    137414.29824680756        4120.0767141541764        25326.501222245282     
 >>> 地球非球形引力分量 (地固系), 带谐:   -5.6657236084101245E-011  -1.6987472341428229E-012  -3.5436714672664591E-011
 >>> 地球非球形引力分量 (地固系), 田谐:   -5.3369199368266138E-013  -2.5280891280113170E-013  -1.5061353256042594E-013
 >>> 卫星在地固系坐标为:    138835.41555938817       -937.22085459094569        25588.164257316614     
 >>> 地球非球形引力分量 (地固系), 带谐:   -5.4476621929561322E-011   3.6774929476269946E-013  -3.4076201435033520E-011
 >>> 地球非球形引力分量 (地固系), 田谐:   -5.4322107511936694E-013  -1.9552837034538426E-013  -1.5146715265299709E-013
 >>> 卫星在地固系坐标为:    136634.24614300640        6604.1073060184426        25195.209989879208     
 >>> 地球非球形引力分量 (地固系), 带谐:   -5.7761589378298712E-011  -2.7918603511831574E-012  -3.6143240325681648E-011
 >>> 地球非球形引力分量 (地固系), 田谐:   -5.2621124003479133E-013  -2.8177818571113266E-013  -1.4976445011110191E-013
 >>> 卫星在地固系坐标为:    138835.41555938945       -937.22085459260018        25588.164257316821     
 >>> 地球非球形引力分量 (地固系), 带谐:   -5.4476621929559248E-011   3.6774929476333136E-013  -3.4076201435032176E-011
 >>> 地球非球形引力分量 (地固系), 田谐:   -5.4322107511935503E-013  -1.9552837034536119E-013  -1.5146715265299320E-013
 >>> 卫星在地固系坐标为:    138835.41556081225       -937.22085593723284        25588.164257561788     
 >>> 地球非球形引力分量 (地固系), 带谐:   -5.4476621927330442E-011   3.6774929527212756E-013  -3.4076201433608198E-011
 >>> 地球非球形引力分量 (地固系), 田谐:   -5.4322107510419598E-013  -1.9552837032461028E-013  -1.5146715264842124E-013
 >>> 卫星在地固系坐标为:    138981.68013045067       -1506.2539466612218        25617.170477389918     
 >>> 地球非球形引力分量 (地固系), 带谐:   -5.4236616042816468E-011   5.8780493149429535E-013  -3.3929177745089628E-011
 >>> 地球非球形引力分量 (地固系), 田谐:   -5.4384606822767180E-013  -1.8923999329579240E-013  -1.5149511149343615E-013
 >>> 卫星在地固系坐标为:    139053.86335873036       -1791.2901881334817        25631.656832526503     
 >>> 地球非球形引力分量 (地固系), 带谐:   -5.4116885422573360E-011   6.9713306432714285E-013  -3.3856031327308767E-011
 >>> 地球非球形引力分量 (地固系), 田谐:   -5.4412781625283319E-013  -1.8610301096026863E-013  -1.5150449276345280E-013
 >>> 卫星在地固系坐标为:    139161.08476445565       -2219.4920716728934        25653.390614133237     
 >>> 地球非球形引力分量 (地固系), 带谐:   -5.3937417595996632E-011   8.6025249748126172E-013  -3.3746633551060584E-011
 >>> 地球非球形引力分量 (地固系), 田谐:   -5.4451008758643322E-013  -1.8140611678831880E-013  -1.5151228245444405E-013
 >>> 卫星在地固系坐标为:    139626.93435099904       -4155.8974570712444        25751.089568897260     
 >>> 地球非球形引力分量 (地固系), 带谐:   -5.3133135292430236E-011   1.5814703866013314E-012  -3.3259943919820359E-011
 >>> 地球非球形引力分量 (地固系), 田谐:   -5.4565196502780945E-013  -1.6041133346961203E-013  -1.5145906498416821E-013
 >>> 卫星在地固系坐标为:    139776.12240319088       -4804.7740854820486        25783.618575886652     
 >>> 地球非球形引力分量 (地固系), 带谐:   -5.2866254841724015E-011   1.8172661173651698E-012  -3.3099726513121645E-011
 >>> 地球非球形引力分量 (地固系), 田谐:   -5.4582511038366518E-013  -1.5346808946075978E-013  -1.5140972900600461E-013
 >>> 卫星在地固系坐标为:    140342.04364014239       -7416.9279671968652        25913.549240666125     
 >>> 地球非球形引力分量 (地固系), 带谐:   -5.1804846851208940E-011   2.7378311408398145E-012  -3.2468718380563901E-011
 >>> 地球非球形引力分量 (地固系), 田谐:   -5.4550506422057903E-013  -1.2600062818113577E-013  -1.5105868378482336E-013
 >>> 卫星在地固系坐标为:    139161.08476423865       -2219.4920715765998        25653.390614094296     
 >>> 地球非球形引力分量 (地固系), 带谐:   -5.3937417596334387E-011   8.6025249745066795E-013  -3.3746633551273790E-011
 >>> 地球非球形引力分量 (地固系), 田谐:   -5.4451008758938127E-013  -1.8140611679032947E-013  -1.5151228245526782E-013
 >>> 卫星在地固系坐标为:    140065.27565153220       -6107.5513400368518        25848.620893127772     
 >>> 地球非球形引力分量 (地固系), 带谐:   -5.2334324754211117E-011   2.2820400973452069E-012  -3.2782265006971192E-011
 >>> 地球非球形引力分量 (地固系), 田谐:   -5.4586572787236593E-013  -1.3967102179363339E-013  -1.5126462662763800E-013
 >>> 卫星在地固系坐标为:    139474.68976557901       -3508.7151616866099        25718.541934669167     
 >>> 地球非球形引力分量 (地固系), 带谐:   -5.3400623753923470E-011   1.3433804980948873E-012  -3.3421162482120622E-011
 >>> 地球非球形引力分量 (地固系), 田谐:   -5.4537568984029962E-013  -1.6738286287575187E-013  -1.5149271005209188E-013
 >>> 卫星在地固系坐标为:    140606.32163871254       -8732.7835364315797        25978.403965663336     
 >>> 地球非球形引力分量 (地固系), 带谐:   -5.1277834021886979E-011   3.1847659444560522E-012  -3.2159028116736526E-011
 >>> 地球非球形引力分量 (地固系), 田谐:   -5.4475077823240839E-013  -1.1246561915880424E-013  -1.5079317485178379E-013
 >>> 卫星在地固系坐标为:    138835.41556081109       -937.22085593575230        25588.164257561592     
 >>> 地球非球形引力分量 (地固系), 带谐:   -5.4476621927332213E-011   3.6774929527156160E-013  -3.4076201433609335E-011
 >>> 地球非球形引力分量 (地固系), 田谐:   -5.4322107510420567E-013  -1.9552837032463083E-013  -1.5146715264842442E-013
 >>> 卫星在地固系坐标为:    140606.32163871362       -8732.7835364331077        25978.403965663532     
 >>> 地球非球形引力分量 (地固系), 带谐:   -5.1277834021885247E-011   3.1847659444564779E-012  -3.2159028116735415E-011
 >>> 地球非球形引力分量 (地固系), 田谐:   -5.4475077823239456E-013  -1.1246561915878671E-013  -1.5079317485177995E-013
 >>> 卫星在地固系坐标为:    140606.32163996238       -8732.7835377271313        25978.403965892674     
 >>> 地球非球形引力分量 (地固系), 带谐:   -5.1277834019943059E-011   3.1847659447794863E-012  -3.2159028115510205E-011
 >>> 地球非球形引力分量 (地固系), 田谐:   -5.4475077821600069E-013  -1.1246561914309687E-013  -1.5079317484723313E-013
 >>> 卫星在地固系坐标为:    140719.78130182991       -9319.6586212854054        26007.211979525440     
 >>> 地球非球形引力分量 (地固系), 带谐:   -5.1044343963951171E-011   3.3805898210652558E-012  -3.2022575258309864E-011
 >>> 地球非球形引力分量 (地固系), 田谐:   -5.4429062144203663E-013  -1.0649562210033370E-013  -1.5065622100987884E-013
 >>> 卫星在地固系坐标为:    140775.51682571924       -9613.5598531890773        26021.599703237873     
 >>> 地球非球形引力分量 (地固系), 带谐:   -5.0927867875553646E-011   3.4778640281822941E-012  -3.1954682001999204E-011
 >>> 地球非球形引力分量 (地固系), 田谐:   -5.4403308409957604E-013  -1.0352167803448333E-013  -1.5058370321283086E-013
 >>> 卫星在地固系坐标为:    140858.00612577036       -10054.996200779227        26043.185417192690     
 >>> 地球非球形引力分量 (地固系), 带谐:   -5.0753298619026864E-011   3.6229692498676045E-012  -3.1853136694485125E-011
 >>> 地球非球形引力分量 (地固系), 田谐:   -5.4361065815135796E-013  -9.9074445842198469E-014  -1.5046936735560775E-013
 >>> 卫星在地固系坐标为:    141211.69650781475       -12049.964688651618        26140.220959815844     
 >>> 地球非球形引力分量 (地固系), 带谐:   -4.9971166553768117E-011   4.2641707968596707E-012  -3.1401299042355127E-011
 >>> 地球非球形引力分量 (地固系), 田谐:   -5.4119437719056050E-013  -7.9275224757437728E-014  -1.4987710203154441E-013
 >>> 卫星在地固系坐标为:    141323.18645621213       -12717.998270406497        26172.529874047803     
 >>> 地球非球形引力分量 (地固系), 带谐:   -4.9711707163432192E-011   4.4736707512562178E-012  -3.1252525323763971E-011
 >>> 地球非球形引力分量 (地固系), 田谐:   -5.4020467751951201E-013  -7.2756110424187842E-014  -1.4965189219335669E-013
 >>> 卫星在地固系坐标为:    141736.78075667450       -15404.931013013154        26301.585339597383     
 >>> 地球非球形引力分量 (地固系), 带谐:   -4.8680161899153574E-011   5.2908957841097171E-012  -3.0666443831340411E-011
 >>> 地球非球形引力分量 (地固系), 田谐:   -5.3535176720439954E-013  -4.7108019037612419E-014  -1.4861625735483394E-013
 >>> 卫星在地固系坐标为:    140858.00612557327       -10054.996200679803        26043.185417156237     
 >>> 地球非球形引力分量 (地固系), 带谐:   -5.0753298619320700E-011   3.6229692498578245E-012  -3.1853136694669897E-011
 >>> 地球非球形引力分量 (地固系), 田谐:   -5.4361065815422916E-013  -9.9074445843559387E-014  -1.5046936735638576E-013
 >>> 卫星在地固系坐标为:    141536.48131997365       -14058.536875730279        26237.093561077076     
 >>> 地球非球形引力分量 (地固系), 带谐:   -4.9194673461916107E-011   4.8864089632858335E-012  -3.0957695277401852E-011
 >>> 地球非球形引力分量 (地固系), 田谐:   -5.3795498157813473E-013  -5.9844547882546843E-014  -1.4916072437833324E-013
 >>> 卫星在地固系坐标为:    141096.99476882155       -11383.442679698395        26107.893939447298     
 >>> 地球非球形引力分量 (地固系), 带谐:   -5.0231252528973765E-011   4.0525638751547709E-012  -3.1550987605866098E-011
 >>> 地球非球形引力分量 (地固系), 田谐:   -5.4209261538044217E-013  -8.5835299430675466E-014  -1.5008852194962079E-013
 >>> 卫星在地固系坐标为:    141923.98741555872       -16757.051798633009        26366.005541992807     
 >>> 地球非球形引力分量 (地固系), 带谐:   -4.8168182540836254E-011   5.6872467056567252E-012  -3.0378718295505226E-011
 >>> 地球非球形引力分量 (地固系), 田谐:   -5.3240337045036351E-013  -3.4553669283367998E-014  -1.4801972249638849E-013
 >>> 卫星在地固系坐标为:    140606.32163996139       -8732.7835377257379        25978.403965892492     
 >>> 地球非球形引力分量 (地固系), 带谐:   -5.1277834019944668E-011   3.1847659447790998E-012  -3.2159028115511213E-011
 >>> 地球非球形引力分量 (地固系), 田谐:   -5.4475077821601291E-013  -1.1246561914311283E-013  -1.5079317484723662E-013
 >>> 卫星在地固系坐标为:    141923.98741555962       -16757.051798634460        26366.005541992985     
 >>> 地球非球形引力分量 (地固系), 带谐:   -4.8168182540834806E-011   5.6872467056570088E-012  -3.0378718295504302E-011
 >>> 地球非球形引力分量 (地固系), 田谐:   -5.3240337045034988E-013  -3.4553669283354878E-014  -1.4801972249638498E-013
 >>> 卫星在地固系坐标为:    141923.98741665171       -16757.051799877023        26366.005542207389     
 >>> 地球非球形引力分量 (地固系), 带谐:   -4.8168182539144624E-011   5.6872467058354084E-012  -3.0378718294447676E-011
 >>> 地球非球形引力分量 (地固系), 田谐:   -5.3240337043373195E-013  -3.4553669272115434E-014  -1.4801972249199762E-013
 >>> 卫星在地固系坐标为:    142003.00031859317       -17359.803115131890        26394.620887217257     
 >>> 地球非球形引力分量 (地固系), 带谐:   -4.7941400531213514E-011   5.8608147181280014E-012  -3.0251926340084257E-011
 >>> 地球非球形引力分量 (地固系), 田谐:   -5.3098381040067256E-013  -2.9034218071976024E-014  -1.4773805125119226E-013
 >>> 卫星在地固系坐标为:    142041.47052477254       -17661.582842963133        26408.912728067888     
 >>> 地球非球形引力分量 (地固系), 带谐:   -4.7828274625811166E-011   5.9470169621514348E-012  -3.0188834566070415E-011
 >>> 地球非球形引力分量 (地固系), 田谐:   -5.3025016300159303E-013  -2.6288723414981605E-014  -1.4759371091562283E-013
 >>> 卫星在地固系坐标为:    142098.00525993027       -18114.769009455555        26430.354502415408     
 >>> 地球非球形引力分量 (地固系), 带谐:   -4.7658744986061508E-011   6.0755754813294286E-012  -3.0094466864739074E-011
 >>> 地球非球形引力分量 (地固系), 田谐:   -5.2911821647974339E-013  -2.2188381567556381E-014  -1.4737234337657306E-013
 >>> 卫星在地固系坐标为:    142334.09612814427       -20161.549903073403        26526.745085425122     
 >>> 地球非球形引力分量 (地固系), 带谐:   -4.6899374527319894E-011   6.6432717506014306E-012  -2.9674492543713980E-011
 >>> 地球非球形引力分量 (地固系), 田谐:   -5.2357769828039002E-013  -4.0093529049491988E-015  -1.4630859896333851E-013
 >>> 卫星在地固系坐标为:    142406.09688336571       -20846.465002770557        26558.840013166286     
 >>> 地球非球形引力分量 (地固系), 带谐:   -4.6647531648413122E-011   6.8286130808762092E-012  -2.9536183565772969E-011
 >>> 地球非球形引力分量 (地固系), 田谐:   -5.2157174573641554E-013   1.9487860962398264E-015  -1.4592990735754803E-013
 >>> 卫星在地固系坐标为:    142660.31379119380       -23598.950292921214        26687.044484532467     
 >>> 地球非球形引力分量 (地固系), 带谐:   -4.5646590494326192E-011   7.5508849762773206E-012  -2.8991197015190048E-011
 >>> 地球非球形引力分量 (地固系), 田谐:   -5.1278129574214556E-013   2.5253658961271414E-014  -1.4429857828344312E-013
 >>> 卫星在地固系坐标为:    142098.00525975169       -18114.769009353942        26430.354502381255     
 >>> 地球非球形引力分量 (地固系), 带谐:   -4.7658744986316745E-011   6.0755754813355218E-012  -3.0094466864899476E-011
 >>> 地球非球形引力分量 (地固系), 田谐:   -5.2911821648244637E-013  -2.2188381568369596E-014  -1.4737234337729457E-013
 >>> 卫星在地固系坐标为:    142539.98519312026       -22220.176601527110        26622.977216301766     
 >>> 地球非球形引力分量 (地固系), 带谐:   -4.6145773015477576E-011   7.1935409873143842E-012  -2.9262052477708377E-011
 >>> 地球非球形引力分量 (地固系), 田谐:   -5.1732766743422287E-013   1.3708209976111226E-014  -1.4513725778192974E-013
 >>> 卫星在地固系坐标为:    142258.73955246108       -19477.951054122146        26494.632550428618     
 >>> 地球非球形引力分量 (地固系), 带谐:   -4.7151858428457979E-011   6.4559941517105350E-012  -2.9813638633096606E-011
 >>> 地球非球形引力分量 (地固系), 田谐:   -5.2550481343943129E-013  -1.0018776810104818E-014  -1.4667533574813571E-013
 >>> 卫星在地固系坐标为:    142766.99334686768       -24982.649202118544        26751.042136282191     
 >>> 地球非球形引力分量 (地固系), 带谐:   -4.5149991693005295E-011   7.9007505691767480E-012  -2.8723569664282300E-011
 >>> 地球非球形引力分量 (地固系), 田谐:   -5.0794140501265843E-013   3.6579557714147351E-014  -1.4341505178528621E-013
 >>> 卫星在地固系坐标为:    141923.98741665087       -16757.051799875717        26366.005542207218     
 >>> 地球非球形引力分量 (地固系), 带谐:   -4.8168182539146026E-011   5.6872467058351636E-012  -3.0378718294448542E-011
 >>> 地球非球形引力分量 (地固系), 田谐:   -5.3240337043374508E-013  -3.4553669272127323E-014  -1.4801972249200106E-013
 >>> 卫星在地固系坐标为:    142766.99334686846       -24982.649202119894        26751.042136282358     
 >>> 地球非球形引力分量 (地固系), 带谐:   -4.5149991693004015E-011   7.9007505691769096E-012  -2.8723569664281489E-011
 >>> 地球非球形引力分量 (地固系), 田谐:   -5.0794140501264459E-013   3.6579557714156514E-014  -1.4341505178528263E-013
 >>> 卫星在地固系坐标为:    142766.99334781949       -24982.649203310582        26751.042136483040     
 >>> 地球非球形引力分量 (地固系), 带谐:   -4.5149991691535298E-011   7.9007505692438240E-012  -2.8723569663368285E-011
 >>> 地球非球形引力分量 (地固系), 田谐:   -5.0794140499655122E-013   3.6579557721589054E-014  -1.4341505178114728E-013
 >>> 卫星在地固系坐标为:    142810.03864159170       -25599.177823273927        26779.470114580177     
 >>> 地球非球形引力分量 (地固系), 带谐:   -4.4930066568849981E-011   8.0538649428847077E-012  -2.8605618982422211E-011
 >>> 地球非球形引力分量 (地固系), 田谐:   -5.0569791990978968E-013   4.1541372489285421E-014  -1.4300814464236658E-013
 >>> 卫星在地固系坐标为:    142830.48669749411       -25907.783171067553        26793.668704324762     
 >>> 地球非球形引力分量 (地固系), 带谐:   -4.4820364902786527E-011   8.1298910505630309E-012  -2.8546921784937217E-011
 >>> 地球非球形引力分量 (地固系), 田谐:   -5.0455610213005550E-013   4.4005548937366457E-014  -1.4280169968850044E-013
 >>> 卫星在地固系坐标为:    142859.93594618861       -26371.135186253661        26814.970491609107     
 >>> 地球非球形引力分量 (地固系), 带谐:   -4.4655983813366753E-011   8.2432417333648414E-012  -2.8459123698355354E-011
 >>> 地球非球形引力分量 (地固系), 田谐:   -5.0281681973867294E-013   4.7680590914889443E-014  -1.4248785257407601E-013
 >>> 卫星在地固系坐标为:    142973.40420480803       -28462.534599133389        26910.733784641943     
 >>> 地球非球形引力分量 (地固系), 带谐:   -4.3919844848094138E-011   8.7433751090289238E-012  -2.8068319589501035E-011
 >>> 地球非球形引力分量 (地固系), 田谐:   -4.9461555051797715E-013   6.3899527663942863E-014  -1.4101771485555891E-013
 >>> 卫星在地固系坐标为:    143004.26566438485       -29161.909429793930        26942.620573664299     
 >>> 地球非球形引力分量 (地固系), 带谐:   -4.3675767851025248E-011   8.9065090501388493E-012  -2.7939592987555730E-011
 >>> 地球非球形引力分量 (地固系), 田谐:   -4.9174907863017943E-013   6.9188093334997725E-014  -1.4050708980007425E-013
 >>> 卫星在地固系坐标为:    143092.62814932023       -31970.142668586210        27069.997234070692     
 >>> 地球非球形引力分量 (地固系), 带谐:   -4.2705993081928583E-011   9.5414886796835895E-012  -2.7432246654557451E-011
 >>> 地球非球形引力分量 (地固系), 田谐:   -4.7964943995352691E-013   8.9738804964830762E-014  -1.3836550865993596E-013
 >>> 卫星在地固系坐标为:    142859.93594602711       -26371.135186150696        26814.970491577082     
 >>> 地球非球形引力分量 (地固系), 带谐:   -4.4655983813588379E-011   8.2432417333828859E-012  -2.8459123698494999E-011
 >>> 地球非球形引力分量 (地固系), 田谐:   -5.0281681974114761E-013   4.7680590914525690E-014  -1.4248785257473557E-013
 >>> 卫星在地固系坐标为:    143055.48407452050       -30563.915090677696        27006.342925895238     
 >>> 地球非球形引力分量 (地固系), 带谐:   -4.3189572385238142E-011   9.2274856271672877E-012  -2.7684418694341910E-011
 >>> 地球非球形引力分量 (地固系), 田谐:   -4.8582376778731282E-013   7.9585222835670466E-014  -1.3945583097839086E-013
 >>> 卫星在地固系坐标为:    142939.05507854861       -27764.268823005164        26878.829866254640     
 >>> 地球非球形引力分量 (地固系), 带谐:   -4.4164573703426337E-011   8.5784609117608034E-012  -2.8197813190204341E-011
 >>> 地球非球形引力分量 (地固系), 田谐:   -4.9741640871592775E-013   5.8551702231799857E-014  -1.4151814629816014E-013
 >>> 卫星在地固系坐标为:    143115.61719169724       -33380.447795245585        27133.583803417510     
 >>> 地球非球形引力分量 (地固系), 带谐:   -4.2225035405437649E-011   9.8486148308724116E-012  -2.7183033959362610E-011
 >>> 地球非球形引力分量 (地固系), 田谐:   -4.7323507868896310E-013   9.9644808079797406E-014  -1.3723725258758850E-013
 >>> 卫星在地固系坐标为:    142766.99334781879       -24982.649203309375        26751.042136482880     
 >>> 地球非球形引力分量 (地固系), 带谐:   -4.5149991691536507E-011   7.9007505692436915E-012  -2.8723569663369019E-011
 >>> 地球非球形引力分量 (地固系), 田谐:   -5.0794140499656445E-013   3.6579557721580907E-014  -1.4341505178115059E-013
 >>> 卫星在地固系坐标为:    143115.61719169785       -33380.447795246822        27133.583803417667     
 >>> 地球非球形引力分量 (地固系), 带谐:   -4.2225035405436563E-011   9.8486148308724794E-012  -2.7183033959361948E-011
 >>> 地球非球形引力分量 (地固系), 田谐:   -4.7323507868895027E-013   9.9644808079803338E-014  -1.3723725258758542E-013
 >>> 卫星在地固系坐标为:    143115.61719252192       -33380.447796385612        27133.583803605572     
 >>> 地球非球形引力分量 (地固系), 带谐:   -4.2225035404162020E-011   9.8486148308544850E-012  -2.7183033958570957E-011
 >>> 地球非球形引力分量 (地固系), 田谐:   -4.7323507867390572E-013   9.9644808084067819E-014  -1.3723725258376019E-013
 >>> 卫星在地固系坐标为:    143121.30516603627       -34008.529160438135        27161.829493681926     
 >>> 地球非球形引力分量 (地固系), 带谐:   -4.2012078225263482E-011   9.9829231277408636E-012  -2.7073185164336887E-011
 >>> 地球非球形引力分量 (地固系), 田谐:   -4.7030909956693049E-013   1.0396690469234371E-013  -1.3672379348651015E-013
 >>> 卫星在地固系坐标为:    143123.04007371742       -34322.844653439271        27175.937353717443     
 >>> 地球非球形引力分量 (地固系), 带谐:   -4.1905856043960125E-011   1.0049592199309087E-011  -2.7018515430313064E-011
 >>> 地球非球形引力分量 (地固系), 田谐:   -4.6882992947843832E-013   1.0610938986569714E-013  -1.3646456152254748E-013
 >>> 卫星在地固系坐标为:    143124.37201739382       -34794.684925974470        27197.102940672929     
 >>> 地球非球形引力分量 (地固系), 带谐:   -4.1746704465266168E-011   1.0148959314841071E-011  -2.6936738401441527E-011
 >>> 地球非球形引力分量 (地固系), 田谐:   -4.6658968076964965E-013   1.0929945328182985E-013  -1.3607218315708575E-013
 >>> 卫星在地固系坐标为:    143110.64559473857       -36923.091821505659        27292.255873631002     
 >>> 地球非球形引力分量 (地固系), 带谐:   -4.1034143595669141E-011   1.0586965389634459E-011  -2.6572674111744114E-011
 >>> 地球非球形引力分量 (地固系), 田谐:   -4.5620808814522192E-013   1.2330247579536981E-013  -1.3425798179270737E-013
 >>> 卫星在地固系坐标为:    143098.86982442564       -37634.367080201679        27323.940127434711     
 >>> 地球非球形引力分量 (地固系), 带谐:   -4.0797941680572153E-011   1.0729677426573449E-011  -2.6452733405861658E-011
 >>> 地球非球形引力分量 (地固系), 田谐:   -4.5264179481465572E-013   1.2784080737448580E-013  -1.3363603895776177E-013
 >>> 卫星在地固系坐标为:    143015.51856962795       -40488.001367230267        27450.511194373947     
 >>> 地球非球形引力分量 (地固系), 带谐:   -3.9859739361975803E-011   1.1284378072575468E-011  -2.5979907892539512E-011
 >>> 地球非球形引力分量 (地固系), 田谐:   -4.3787780443011505E-013   1.4533762293912134E-013  -1.3106584999531068E-013
 >>> 卫星在地固系坐标为:    143124.37201724821       -34794.684925870883        27197.102940642875     
 >>> 地球非球形引力分量 (地固系), 带谐:   -4.1746704465458390E-011   1.0148959314867910E-011  -2.6936738401563352E-011
 >>> 地球非球形引力分量 (地固系), 田谐:   -4.6658968077185876E-013   1.0929945328182379E-013  -1.3607218315768053E-013
 >>> 卫星在地固系坐标为:    143064.46204680923       -39059.515151876680        27387.258776626320     
 >>> 地球非球形引力分量 (地固系), 带谐:   -4.0327518493155581E-011   1.1010234806639940E-011  -2.6214943032034482E-011
 >>> 地球非球形引力分量 (地固系), 田谐:   -4.4535731525318766E-013   1.3672120616223988E-013  -1.3236715772865001E-013
 >>> 卫星在地固系坐标为:    143118.81494606499       -36212.707321658214        27260.554948510991     
 >>> 地球非球形引力分量 (地固系), 带谐:   -4.1271005061902787E-011   1.0442616002239699E-011  -2.6693318485301718E-011
 >>> 地球非球形引力分量 (地固系), 田谐:   -4.5972225072062645E-013   1.1869921261582146E-013  -1.3487141142345073E-013
 >>> 卫星在地固系坐标为:    142951.96791093235       -41919.674411897344        27513.697673420804     
 >>> 地球非球形引力分量 (地固系), 带谐:   -3.9394607877138201E-011   1.1552195887383139E-011  -2.5747589181900063E-011
 >>> 地球非球形引力分量 (地固系), 田谐:   -4.3021223972704326E-013   1.5368751472917481E-013  -1.2973318830630010E-013
 >>> 卫星在地固系坐标为:    143115.61719252134       -33380.447796384469        27133.583803605427     
 >>> 地球非球形引力分量 (地固系), 带谐:   -4.2225035404162989E-011   9.8486148308544156E-012  -2.7183033958571551E-011
 >>> 地球非球形引力分量 (地固系), 田谐:   -4.7323507867391774E-013   9.9644808084062328E-014  -1.3723725258376315E-013
 >>> 卫星在地固系坐标为:    142951.96791093287       -41919.674411898501        27513.697673420949     
 >>> 地球非球形引力分量 (地固系), 带谐:   -3.9394607877137245E-011   1.1552195887383136E-011  -2.5747589181899484E-011
 >>> 地球非球形引力分量 (地固系), 田谐:   -4.3021223972703059E-013   1.5368751472917784E-013  -1.2973318830629699E-013
 >>> 卫星在地固系坐标为:    142951.96791164266       -41919.674412985645        27513.697673596966     
 >>> 地球非球形引力分量 (地固系), 带谐:   -3.9394607876032732E-011   1.1552195887301483E-011  -2.5747589181212850E-011
 >>> 地球非球形引力分量 (地固系), 田谐:   -4.3021223971337822E-013   1.5368751473088178E-013  -1.2973318830281505E-013
 >>> 卫星在地固系坐标为:    142919.04964893556       -42556.966598248873        27541.765943911916     
 >>> 地球非球形引力分量 (地固系), 带谐:   -3.9188696724143130E-011   1.1669207580199477E-011  -2.5645174304504567E-011
 >>> 地球非球形引力分量 (地固系), 田谐:   -4.2674754719279742E-013   1.5731226628650181E-013  -1.2913099134037455E-013
 >>> 卫星在地固系坐标为:    142901.45106156851       -42875.818317844096        27555.785491300536     
 >>> 地球非球形引力分量 (地固系), 带谐:   -3.9085992849077477E-011   1.1727270197190436E-011  -2.5594200341944494E-011
 >>> 地球非球形引力分量 (地固系), 田谐:   -4.2500292480550697E-013   1.5910489338387365E-013  -1.2882785373214978E-013
 >>> 卫星在地固系坐标为:    142873.74019153725       -43354.381895171704        27576.818507905664     
 >>> 地球非球形引力分量 (地固系), 带谐:   -3.8932127317905027E-011   1.1813775669826541E-011  -2.5517948720663383E-011
 >>> 地球非球形引力分量 (地固系), 田谐:   -4.2236957743078025E-013   1.6176857952945399E-013  -1.2837023526837106E-013
 >>> 卫星在地固系坐标为:    142728.73020334175       -45511.796648641204        27671.377311279644     
 >>> 地球非球形引力分量 (地固系), 带谐:   -3.8243383465917755E-011   1.2194637260327177E-011  -2.5178427783649060E-011
 >>> 地球非球形引力分量 (地固系), 田谐:   -4.1029305224172379E-013   1.7338167684529727E-013  -1.2627130941381254E-013
 >>> 卫星在地固系坐标为:    142672.98206447827       -46232.285157270999        27702.864402383286     
 >>> 地球非球形引力分量 (地固系), 带谐:   -3.8015130734365514E-011   1.2318564727327582E-011  -2.5066552983816306E-011
 >>> 地球非球形引力分量 (地固系), 田谐:   -4.0618864922681911E-013   1.7711621024630022E-013  -1.2555765582316848E-013
 >>> 卫星在地固系坐标为:    142412.71746745991       -49120.470582410482        27828.651180037818     
 >>> 地球非球形引力分量 (地固系), 带谐:   -3.7108770375627837E-011   1.2799420557380684E-011  -2.4625427632697384E-011
 >>> 地球非球形引力分量 (地固系), 田谐:   -3.8940605053962523E-013   1.9136682456693155E-013  -1.2263641196447214E-013
 >>> 卫星在地固系坐标为:    142873.74019140634       -43354.381895068094        27576.818507877437     
 >>> 地球非球形引力分量 (地固系), 带谐:   -3.8932127318071530E-011   1.1813775669859661E-011  -2.5517948720769892E-011
 >>> 地球非球形引力分量 (地固系), 田谐:   -4.2236957743270395E-013   1.6176857952972183E-013  -1.2837023526890057E-013
 >>> 卫星在地固系坐标为:    142550.31996788085       -47675.170784100825        27765.790037634470     
 >>> 地球非球形引力分量 (地固系), 带谐:   -3.7560619899743183E-011   1.2561942820475124E-011  -2.4844724452607244E-011
 >>> 地球非球形引力分量 (地固系), 田谐:   -3.9786814361828945E-013   1.8437935485581886E-013  -1.2411010453795681E-013
 >>> 卫星在地固系坐标为:    142780.76713022101       -44791.970328418494        27639.873988140545     
 >>> 地球非球形引力分量 (地固系), 带谐:   -3.8472300692863742E-011   1.2069203617102600E-011  -2.5290948964173020E-011
 >>> 地球非球形引力分量 (地固系), 田谐:   -4.1435874773066967E-013   1.6957875383910093E-013  -1.2697804356270141E-013
 >>> 卫星在地固系坐标为:    142260.11283993491       -50568.026891837202        27891.448110520148     
 >>> 地球非球形引力分量 (地固系), 带谐:   -3.6659584108987726E-011   1.3031079464647122E-011  -2.4408627380449760E-011
 >>> 地球非球形引力分量 (地固系), 田谐:   -3.8081114280732583E-013   1.9807748432531601E-013  -1.2113759013521936E-013
 >>> 卫星在地固系坐标为:    142951.96791164216       -41919.674412984583        27513.697673596831     
 >>> 地球非球形引力分量 (地固系), 带谐:   -3.9394607876033624E-011   1.1552195887301492E-011  -2.5747589181213396E-011
 >>> 地球非球形引力分量 (地固系), 田谐:   -4.3021223971338968E-013   1.5368751473087890E-013  -1.2973318830281790E-013
 >>> 卫星在地固系坐标为:    142260.11283993532       -50568.026891838272        27891.448110520279     
 >>> 地球非球形引力分量 (地固系), 带谐:   -3.6659584108986905E-011   1.3031079464647076E-011  -2.4408627380449259E-011
 >>> 地球非球形引力分量 (地固系), 田谐:   -3.8081114280731508E-013   1.9807748432531725E-013  -1.2113759013521676E-013
 >>> 卫星在地固系坐标为:    142260.11284054225       -50568.026892874259        27891.448110685240     
 >>> 地球非球形引力分量 (地固系), 带谐:   -3.6659584108031240E-011   1.3031079464518741E-011  -2.4408627379852021E-011
 >>> 地球非球形引力分量 (地固系), 田谐:   -3.8081114279525220E-013   1.9807748432501948E-013  -1.2113759013209184E-013
 >>> 卫星在地固系坐标为:    142187.48935534022       -51212.079603336213        27919.343630255811     
 >>> 地球非球形引力分量 (地固系), 带谐:   -3.6460768216740708E-011   1.3132180424454392E-011  -2.4313042112057870E-011
 >>> 地球非球形引力分量 (地固系), 田谐:   -3.7695049834084079E-013   2.0097071876435279E-013  -1.2046353857351148E-013
 >>> 卫星在地固系坐标为:    142150.01212785480       -51534.239704099091        27933.277183356284     
 >>> 地球非球形引力分量 (地固系), 带谐:   -3.6361607095925158E-011   1.3182325826481493E-011  -2.4265463806982919E-011
 >>> 地球非球形引力分量 (地固系), 田谐:   -3.7501172794898090E-013   2.0239701596147325E-013  -1.2012491017144801E-013
 >>> 卫星在地固系坐标为:    142092.44605200173       -52017.681071329353        27954.181111297359     
 >>> 地球非球形引力分量 (地固系), 带谐:   -3.6213062774740826E-011   1.3256999948773561E-011  -2.4194289111700063E-011
 >>> 地球非球形引力分量 (地固系), 田谐:   -3.7209214099156426E-013   2.0451042421995553E-013  -1.1961464066142686E-013
 >>> 卫星在地固系坐标为:    141812.57714748915       -54195.746397947441        28048.161353864038     
 >>> 地球非球形引力分量 (地固系), 带谐:   -3.5548280594321746E-011   1.3585294328085260E-011  -2.3877323663486906E-011
 >>> 地球非球形引力分量 (地固系), 田谐:   -3.5879989715287486E-013   2.1363766495293055E-013  -1.1728714251172750E-013
 >>> 卫星在地固系坐标为:    141711.69430006822       -54922.643561680154        28079.456436230841     
 >>> 地球非球形引力分量 (地固系), 带谐:   -3.5328020407762958E-011   1.3691941813121021E-011  -2.3772863006389687E-011
 >>> 地球非球形引力分量 (地固系), 田谐:   -3.5431644866237389E-013   2.1654061271781737E-013  -1.1650031312814112E-013
 >>> 卫星在地固系坐标为:    141270.01595844582       -57834.069610477127        28204.479364490628     
 >>> 地球非球形引力分量 (地固系), 带谐:   -3.4453651866827737E-011   1.4104867808519093E-011  -2.3360883710814673E-011
 >>> 地球非球形引力分量 (地固系), 田谐:   -3.3614751598317296E-013   2.2745449890454658E-013  -1.1330123261942222E-013
 >>> 卫星在地固系坐标为:    142092.44605188444       -52017.681071226296        27954.181111270831     
 >>> 地球非球形引力分量 (地固系), 带谐:   -3.6213062774884859E-011   1.3256999948810970E-011  -2.4194289111793392E-011
 >>> 地球非球形引力分量 (地固系), 田谐:   -3.7209214099320034E-013   2.0451042422042369E-013  -1.1961464066189295E-013
 >>> 卫星在地固系坐标为:    141498.49776500172       -56377.629751343833        28141.999312519401     
 >>> 地球非球形引力分量 (地固系), 带谐:   -3.4889501521915932E-011   1.3901118598999279E-011  -2.3565708774264415E-011
 >>> 地球非球形引力分量 (地固系), 田谐:   -3.4527689607945849E-013   2.2213714013651917E-013  -1.1491088591856031E-013
 >>> 卫星在地固系坐标为:    141909.65875393894       -53469.273491583561        28016.850460979280     
 >>> 地球非球形引力分量 (地固系), 带谐:   -3.5769207809614764E-011   1.3477261320639262E-011  -2.3982378809245214E-011
 >>> 地球非球形引力分量 (地固系), 田谐:   -3.6325770889373073E-013   2.1066495654296016E-013  -1.1806855475469024E-013
 >>> 卫星在地固系坐标为:    141026.19742493323       -59291.799760376380        28266.896861879290     
 >>> 地球非球形引力分量 (地固系), 带谐:   -3.4020471946606884E-011   1.4303264551151334E-011  -2.3158355945102024E-011
 >>> 地球非球形引力分量 (地固系), 田谐:   -3.2693669809911278E-013   2.3249285855233075E-013  -1.1167230209744810E-013
 >>> 卫星在地固系坐标为:    142260.11284054187       -50568.026892873262        27891.448110685113     
 >>> 地球非球形引力分量 (地固系), 带谐:   -3.6659584108031983E-011   1.3031079464518781E-011  -2.4408627379852464E-011
 >>> 地球非球形引力分量 (地固系), 田谐:   -3.8081114279526240E-013   1.9807748432501832E-013  -1.2113759013209431E-013
 >>> 卫星在地固系坐标为:    141026.19742493355       -59291.799760377377        28266.896861879410     
 >>> 地球非球形引力分量 (地固系), 带谐:   -3.4020471946606219E-011   1.4303264551151258E-011  -2.3158355945101608E-011
 >>> 地球非球形引力分量 (地固系), 田谐:   -3.2693669809910349E-013   2.3249285855233045E-013  -1.1167230209744580E-013
 >>> 卫星在地固系坐标为:    141026.19742544799       -59291.799761362927        28266.896862034082     
 >>> 地球非球形引力分量 (地固系), 带谐:   -3.4020471945780673E-011   1.4303264550989747E-011  -2.3158355944581085E-011
 >>> 地球非球形引力分量 (地固系), 田谐:   -3.2693669808871476E-013   2.3249285855053169E-013  -1.1167230209467810E-013
 >>> 卫星在地固系坐标为:    140912.92821205364       -59940.064010745984        28294.624111288154     
 >>> 地球非球形引力分量 (地固系), 带谐:   -3.3828775249278068E-011   1.4389729740024086E-011  -2.3069052809016576E-011
 >>> 地球非球形引力分量 (地固系), 田谐:   -3.2281876074367541E-013   2.3464246120495960E-013  -1.1094229838355409E-013
 >>> 卫星在地固系坐标为:    140855.10666330860       -60264.255570921974        28308.473895023159     
 >>> 地球非球形引力分量 (地固系), 带谐:   -3.3733168723298026E-011   1.4432592110538054E-011  -2.3024598241821522E-011
 >>> 地球非球形引力分量 (地固系), 田谐:   -3.2075501732339838E-013   2.3569694289632613E-013  -1.1057610274426218E-013
 >>> 卫星在地固系坐标为:    140766.99247539631       -60750.655956337330        28329.252075610664     
 >>> 地球非球形引力分量 (地固系), 带谐:   -3.3589962025798058E-011   1.4496382928493405E-011  -2.2958094106909352E-011
 >>> 地球非球形引力分量 (地固系), 田谐:   -3.1765275224583109E-013   2.3725259460346107E-013  -1.1002503242355666E-013
 >>> 卫星在地固系坐标为:    140349.23117735510       -62940.690144257533        28422.668699696384     
 >>> 地球非球形引力分量 (地固系), 带谐:   -3.2949203452397645E-011   1.4776323230276943E-011  -2.2661882583605759E-011
 >>> 地球非球形引力分量 (地固系), 田谐:   -3.0360768890353833E-013   2.4387109842234304E-013  -1.0752176751528654E-013
 >>> 卫星在地固系坐标为:    140202.23341533763       -63671.085134190267        28453.776720359179     
 >>> 地球非球形引力分量 (地固系), 带谐:   -3.2736952189317124E-011   1.4867076073639070E-011  -2.2564245253390682E-011
 >>> 地球非球形引力分量 (地固系), 田谐:   -2.9889829258071552E-013   2.4593870711112175E-013  -1.0667917400925916E-013
 >>> 卫星在地固系坐标为:    139575.37686212032       -66594.026075073707        28578.055420685108     
 >>> 地球非球形引力分量 (地固系), 带谐:   -3.1894620243828957E-011   1.5217520596561281E-011  -2.2179096091941603E-011
 >>> 地球非球形引力分量 (地固系), 田谐:   -2.7994886395633258E-013   2.5351982662384325E-013  -1.0327094538904276E-013
 >>> 卫星在地固系坐标为:    140766.99247529163       -60750.655956235270        28329.252075585708     
 >>> 地球非球形引力分量 (地固系), 带谐:   -3.3589962025922497E-011   1.4496382928533533E-011  -2.2958094106991317E-011
 >>> 地球非球形引力分量 (地固系), 田谐:   -3.1765275224718718E-013   2.3725259460406535E-013  -1.1002503242396208E-013
 >>> 卫星在地固系坐标为:    139896.58881920428       -65132.325336954382        28515.946681600039     
 >>> 地球非球形引力分量 (地固系), 带谐:   -3.2314451744355780E-011   1.5044794171634370E-011  -2.2370597978709788E-011
 >>> 地球非球形引力分量 (地固系), 田谐:   -2.8944396251467770E-013   2.4986683295114157E-013  -1.0498240729950777E-013
 >>> 卫星在地固系坐标为:    140492.35318626679       -62210.473072286113        28391.545273209769     
 >>> 地球非球形引力分量 (地固系), 带谐:   -3.3162122159567117E-011   1.4684296054835211E-011  -2.2760067333146837E-011
 >>> 地球非球形引力分量 (地固系), 田谐:   -3.0830390442995031E-013   2.4173428511093293E-013  -1.0836035090593731E-013
 >>> 卫星在地固系坐标为:    139238.55682143473       -68056.018925987111        28640.103196741577     
 >>> 地球非球形引力分量 (地固系), 带谐:   -3.1477456921427907E-011   1.5385324675074926E-011  -2.1989710651346051E-011
 >>> 地球非球形引力分量 (地固系), 田谐:   -2.7042084703173079E-013   2.5689904002292464E-013  -1.0154567196737978E-013
 >>> 卫星在地固系坐标为:    141026.19742544767       -59291.799761362017        28266.896862033966     
 >>> 地球非球形引力分量 (地固系), 带谐:   -3.4020471945781281E-011   1.4303264550989819E-011  -2.3158355944581460E-011
 >>> 地球非球形引力分量 (地固系), 田谐:   -3.2693669808872340E-013   2.3249285855053220E-013  -1.1167230209468027E-013
 >>> 卫星在地固系坐标为:    139238.55682143499       -68056.018925988043        28640.103196741693     
 >>> 地球非球形引力分量 (地固系), 带谐:   -3.1477456921427299E-011   1.5385324675074809E-011  -2.1989710651345670E-011
 >>> 地球非球形引力分量 (地固系), 田谐:   -2.7042084703172266E-013   2.5689904002292298E-013  -1.0154567196737764E-013
 >>> 卫星在地固系坐标为:    139238.55682186634       -68056.018926924051        28640.103196886786     
 >>> 地球非球形引力分量 (地固系), 带谐:   -3.1477456920715355E-011   1.5385324674890768E-011  -2.1989710650891070E-011
 >>> 地球非球形引力分量 (地固系), 田谐:   -2.7042084702300490E-013   2.5689904002006001E-013  -1.0154567196495673E-013
 >>> 卫星在地固系坐标为:    139083.86778518587       -68705.857345208773        28667.666477632491     
 >>> 地球非球形引力分量 (地固系), 带谐:   -3.1292881118450530E-011   1.5458329282052380E-011  -2.1906192982047959E-011
 >>> 地球非球形引力分量 (地固系), 田谐:   -2.6617741770509353E-013   2.5831321242929315E-013  -1.0077459829949925E-013
 >>> 卫星在地固系坐标为:    139005.31963749693       -69030.759556250909        28681.434628418476     
 >>> 地球非球形引力分量 (地固系), 带谐:   -3.1200829942810006E-011   1.5494493270864688E-011  -2.1864615443744123E-011
 >>> 地球非球形引力分量 (地固系), 田谐:   -2.6405437806759175E-013   2.5900050022228777E-013  -1.0038824818448091E-013
 >>> 卫星在地固系坐标为:    138886.08981250308       -69518.134715776672        28702.090269996050     
 >>> 地球非球形引力分量 (地固系), 带谐:   -3.1062960799907579E-011   1.5548274823447901E-011  -2.1802413163961381E-011
 >>> 地球非球形引力分量 (地固系), 田谐:   -2.6086765817405102E-013   2.6000600905702109E-013  -9.9807459659394381E-014
 >>> 卫星在地固系坐标为:    138327.97070035280       -71711.166980714857        28794.957624483333     
 >>> 地球非球形引力分量 (地固系), 带谐:   -3.0446215022161631E-011   1.5783746398727541E-011  -2.1525320629628865E-011
 >>> 地球非球形引力分量 (地固系), 田谐:   -2.4650735861328951E-013   2.6415980668596856E-013  -9.7177762492136992E-014
 >>> 卫星在地固系坐标为:    138134.06855287493       -72442.054638998350        28825.883334426610     
 >>> 地球非球形引力分量 (地固系), 带谐:   -3.0241965321699504E-011   1.5859882555958003E-011  -2.1433970335595483E-011
 >>> 地球非球形引力分量 (地固系), 田谐:   -2.4171621186129892E-013   2.6541025467739715E-013  -9.6295653693134083E-014
 >>> 卫星在地固系坐标为:    137319.03902522204       -75364.417700554332        28949.436652788234     
 >>> 地球非球形引力分量 (地固系), 带谐:   -2.9431622258365420E-011   1.6152873550746123E-011  -2.1073548537858888E-011
 >>> 地球非球形引力分量 (地固系), 田谐:   -2.2255429386561240E-013   2.6974838284208232E-013  -9.2742287037471451E-014
 >>> 卫星在地固系坐标为:    138886.08981241009       -69518.134715676046        28702.090269972552     
 >>> 地球非球形引力分量 (地固系), 带谐:   -3.1062960800014861E-011   1.5548274823489503E-011  -2.1802413164033465E-011
 >>> 地球非球形引力分量 (地固系), 田谐:   -2.6086765817514240E-013   2.6000600905770711E-013  -9.9807459659742654E-014
 >>> 卫星在地固系坐标为:    137734.44578159536       -73903.516724618719        28887.689835058107     
 >>> 地球非球形引力分量 (地固系), 带谐:   -2.9835463076461069E-011   1.6008672572395969E-011  -2.1252770231983175E-011
 >>> 地球非球形引力分量 (地固系), 田谐:   -2.3213289827672389E-013   2.6771148812071037E-013  -9.4523749940059588E-014
 >>> 卫星在地固系坐标为:    138517.93878728725       -70980.203510306630        28764.016897467031     
 >>> 地球非球形引力分量 (地固系), 带谐:   -3.0651130716805294E-011   1.5706438567793089E-011  -2.1617175591095831E-011
 >>> 地球非球形引力分量 (地固系), 田谐:   -2.5129693681517614E-013   2.6284244983536942E-013  -9.8057170062677200E-014
 >>> 卫星在地固系坐标为:    136887.81871274122       -76824.584813603084        29011.124036684185     
 >>> 地球非球形引力分量 (地固系), 带谐:   -2.9030440979676920E-011   1.6292549594202140E-011  -2.0896278937008520E-011
 >>> 地球非球形引力分量 (地固系), 田谐:   -2.1298757631399402E-013   2.7152333567045011E-013  -9.0952082090644268E-014
 >>> 卫星在地固系坐标为:    139238.55682186608       -68056.018926923192        28640.103196886681     
 >>> 地球非球形引力分量 (地固系), 带谐:   -3.1477456920715911E-011   1.5385324674890875E-011  -2.1989710650891412E-011
 >>> 地球非球形引力分量 (地固系), 田谐:   -2.7042084702301207E-013   2.5689904002006132E-013  -1.0154567196495861E-013
 >>> 卫星在地固系坐标为:    136887.81871274143       -76824.584813603942        29011.124036684294     
 >>> 地球非球形引力分量 (地固系), 带谐:   -2.9030440979676371E-011   1.6292549594201995E-011  -2.0896278937008175E-011
 >>> 地球非球形引力分量 (地固系), 田谐:   -2.1298757631398703E-013   2.7152333567044748E-013  -9.0952082090642324E-014
 >>> 卫星在地固系坐标为:    136887.81871309815       -76824.584814491478        29011.124036820474     
 >>> 地球非球形引力分量 (地固系), 带谐:   -2.9030440979063601E-011   1.6292549594003856E-011  -2.0896278936610417E-011
 >>> 地球非球形引力分量 (地固系), 田谐:   -2.1298757630687292E-013   2.7152333566689253E-013  -9.0952082088550959E-014
 >>> 卫星在地固系坐标为:    136691.10941391721       -77473.282582031941        29038.527481581463     
 >>> 地球非球形引力分量 (地固系), 带谐:   -2.8852968183892415E-011   1.6353178835298001E-011  -2.0818095563587065E-011
 >>> 地球非球形引力分量 (地固系), 田谐:   -2.0874120248190856E-013   2.7222856863490994E-013  -9.0153771083205573E-014
 >>> 卫星在地固系坐标为:    136591.53940532534       -77797.536210111910        29052.216051945663     
 >>> 地球非球形引力分量 (地固系), 带谐:   -2.8764463348597783E-011   1.6383184410027428E-011  -2.0779170920652707E-011
 >>> 地球非球形引力分量 (地固系), 田谐:   -2.0661985760947654E-013   2.7256237080433804E-013  -8.9754154013268747E-014
 >>> 卫星在地固系坐标为:    136440.75717848464       -78283.844673524378        29072.752236828590     
 >>> 地球非球形引力分量 (地固系), 带谐:   -2.8631917167273718E-011   1.6427763980347662E-011  -2.0720935516005474E-011
 >>> 地球非球形引力分量 (地固系), 田谐:   -2.0343979993071739E-013   2.7303890329214202E-013  -8.9153940973507067E-014
 >>> 卫星在地固系坐标为:    135740.40674903040       -80470.652521049735        29165.084108068942     
 >>> 地球非球形引力分量 (地固系), 带谐:   -2.8039109255589368E-011   1.6622356392949290E-011  -2.0461476284420656E-011
 >>> 地球非球形引力分量 (地固系), 田谐:   -1.8916877031412327E-013   2.7483188255161739E-013  -8.6443584259601269E-014
 >>> 卫星在地固系坐标为:    135499.00929989974       -81198.945922391125        29195.832072421708     
 >>> 地球非球形引力分量 (地固系), 带谐:   -2.7842832825677196E-011   1.6685056876943616E-011  -2.0375925586129511E-011
 >>> 地球非球形引力分量 (地固系), 田谐:   -1.8442865463838366E-013   2.7530288436507014E-013  -8.5537017715591954E-014
 >>> 卫星在地固系坐标为:    134493.61234435331       -84108.322050100644        29318.678119520675     
 >>> 地球非球形引力分量 (地固系), 带谐:   -2.7064349346153449E-011   1.6925242553932170E-011  -2.0038319404965008E-011
 >>> 地球非球形引力分量 (地固系), 田谐:   -1.6557472104347994E-013   2.7656381843097240E-013  -8.1897739815606376E-014
 >>> 卫星在地固系坐标为:    136440.75717840245       -78283.844673425498        29072.752236806456     
 >>> 地球非球形引力分量 (地固系), 带谐:   -2.8631917167366068E-011   1.6427763980389793E-011  -2.0720935516069047E-011
 >>> 地球非球形引力分量 (地固系), 田谐:   -2.0343979993156628E-013   2.7303890329286499E-013  -8.9153940973802606E-014
 >>> 卫星在地固系坐标为:    135004.27718942522       -82654.437449220932        29257.284197626232     
 >>> 地球非球形引力分量 (地固系), 带谐:   -2.7452267323974175E-011   1.6807257959575569E-011  -2.0206209245523436E-011
 >>> 地球非球形引力分量 (地固系), 田谐:   -1.7497875280424041E-013   2.7605717305247234E-013  -8.3719791223637171E-014
 >>> 卫星在地固系坐标为:    135977.82865623166       -79742.023256480403        29134.321500275291     
 >>> 地球非球形引力分量 (地固系), 带谐:   -2.8236048583679682E-011   1.6558579182222499E-011  -2.0547492768927929E-011
 >>> 地球非球形引力分量 (地固系), 田谐:   -1.9391789292533934E-013   2.7429779819316698E-013  -8.7348658364165851E-014
 >>> 卫星在地固系坐标为:    133966.99672227877       -85560.423377123632        29380.014077625863     
 >>> 地球非球形引力分量 (地固系), 带谐:   -2.6679076013542179E-011   1.7039070031264822E-011  -1.9872232104901905E-011
 >>> 地球非球形引力分量 (地固系), 田谐:   -1.5622295657097786E-013   2.7682611339468759E-013  -8.0071613183857413E-014
 >>> 卫星在地固系坐标为:    136887.81871309798       -76824.584814490678        29011.124036820373     
 >>> 地球非球形引力分量 (地固系), 带谐:   -2.9030440979064063E-011   1.6292549594003969E-011  -2.0896278936610692E-011
 >>> 地球非球形引力分量 (地固系), 田谐:   -2.1298757630687892E-013   2.7152333566689480E-013  -9.0952082088552600E-014
 >>> 卫星在地固系坐标为:    133966.99672227891       -85560.423377124418        29380.014077625965     
 >>> 地球非球形引力分量 (地固系), 带谐:   -2.6679076013541762E-011   1.7039070031264690E-011  -1.9872232104901634E-011
 >>> 地球非球形引力分量 (地固系), 田谐:   -1.5622295657097269E-013   2.7682611339468476E-013  -8.0071613183855898E-014
 >>> 卫星在地固系坐标为:    133966.99672256876       -85560.423377964617        29380.014077753851     
 >>> 地球非球形引力分量 (地固系), 带谐:   -2.6679076013015388E-011   1.7039070031058971E-011  -1.9872232104552890E-011
 >>> 地球非球形引力分量 (地固系), 田谐:   -1.5622295656534941E-013   2.7682611339074687E-013  -8.0071613182071861E-014
 >>> 卫星在地固系坐标为:    133727.84690553547       -86205.199708049739        29407.261658516563     
 >>> 地球非球形引力分量 (地固系), 带谐:   -2.6508671047831450E-011   1.7088327783274247E-011  -1.9798972649196648E-011
 >>> 地球非球形引力分量 (地固系), 田谐:   -1.5208492104116189E-013   2.7686493411920057E-013  -7.9258828079692954E-014
 >>> 卫星在地固系坐标为:    133607.05002881910       -86527.412861401943        29420.872621423088     
 >>> 地球非球形引力分量 (地固系), 带谐:   -2.6423694919167731E-011   1.7112674511572424E-011  -1.9762497012790831E-011
 >>> 地球非球形引力分量 (地固系), 田谐:   -1.5002058089007721E-013   2.7686691389560121E-013  -7.8852296640895631E-014
 >>> 卫星在地固系坐标为:    133424.41423958159       -87010.564575840166        29441.292312400146     
 >>> 地球非球形引力分量 (地固系), 带谐:   -2.6296444283123943E-011   1.7148799014423275E-011  -1.9707923747788921E-011
 >>> 地球非球形引力分量 (地固系), 田谐:   -1.4692971766285784E-013   2.7684748505071835E-013  -7.8242149705266528E-014
 >>> 卫星在地固系坐标为:    132580.57230059299       -89181.713008906372        29533.101953184228     
 >>> 地球非球形引力分量 (地固系), 带谐:   -2.5727442676001805E-011   1.7305834251358260E-011  -1.9464746007383895E-011
 >>> 地球非球形引力分量 (地固系), 田谐:   -1.3311293737409528E-013   2.7643562679113005E-013  -7.5493285368956995E-014
 >>> 卫星在地固系坐标为:    132291.29417502656       -89904.256631370765        29563.676560773245     
 >>> 地球非球形引力分量 (地固系), 带谐:   -2.5539092730387865E-011   1.7356192342690159E-011  -1.9384551292649045E-011
 >>> 地球非球形引力分量 (地固系), 田谐:   -1.2854314290442469E-013   2.7618181213237181E-013  -7.4576109375837666E-014
 >>> 卫星在地固系坐标为:    131094.16288753966       -92787.973635336297        29685.832749747737     
 >>> 地球非球形引力分量 (地固系), 带谐:   -2.4792267421944872E-011   1.7547877077342249E-011  -1.9068020416151435E-011
 >>> 地球非球形引力分量 (地固系), 田谐:   -1.1046220720315588E-013   2.7459673547947933E-013  -7.0905300246860665E-014
 >>> 卫星在地固系坐标为:    133424.41423950938       -87010.564575743396        29441.292312379279     
 >>> 地球非球形引力分量 (地固系), 带谐:   -2.6296444283203227E-011   1.7148799014465187E-011  -1.9707923747845060E-011
 >>> 地球非球形引力分量 (地固系), 田谐:   -1.4692971766348875E-013   2.7684748505144218E-013  -7.8242149705513649E-014
 >>> 卫星在地固系坐标为:    131700.73427309687       -91347.451330213211        29624.783045430519     
 >>> 地球非球形引力分量 (地固系), 带谐:   -2.5164366090940954E-011   1.7453970317137889E-011  -1.9225441792392003E-011
 >>> 地球非球形引力分量 (地固系), 田谐:   -1.1946161061698713E-013   2.7550225373028252E-013  -7.2740952882838593E-014
 >>> 卫星在地固系坐标为:    132865.85077433058       -88458.568277055951        29502.513061440830     
 >>> 地球非球形引力分量 (地固系), 带谐:   -2.5916450967198979E-011   1.7254487394768979E-011  -1.9545371102148204E-011
 >>> 地球非球形引力分量 (地固系), 田谐:   -1.3770112167806091E-013   2.7663149044501986E-013  -7.6410076494104226E-014
 >>> 卫星在地固系坐标为:    130471.57383045628       -94225.644373894393        29746.825904181082     
 >>> 地球非球形引力分量 (地固系), 带谐:   -2.4422792967123378E-011   1.7637967698065971E-011  -1.8912265322638713E-011
 >>> 地球非球形引力分量 (地固系), 田谐:   -1.0155046660470979E-013   2.7346928989251182E-013  -6.9069833449031758E-014
 >>> 卫星在地固系坐标为:    133966.99672256861       -85560.423377963874        29380.014077753756     
 >>> 地球非球形引力分量 (地固系), 带谐:   -2.6679076013015811E-011   1.7039070031059113E-011  -1.9872232104553171E-011
 >>> 地球非球形引力分量 (地固系), 田谐:   -1.5622295656535451E-013   2.7682611339074985E-013  -8.0071613182073388E-014
 >>> 卫星在地固系坐标为:    130471.57383045639       -94225.644373895120        29746.825904181176     
 >>> 地球非球形引力分量 (地固系), 带谐:   -2.4422792967123020E-011   1.7637967698065825E-011  -1.8912265322638474E-011
 >>> 地球非球形引力分量 (地固系), 田谐:   -1.0155046660470574E-013   2.7346928989250874E-013  -6.9069833449030458E-014
 >>> 卫星在地固系坐标为:    130471.57383068632       -94225.644374689218        29746.825904301335     
 >>> 地球非球形引力分量 (地固系), 带谐:   -2.4422792966671961E-011   1.7637967697857637E-011  -1.8912265322332204E-011
 >>> 地球非球形引力分量 (地固系), 田谐:   -1.0155046660043206E-013   2.7346928988843897E-013  -6.9069833447529274E-014
 >>> 卫星在地固系坐标为:    130189.74919595290       -94863.664499320526        29773.921440715996     
 >>> 地球非球形引力分量 (地固系), 带谐:   -2.4259405362016307E-011   1.7676784120318993E-011  -1.8843556034803189E-011
 >>> 地球非球形引力分量 (地固系), 田谐:   -9.7619174863238260E-014   2.7289784420166651E-013  -6.8254257298018179E-014
 >>> 卫星在地固系坐标为:    130047.61356182733       -95182.418635329101        29787.456693622622     
 >>> 地球非球形引力分量 (地固系), 带谐:   -2.4177932676776658E-011   1.7695934948346174E-011  -1.8809343696114335E-011
 >>> 地球非球形引力分量 (地固系), 田谐:   -9.5660672793497323E-014   2.7259640716931433E-013  -6.7846623925147044E-014
 >>> 卫星在地固系坐标为:    129832.96291796709       -95660.284000479267        29807.762740052251     
 >>> 地球非球形引力分量 (地固系), 带谐:   -2.4055938824228880E-011   1.7724296573882134E-011  -1.8758154996360318E-011
 >>> 地球非球形引力分量 (地固系), 田谐:   -9.2731772484679683E-014   2.7212405714305529E-013  -6.7235223155532164E-014
 >>> 卫星在地固系坐标为:    128845.00137207669       -97806.166415171931        29899.062896776260     
 >>> 地球非球形引力分量 (地固系), 带谐:   -2.3510561840611107E-011   1.7846853967245510E-011  -1.8530027187184858E-011
 >>> 地球非球形引力分量 (地固系), 田谐:   -7.9689596864573752E-014   2.6970716680769207E-013  -6.4486353047604630E-014
 >>> 卫星在地固系坐标为:    128507.66885657018       -98519.749848354433        29929.468369085505     
 >>> 地球非球形引力分量 (地固系), 带谐:   -2.3330075221816746E-011   1.7885883350370676E-011  -1.8454784221236897E-011
 >>> 地球非球形引力分量 (地固系), 田谐:   -7.5394299090924294E-014   2.6879730284814207E-013  -6.3571198482897290E-014
 >>> 卫星在地固系坐标为:    127118.28758508344       -101364.92770509863        30050.951450875233     
 >>> 地球非球形引力分量 (地固系), 带谐:   -2.2614642806128101E-011   1.8033059417870843E-011  -1.8157742407218829E-011
 >>> 地球非球形引力分量 (地固系), 田谐:   -5.8489800278968779E-014   2.6465157892982138E-013  -5.9918366453767033E-014
 >>> 卫星在地固系坐标为:    129832.96291790415       -95660.284000384825        29807.762740032558     
 >>> 地球非球形引力分量 (地固系), 带谐:   -2.4055938824296780E-011   1.7724296573923260E-011  -1.8758154996409978E-011
 >>> 地球非球形引力分量 (地固系), 田谐:   -9.2731772485120006E-014   2.7212405714375136E-013  -6.7235223155735514E-014
 >>> 卫星在地固系坐标为:    127820.98742430123       -99944.215188771210        29990.237615548998     
 >>> 地球非球形引力分量 (地固系), 带谐:   -2.2971057309527220E-011   1.7961246749221270E-011  -1.8305482354712365E-011
 >>> 地球非球形引力分量 (地固系), 田谐:   -6.6885523733333918E-014   2.6682456013268192E-013  -6.1743069155463274E-014
 >>> 卫星在地固系坐标为:    129178.32797781742       -97091.712585371148        29868.643485978842     
 >>> 地球非球形引力分量 (地固系), 带谐:   -2.3691700962829154E-011   1.7806917433832807E-011  -1.8605668251119198E-011
 >>> 地球非球形引力分量 (地固系), 田谐:   -8.4011356945219380E-014   2.7056528070603442E-013  -6.5402128781736166E-014
 >>> 卫星在地固系坐标为:    126399.57527488319       -102781.70620227871        30111.610096907953     
 >>> 地球非球形引力分量 (地固系), 带谐:   -2.2260827175892976E-011   1.8101372521518139E-011  -1.8011544444039345E-011
 >>> 地球非球形引力分量 (地固系), 田谐:   -5.0211741761548310E-014   2.6228297104778871E-013  -5.8097704835015285E-014
 >>> 卫星在地固系坐标为:    130471.57383068622       -94225.644374688563        29746.825904301248     
 >>> 地球非球形引力分量 (地固系), 带谐:   -2.4422792966672297E-011   1.7637967697857770E-011  -1.8912265322332421E-011
 >>> 地球非球形引力分量 (地固系), 田谐:   -1.0155046660043577E-013   2.7346928988844180E-013  -6.9069833447530461E-014
 >>> 卫星在地固系坐标为:    126399.57527488325       -102781.70620227940        30111.610096908040     
 >>> 地球非球形引力分量 (地固系), 带谐:   -2.2260827175892653E-011   1.8101372521517997E-011  -1.8011544444039132E-011
 >>> 地球非球形引力分量 (地固系), 田谐:   -5.0211741761545357E-014   2.6228297104778573E-013  -5.8097704835014225E-014
 >>> 卫星在地固系坐标为:    126399.57527505960       -102781.70620302873        30111.610097021006     
 >>> 地球非球形引力分量 (地固系), 带谐:   -2.2260827175507129E-011   1.8101372521311211E-011  -1.8011544443769678E-011
 >>> 地球非球形引力分量 (地固系), 田谐:   -5.0211741758462583E-014   2.6228297104378029E-013  -5.8097704833769706E-014
 >>> 卫星在地固系坐标为:    126075.03244116364       -103410.09383349335        30138.557264095438     
 >>> 地球非球形引力分量 (地固系), 带谐:   -2.2104392909581181E-011   1.8130610800984196E-011  -1.7947044508662455E-011
 >>> 地球非球形引力分量 (地固系), 田谐:   -4.6571513186588743E-014   2.6116850124243440E-013  -5.7289937994951568E-014
 >>> 卫星在地固系坐标为:    125911.54174063972       -103723.94999552815        30152.018632759737     
 >>> 地球非球形引力分量 (地固系), 带谐:   -2.2026391642192837E-011   1.8144995396711291E-011  -1.7914926107314793E-011
 >>> 地球非球形引力分量 (地固系), 田谐:   -4.4760612444690573E-014   2.6059753216101854E-013  -5.6886473911877309E-014
 >>> 卫星在地固系坐标为:    125664.85847859584       -104194.36923942076        30172.213776289969     
 >>> 地球非球形引力分量 (地固系), 带谐:   -2.1909605754687021E-011   1.8166236603710731E-011  -1.7866868824051146E-011
 >>> 地球非球形引力分量 (地固系), 田谐:   -4.2055803828544942E-014   2.5972342910636946E-013  -5.6281687531674523E-014
 >>> 卫星在地固系坐标为:    124532.79738575185       -106305.24981319286        30263.016714446447     
 >>> 地球非球形引力分量 (地固系), 带谐:   -2.1387627278507253E-011   1.8257174884704737E-011  -1.7652667549392183E-011
 >>> 地球非球形引力分量 (地固系), 田谐:   -3.0060230511813867E-014   2.5553656700233976E-013  -5.3567661755566908E-014
 >>> 卫星在地固系坐标为:    124147.45361777161       -107006.62197913468        30293.257114024706     
 >>> 地球非球形引力分量 (地固系), 带谐:   -2.1214926308860662E-011   1.8285816854824993E-011  -1.7582007524474220E-011
 >>> 地球非球形引力分量 (地固系), 田谐:   -2.6127321103646624E-014   2.5405069138102446E-013  -5.2665942971975151E-014
 >>> 卫星在地固系坐标为:    122566.17796538121       -109800.23005022097        30414.083210562883     
 >>> 地球非球形引力分量 (地固系), 带谐:   -2.0530564848678240E-011   1.8392192535224248E-011  -1.7303007182821810E-011
 >>> 地球非球形引力分量 (地固系), 田谐:   -1.0736823158325331E-014   2.4767235548578921E-013  -4.9075735488355926E-014
 >>> 卫星在地固系坐标为:    125664.85847854143       -104194.36923932887        30172.213776271379     
 >>> 地球非球形引力分量 (地固系), 带谐:   -2.1909605754745020E-011   1.8166236603750666E-011  -1.7866868824095174E-011
 >>> 地球非球形引力分量 (地固系), 田谐:   -4.2055803828822400E-014   2.5972342910701751E-013  -5.6281687531838802E-014
 >>> 卫星在地固系坐标为:    123364.79179175881       -108405.84769968934        30353.697208804926     
 >>> 地球非球形引力分量 (地固系), 带谐:   -2.0871458378808240E-011   1.8340631110558399E-011  -1.7441784016322790E-011
 >>> 地球非球形引力分量 (地固系), 田谐:   -1.8362894345370988E-014   2.5094724525331537E-013  -5.0867366384242165E-014
 >>> 卫星在地固系坐标为:    124914.14723041095       -105602.73513050849        30232.762709106624     
 >>> 地球非球形引力分量 (地固系), 带谐:   -2.1560973764043022E-011   1.8227701601806691E-011  -1.7723696202750743E-011
 >>> 地球非球形引力分量 (地固系), 田谐:   -3.4026284037276140E-014   2.5697772219528796E-013  -5.4470906609589174E-014
 >>> 卫星在地固系坐标为:    121751.63042426278       -111189.58662601665        30474.415332954726     
 >>> 地球非球形引力分量 (地固系), 带谐:   -2.0192240491080235E-011   1.8440548725570980E-011  -1.7165658807578850E-011
 >>> 地球非球形引力分量 (地固系), 田谐:   -3.2527667842060592E-015   2.4423105254200666E-013  -4.7291597871201761E-014
 >>> 卫星在地固系坐标为:    126399.57527505953       -102781.70620302811        30111.610097020923     
 >>> 地球非球形引力分量 (地固系), 带谐:   -2.2260827175507429E-011   1.8101372521311357E-011  -1.8011544443769875E-011
 >>> 地球非球形引力分量 (地固系), 田谐:   -5.0211741758465410E-014   2.6228297104378347E-013  -5.8097704833770715E-014
 >>> 卫星在地固系坐标为:    121751.63042426281       -111189.58662601728        30474.415332954806     
 >>> 地球非球形引力分量 (地固系), 带谐:   -2.0192240491079979E-011   1.8440548725570838E-011  -1.7165658807578673E-011
 >>> 地球非球形引力分量 (地固系), 田谐:   -3.2527667842040196E-015   2.4423105254200378E-013  -4.7291597871200928E-014
 >>> 卫星在地固系坐标为:    121751.63042439136       -111189.58662672322        30474.415333061068     
 >>> 地球非球形引力分量 (地固系), 带谐:   -2.0192240490751427E-011   1.8440548725368401E-011  -1.7165658807341198E-011
 >>> 地球非球形引力分量 (地固系), 田谐:   -3.2527667821470597E-015   2.4423105253821129E-013  -4.7291597870186711E-014
 >>> 卫星在地固系坐标为:    121384.52106146533       -111805.43681146528        30501.217668383080     
 >>> 地球非球形引力分量 (地固系), 带谐:   -2.0042683512271726E-011   1.8461011052873710E-011  -1.7105057062434493E-011
 >>> 地球非球形引力分量 (地固系), 田谐:    2.6973092156289179E-017   2.4264932963282908E-013  -4.6501163208919299E-014
 >>> 卫星在地固系坐标为:    121199.75660318747       -112112.94207558503        30514.606910435938     
 >>> 地球非球形引力分量 (地固系), 带谐:   -1.9968115632313754E-011   1.8471028770905135E-011  -1.7074877959290591E-011
 >>> 地球非球形引力分量 (地固系), 田谐:    1.6559726015113266E-015   2.4184690801867104E-013  -4.6106601193739611E-014
 >>> 卫星在地固系坐标为:    120921.16952952920       -112573.73491888968        30534.693790374262     
 >>> 地球非球形引力分量 (地固系), 带谐:   -1.9856479964070231E-011   1.8485746710807463E-011  -1.7029720939121587E-011
 >>> 地球非球形引力分量 (地固系), 田谐:    4.0857760854380314E-015   2.4062842113315415E-013  -4.5515490042826939E-014
 >>> 卫星在地固系坐标为:    119645.69030951780       -114639.79234203775        30625.011318485973     
 >>> 地球非球形引力分量 (地固系), 带谐:   -1.9357634418029735E-011   1.8547723567603317E-011  -1.6828420223387011E-011
 >>> 地球非球形引力分量 (地固系), 田谐:    1.4813494442330842E-014   2.3493322791549463E-013  -4.2867530678522540E-014
 >>> 卫星在地固系坐标为:    119212.59952695074       -115325.67612686340        30655.090556841882     
 >>> 地球非球形引力分量 (地固系), 带谐:   -1.9192628523485389E-011   1.8566853419065708E-011  -1.6762006247460477E-011
 >>> 地球非球形引力分量 (地固系), 田谐:    1.8313129635571352E-014   2.3295975740928051E-013  -4.1989454768667596E-014
 >>> 卫星在地固系坐标为:    117440.67250632297       -118054.59205022235        30775.275192226720     
 >>> 地球非球形引力分量 (地固系), 带谐:   -1.8538965739048023E-011   1.8635877934354712E-011  -1.6499724732191308E-011
 >>> 地球非球形引力分量 (地固系), 田谐:    3.1920460573312151E-014   2.2470796362397212E-013  -3.8501701988189733E-014
 >>> 卫星在地固系坐标为:    120921.16952948268       -112573.73491880053        30534.693790356698     
 >>> 地球非球形引力分量 (地固系), 带谐:   -1.9856479964119581E-011   1.8485746710845878E-011  -1.7029720939160661E-011
 >>> 地球非球形引力分量 (地固系), 田谐:    4.0857760852964640E-015   2.4062842113373929E-013  -4.5515490042956628E-014
 >>> 卫星在地固系坐标为:    118334.54155437319       -116693.10362299081        30715.209286273199     
 >>> 地球非球形引力分量 (地固系), 带谐:   -1.8864526412447329E-011   1.8602853457076743E-011  -1.6630194832884993E-011
 >>> 地球非球形引力分量 (地固系), 田谐:    2.5195746140450144E-014   2.2890412707577897E-013  -4.0240545387104753E-014
 >>> 卫星在地固系坐标为:    120074.81772278740       -113952.49231428758        30594.918794794998     
 >>> 地球非球形引力分量 (地固系), 带谐:   -1.9523277824021557E-011   1.8527832966006792E-011  -1.6895175893515839E-011
 >>> 地球非球形引力分量 (地固系), 田谐:    1.1275467357445317E-014   2.3686959597578712E-013  -4.3747937505264863E-014
 >>> 卫星在地固系坐标为:    116531.02317802804       -119409.95863890264        30835.288480570292     
 >>> 地球非球形引力分量 (地固系), 带谐:   -1.8215940659763291E-011   1.8665971184582952E-011  -1.6370579279676436E-011
 >>> 地球非球形引力分量 (地固系), 田谐:    3.8484576788136769E-014   2.2037655856231181E-013  -3.6773406339098792E-014
 >>> 卫星在地固系坐标为:    121751.63042439133       -111189.58662672267        30474.415333060988     
 >>> 地球非球形引力分量 (地固系), 带谐:   -2.0192240490751657E-011   1.8440548725368518E-011  -1.7165658807341353E-011
 >>> 地球非球形引力分量 (地固系), 田谐:   -3.2527667821488914E-015   2.4423105253821392E-013  -4.7291597870187450E-014
 >>> 卫星在地固系坐标为:    116531.02317802804       -119409.95863890319        30835.288480570369     
 >>> 地球非球形引力分量 (地固系), 带谐:   -1.8215940659763068E-011   1.8665971184582816E-011  -1.6370579279676281E-011
 >>> 地球非球形引力分量 (地固系), 田谐:    3.8484576788138183E-014   2.2037655856230888E-013  -3.6773406339098060E-014
 >>> 卫星在地固系坐标为:    116531.02317811408       -119409.95863956719        30835.288480670377     
 >>> 地球非球形引力分量 (地固系), 带谐:   -1.8215940659483962E-011   1.8665971184386826E-011  -1.6370579279466594E-011
 >>> 地球非球形引力分量 (地固系), 田谐:    3.8484576789333913E-014   2.2037655855883438E-013  -3.6773406338288039E-014
 >>> 卫星在地固系坐标为:    116121.69727397941       -120010.35097402435        30861.949391192291     
 >>> 地球非球形引力分量 (地固系), 带谐:   -1.8073174223930231E-011   1.8678404060104795E-011  -1.6313591296840760E-011
 >>> 地球非球形引力分量 (地固系), 田谐:    4.1349713858562380E-014   2.1840932496342655E-013  -3.6008761473590421E-014
 >>> 卫星在地固系坐标为:    115915.83960140198       -120310.04505262365        30875.268199494665     
 >>> 地球非球形引力分量 (地固系), 带谐:   -1.8001996363415186E-011   1.8684426571616302E-011  -1.6285210126328158E-011
 >>> 地球非球形引力分量 (地固系), 田谐:    4.2770173971485017E-014   2.1741644738186624E-013  -3.5627302151496472E-014
 >>> 卫星在地固系坐标为:    115605.62646545105       -120759.02065221556        30895.249357852717     
 >>> 地球非球形引力分量 (地固系), 带谐:   -1.7895445229974752E-011   1.8693177020695808E-011  -1.6242742048988670E-011
 >>> 地球非球形引力分量 (地固系), 田谐:    4.4885558482583447E-014   2.1591523190760142E-013  -3.5056129352942674E-014
 >>> 卫星在地固系坐标为:    114188.08217339985       -122770.39296626173        30985.092849958710     
 >>> 地球非球形引力分量 (地固系), 带谐:   -1.7419431948008013E-011   1.8728666466772335E-011  -1.6053403778335997E-011
 >>> 地球非球形引力分量 (地固系), 田谐:    5.4175997686275001E-014   2.0899133554278383E-013  -3.2501877435539045E-014
 >>> 卫星在地固系坐标为:    113707.73296143352       -123437.50023650059        31015.014694978865     
 >>> 地球非球形引力分量 (地固系), 带谐:   -1.7262019082947193E-011   1.8739099172406096E-011  -1.5990927749655678E-011
 >>> 地球非球形引力分量 (地固系), 田谐:    5.7188769355987350E-014   2.0662421184492957E-013  -3.1656461097051829E-014
 >>> 卫星在地固系坐标为:    111747.29717682653       -126088.57022348733        31134.572824766641     
 >>> 地球非球形引力分量 (地固系), 带谐:   -1.6638637908633781E-011   1.8773984851250679E-011  -1.5744155153840882E-011
 >>> 地球非球形引力分量 (地固系), 田谐:    6.8812979331248638E-014   1.9687787738886083E-013  -2.8306249368969183E-014
 >>> 卫星在地固系坐标为:    115605.62646541175       -120759.02065212931        30895.249357836110     
 >>> 地球非球形引力分量 (地固系), 带谐:   -1.7895445230016573E-011   1.8693177020732498E-011  -1.6242742049023405E-011
 >>> 地球非球形引力分量 (地固系), 田谐:    4.4885558482552183E-014   2.1591523190811409E-013  -3.5056129353041856E-014
 >>> 卫星在地固系坐标为:    112735.31246412770       -124766.55264987632        31074.819559941559     
 >>> 地球非球形引力分量 (地固系), 带谐:   -1.6949076017849792E-011   1.8757900600317235E-011  -1.5866919013186640E-011
 >>> 地球非球形引力分量 (地固系), 田谐:    6.3086720422612133E-014   2.0180526396884441E-013  -2.9974957842348724E-014
 >>> 卫星在地固系坐标为:    114664.51736079661       -122101.59539450520        30955.158028330843     
 >>> 地球非球形引力分量 (地固系), 带谐:   -1.7577473413620690E-011   1.8717538748751381E-011  -1.6116196855397627E-011
 >>> 地球非球形引力分量 (地固系), 田谐:    5.1121028720880727E-014   2.1132932810081003E-013  -3.3350331149617355E-014
 >>> 卫星在地固系坐标为:    110743.73051544488       -127403.37067414020        31194.274687909208     
 >>> 地球非球形引力分量 (地固系), 带谐:   -1.6330698363598553E-011   1.8787393266429219E-011  -1.5622620907117370E-011
 >>> 地球非球形引力分量 (地固系), 田谐:    7.4365800029099339E-014   1.9184745317098244E-013  -2.6650753057469055E-014
 >>> 卫星在地固系坐标为:    116531.02317811408       -119409.95863956667        30835.288480670308     
 >>> 地球非球形引力分量 (地固系), 带谐:   -1.8215940659484166E-011   1.8665971184386952E-011  -1.6370579279466746E-011
 >>> 地球非球形引力分量 (地固系), 田谐:    3.8484576789332638E-014   2.2037655855883724E-013  -3.6773406338288752E-014
 >>> 卫星在地固系坐标为:    110743.73051544484       -127403.37067414072        31194.274687909277     
 >>> 地球非球形引力分量 (地固系), 带谐:   -1.6330698363598356E-011   1.8787393266429077E-011  -1.5622620907117221E-011
 >>> 地球非球形引力分量 (地固系), 田谐:    7.4365800029100108E-014   1.9184745317097966E-013  -2.6650753057468437E-014
 >>> 卫星在地固系坐标为:    110743.73051549312       -127403.37067476418        31194.274688003457     
 >>> 地球非球形引力分量 (地固系), 带谐:   -1.6330698363362154E-011   1.8787393266241090E-011  -1.5622620906931791E-011
 >>> 地球非球形引力分量 (地固系), 田谐:    7.4365800029592396E-014   1.9184745316789326E-013  -2.6650753056837689E-014
 >>> 卫星在地固系坐标为:    110292.73874849796       -127985.38280272316        31220.797456418855     
 >>> 地球非球形引力分量 (地固系), 带谐:   -1.6194626209931944E-011   1.8792492219741717E-011  -1.5568986392781544E-011
 >>> 地球非球形引力分量 (地固系), 田谐:    7.6777576965576158E-014   1.8957992818775662E-013  -2.5919309002205876E-014
 >>> 卫星在地固系坐标为:    110066.06879247060       -128275.80481203400        31234.047462217561     
 >>> 地球非球形引力分量 (地固系), 带谐:   -1.6126790248487210E-011   1.8794865855162373E-011  -1.5542273773129441E-011
 >>> 地球非球形引力分量 (地固系), 田谐:    7.7970534221883563E-014   1.8843926329378934E-013  -2.5554630301289275E-014
 >>> 卫星在地固系坐标为:    109724.65800371578       -128710.77189854487        31253.925348452911     
 >>> 地球非球形引力分量 (地固系), 带谐:   -1.6025250900571524E-011   1.8798166709351355E-011  -1.5502301225035857E-011
 >>> 地球非球形引力分量 (地固系), 田谐:    7.9743592110140034E-014   1.8671939642910953E-013  -2.5008875703888213E-014
 >>> 卫星在地固系坐标为:    108167.08054636244       -130657.60229288960        31343.305765247576     
 >>> 地球非球形引力分量 (地固系), 带谐:   -1.5571737979308325E-011   1.8809474542834667E-011  -1.5324066628606743E-011
 >>> 地球非球形引力分量 (地固系), 田谐:    8.7479002713831751E-014   1.7885607362054063E-013  -2.2572459230935718E-014
 >>> 卫星在地固系坐标为:    107640.18808000971       -131302.64919670997        31373.073848171065     
 >>> 地球非球形引力分量 (地固系), 带谐:   -1.5421805885521488E-011   1.8811969806864747E-011  -1.5265246449874844E-011
 >>> 地球非球形引力分量 (地固系), 田谐:    8.9968500622231911E-014   1.7619200309113166E-013  -2.1767552549533088E-014
 >>> 卫星在地固系坐标为:    105494.29382098970       -133862.74947165584        31492.019886920702     
 >>> 地球非球形引力分量 (地固系), 带谐:   -1.4828249376036206E-011   1.8815711821302659E-011  -1.5032874723534194E-011
 >>> 地球非球形引力分量 (地固系), 田谐:    9.9478052875073424E-014   1.6533887316785289E-013  -1.8585324907099595E-014
 >>> 卫星在地固系坐标为:    109724.65800368316       -128710.77189846164        31253.925348437191     
 >>> 地球非球形引力分量 (地固系), 带谐:   -1.6025250900606831E-011   1.8798166709386200E-011  -1.5502301225066806E-011
 >>> 地球非球形引力分量 (地固系), 田谐:    7.9743592110195001E-014   1.8671939642954559E-013  -2.5008875703961081E-014
 >>> 卫星在地固系坐标为:    106574.89227047369       -132586.76209669534        31432.572077933892     
 >>> 地球非球形引力分量 (地固系), 带谐:   -1.5123794961039714E-011   1.8815078878143176E-011  -1.5148482332610223E-011
 >>> 地球非球形引力分量 (地固系), 田谐:    9.4813204680654097E-014   1.7080346233958201E-013  -2.0168867971556973E-014
 >>> 卫星在地固系坐标为:    108690.12727714848       -130010.59197482301        31313.525003309831     
 >>> 地球非球形引力分量 (地固系), 带谐:   -1.5722288956416391E-011   1.8806345577374905E-011  -1.5383181278108582E-011
 >>> 地球非球形引力分量 (地固系), 田谐:    8.4944919749910961E-014   1.8149911251242422E-013  -2.3381013595268543E-014
 >>> 卫星在地固系坐标为:    104398.44881296829       -135130.43039537413        31551.417466527357     
 >>> 地球非球形引力分量 (地固系), 带谐:   -1.4535162249740257E-011   1.8813907227614014E-011  -1.4918409625861474E-011
 >>> 地球非球形引力分量 (地固系), 田谐:    1.0396221580600905E-013   1.5980360356964507E-013  -1.7017278106657053E-014
 >>> 卫星在地固系坐标为:    110743.73051549315       -127403.37067476369        31194.274688003392     
 >>> 地球非球形引力分量 (地固系), 带谐:   -1.6330698363362341E-011   1.8787393266241226E-011  -1.5622620906931933E-011
 >>> 地球非球形引力分量 (地固系), 田谐:    7.4365800029591714E-014   1.9184745316789569E-013  -2.6650753056838222E-014
 >>> 卫星在地固系坐标为:    104398.44881296824       -135130.43039537463        31551.417466527419     
 >>> 地球非球形引力分量 (地固系), 带谐:   -1.4535162249740110E-011   1.8813907227613897E-011  -1.4918409625861351E-011
 >>> 地球非球形引力分量 (地固系), 田谐:    1.0396221580600927E-013   1.5980360356964277E-013  -1.7017278106656592E-014
 >>> 卫星在地固系坐标为:    104398.44881298309       -135130.43039595906        31551.417466616163     
 >>> 地球非球形引力分量 (地固系), 带谐:   -1.4535162249541071E-011   1.8813907227434958E-011  -1.4918409625697107E-011
 >>> 地球非球形引力分量 (地固系), 田谐:    1.0396221580594542E-013   1.5980360356698394E-013  -1.7017278106181565E-014
 >>> 卫星在地固系坐标为:    103906.54400807110       -135691.15174183575        31577.805257357260     
 >>> 地球非球形引力分量 (地固系), 带谐:   -1.4405679641828518E-011   1.8812321022550724E-011  -1.4867890100838182E-011
 >>> 地球非球形引力分量 (地固系), 田谐:    1.0589692945210294E-013   1.5732209951240778E-013  -1.6325423681016380E-014
 >>> 卫星在地固系坐标为:    103659.44379408576       -135970.84706804241        31590.988033253285     
 >>> 地球非球形引力分量 (地固系), 带谐:   -1.4341133226405473E-011   1.8811368856884173E-011  -1.4842727483412975E-011
 >>> 地球非球形引力分量 (地固系), 田谐:    1.0685093469550148E-013   1.5607679966433799E-013  -1.5980693177605167E-014
 >>> 卫星在地固系坐标为:    103287.41544117949       -136389.62426281822        31610.765008729759     
 >>> 地球非球形引力分量 (地固系), 带谐:   -1.4244526621487567E-011   1.8809703248047649E-011  -1.4805073238915059E-011
 >>> 地球非球形引力分量 (地固系), 田谐:    1.0826501226431385E-013   1.5420300287453798E-013  -1.5465072067144783E-014
 >>> 卫星在地固系坐标为:    101592.51969936390       -138262.10757852043        31699.692917447825     
 >>> 地球非球形引力分量 (地固系), 带谐:   -1.3813154332143929E-011   1.8798980829703231E-011  -1.4637155286943345E-011
 >>> 地球非球形引力分量 (地固系), 田谐:    1.1437801521242244E-013   1.4569125221399854E-013  -1.3167192979002349E-014
 >>> 卫星在地固系坐标为:    101020.02694275614       -138881.83008172648        31729.310739427725     
 >>> 地球非球形引力分量 (地固系), 带谐:   -1.3670581653568129E-011   1.8794247594143600E-011  -1.4581732378737353E-011
 >>> 地球非球形引力分量 (地固系), 田谐:    1.1632451265820721E-013   1.4282709105602824E-013  -1.2409509409024022E-014
 >>> 卫星在地固系坐标为:    98692.636089483392       -141337.92919089415        31847.658586617737     
 >>> 地球非球形引力分量 (地固系), 带谐:   -1.3106357332459829E-011   1.8769641566025175E-011  -1.4362745613025697E-011
 >>> 地球非球形引力分量 (地固系), 田谐:    1.2365400838683883E-013   1.3125342515358383E-013  -9.4211902915098398E-015
 >>> 卫星在地固系坐标为:    103287.41544115299       -136389.62426273807        31610.765008714876     
 >>> 地球非球形引力分量 (地固系), 带谐:   -1.4244526621517194E-011   1.8809703248080549E-011  -1.4805073238942669E-011
 >>> 地球非球形引力分量 (地固系), 田谐:    1.0826501226443341E-013   1.5420300287489599E-013  -1.5465072067195001E-014
 >>> 卫星在地固系坐标为:    99863.798755993092       -140114.48258693379        31788.509304671767     
 >>> 地球非球形引力分量 (地固系), 带谐:   -1.3387258028308265E-011   1.8783070094072702E-011  -1.4471701274818382E-011
 >>> 地球非球形引力分量 (地固系), 田谐:    1.2008058104108892E-013   1.3706235351153649E-013  -1.0906791098025203E-014
 >>> 卫星在地固系坐标为:    102161.25401353461       -137640.15079635140        31670.062703445081     
 >>> 地球非球形引力分量 (地固系), 带谐:   -1.3956335458379573E-011   1.8803137604412496E-011  -1.4692851959841372E-011
 >>> 地球非球形引力分量 (地固系), 田谐:    1.1238590770175437E-013   1.4854239823864191E-013  -1.3929041106325944E-014
 >>> 卫星在地固系坐标为:    97506.607683087888       -142551.99119610214        31906.758769935001     
 >>> 地球非球形引力分量 (地固系), 带谐:   -1.2827872249847618E-011   1.8753998067170685E-011  -1.4254852544932020E-011
 >>> 地球非球形引力分量 (地固系), 田谐:    1.2704483006107256E-013   1.2540550959444174E-013  -7.9530011718918520E-015
 >>> 卫星在地固系坐标为:    104398.44881298313       -135130.43039595863        31551.417466616098     
 >>> 地球非球形引力分量 (地固系), 带谐:   -1.4535162249541212E-011   1.8813907227435071E-011  -1.4918409625697217E-011
 >>> 地球非球形引力分量 (地固系), 田谐:    1.0396221580594519E-013   1.5980360356698586E-013  -1.7017278106181928E-014
 >>> 卫星在地固系坐标为:    97506.607683087816       -142551.99119610258        31906.758769935062     
 >>> 地球非球形引力分量 (地固系), 带谐:   -1.2827872249847495E-011   1.8753998067170579E-011  -1.4254852544931925E-011
 >>> 地球非球形引力分量 (地固系), 田谐:    1.2704483006107236E-013   1.2540550959443980E-013  -7.9530011718915128E-015
 >>> 卫星在地固系坐标为:    97506.607683073205       -142551.99119664941        31906.758770018721     
 >>> 地球非球形引力分量 (地固系), 带谐:   -1.2827872249680617E-011   1.8753998067001359E-011  -1.4254852544786204E-011
 >>> 地球非球形引力分量 (地固系), 田谐:    1.2704483006058596E-013   1.2540550959222309E-013  -7.9530011715502042E-015
 >>> 卫星在地固系坐标为:    96974.745332945313       -143088.53686579020        31933.014634900657     
 >>> 地球非球形引力分量 (地固系), 带谐:   -1.2704866899811634E-011   1.8746332455188737E-011  -1.4207229272740029E-011
 >>> 地球非球形引力分量 (地固系), 田谐:    1.2849321056987244E-013   1.2279520120521222E-013  -7.3061325754482282E-015
 >>> 卫星在地固系坐标为:    96707.698215400946       -143356.06411929667        31946.131697642653     
 >>> 地球非球形引力分量 (地固系), 带谐:   -1.2643553905573675E-011   1.8742356170509629E-011  -1.4183507914084633E-011
 >>> 地球非球形引力分量 (地固系), 田谐:    1.2920401031497882E-013   1.2148779182566991E-013  -6.9840224007543433E-015
 >>> 卫星在地固系坐标为:    96305.784383108054       -143756.49037102755        31965.810039828313     
 >>> 地球非球形引力分量 (地固系), 带谐:   -1.2551795393478132E-011   1.8736175248245381E-011  -1.4148009399943754E-011
 >>> 地球非球形引力分量 (地固系), 田谐:    1.3025321933265942E-013   1.1952377115694898E-013  -6.5025080411446226E-015
 >>> 卫星在地固系坐标为:    94476.969151722995       -145544.92012905085        32054.295632962174     
 >>> 地球非球形引力分量 (地固系), 带谐:   -1.2142179213253848E-011   1.8705431806852402E-011  -1.3989686010870633E-011
 >>> 地球非球形引力分量 (地固系), 田谐:    1.3472445561488107E-013   1.1064893729999039E-013  -4.3605461110153067E-015
 >>> 卫星在地固系坐标为:    93860.046986545349       -146136.08971821619        32083.766571242319     
 >>> 地球非球形引力分量 (地固系), 带谐:   -1.2006836486215249E-011   1.8694132277954489E-011  -1.3937423089199045E-011
 >>> 地球非球形引力分量 (地固系), 田谐:    1.3612407154469453E-013   1.0767926751797862E-013  -3.6556979760304529E-015
 >>> 卫星在地固系坐标为:    91356.032665271166       -148475.31141120105        32201.529635670940     
 >>> 地球非球形引力分量 (地固系), 带谐:   -1.1471420218532120E-011   1.8643790011283862E-011  -1.3730888830220132E-011
 >>> 地球非球形引力分量 (地固系), 田谐:    1.4127063338874585E-013   9.5760323480922171E-014  -8.8283954239861121E-016
 >>> 卫星在地固系坐标为:    96305.784383087157       -143756.49037095057        31965.810039814216     
 >>> 地球非球形引力分量 (地固系), 带谐:   -1.2551795393502852E-011   1.8736175248276319E-011  -1.4148009399968438E-011
 >>> 地球非球形引力分量 (地固系), 田谐:    1.3025321933282449E-013   1.1952377115723070E-013  -6.5025080411755806E-015
 >>> 卫星在地固系坐标为:    92615.285084214775       -147310.83592116338        32142.672196322095     
 >>> 地球非球形引力分量 (地固系), 带谐:   -1.1737939337080674E-011   1.8669981463264642E-011  -1.3833655462416208E-011
 >>> 地球非球形引力分量 (地固系), 田谐:    1.3878755263552037E-013   1.0172660615628718E-013  -2.2599008707717810E-015
 >>> 卫星在地固系坐标为:    95090.239135060066       -144951.24896176084        32024.812579549442     
 >>> 地球非球形引力分量 (地固系), 带谐:   -1.2278119311253867E-011   1.8716208364351152E-011  -1.4042203686795544E-011
 >>> 地球非球形引力分量 (地固系), 田谐:    1.3327948544029980E-013   1.1361333170985325E-013  -5.0699853919196869E-015
 >>> 卫星在地固系坐标为:    90082.371061532031       -149629.34059541576        32260.339067545396     
 >>> 地球非球形引力分量 (地固系), 带谐:   -1.1207271427048361E-011   1.8615591638430961E-011  -1.3629111385676282E-011
 >>> 地球非球形引力分量 (地固系), 田谐:    1.4357414595544341E-013   8.9785340766877581E-014   4.7525007111712720E-016
 >>> 卫星在地固系坐标为:    97506.607683073278       -142551.99119664903        31906.758770018663     
 >>> 地球非球形引力分量 (地固系), 带谐:   -1.2827872249680726E-011   1.8753998067001456E-011  -1.4254852544786289E-011
 >>> 地球非球形引力分量 (地固系), 田谐:    1.2704483006058594E-013   1.2540550959222468E-013  -7.9530011715504772E-015
 >>> 卫星在地固系坐标为:    90082.371061531929       -149629.34059541617        32260.339067545450     
 >>> 地球非球形引力分量 (地固系), 带谐:   -1.1207271427048261E-011   1.8615591638430860E-011  -1.3629111385676196E-011
 >>> 地球非球形引力分量 (地固系), 田谐:    1.4357414595544300E-013   8.9785340766876028E-014   4.7525007111736326E-016
 >>> 卫星在地固系坐标为:    90082.371061491431       -149629.34059592697        32260.339067624365     
 >>> 地球非球形引力分量 (地固系), 带谐:   -1.1207271426909151E-011   1.8615591638271709E-011  -1.3629111385546702E-011
 >>> 地球非球形引力分量 (地固系), 田谐:    1.4357414595465268E-013   8.9785340765096093E-014   4.7525007134519615E-016
 >>> 卫星在地固系坐标为:    89511.708891464194       -150138.86538335745        32286.465951160255     
 >>> 地球非球形引力分量 (地固系), 带谐:   -1.1090624319000517E-011   1.8602412715266522E-011  -1.3584183519303367E-011
 >>> 地球非球形引力分量 (地固系), 田谐:    1.4454045194504805E-013   8.7128224965174771E-014   1.0726951060349438E-015
 >>> 卫星在地固系坐标为:    89225.299310910414       -150392.80340440752        32299.518764275716     
 >>> 地球非球形引力分量 (地固系), 带谐:   -1.1032485260333623E-011   1.8595694266463405E-011  -1.3561803561571113E-011
 >>> 地球非球形引力分量 (地固系), 田谐:    1.4501052871936348E-013   8.5799590004350166E-014   1.3699910813266779E-015
 >>> 卫星在地固系坐标为:    88794.383684685570       -150772.74849794200        32319.100670696087     
 >>> 地球非球形引力分量 (地固系), 带谐:   -1.0945485195203430E-011   1.8585419685828392E-011  -1.3528311483302122E-011
 >>> 地球非球形引力分量 (地固系), 田谐:    1.4569904768497509E-013   8.3806521735854249E-014   1.8141415083712776E-015
 >>> 卫星在地固系坐标为:    86835.729396795286       -152467.56422206579        32407.153783624650     
 >>> 地球非球形引力分量 (地固系), 带谐:   -1.0557218514460825E-011   1.8536533326100476E-011  -1.3378919445728614E-011
 >>> 地球非球形引力分量 (地固系), 田谐:    1.4855390093259037E-013   7.4841590545427774E-014   3.7860097821129389E-015
 >>> 卫星在地固系坐标为:    86175.775694135824       -153027.00368103557        32436.481097357719     
 >>> 地球非球形引力分量 (地固系), 带谐:   -1.0428969054953103E-011   1.8519286575685730E-011  -1.3329598533024024E-011
 >>> 地球非球形引力分量 (地固系), 田谐:    1.4941745997383265E-013   7.1856525640652063E-014   4.4334708727005987E-015
 >>> 卫星在地固系坐标为:    83500.917614539765       -155236.69008558581        32553.672320129706     
 >>> 地球非球形引力分量 (地固系), 带谐:   -9.9218085100770245E-012   1.8445650140965148E-011  -1.3134660005896774E-011
 >>> 地球非球形引力分量 (地固系), 田谐:    1.5243594316487020E-013   5.9947991231289387E-014   6.9735233635699568E-015
 >>> 卫星在地固系坐标为:    88794.383684669825       -150772.74849786822        32319.100670682725     
 >>> 地球非球形引力分量 (地固系), 带谐:   -1.0945485195223901E-011   1.8585419685857347E-011  -1.3528311483324214E-011
 >>> 地球非球形引力分量 (地固系), 田谐:    1.4569904768516909E-013   8.3806521736064250E-014   1.8141415083563878E-015
 >>> 卫星在地固系坐标为:    84845.332313130173       -154137.50422987225        32495.100271851436     
 >>> 地球非球形引力分量 (地固系), 带谐:   -1.0174223324263626E-011   1.8483390281172367E-011  -1.3231662993196442E-011
 >>> 地球非球形引力分量 (地固系), 田谐:    1.5101348999174409E-013   6.5894763888938480E-014   5.7135025399042983E-015
 >>> 卫星在地固系坐标为:    87492.156036371220       -151905.36076116908        32377.814622019956     
 >>> 地球非球形引力分量 (地固系), 带谐:   -1.0686053698717397E-011   1.8553307127807944E-011  -1.3428477640371522E-011
 >>> 地球非球形引力分量 (地固系), 田谐:    1.4764641878876658E-013   7.7828669869601830E-014   3.1336176930460900E-015
 >>> 卫星在地固系坐标为:    82142.625387733904       -156324.38964006631        32612.197414332004     
 >>> 地球非球形引力分量 (地固系), 带谐:   -9.6717165638208176E-012   1.8406097704746356E-011  -1.3038578709878961E-011
 >>> 地球非球形引力分量 (地固系), 田谐:    1.5368636686993259E-013   5.4020743632976454E-014   8.2133531043816012E-015
 >>> 卫星在地固系坐标为:    90082.371061491503       -149629.34059592659        32260.339067624311     
 >>> 地球非球形引力分量 (地固系), 带谐:   -1.1207271426909261E-011   1.8615591638271835E-011  -1.3629111385546804E-011
 >>> 地球非球形引力分量 (地固系), 田谐:    1.4357414595465328E-013   8.9785340765097519E-014   4.7525007134501097E-016
 >>> 卫星在地固系坐标为:    82142.625387733788       -156324.38964006669        32612.197414332059     
 >>> 地球非球形引力分量 (地固系), 带谐:   -9.6717165638207271E-012   1.8406097704746253E-011  -1.3038578709878884E-011
 >>> 地球非球形引力分量 (地固系), 田谐:    1.5368636686993194E-013   5.4020743632975167E-014   8.2133531043817652E-015
 >>> 卫星在地固系坐标为:    82142.625387670676       -156324.38964054282        32612.197414406543     
 >>> 地球非球形引力分量 (地固系), 带谐:   -9.6717165637055842E-012   1.8406097704597328E-011  -1.3038578709763668E-011
 >>> 地球非球形引力分量 (地固系), 田谐:    1.5368636686894123E-013   5.4020743631612356E-014   8.2133531045144201E-015
 >>> 卫星在地固系坐标为:    81534.521969145178       -156804.10207265831        32638.198158815543     
 >>> 地球非球形引力分量 (地固系), 带谐:   -9.5613026929155337E-012   1.8387934916388749E-011  -1.2996161631965881E-011
 >>> 地球非球形引力分量 (地固系), 田谐:    1.5418723442643458E-013   5.1393820652006674E-014   8.7578571106155494E-015
 >>> 卫星在地固系坐标为:    81229.434731578134       -157043.05695313335        32651.188135090073     
 >>> 地球非球形引力分量 (地固系), 带谐:   -9.5062750921696593E-012   1.8378738023291768E-011  -1.2975031279241012E-011
 >>> 地球非球形引力分量 (地固系), 田谐:    1.5442522510501599E-013   5.0082299510283255E-014   9.0286040813573055E-015
 >>> 卫星在地固系坐标为:    80770.551477029512       -157400.43204534421        32670.675727053691     
 >>> 地球非球形引力分量 (地固系), 带谐:   -9.4239393806206405E-012   1.8364764173990688E-011  -1.2943408390645596E-011
 >>> 地球非球形引力分量 (地固系), 田谐:    1.5476641893369252E-013   4.8117483920141812E-014   9.4328205493398347E-015
 >>> 卫星在地固系坐标为:    78686.814674588648       -158992.26666499747        32758.305854655991     
 >>> 地球非球形引力分量 (地固系), 带谐:   -9.0565959311370235E-012   1.8299491742235734E-011  -1.2802337917791653E-011
 >>> 地球非球形引力分量 (地固系), 田谐:    1.5607094144282785E-013   3.9317147936319808E-014   1.1223489863807681E-014
 >>> 卫星在地固系坐标为:    77985.452258404970       -159516.86588090722        32787.492690387291     
 >>> 地球非球形引力分量 (地固系), 带谐:   -8.9352966285127713E-012   1.8276876938198151E-011  -1.2755758560503081E-011
 >>> 地球非球形引力分量 (地固系), 田谐:    1.5642257601858379E-013   3.6400400150738841E-014   1.1810028321831917E-014
 >>> 卫星在地固系坐标为:    75146.427711163065       -161584.64066611743        32904.124566582032     
 >>> 地球非球形引力分量 (地固系), 带谐:   -8.4558143930020922E-012   1.8182231302921364E-011  -1.2571627699257866E-011
 >>> 地球非球形引力分量 (地固系), 田谐:    1.5741978572820306E-013   2.4830894107388522E-014   1.4103954399557868E-014
 >>> 卫星在地固系坐标为:    80770.551477018438       -157400.43204527366        32670.675727041009     
 >>> 地球非球形引力分量 (地固系), 带谐:   -9.4239393806374329E-012   1.8364764174017697E-011  -1.2943408390665392E-011
 >>> 地球非球形引力分量 (地固系), 田谐:    1.5476641893390121E-013   4.8117483920285586E-014   9.4328205493382632E-015
 >>> 卫星在地固系坐标为:    76572.628891646076       -160556.91956692823        32845.831679983996     
 >>> 地球非球形引力分量 (地固系), 带谐:   -8.6944145940428570E-012   1.8230383948716185E-011  -1.2663258346840975E-011
 >>> 地球非球形引力分量 (地固系), 田谐:    1.5700252522901698E-013   3.0595115707773665E-014   1.2967470618771176E-014
 >>> 卫星在地固系坐标为:    79384.793783409565       -158464.64722055232        32729.107429129646     
 >>> 地球非球形引力分量 (地固系), 带谐:   -9.1784688045566834E-012   1.8321680410321652E-011  -1.2849138481588098E-011
 >>> 地球非球形引力分量 (地固系), 田谐:    1.5567786503175871E-013   4.2242599511346755E-014   1.0631763425185127E-014
 >>> 卫星在地固系坐标为:    73706.954768279014       -162599.86243014346        32962.371516482926     
 >>> 地球非球形引力分量 (地固系), 带谐:   -8.2194876699443392E-012   1.8132448540044538E-011  -1.2480856616198891E-011
 >>> 地球非球形引力分量 (地固系), 田谐:    1.5767652757723102E-013   1.9111799306968205E-014   1.5219352377862443E-014
 >>> 卫星在地固系坐标为:    82142.625387670763       -156324.38964054250        32612.197414406492     
 >>> 地球非球形引力分量 (地固系), 带谐:   -9.6717165637056569E-012   1.8406097704597412E-011  -1.3038578709763734E-011
 >>> 地球非球形引力分量 (地固系), 田谐:    1.5368636686894171E-013   5.4020743631613423E-014   8.2133531045142734E-015
 >>> 卫星在地固系坐标为:    73706.954768278898       -162599.86243014381        32962.371516482977     
 >>> 地球非球形引力分量 (地固系), 带谐:   -8.2194876699442600E-012   1.8132448540044432E-011  -1.2480856616198811E-011
 >>> 地球非球形引力分量 (地固系), 田谐:    1.5767652757723014E-013   1.9111799306967233E-014   1.5219352377862531E-014
 >>> 卫星在地固系坐标为:    73706.954768196170       -162599.86243058680        32962.371516553314     
 >>> 地球非球形引力分量 (地固系), 带谐:   -8.2194876698497175E-012   1.8132448539905624E-011  -1.2480856616096111E-011
 >>> 地球非球形引力分量 (地固系), 田谐:    1.5767652757612576E-013   1.9111799305990270E-014   1.5219352377916511E-014
 >>> 卫星在地固系坐标为:    73062.967153639125       -163047.03878810516        32988.248866482347     
 >>> 地球非球形引力分量 (地固系), 带谐:   -8.1151767064153166E-012   1.8109797381221209E-011  -1.2440780450540617E-011
 >>> 地球非球形引力分量 (地固系), 田谐:    1.5773961374963963E-013   1.6585499912027615E-014   1.5708276431377830E-014
 >>> 卫星在地固系坐标为:    72739.986218961829       -163269.65088236469        33001.177370297657     
 >>> 地球非球形引力分量 (地固系), 带谐:   -8.0631954251847727E-012   1.8098368868305052E-011  -1.2420815230097898E-011
 >>> 地球非球形引力分量 (地固系), 田谐:    1.5775962625876047E-013   1.5326107998006110E-014   1.5951177715110748E-014
 >>> 卫星在地固系坐标为:    72254.318140421528       -163602.41901031820        33020.572696408715     
 >>> 地球非球形引力分量 (地固系), 带谐:   -7.9854260206831075E-012   1.8081064875219286E-011  -1.2390935229644451E-011
 >>> 地球非球形引力分量 (地固系), 田谐:    1.5777501497144483E-013   1.3441809367804177E-014   1.6313545808914378E-014
 >>> 卫星在地固系坐标为:    70050.922667621679       -165082.14612269137        33107.789008730673     
 >>> 地球非球形引力分量 (地固系), 带谐:   -7.6385620636453710E-012   1.8001050817576110E-011  -1.2257625074233194E-011
 >>> 地球非球形引力分量 (地固系), 田谐:    1.5763119594355173E-013   5.0373817280127918E-015   1.7914838479160907E-014
 >>> 卫星在地固系坐标为:    69309.996209063771       -165568.87781812690        33136.838405569775     
 >>> 地球非球形引力分量 (地固系), 带谐:   -7.5240640991920454E-012   1.7973610123671799E-011  -1.2213602743514828E-011
 >>> 地球非球形引力分量 (地固系), 田谐:    1.5750673697665676E-013   2.2646158533269448E-015   1.8437886279180023E-014
 >>> 卫星在地固系坐标为:    66314.366685005385       -167482.70906142748        33252.923004678523     
 >>> 地球非球形引力分量 (地固系), 带谐:   -7.0716604862012857E-012   1.7860094501354082E-011  -1.2039553935348438E-011
 >>> 地球非球形引力分量 (地固系), 田谐:    1.5663484008297171E-013  -8.6706481703721871E-015   2.0476193623131303E-014
 >>> 卫星在地固系坐标为:    72254.318140414747       -163602.41901025092        33020.572696396681     
 >>> 地球非球形引力分量 (地固系), 带谐:   -7.9854260206967285E-012   1.8081064875244386E-011  -1.2390935229662221E-011
 >>> 地球非球形引力分量 (地固系), 田谐:    1.5777501497165660E-013   1.3441809367888932E-014   1.6313545808923551E-014
 >>> 卫星在地固系坐标为:    67818.537101757640       -166532.45302611208        33194.903262337342     
 >>> 地球非球形引力分量 (地固系), 带谐:   -7.2967467910521556E-012   1.7917595898612126E-011  -1.2126172568727385E-011
 >>> 地球非球形引力分量 (地固系), 田谐:    1.5714494512751929E-013  -3.2350773306469024E-015   1.9467837813444351E-014
 >>> 卫星在地固系坐标为:    70788.627921505904       -164592.14547063393        33078.728271408458     
 >>> 地球非球形引力分量 (地固系), 带谐:   -7.7536209956207075E-012   1.8028109207745414E-011  -1.2301853806108462E-011
 >>> 地球非球形引力分量 (地固系), 田谐:    1.5771760344097334E-013   7.8248146175938380E-015   1.7386424409424747E-014
 >>> 卫星在地固系坐标为:    64797.603031215629       -168419.48489461842        33310.897793320240     
 >>> 地球非球形引力分量 (地固系), 带谐:   -6.8487965586609729E-012   1.7801133600606227E-011  -1.1953737624223780E-011
 >>> 地球非球形引力分量 (地固系), 田谐:    1.5597911375941805E-013  -1.4038574217717324E-014   2.1462876445700940E-014
 >>> 卫星在地固系坐标为:    73706.954768196272       -162599.86243058651        32962.371516553270     
 >>> 地球非球形引力分量 (地固系), 带谐:   -8.2194876698497902E-012   1.8132448539905727E-011  -1.2480856616096189E-011
 >>> 地球非球形引力分量 (地固系), 田谐:    1.5767652757612639E-013   1.9111799305990961E-014   1.5219352377916470E-014
 >>> 卫星在地固系坐标为:    64797.603031215520       -168419.48489461874        33310.897793320284     
 >>> 地球非球形引力分量 (地固系), 带谐:   -6.8487965586609131E-012   1.7801133600606134E-011  -1.1953737624223710E-011
 >>> 地球非球形引力分量 (地固系), 田谐:    1.5597911375941717E-013  -1.4038574217717927E-014   2.1462876445700959E-014
 >>> 卫星在地固系坐标为:    64797.603031115847       -168419.48489503001        33310.897793386743     
 >>> 地球非球形引力分量 (地固系), 带谐:   -6.8487965585840750E-012   1.7801133600477271E-011  -1.1953737624132043E-011
 >>> 地球非球形引力分量 (地固系), 田谐:    1.5597911375827124E-013  -1.4038574218347973E-014   2.1462876445691073E-014
 >>> 卫星在地固系坐标为:    64119.483425503451       -168831.48313963506        33336.654400365063     
 >>> 地球非球形引力分量 (地固系), 带谐:   -6.7504534493622358E-012   1.7774458040433647E-011  -1.1915845899215352E-011
 >>> 地球非球形引力分量 (地固系), 田谐:    1.5564157687751367E-013  -1.6401696962202038E-014   2.1894415377927349E-014
 >>> 卫星在地固系坐标为:    63779.490216276783       -169036.43402381099        33349.522749904470     
 >>> 地球非球形引力分量 (地固系), 带谐:   -6.7014509889397447E-012   1.7761029041066611E-011  -1.1896967998122001E-011
 >>> 地球非球形引力分量 (地固系), 田谐:    1.5546242646901018E-013  -1.7577914963806461E-014   2.2108589947587215E-014
 >>> 卫星在地固系坐标为:    63268.366187441010       -169342.62054001616        33368.827789377130     
 >>> 地球非球形引力分量 (地固系), 带谐:   -6.6281463392028051E-012   1.7740740563427465E-011  -1.1868714537845582E-011
 >>> 地球非球形引力分量 (地固系), 田谐:    1.5518053479624151E-013  -1.9335428811072006E-014   2.2427817060269195E-014
 >>> 卫星在地固系坐标为:    60951.391121542401       -170701.40129789399        33455.639146413909     
 >>> 地球非球形引力分量 (地固系), 带谐:   -6.3013026484994404E-012   1.7647524893337753E-011  -1.1742647604215915E-011
 >>> 地球非球形引力分量 (地固系), 田谐:    1.5372105486959722E-013  -2.7140195289381435E-014   2.3834329487810699E-014
 >>> 卫星在地固系坐标为:    60172.962924870124       -171147.33663751063        33484.554040914809     
 >>> 地球非球形引力分量 (地固系), 带谐:   -6.1934521449293256E-012   1.7615766079526474E-011  -1.1701012259101491E-011
 >>> 地球非球形引力分量 (地固系), 田谐:    1.5316625939470037E-013  -2.9702703991853157E-014   2.4292234492042127E-014
 >>> 卫星在地固系坐标为:    57029.156395704420       -172895.59907724382        33600.103026129094     
 >>> 地球非球形引力分量 (地固系), 带谐:   -5.7675077464735552E-012   1.7485384144386528E-011  -1.1536376722752322E-011
 >>> 地球非球形引力分量 (地固系), 田谐:    1.5061558437449972E-013  -3.9747025696749347E-014   2.6069049752469559E-014
 >>> 卫星在地固系坐标为:    63268.366187438121       -169342.62053995213        33368.827789365700     
 >>> 地球非球形引力分量 (地固系), 带谐:   -6.6281463392137079E-012   1.7740740563450749E-011  -1.1868714537861572E-011
 >>> 地球非球形引力分量 (地固系), 田谐:    1.5518053479644724E-013  -1.9335428811038833E-014   2.2427817060286938E-014
 >>> 卫星在地固系坐标为:    58607.046387907867       -172028.60250729774        33542.350612990565     
 >>> 地球非球形引力分量 (地固系), 带谐:   -5.9793906307966955E-012   1.7551237904959782E-011  -1.1618315473695231E-011
 >>> 地球非球形引力分量 (地固系), 田谐:    1.5195645709042809E-013  -3.4766761990316179E-014   2.5191612310085307E-014
 >>> 卫星在地固系坐标为:    61726.778163090115       -170251.95706936702        33426.713152373304     
 >>> 地球非球形引力分量 (地固系), 带谐:   -6.4097011179426379E-012   1.7678942462802500E-011  -1.1784475701227716E-011
 >>> 地球非球形引力分量 (地固系), 田谐:    1.5424194561170870E-013  -2.4557882435620157E-014   2.3370954205962669E-014
 >>> 卫星在地固系坐标为:    55439.422726798592       -173748.17188980541        33657.811435731390     
 >>> 地球非球形引力分量 (地固系), 带谐:   -5.5577946271266609E-012   1.7418230722944662E-011  -1.1455187499968684E-011
 >>> 地球非球形引力分量 (地固系), 田谐:    1.4914674865163145E-013  -4.4640566109945108E-014   2.6924516516716440E-014
 >>> 卫星在地固系坐标为:    64797.603031115956       -168419.48489502969        33310.897793386699     
 >>> 地球非球形引力分量 (地固系), 带谐:   -6.8487965585841412E-012   1.7801133600477375E-011  -1.1953737624132121E-011
 >>> 地球非球形引力分量 (地固系), 田谐:    1.5597911375827215E-013  -1.4038574218347432E-014   2.1462876445691086E-014
 >>> 卫星在地固系坐标为:    55439.422726798468       -173748.17188980570        33657.811435731433     
 >>> 地球非球形引力分量 (地固系), 带谐:   -5.5577946271266124E-012   1.7418230722944581E-011  -1.1455187499968628E-011
 >>> 地球非球形引力分量 (地固系), 田谐:    1.4914674865163072E-013  -4.4640566109945493E-014   2.6924516516716434E-014
 >>> 卫星在地固系坐标为:    55439.422726684337       -173748.17189018667        33657.811435794269     
 >>> 地球非球形引力分量 (地固系), 带谐:   -5.5577946270649543E-012   1.7418230722825389E-011  -1.1455187499886711E-011
 >>> 地球非球形引力分量 (地固系), 田谐:    1.4914674865050074E-013  -4.4640566110271873E-014   2.6924516516655717E-014
 >>> 卫星在地固系坐标为:    54729.114184597995       -174122.44543527835        33683.449862438349     
 >>> 地球非球形引力分量 (地固系), 带谐:   -5.4652801417983685E-012   1.7387965390212840E-011  -1.1419335946993322E-011
 >>> 地球非球形引力分量 (地固系), 田谐:    1.4845360878714977E-013  -4.6786868527097739E-014   2.7297651507386295E-014
 >>> 卫星在地固系坐标为:    54373.085414142806       -174308.46478472278        33696.259331769274     
 >>> 地球非球形引力分量 (地固系), 带谐:   -5.4191869167438108E-012   1.7372752431543447E-011  -1.1401473615631098E-011
 >>> 地球非球形引力分量 (地固系), 田谐:    1.4809799557011812E-013  -4.7853346839808593E-014   2.7482610220257708E-014
 >>> 卫星在地固系坐标为:    53837.977075187766       -174586.16767153735        33715.475997556110     
 >>> 地球非球形引力分量 (地固系), 带谐:   -5.3502423699167382E-012   1.7349803284271887E-011  -1.1374739409976922E-011
 >>> 地球非球形引力分量 (地固系), 田谐:    1.4755311597183262E-013  -4.9444556943673566E-014   2.7757989818337030E-014
 >>> 卫星在地固系坐标为:    51414.141391065525       -175815.49708073848        33801.890963208542     
 >>> 地球非球形引力分量 (地固系), 带谐:   -5.0429460373205278E-012   1.7244828763335571E-011  -1.1255438807940202E-011
 >>> 地球非球形引力分量 (地固系), 田谐:    1.4493573453604531E-013  -5.6476710349491327E-014   2.8966930457508111E-014
 >>> 卫星在地固系坐标为:    50600.486109505946       -176217.82106026652        33830.674193977662     
 >>> 地球非球形引力分量 (地固系), 带谐:   -4.9415846523246884E-012   1.7209227558268878E-011  -1.1216033602903401E-011
 >>> 地球非球形引力分量 (地固系), 田谐:    1.4400439903480607E-013  -5.8773103436658974E-014   2.9358901968968310E-014
 >>> 卫星在地固系坐标为:    47317.774949389823       -177789.35745450889        33945.698840403369     
 >>> 地球非球形引力分量 (地固系), 带谐:   -4.5414626651811107E-012   1.7063856658724890E-011  -1.1060194330663977E-011
 >>> 地球非球形引力分量 (地固系), 田谐:    1.3999581950232929E-013  -6.7712140129229151E-014   3.0871750941139281E-014
 >>> 卫星在地固系坐标为:    53837.977075188399       -174586.16767147655        33715.475997545247     
 >>> 地球非球形引力分量 (地固系), 带谐:   -5.3502423699252984E-012   1.7349803284293397E-011  -1.1374739409991304E-011
 >>> 地球非球形引力分量 (地固系), 田谐:    1.4755311597202498E-013  -4.9444556943683859E-014   2.7757989818361333E-014
 >>> 卫星在地固系坐标为:    48964.713664008843       -177011.17820798096        33888.208134718661     
 >>> 地球非球形引力分量 (地固系), 带谐:   -4.7404612095096569E-012   1.7137129192717404E-011  -1.1137759644050937E-011
 >>> 地球非球形引力分量 (地固系), 田谐:    1.4205591279056813E-013  -6.3292527501329720E-014   3.0126332047509594E-014
 >>> 卫星在地固系坐标为:    52224.953037887200       -175409.43434634470        33773.096865848718     
 >>> 地球非球形引力分量 (地固系), 带谐:   -5.1448420362015971E-012   1.7280127197371010E-011  -1.1295024169114566E-011
 >>> 地球非球形引力分量 (地固系), 田谐:    1.4583790801575741E-013  -5.4156275499184032E-014   2.8569454306293733E-014
 >>> 卫星在地固系坐标为:    45659.811079374762       -178552.21174859151        34003.146461342134     
 >>> 地球非球形引力分量 (地固系), 带谐:   -4.3445799450759243E-012   1.6989434252440256E-011  -1.0983329806627966E-011
 >>> 地球非球形引力分量 (地固系), 田谐:    1.3782753282567589E-013  -7.2029639989546279E-014   3.1595172118706303E-014
 >>> 卫星在地固系坐标为:    55439.422726684454       -173748.17189018641        33657.811435794225     
 >>> 地球非球形引力分量 (地固系), 带谐:   -5.5577946270649955E-012   1.7418230722825457E-011  -1.1455187499886758E-011
 >>> 地球非球形引力分量 (地固系), 田谐:    1.4914674865050150E-013  -4.4640566110271469E-014   2.6924516516655717E-014
 >>> 卫星在地固系坐标为:    45659.811079374631       -178552.21174859177        34003.146461342170     
 >>> 地球非球形引力分量 (地固系), 带谐:   -4.3445799450758904E-012   1.6989434252440195E-011  -1.0983329806627919E-011
 >>> 地球非球形引力分量 (地固系), 田谐:    1.3782753282567511E-013  -7.2029639989546468E-014   3.1595172118706240E-014
 >>> 卫星在地固系坐标为:    45659.811079248262       -178552.21174894381        34003.146461401608     
 >>> 地球非球形引力分量 (地固系), 带谐:   -4.3445799450271950E-012   1.6989434252330293E-011  -1.0983329806554613E-011
 >>> 地球非球形引力分量 (地固系), 田谐:    1.3782753282460566E-013  -7.2029639989614790E-014   3.1595172118606150E-014
 >>> 卫星在地固系坐标为:    44919.442255590031       -178886.32299962471        34028.669185386520     
 >>> 地球非球形引力分量 (地固系), 带谐:   -4.2577511770596660E-012   1.6955986407349996E-011  -1.0949385278445519E-011
 >>> 地球非球形引力分量 (地固系), 田谐:    1.3682995576205392E-013  -7.3915137079810611E-014   3.1909621054891698E-014
 >>> 卫星在地固系坐标为:    44548.447265228722       -179052.19535561587        34041.421006427459     
 >>> 地球非球形引力分量 (地固系), 带谐:   -4.2144957642209107E-012   1.6939192389982478E-011  -1.0932472293548680E-011
 >>> 地球非球形引力分量 (地固系), 田谐:    1.3632360516668032E-013  -7.4850155794610926E-014   3.2065241785795267E-014
 >>> 卫星在地固系坐标为:    43990.965010174470       -179299.59536098849        34060.551148174898     
 >>> 地球非球形引力分量 (地固系), 带谐:   -4.1498039413568170E-012   1.6913886006833960E-011  -1.0907158317105898E-011
 >>> 地球非球形引力分量 (地固系), 田谐:    1.3555450675861840E-013  -7.6242832473099051E-014   3.2296616027286322E-014
 >>> 卫星在地固系坐标为:    41467.609022686876       -180391.34775600172        34146.578003433380     
 >>> 地球非球形引力分量 (地固系), 带谐:   -3.8615700296822406E-012   1.6798504628696032E-011  -1.0794183808766564E-011
 >>> 地球非球形引力分量 (地固系), 田谐:    1.3195622804918917E-013  -8.2362507774022203E-014   3.3307636161295463E-014
 >>> 卫星在地固系坐标为:    40621.207282077281       -180747.37431205003        34175.232315482892     
 >>> 地球非球形引力分量 (地固系), 带谐:   -3.7665354979540565E-012   1.6759506845300031E-011  -1.0756863929751351E-011
 >>> 地球非球形引力分量 (地固系), 田谐:    1.3070823608235503E-013  -8.4348052626195312E-014   3.3633688163541161E-014
 >>> 卫星在地固系坐标为:    37209.681930575418       -182131.55558279788        34289.743527350787     
 >>> 地球非球形引力分量 (地固系), 带谐:   -3.3915838596697044E-012   1.6600906328725520E-011  -1.0609251131121296E-011
 >>> 地球非球形引力分量 (地固系), 田谐:    1.2548533146439731E-013  -9.2012390560473584E-014   3.4883266987691123E-014
 >>> 卫星在地固系坐标为:    43990.965010178246       -179299.59536093095        34060.551148164566     
 >>> 地球非球形引力分量 (地固系), 带谐:   -4.1498039413633650E-012   1.6913886006853770E-011  -1.0907158317118847E-011
 >>> 地球非球形引力分量 (地固系), 田谐:    1.3555450675879212E-013  -7.6242832473144994E-014   3.2296616027315434E-014
 >>> 卫星在地固系坐标为:    38920.590668962592       -181447.48495834027        34232.509092111541     
 >>> 地球非球形引力分量 (地固系), 带谐:   -3.5780246889369658E-012   1.6680722716887918E-011  -1.0682726023402396E-011
 >>> 地球非球形引力分量 (地固系), 田谐:    1.2814207397997792E-013  -8.8236227699893465E-014   3.4269391348429257E-014
 >>> 卫星在地固系坐标为:    42311.381537034300       -180031.36389498366        34117.913050101342     
 >>> 地球非球形引力分量 (地固系), 带谐:   -3.9571255153624225E-012   1.6837235697699489E-011  -1.0831672209213639E-011
 >>> 地球非球形引力分量 (地固系), 田谐:    1.3318023263517795E-013  -8.0349630060295741E-014   3.2976110000258780E-014
 >>> 卫星在地固系坐标为:    35488.633080954103       -182799.44735464145        34346.935766642542     
 >>> 地球非球形引力分量 (地固系), 带谐:   -3.2072037531145305E-012   1.6520080451836500E-011  -1.0536431990462903E-011
 >>> 地球非球形引力分量 (地固系), 田谐:    1.2274161893801813E-013  -9.5674884361238482E-014   3.5475369034693476E-014
 >>> 卫星在地固系坐标为:    45659.811079248379       -178552.21174894358        34003.146461401571     
 >>> 地球非球形引力分量 (地固系), 带谐:   -4.3445799450272257E-012   1.6989434252330345E-011  -1.0983329806554650E-011
 >>> 地球非球形引力分量 (地固系), 田谐:    1.3782753282460637E-013  -7.2029639989614588E-014   3.1595172118606175E-014
 >>> 卫星在地固系坐标为:    35488.633080953972       -182799.44735464168        34346.935766642579     
 >>> 地球非球形引力分量 (地固系), 带谐:   -3.2072037531145011E-012   1.6520080451836429E-011  -1.0536431990462856E-011
 >>> 地球非球形引力分量 (地固系), 田谐:    1.2274161893801743E-013  -9.5674884361238482E-014   3.5475369034693407E-014
 >>> 卫星在地固系坐标为:    35488.633080817381       -182799.44735496622        34346.935766698829     
 >>> 地球非球形引力分量 (地固系), 带谐:   -3.2072037530768462E-012   1.6520080451735381E-011  -1.0536431990397152E-011
 >>> 地球非球形引力分量 (地固系), 田谐:    1.2274161893704073E-013  -9.5674884361094367E-014   3.5475369034563787E-014
 >>> 卫星在地固系坐标为:    34720.512014706896       -183091.08096229431        34372.345184511643     
 >>> 地球非球形引力分量 (地固系), 带谐:   -3.1259145775975888E-012   1.6483831769695973E-011  -1.0504271486448673E-011
 >>> 地球非球形引力分量 (地固系), 田谐:    1.2149516628972563E-013  -9.7265717083594965E-014   3.5731535025997963E-014
 >>> 卫星在地固系坐标为:    34335.709657710788       -183235.65234469066        34385.040548891055     
 >>> 地球非球形引力分量 (地固系), 带谐:   -3.0854239469377352E-012   1.6465646853176456E-011  -1.0488246667142163E-011
 >>> 地球非球形引力分量 (地固系), 田谐:    1.2086595376318424E-013  -9.8052628103798056E-014   3.5858036869237039E-014
 >>> 卫星在地固系坐标为:    33757.597904387650       -183451.02289636905        34404.085955732531     
 >>> 地球非球形引力分量 (地固系), 带谐:   -3.0248750836965475E-012   1.6438267610437590E-011  -1.0464261431538093E-011
 >>> 地球非球形引力分量 (地固系), 田谐:    1.1991456905231331E-013  -9.9222160103818445E-014   3.6045757861062670E-014
 >>> 卫星在地固系坐标为:    31142.661505785909       -184397.49637859096        34489.732711138924     
 >>> 地球非球形引力分量 (地固系), 带谐:   -2.7552081460886196E-012   1.6313746467887815E-011  -1.0357206228134732E-011
 >>> 地球非球形引力分量 (地固系), 田谐:    1.1552572988602458E-013  -1.0432391661644574E-013   3.6860776424197752E-014
 >>> 卫星在地固系坐标为:    30266.192487674663       -184704.68313230484        34518.260760002151     
 >>> 地球非球形引力分量 (地固系), 带谐:   -2.6663347802733054E-012   1.6271769926646030E-011  -1.0321837843040819E-011
 >>> 地球非球形引力分量 (地固系), 田谐:    1.1402508139358105E-013  -1.0596540015392292E-013   3.7121668886108484E-014
 >>> 卫星在地固系坐标为:    26736.730863063465       -185891.46701780273        34632.269086938446     
 >>> 地球非球形引力分量 (地固系), 带谐:   -2.3158881355121451E-012   1.6101588678300737E-011  -1.0181924835412489E-011
 >>> 地球非球形引力分量 (地固系), 田谐:    1.0784626278230326E-013  -1.1223187099141048E-013   3.8111607891400828E-014
 >>> 卫星在地固系坐标为:    33757.597904394286       -183451.02289631468        34404.085955722701     
 >>> 地球非球形引力分量 (地固系), 带谐:   -3.0248750837013882E-012   1.6438267610455794E-011  -1.0464261431549775E-011
 >>> 地球非球形引力分量 (地固系), 田谐:    1.1991456905246513E-013  -9.9222160103892257E-014   3.6045757861095140E-014
 >>> 卫星在地固系坐标为:    28506.138550694359       -185306.50049707072        34575.285661779453     
 >>> 地球非球形引力分量 (地固系), 带谐:   -2.4901044425110107E-012   1.6187128933416515E-011  -1.0251570931684454E-011
 >>> 地球非球形引力分量 (地固系), 田谐:    1.1096999365492959E-013  -1.0915880466359618E-013   3.7627343089538217E-014
 >>> 卫星在地固系坐标为:    32016.731945563777       -184086.14629583296        34461.194238994904     
 >>> 地球非球形引力分量 (地固系), 带谐:   -2.8445885391623306E-012   1.6355490087558515E-011  -1.0392732377608264E-011
 >>> 地球非球形引力分量 (地固系), 田谐:    1.1700783376925182E-013  -1.0265277656411084E-013   3.6594500166487752E-014
 >>> 卫星在地固系坐标为:    24958.131858735280       -186459.45287042586        34689.211176263103     
 >>> 地球非球形引力分量 (地固系), 带谐:   -2.1436764452347369E-012   1.6015170501224490E-011  -1.0112892834409014E-011
 >>> 地球非球形引力分量 (地固系), 田谐:    1.0465758865344527E-013  -1.1518358676138052E-013   3.8574554356640071E-014
 >>> 卫星在地固系坐标为:    35488.633080817497       -182799.44735496602        34346.935766698785     
 >>> 地球非球形引力分量 (地固系), 带谐:   -3.2072037530768744E-012   1.6520080451735458E-011  -1.0536431990397194E-011
 >>> 地球非球形引力分量 (地固系), 田谐:    1.2274161893704146E-013  -9.5674884361094417E-014   3.5475369034563882E-014
 >>> 卫星在地固系坐标为:    24958.131858735145       -186459.45287042609        34689.211176263139     
 >>> 地球非球形引力分量 (地固系), 带谐:   -2.1436764452347138E-012   1.6015170501224425E-011  -1.0112892834408972E-011
 >>> 地球非球形引力分量 (地固系), 田谐:    1.0465758865344461E-013  -1.1518358676138037E-013   3.8574554356639970E-014
 >>> 卫星在地固系坐标为:    24958.131858590183       -186459.45287072440        34689.211176316407     
 >>> 地球非球形引力分量 (地固系), 带谐:   -2.1436764452064342E-012   1.6015170501131794E-011  -1.0112892834350003E-011
 >>> 地球非球形引力分量 (地固系), 田谐:    1.0465758865258283E-013  -1.1518358676106780E-013   3.8574554356489405E-014
 >>> 卫星在地固系坐标为:    24164.738846112592       -186706.42862230015        34714.509606805317     
 >>> 地球非球形引力分量 (地固系), 带谐:   -2.0677779443971446E-012   1.5976478688262710E-011  -1.0082402621055386E-011
 >>> 地球非球形引力分量 (地固系), 田谐:    1.0322047529946370E-013  -1.1645621326350411E-013   3.8773472724691407E-014
 >>> 卫星在地固系坐标为:    23767.373877935457       -186828.61296903031        34727.149667619859     
 >>> 地球非球形引力分量 (地固系), 带谐:   -2.0299776695992740E-012   1.5957081094324123E-011  -1.0067209392150102E-011
 >>> 地球非球形引力分量 (地固系), 田谐:    1.0249755573549673E-013  -1.1708352856619053E-013   3.8871389462663032E-014
 >>> 卫星在地固系坐标为:    23170.505651092506       -187010.32981286658        34746.112070817187     
 >>> 地球非球形引力分量 (地固系), 带谐:   -1.9734599329478117E-012   1.5927895510370383E-011  -1.0044468293530079E-011
 >>> 地球非球形引力分量 (地固系), 田谐:    1.0140767589431972E-013  -1.1801304588108672E-013   3.9016279401715017E-014
 >>> 卫星在地固系坐标为:    20472.503438524487       -187804.28941951290        34831.386478250592     
 >>> 地球非球形引力分量 (地固系), 带谐:   -1.7218554195450834E-012   1.5795422114439168E-011  -9.9429561644408340E-012
 >>> 地球非球形引力分量 (地固系), 田谐:    9.6426092284843381E-014  -1.2202628141957418E-013   3.9639302959366117E-014
 >>> 卫星在地固系坐标为:    19568.836418737545       -188060.25199014778        34859.790833874329     
 >>> 地球非球形引力分量 (地固系), 带谐:   -1.6389745732584187E-012   1.5750858388150801E-011  -9.9094154757064856E-012
 >>> 地球非球形引力分量 (地固系), 田谐:    9.4738959909591649E-014  -1.2330209807574256E-013   3.9836481595264752E-014
 >>> 卫星在地固系坐标为:    15933.069207051785       -189040.23989843138        34973.306486292371     
 >>> 地球非球形引力分量 (地固系), 带谐:   -1.3123560967042752E-012   1.5570641671683976E-011  -9.7767149739219578E-012
 >>> 地球非球形引力分量 (地固系), 田谐:    8.7869740414504089E-014  -1.2809388325495540E-013   4.0573103234254146E-014
 >>> 卫星在地固系坐标为:    23170.505651101699       -187010.32981281530        34746.112070807831     
 >>> 地球非球形引力分量 (地固系), 带谐:   -1.9734599329512065E-012   1.5927895510387095E-011  -1.0044468293540651E-011
 >>> 地球非球形引力分量 (地固系), 田谐:    1.0140767589444772E-013  -1.1801304588118135E-013   3.9016279401749651E-014
 >>> 卫星在地固系坐标为:    17755.129913932506       -188559.04880126510        34916.568979831114     
 >>> 地球非球形引力分量 (地固系), 带谐:   -1.4746867357596964E-012   1.5661137345804052E-011  -9.8427743474531308E-012
 >>> 地球非球形引力分量 (地固系), 田谐:    9.1327564462434097E-014  -1.2576040541105811E-013   4.0215180982117035E-014
 >>> 卫星在地固系坐标为:    21374.018024478934       -187543.97119656776        34802.971910357614     
 >>> 地球非球形引力分量 (地固系), 带谐:   -1.8052291369970234E-012   1.5839784587270096E-011  -9.9766446628280196E-012
 >>> 地球非球形引力分量 (地固系), 田谐:    9.8100231076941727E-014  -1.2071944803085634E-013   3.9436885702249613E-014
 >>> 卫星在地固系坐标为:    14102.826605134675       -189503.70522337535        35030.003489583280     
 >>> 地球非球形引力分量 (地固系), 带谐:   -1.1519731081270315E-012   1.5479391360330472E-011  -9.7112311317820945E-012
 >>> 地球非球形引力分量 (地固系), 田谐:    8.4369174373750554E-014  -1.3030214786475956E-013   4.0910373099118532E-014
 >>> 卫星在地固系坐标为:    24958.131858590314       -186459.45287072423        34689.211176316370     
 >>> 地球非球形引力分量 (地固系), 带谐:   -2.1436764452064540E-012   1.6015170501131842E-011  -1.0112892834350029E-011
 >>> 地球非球形引力分量 (地固系), 田谐:    1.0465758865258330E-013  -1.1518358676106783E-013   3.8574554356489437E-014
 >>> 卫星在地固系坐标为:    14102.826605134540       -189503.70522337552        35030.003489583316     
 >>> 地球非球形引力分量 (地固系), 带谐:   -1.1519731081270149E-012   1.5479391360330417E-011  -9.7112311317820606E-012
 >>> 地球非球形引力分量 (地固系), 田谐:    8.4369174373750036E-014  -1.3030214786475938E-013   4.0910373099118462E-014
 >>> 卫星在地固系坐标为:    14102.826604982876       -189503.70522364890        35030.003489633782     
 >>> 地球非球形引力分量 (地固系), 带谐:   -1.1519731081066646E-012   1.5479391360245763E-011  -9.7112311317290984E-012
 >>> 地球非球形引力分量 (地固系), 田谐:    8.4369174373016295E-014  -1.3030214786432034E-013   4.0910373098954265E-014
 >>> 卫星在地固系坐标为:    13286.806142970905       -189703.99051598224        35055.193177366069     
 >>> 地球非球形引力分量 (地固系), 带谐:   -1.0813139641231501E-012   1.5438591621458753E-011  -9.6823059482376794E-012
 >>> 地球非球形引力分量 (地固系), 田谐:    8.2800572138427831E-014  -1.3124327027202076E-013   4.1053657181539169E-014
 >>> 卫星在地固系坐标为:    12878.205186972698       -189802.77590264066        35067.779050844132     
 >>> 地球非球形引力分量 (地固系), 带谐:   -1.0461284208171696E-012   1.5418148362987840E-011  -9.6678919457150124E-012
 >>> 地球非球形引力分量 (地固系), 田谐:    8.2013533497011044E-014  -1.3170461822615675E-013   4.1123810148580571E-014
 >>> 卫星在地固系坐标为:    12264.576002829266       -189949.32642215106        35086.660126286668     
 >>> 地球非球形引力分量 (地固系), 带谐:   -9.9352820163098578E-013   1.5387406188170044E-011  -9.6463166752400578E-012
 >>> 地球非球形引力分量 (地固系), 田谐:    8.0829541173942083E-014  -1.3238491767204068E-013   4.1227120597420298E-014
 >>> 卫星在地固系坐标为:    9492.5693534280435       -190584.04581552479        35171.569690116201     
 >>> 地球非球形引力分量 (地固系), 带谐:   -7.5947376682358536E-013   1.5248093301496318E-011  -9.5499993357365902E-012
 >>> 地球非球形引力分量 (地固系), 田谐:    7.5454843075417099E-014  -1.3527340269861968E-013   4.1664059557077047E-014
 >>> 卫星在地固系坐标为:    8564.7542137627261       -190786.57162969740        35199.852840544554     
 >>> 地球非球形引力分量 (地固系), 带谐:   -6.8241426417634659E-013   1.5201309301345309E-011  -9.5181717241088375E-012
 >>> 地球非球形引力分量 (地固系), 田谐:    7.3647698048255598E-014  -1.3617335202196534E-013   4.1799594391726950E-014
 >>> 卫星在地固系坐标为:    4835.0261336386402       -191551.06340898736        35312.885704212546     
 >>> 地球非球形引力分量 (地固系), 带谐:   -3.7893735808991276E-013   1.5012504979552186E-011  -9.3922324863548436E-012
 >>> 地球非球形引力分量 (地固系), 田谐:    6.6353275236276665E-014  -1.3945894122224499E-013   4.2291666654988419E-014
 >>> 卫星在地固系坐标为:    12264.576002840704       -189949.32642210289        35086.660126277755     
 >>> 地球非球形引力分量 (地固系), 带谐:   -9.9352820163315046E-013   1.5387406188185318E-011  -9.6463166752496172E-012
 >>> 地球非球形引力分量 (地固系), 田谐:    8.0829541174045380E-014  -1.3238491767214956E-013   4.1227120597455986E-014
 >>> 卫星在地固系坐标为:    6703.5386105063108       -191177.96760015149        35256.389186798566     
 >>> 地球非球形引力分量 (地固系), 带谐:   -5.2972600147015624E-013   1.5107236077867588E-011  -9.4549293216063381E-012
 >>> 地球非球形引力分量 (地固系), 田谐:    7.0012755445179186E-014  -1.3787895582706155E-013   4.2055606245655762E-014
 >>> 卫星在地固系坐标为:    10418.492863044668       -190376.98685733895        35143.276531739481     
 >>> 地球非球形引力分量 (地固系), 带谐:   -8.3701178907330157E-013   1.5294705718239399E-011  -9.5819655365022942E-012
 >>> 地球非球形引力分量 (地固系), 田谐:    7.7254501248549892E-014  -1.3434201239243157E-013   4.1523480933409235E-014
 >>> 卫星在地固系坐标为:    2959.3983691877734       -191905.74948880330        35369.342524841544     
 >>> 地球非球形引力分量 (地固系), 带谐:   -2.3003867430361761E-013   1.4917134733625792E-011  -9.3300754497443834E-012
 >>> 地球非球形引力分量 (地固系), 田谐:    6.2672834671971504E-014  -1.4091352263556235E-013   4.2507930575088019E-014
 >>> 卫星在地固系坐标为:    14102.826604982982       -189503.70522364875        35030.003489633753     
 >>> 地球非球形引力分量 (地固系), 带谐:   -1.1519731081066769E-012   1.5479391360245802E-011  -9.7112311317291210E-012
 >>> 地球非球形引力分量 (地固系), 田谐:    8.4369174373016711E-014  -1.3030214786432039E-013   4.0910373098954310E-014
 >>> 卫星在地固系坐标为:    2959.3983691876533       -191905.74948880347        35369.342524841573     
 >>> 地球非球形引力分量 (地固系), 带谐:   -2.3003867430360726E-013   1.4917134733625741E-011  -9.3300754497443527E-012
 >>> 地球非球形引力分量 (地固系), 田谐:    6.2672834671971025E-014  -1.4091352263556202E-013   4.2507930575087899E-014
 >>> 卫星在地固系坐标为:    2959.3983690307664       -191905.74948905324        35369.342524889413     
 >>> 地球非球形引力分量 (地固系), 带谐:   -2.3003867428992213E-013   1.4917134733548532E-011  -9.3300754496966977E-012
 >>> 地球非球形引力分量 (地固系), 田谐:    6.2672834671370581E-014  -1.4091352263503435E-013   4.2507930574916104E-014
 >>> 卫星在地固系坐标为:    2123.5502198536856       -192057.47131131851        35394.425643330120     
 >>> 地球非球形引力分量 (地固系), 带谐:   -1.6446553640788186E-013   1.4874541108113624E-011  -9.3026177893565105E-012
 >>> 地球非球形引力分量 (地固系), 田谐:    6.1031258386156975E-014  -1.4151976582674700E-013   4.2597716631516524E-014
 >>> 卫星在地固系坐标为:    1705.1172672096784       -192131.92593050856        35406.958410406805     
 >>> 地球非球形引力分量 (地固系), 带谐:   -1.3181808502289287E-013   1.4853208653129856E-011  -9.2889345035637153E-012
 >>> 地球非球形引力分量 (地固系), 田谐:    6.0209317423743974E-014  -1.4181372408223474E-013   4.2641187149324298E-014
 >>> 卫星在地固系坐标为:    1076.8383805277274       -192241.91809361646        35425.759780977853     
 >>> 地球非球形引力分量 (地固系), 带谐:   -8.3020273163469338E-014   1.4821143861699856E-011  -9.2684525142387033E-012
 >>> 地球非球形引力分量 (地固系), 田谐:    5.8974983987848171E-014  -1.4224301027941255E-013   4.2704557654064623E-014
 >>> 卫星在地固系坐标为:   -1759.5954562741840       -192711.21955768345        35510.311768622138     
 >>> 地球非球形引力分量 (地固系), 带谐:    1.3400300525610085E-013   1.4676033900415987E-011  -9.1770072624549267E-012
 >>> 地球非球形引力分量 (地固系), 田谐:    5.3403257254657539E-014  -1.4400360179277441E-013   4.2963039716728432E-014
 >>> 卫星在地固系坐标为:   -2708.3386827341687       -192858.28107903007        35538.476123484419     
 >>> 地球非球形引力分量 (地固系), 带谐:    2.0541446688004254E-013   1.4627373320701770E-011  -9.1467865123020369E-012
 >>> 地球非球形引力分量 (地固系), 田谐:    5.1541103968061102E-014  -1.4452841637799029E-013   4.3039562775375898E-014
 >>> 卫星在地固系坐标为:   -6519.0115191916530       -193399.32742495992        35651.035773321266     
 >>> 地球非球形引力分量 (地固系), 带谐:    4.8644458499600233E-013   1.4431337525755151E-011  -9.0271903047322908E-012
 >>> 地球非球形引力分量 (地固系), 田谐:    4.4079407488166104E-014  -1.4631950734533293E-013   4.3298049407073779E-014
 >>> 卫星在地固系坐标为:    1076.8383805411911       -192241.91809357129        35425.759780969354     
 >>> 地球非球形引力分量 (地固系), 带谐:   -8.3020273164604945E-014   1.4821143861713795E-011  -9.2684525142473677E-012
 >>> 地球非球形引力分量 (地固系), 田谐:    5.8974983987927196E-014  -1.4224301027952963E-013   4.2704557654100463E-014
 >>> 卫星在地固系坐标为:   -4610.5823637165686       -193138.26921491398        35594.775470169356     
 >>> 地球非球形引力分量 (地固系), 带谐:    3.4685023681061541E-013   1.4529629693109947E-011  -9.0867324024886247E-012
 >>> 地球非球形引力分量 (地固系), 田谐:    4.7812018848633517E-014  -1.4548542249356050E-013   4.3178282713835410E-014
 >>> 卫星在地固系坐标为:   -812.46929835692617       -192559.46331009839        35482.137603725161     
 >>> 地球非球形引力分量 (地固系), 带谐:    6.2127537941960648E-014   1.4724550684038457E-011  -9.2073580537840231E-012
 >>> 地球非球形引力分量 (地固系), 田谐:    5.5263244043127795E-014  -1.4344780888610426E-013   4.2881712138673786E-014
 >>> 卫星在地固系坐标为:   -8433.4359414053706       -193641.35732082056        35707.257160903922     
 >>> 地球非球形引力分量 (地固系), 带谐:    6.2420726296060930E-013   1.4332514349906155E-011  -8.9681548673025621E-012
 >>> 地球非球形引力分量 (地固系), 田谐:    4.0346650193661916E-014  -1.4703143996477513E-013   4.3399044521287022E-014
 >>> 卫星在地固系坐标为:    2959.3983690308864       -191905.74948905309        35369.342524889384     
 >>> 地球非球形引力分量 (地固系), 带谐:   -2.3003867428993253E-013   1.4917134733548583E-011  -9.3300754496967300E-012
 >>> 地球非球形引力分量 (地固系), 田谐:    6.2672834671371011E-014  -1.4091352263503466E-013   4.2507930574916218E-014
 >>> 卫星在地固系坐标为:   -8433.4359414054870       -193641.35732082068        35707.257160903951     
 >>> 地球非球形引力分量 (地固系), 带谐:    6.2420726296061576E-013   1.4332514349906111E-011  -8.9681548673025346E-012
 >>> 地球非球形引力分量 (地固系), 田谐:    4.0346650193661594E-014  -1.4703143996477477E-013   4.3399044521286921E-014
 >>> 卫星在地固系坐标为:   -8433.4359415662275       -193641.35732104813        35707.257160949324     
 >>> 地球非球形引力分量 (地固系), 带谐:    6.2420726296872026E-013   1.4332514349835856E-011  -8.9681548672595891E-012
 >>> 地球非球形引力分量 (地固系), 田谐:    4.0346650193193579E-014  -1.4703143996419205E-013   4.3399044521112494E-014
 >>> 卫星在地固系坐标为:   -9286.1665279933550       -193742.81369072516        35732.235815472246     
 >>> 地球非球形引力分量 (地固系), 带谐:    6.8484943337709487E-013   1.4288420929884936E-011  -8.9420743271709934E-012
 >>> 地球非球形引力分量 (地固系), 田谐:    3.8688458849486308E-014  -1.4730880333596392E-013   4.3437936031210475E-014
 >>> 卫星在地固系坐标为:   -9712.9550317945505       -193792.09155350766        35744.716523281175     
 >>> 地球非球形引力分量 (地固系), 带谐:    7.1503627512621514E-013   1.4266345807197350E-011  -8.9290767797649185E-012
 >>> 地球非球形引力分量 (地固系), 田谐:    3.7859715247841161E-014  -1.4743861881179935E-013   4.3456037543293383E-014
 >>> 卫星在地固系坐标为:   -10353.664047161225       -193864.26244607169        35763.439761099238     
 >>> 地球非球形引力分量 (地固系), 带谐:    7.6014803515970867E-013   1.4233177502651566E-011  -8.9096208036806765E-012
 >>> 地球非球形引力分量 (地固系), 田谐:    3.6617086630013564E-014  -1.4762207673384389E-013   4.3481453828332095E-014
 >>> 卫星在地固系坐标为:   -13244.465697592690       -194162.55497802541        35847.641213029863     
 >>> 地球非球形引力分量 (地固系), 带谐:    9.6066451083215998E-013   1.4083246554354385E-011  -8.8227483806588856E-012
 >>> 地球非球形引力分量 (地固系), 田谐:    3.1035929351685369E-014  -1.4828268623496408E-013   4.3570635631142559E-014
 >>> 卫星在地固系坐标为:   -14210.758229010244       -194252.32229287308        35875.689106845370     
 >>> 地球非球形引力分量 (地固系), 带谐:    1.0266029828366728E-012   1.4033031191939686E-011  -8.7940359782877526E-012
 >>> 地球非球形引力分量 (地固系), 田谐:    2.9180683583375834E-014  -1.4844331559310876E-013   4.3591278083747295E-014
 >>> 卫星在地固系坐标为:   -18088.734721891240       -194562.77451686090        35987.784819992579     
 >>> 地球非球形引力分量 (地固系), 带谐:    1.2858877893810318E-012   1.3831033505983585E-011  -8.6803948250722364E-012
 >>> 地球非球形引力分量 (地固系), 田谐:    2.1796024147499494E-014  -1.4879176123245653E-013   4.3629086870501483E-014
 >>> 卫星在地固系坐标为:   -10353.664047146016       -193864.26244602946        35763.439761091133     
 >>> 地球非球形引力分量 (地固系), 带谐:    7.6014803515943573E-013   1.4233177502664266E-011  -8.9096208036885347E-012
 >>> 地球非球形引力分量 (地固系), 田谐:    3.6617086630069358E-014  -1.4762207673396415E-013   4.3481453828367329E-014
 >>> 卫星在地固系坐标为:   -16147.234460397975       -194417.29389320966        35931.756104676082     
 >>> 地球非球形引力分量 (地固系), 带谐:    1.1571367490115489E-012   1.3932255455815478E-011  -8.7369749661639433E-012
 >>> 地球非球形引力分量 (地固系), 田谐:    2.5480301534287424E-014  -1.4867605285893718E-013   4.3619084255651640E-014
 >>> 卫星在地固系坐标为:   -12279.502898372997       -194067.94828713455        35819.583700954885     
 >>> 地球非球形引力分量 (地固系), 带谐:    8.9427667860529023E-013   1.4133344130808168E-011  -8.8515828929212143E-012
 >>> 地球非球形引力分量 (地固系), 田谐:    3.2894013721194609E-014  -1.4809235982885738E-013   4.3545467114781297E-014
 >>> 卫星在地固系坐标为:   -20035.060874131377       -194688.67760211375        36043.775376836893     
 >>> 地球非球形引力分量 (地固系), 带谐:    1.4128659271596269E-012   1.3729381743129734E-011  -8.6242905858379313E-012
 >>> 地球非球形引力分量 (地固系), 田谐:    1.8130957358211859E-014  -1.4879170935738537E-013   4.3621490796214753E-014
 >>> 卫星在地固系坐标为:   -8433.4359415660965       -193641.35732104801        35707.257160949295     
 >>> 地球非球形引力分量 (地固系), 带谐:    6.2420726296871278E-013   1.4332514349835900E-011  -8.9681548672596101E-012
 >>> 地球非球形引力分量 (地固系), 田谐:    4.0346650193193907E-014  -1.4703143996419228E-013   4.3399044521112564E-014
 >>> 卫星在地固系坐标为:   -20035.060874131537       -194688.67760211389        36043.775376836922     
 >>> 地球非球形引力分量 (地固系), 带谐:    1.4128659271596315E-012   1.3729381743129683E-011  -8.6242905858379039E-012
 >>> 地球非球形引力分量 (地固系), 田谐:    1.8130957358211541E-014  -1.4879170935738484E-013   4.3621490796214614E-014
 >>> 卫星在地固系坐标为:   -20035.060874294879       -194688.67760232007        36043.775376879967     
 >>> 地球非球形引力分量 (地固系), 带谐:    1.4128659271630972E-012   1.3729381743065967E-011  -8.6242905857991799E-012
 >>> 地球非球形引力分量 (地固系), 田谐:    1.8130957357870478E-014  -1.4879170935677708E-013   4.3621490796041860E-014
 >>> 卫星在地固系坐标为:   -20901.593779270275       -194738.34839374575        36068.651607621170     
 >>> 地球非球形引力分量 (地固系), 带谐:    1.4687335335078268E-012   1.3684063787972540E-011  -8.5995032772999302E-012
 >>> 地球非球形引力分量 (地固系), 田谐:    1.6508999052270313E-014  -1.4875481654146503E-013   4.3612502437560376E-014
 >>> 卫星在地固系坐标为:   -21335.194264496266       -194761.69472572405        36081.081270908609     
 >>> 地球非球形引力分量 (地固系), 带谐:    1.4965379288218352E-012   1.3661383141174191E-011  -8.5871497284294081E-012
 >>> 地球非球形引力分量 (地固系), 田谐:    1.5699762180458016E-014  -1.4872802511500258E-013   4.3606752490451423E-014
 >>> 卫星在地固系坐标为:   -21986.013521975732       -194794.91862314849        36099.727899451602     
 >>> 地球非球形引力分量 (地固系), 带谐:    1.5380809951872199E-012   1.3627316384292928E-011  -8.5686573391760069E-012
 >>> 地球非球形引力分量 (地固系), 田谐:    1.4488154639235844E-014  -1.4867724308796433E-013   4.3596504422601827E-014
 >>> 卫星在地固系坐标为:   -24920.677984592359       -194917.23392243389        36183.585638674784     
 >>> 地球非球形引力分量 (地固系), 带谐:    1.7226193751235557E-012   1.3473477884825986E-011  -8.4860799888310553E-012
 >>> 地球非球形引力分量 (地固系), 田谐:    9.0722412169576347E-015  -1.4829414584155610E-013   4.3526882323855723E-014
 >>> 卫星在地固系坐标为:   -25900.994612080132       -194948.08661289627        36211.519333985394     
 >>> 地球非球形引力分量 (地固系), 带谐:    1.7832613023762952E-012   1.3422008846986148E-011  -8.4587844862429268E-012
 >>> 地球非球形引力分量 (地固系), 田谐:    7.2812823037016693E-015  -1.4811082590672989E-013   4.3495211396780584E-014
 >>> 卫星在地固系坐标为:   -29832.058645323010       -195021.64350808781        36323.160102199530     
 >>> 地球非球形引力分量 (地固系), 带谐:    2.0215075594291676E-012   1.3215237047199465E-011  -8.3507381755232218E-012
 >>> 地球非球形引力分量 (地固系), 田谐:    1.9871926950801702E-016  -1.4710475047303131E-013   4.3326941769154351E-014
 >>> 卫星在地固系坐标为:   -21986.013521959005       -194794.91862310912        36099.727899443860     
 >>> 地球非球形引力分量 (地固系), 带谐:    1.5380809951876629E-012   1.3627316384304467E-011  -8.5686573391831430E-012
 >>> 地球非球形引力分量 (地固系), 田谐:    1.4488154639270200E-014  -1.4867724308808333E-013   4.3596504422635906E-014
 >>> 卫星在地固系坐标为:   -27864.618204100443       -194994.85482910700        36267.358490481485     
 >>> 地球非球形引力分量 (地固系), 带谐:    1.9032462537358080E-012   1.3318798206129476E-011  -8.4045353577541532E-012
 >>> 地球非球形引力分量 (地固系), 田谐:    3.7230415423463141E-015  -1.4766193615357595E-013   4.3419338287042318E-014
 >>> 卫星在地固系坐标为:   -23941.392044807701       -194881.41509904063        36155.642510996353     
 >>> 地球非球形引力分量 (地固系), 带谐:    1.6615428363022225E-012   1.3524853466341185E-011  -8.5134902360115471E-012
 >>> 地球非球形引力分量 (地固系), 田谐:    1.0870615206084481E-014  -1.4844978367951697E-013   4.3554339571459046E-014
 >>> 卫星在地固系坐标为:   -31803.110606121809       -195028.37851905698        36378.924289420662     
 >>> 地球非球形引力分量 (地固系), 带谐:    2.1380550956528031E-012   1.3111340700406466E-011  -8.2973883217651473E-012
 >>> 地球非球形引力分量 (地固系), 田谐:   -3.2889189432151742E-015  -1.4644097262527979E-013   4.3218246414649031E-014
 >>> 卫星在地固系坐标为:   -20035.060874294748       -194688.67760231998        36043.775376879938     
 >>> 地球非球形引力分量 (地固系), 带谐:    1.4128659271630931E-012   1.3729381743066009E-011  -8.6242905857992057E-012
 >>> 地球非球形引力分量 (地固系), 田谐:    1.8130957357870743E-014  -1.4879170935677756E-013   4.3621490796041986E-014
 >>> 卫星在地固系坐标为:   -31803.110606121940       -195028.37851905706        36378.924289420684     
 >>> 地球非球形引力分量 (地固系), 带谐:    2.1380550956528059E-012   1.3111340700406434E-011  -8.2973883217651279E-012
 >>> 地球非球形引力分量 (地固系), 田谐:   -3.2889189432153750E-015  -1.4644097262527951E-013   4.3218246414648943E-014
 >>> 卫星在地固系坐标为:   -31803.110606286831       -195028.37851924327        36378.924289461560     
 >>> 地球非球形引力分量 (地固系), 带谐:    2.1380550956524452E-012   1.3111340700348764E-011  -8.2973883217301634E-012
 >>> 地球非球形引力分量 (地固系), 田谐:   -3.2889189434389519E-015  -1.4644097262467137E-013   4.3218246414481124E-014
 >>> 卫星在地固系坐标为:   -32680.242238838324       -195024.93562430723        36403.700074024920     
 >>> 地球非球形引力分量 (地固系), 带谐:    2.1893056003776681E-012   1.3065055658252284E-011  -8.2738163355329490E-012
 >>> 地球非球形引力分量 (地固系), 田谐:   -4.8264938662855665E-015  -1.4611214735515865E-013   4.3164747990060106E-014
 >>> 卫星在地固系坐标为:   -33119.049730661856       -195021.69192640105        36416.079676490575     
 >>> 地球非球形引力分量 (地固系), 带谐:    2.2148062403687829E-012   1.3041897753665999E-011  -8.2620680181457195E-012
 >>> 地球非球形引力分量 (地固系), 田谐:   -5.5922934823184647E-015  -1.4594010743703017E-013   4.3136840196172624E-014
 >>> 卫星在地固系坐标为:   -33777.567636848522       -195014.98786230662        36434.651172610284     
 >>> 地球非球形引力分量 (地固系), 带谐:    2.2528987456853968E-012   1.3007124321928677E-011  -8.2444812337479858E-012
 >>> 地球非球形引力分量 (地固系), 田谐:   -6.7371698095481016E-015  -1.4567237205193749E-013   4.3093479737349715E-014
 >>> 卫星在地固系坐标为:   -36745.183387151272       -194957.01402181562        36518.171813658599     
 >>> 地球非球形引力分量 (地固系), 带谐:    2.4219910707910814E-012   1.2850232428395989E-011  -8.1659409422018246E-012
 >>> 地球非球形引力分量 (地固系), 田谐:   -1.1829938539628063E-014  -1.4432695540185933E-013   4.2876700669621017E-014
 >>> 卫星在地固系坐标为:   -37735.865641099896       -194927.55226332924        36545.993503999787     
 >>> 地球非球形引力分量 (地固系), 带谐:    2.4775139541928516E-012   1.2797791241419586E-011  -8.1399773795719705E-012
 >>> 地球非球形引力分量 (地固系), 田谐:   -1.3505016303965972E-014  -1.4382809675937396E-013   4.2796656628379758E-014
 >>> 卫星在地固系坐标为:   -41705.279489834713       -194758.80381157956        36657.188045407369     
 >>> 地球非球形引力分量 (地固系), 带谐:    2.6954323781472063E-012   1.2587355657235323E-011  -8.0371911991193672E-012
 >>> 地球非球形引力分量 (地固系), 田谐:   -2.0084492416814523E-014  -1.4158731608593776E-013   4.2438347823028517E-014
 >>> 卫星在地固系坐标为:   -33777.567636830456       -195014.98786227009        36434.651172602906     
 >>> 地球非球形引力分量 (地固系), 带谐:    2.2528987456864218E-012   1.3007124321939119E-011  -8.2444812337544659E-012
 >>> 地球非球形引力分量 (地固系), 田谐:   -6.7371698095328790E-015  -1.4567237205205149E-013   4.3093479737382115E-014
 >>> 卫星在地固系坐标为:   -39719.288310936834       -194853.37408860051        36601.609189388873     
 >>> 地球非球形引力分量 (地固系), 带谐:    2.5873053112089200E-012   1.2692704001637325E-011  -8.0883717603711259E-012
 >>> 地球非球形引力分量 (地固系), 田谐:   -1.6819529343898797E-014  -1.4275627096315162E-013   4.2625069090093856E-014
 >>> 卫星在地固系坐标为:   -35755.222190824636       -194981.40167781367        36490.340871199318     
 >>> 地球非球形引力分量 (地固系), 带谐:    2.3660483997766357E-012   1.2902602897105828E-011  -8.1920124040768983E-012
 >>> 地球非球形引力分量 (地固系), 田谐:   -1.0143393760748475E-014  -1.4480078186104203E-013   4.2952872102501137E-014
 >>> 卫星在地固系坐标为:   -43693.627452054869       -194643.78028834329        36712.730188728267     
 >>> 地球非球形引力分量 (地固系), 带谐:    2.8019050669926951E-012   1.2481760523247050E-011  -7.9864314010934531E-012
 >>> 地球非球形引力分量 (地固系), 田谐:   -2.3297533872315275E-014  -1.4032329902200603E-013   4.2236733631756965E-014
 >>> 卫星在地固系坐标为:   -31803.110606286686       -195028.37851924315        36378.924289461538     
 >>> 地球非球形引力分量 (地固系), 带谐:    2.1380550956524416E-012   1.3111340700348793E-011  -8.2973883217301828E-012
 >>> 地球非球形引力分量 (地固系), 田谐:   -3.2889189434387196E-015  -1.4644097262467164E-013   4.3218246414481219E-014
 >>> 卫星在地固系坐标为:   -43693.627452054970       -194643.78028834341        36712.730188728288     
 >>> 地球非球形引力分量 (地固系), 带谐:    2.8019050669926935E-012   1.2481760523247021E-011  -7.9864314010934337E-012
 >>> 地球非球形引力分量 (地固系), 田谐:   -2.3297533872315367E-014  -1.4032329902200581E-013   4.2236733631756883E-014
 >>> 卫星在地固系坐标为:   -43693.627452220389       -194643.78028851066        36712.730188767106     
 >>> 地球非球形引力分量 (地固系), 带谐:    2.8019050669892066E-012   1.2481760523194962E-011  -7.9864314010618248E-012
 >>> 地球非球形引力分量 (地固系), 田谐:   -2.3297533872433443E-014  -1.4032329902141788E-013   4.2236733631596593E-014
 >>> 卫星在地固系坐标为:   -44578.042875020306       -194586.09705712277        36737.407444791032     
 >>> 地球非球形引力分量 (地固系), 带谐:    2.8486967009029661E-012   1.2434748970077068E-011  -7.9640023214685060E-012
 >>> 地球非球形引力分量 (地固系), 田谐:   -2.4708271822131851E-014  -1.3973149802816316E-013   4.2142394219373978E-014
 >>> 卫星在地固系坐标为:   -45020.397071859203       -194555.70580575112        36749.737940360297     
 >>> 地球非球形引力分量 (地固系), 带谐:    2.8719726588569942E-012   1.2411233663863087E-011  -7.9528231999779313E-012
 >>> 地球非球形引力分量 (地固系), 田谐:   -2.5409576620266142E-014  -1.3942885353109210E-013   4.2094170339425284E-014
 >>> 卫星在地固系坐标为:   -45684.119493268037       -194508.24459231674        36768.235736193652     
 >>> 地球非球形引力分量 (地固系), 带谐:    2.9067332942819153E-012   1.2375932749500223E-011  -7.9360881222230837E-012
 >>> 地球非球形引力分量 (地固系), 田谐:   -2.6456352014788888E-014  -1.3896633976808165E-013   4.2020469688721777E-014
 >>> 卫星在地固系坐标为:   -48673.410041506664       -194266.35730865094        36851.425693657991     
 >>> 地球非球形引力分量 (地固系), 带谐:    3.0609139713703945E-012   1.2216785442939068E-011  -7.8613450182582738E-012
 >>> 地球非球形引力分量 (地固系), 田谐:   -3.1088050534623267E-014  -1.3676139660988759E-013   4.1669143009212895E-014
 >>> 卫星在地固系坐标为:   -49670.680189728504       -194175.41212753195        36879.137506378160     
 >>> 地球非球形引力分量 (地固系), 带谐:    3.1114960488204606E-012   1.2163635072141392E-011  -7.8366343991740969E-012
 >>> 地球非球形引力分量 (地固系), 田谐:   -3.2602467586034113E-014  -1.3598232722082679E-013   4.1544976527956640E-014
 >>> 卫星在地固系坐标为:   -53663.241098301929       -193759.87981121714        36989.894276631007     
 >>> 地球非球形引力分量 (地固系), 带谐:    3.3098000431538048E-012   1.1950572597467196E-011  -7.7387970784645911E-012
 >>> 地球非球形引力分量 (地固系), 田谐:   -3.8505863206246767E-014  -1.3265321774883462E-013   4.1013857542962927E-014
 >>> 卫星在地固系坐标为:   -45684.119493248865       -194508.24459228292        36768.235736186602     
 >>> 地球非球形引力分量 (地固系), 带谐:    2.9067332942834210E-012   1.2375932749509671E-011  -7.9360881222289919E-012
 >>> 地球非球形引力分量 (地固系), 田谐:   -2.6456352014790308E-014  -1.3896633976818815E-013   4.2020469688752208E-014
 >>> 卫星在地固系坐标为:   -51666.318715048525       -193978.00869979951        36934.533959197644     
 >>> 地球非球形引力分量 (地固系), 带谐:    3.2114504268087708E-012   1.2057192660971286E-011  -7.7875157175069096E-012
 >>> 地球非球形引力分量 (地固系), 田谐:   -3.5585520585394078E-014  -1.3435975986031784E-013   4.1286244658216989E-014
 >>> 卫星在地固系坐标为:   -47676.541943303600       -194352.14002416370        36823.704803657041     
 >>> 地球非球形引力分量 (地固系), 带谐:    3.0099269803624723E-012   1.2269886323667804E-011  -7.8861571693430883E-012
 >>> 地球非球形引力分量 (地固系), 田谐:   -2.9558716150598513E-014  -1.3751860926869983E-013   4.1789801443792221E-014
 >>> 卫星在地固系坐标为:   -55661.230054438660       -193520.97780866665        37045.218571888065     
 >>> 地球非球形引力分量 (地固系), 带谐:    3.4065548292951242E-012   1.1843788232478296E-011  -7.6904744846110388E-012
 >>> 地球非球形引力分量 (地固系), 田谐:   -4.1361558142186697E-014  -1.3086505354862237E-013   4.0728068792230825E-014
 >>> 卫星在地固系坐标为:   -43693.627452220273       -194643.78028851058        36712.730188767084     
 >>> 地球非球形引力分量 (地固系), 带谐:    2.8019050669892099E-012   1.2481760523195004E-011  -7.9864314010618506E-012
 >>> 地球非球形引力分量 (地固系), 田谐:   -2.3297533872433377E-014  -1.4032329902141839E-013   4.2236733631596731E-014
 >>> 卫星在地固系坐标为:   -55661.230054438776       -193520.97780866676        37045.218571888086     
 >>> 地球非球形引力分量 (地固系), 带谐:    3.4065548292951202E-012   1.1843788232478265E-011  -7.6904744846110178E-012
 >>> 地球非球形引力分量 (地固系), 田谐:   -4.1361558142186729E-014  -1.3086505354862202E-013   4.0728068792230737E-014
 >>> 卫星在地固系坐标为:   -55661.230054603868       -193520.97780881621        37045.218571924976     
 >>> 地球非球形引力分量 (地固系), 带谐:    3.4065548292891114E-012   1.1843788232431389E-011  -7.6904744845824138E-012
 >>> 地球非球形引力分量 (地固系), 田谐:   -4.1361558142213115E-014  -1.3086505354807037E-013   4.0728068792079957E-014
 >>> 卫星在地固系坐标为:   -56549.515818658867       -193408.13771323778        37069.799159519018     
 >>> 地球非球形引力分量 (地固系), 带谐:    3.4490463160411711E-012   1.1796274737548171E-011  -7.6691209478177078E-012
 >>> 地球非球形引力分量 (地固系), 田谐:   -4.2609498838930150E-014  -1.3004468931129285E-013   4.0596801400796100E-014
 >>> 卫星在地固系坐标为:   -56993.707536333037       -193350.14666854599        37082.081473550628     
 >>> 地球非球形引力分量 (地固系), 带谐:    3.4701769100924511E-012   1.1772513906108778E-011  -7.6584774986706215E-012
 >>> 地球非球形引力分量 (地固系), 田谐:   -4.3228516806476319E-014  -1.2962877846488869E-013   4.0530223686577632E-014
 >>> 卫星在地固系坐标为:   -57660.067456452925       -193261.25733636005        37100.506958333805     
 >>> 地球非球形引力分量 (地固系), 带谐:    3.5017247181010936E-012   1.1736852759964840E-011  -7.6425439851562703E-012
 >>> 地球非球形引力分量 (地固系), 田谐:   -4.4150743458304796E-014  -1.2899765976038477E-013   4.0429133818154488E-014
 >>> 卫星在地固系坐标为:   -60659.435227840811       -192832.54845788953        37183.372454963006     
 >>> 地球非球形引力分量 (地固系), 带谐:    3.6415295997511817E-012   1.1576194706846996E-011  -7.5713748855557639E-012
 >>> 地球非球形引力分量 (地固系), 田谐:   -4.8205930237250647E-014  -1.2605333917218520E-013   3.9956645094813728E-014
 >>> 卫星在地固系坐标为:   -61659.411010690499       -192679.19109652768        37210.976453900068     
 >>> 地球非球形引力分量 (地固系), 带谐:    3.6873495409049389E-012   1.1522580498028666E-011  -7.5478436997070553E-012
 >>> 地球非球形引力分量 (地固系), 田谐:   -4.9522518401183292E-014  -1.2503493916718570E-013   3.9792855321217929E-014
 >>> 卫星在地固系坐标为:   -65659.510788103958       -192013.36457686304        37321.303656767865     
 >>> 地球非球形引力分量 (地固系), 带谐:    3.8667539906968706E-012   1.1307858295515005E-011  -7.4546655376939848E-012
 >>> 地球非球形引力分量 (地固系), 田谐:   -5.4607824465238059E-014  -1.2078490721752861E-013   3.9107097926702183E-014
 >>> 卫星在地固系坐标为:   -57660.067456432829       -193261.25733632888        37100.506958327067     
 >>> 地球非球形引力分量 (地固系), 带谐:    3.5017247181029754E-012   1.1736852759973345E-011  -7.6425439851616438E-012
 >>> 地球非球形引力分量 (地固系), 田谐:   -4.4150743458320157E-014  -1.2899765976048135E-013   4.0429133818182634E-014
 >>> 卫星在地固系坐标为:   -63659.476907018579       -192356.76619423906        37266.157786316253     
 >>> 地球非球形引力分量 (地固系), 带谐:    3.7778243449154450E-012   1.1415269329014635E-011  -7.5010662429605217E-012
 >>> 地球非球形引力分量 (地固系), 田谐:   -5.2101766871754735E-014  -1.2294457630906827E-013   3.9456030813396440E-014
 >>> 卫星在地固系坐标为:   -59659.534354850970       -192980.67534365956        37155.759548387854     
 >>> 地球非球形引力分量 (地固系), 带谐:    3.5953196435992323E-012   1.1629779219718124E-011  -7.5950016761804699E-012
 >>> 地球非球形引力分量 (地固系), 田谐:   -4.6871633274979969E-014  -1.2705346648771685E-013   4.0117309746343393E-014
 >>> 卫星在地固系坐标为:   -67659.290673013529       -191648.95253510104        37376.414175139354     
 >>> 地球非球形引力分量 (地固系), 带谐:    3.9541484128344322E-012   1.1200359831592343E-011  -7.4086378602839349E-012
 >>> 地球非球形引力分量 (地固系), 田谐:   -5.7039215127605394E-014  -1.1855848973632225E-013   3.8746319710450093E-014
 >>> 卫星在地固系坐标为:   -55661.230054603751       -193520.97780881615        37045.218571924954     
 >>> 地球非球形引力分量 (地固系), 带谐:    3.4065548292891151E-012   1.1843788232431424E-011  -7.6904744845824332E-012
 >>> 地球非球形引力分量 (地固系), 田谐:   -4.1361558142213102E-014  -1.3086505354807077E-013   4.0728068792080077E-014
 >>> 卫星在地固系坐标为:   -67659.290673013646       -191648.95253510115        37376.414175139376     
 >>> 地球非球形引力分量 (地固系), 带谐:    3.9541484128344233E-012   1.1200359831592306E-011  -7.4086378602839090E-012
 >>> 地球非球形引力分量 (地固系), 田谐:   -5.7039215127605305E-014  -1.1855848973632180E-013   3.8746319710449954E-014
 >>> 卫星在地固系坐标为:   -67659.290673177587       -191648.95253523384        37376.414175174454     
 >>> 地球非球形引力分量 (地固系), 带谐:    3.9541484128264100E-012   1.1200359831550220E-011  -7.4086378602580031E-012
 >>> 地球非球形引力分量 (地固系), 田谐:   -5.7039215127554730E-014  -1.1855848973581857E-013   3.8746319710310155E-014
 >>> 卫星在地固系坐标为:   -68547.948287360807       -191480.25701158005        37400.899899232965     
 >>> 地球非球形引力分量 (地固系), 带谐:    3.9924987054455427E-012   1.1152553757441526E-011  -7.3882971525102338E-012
 >>> 地球非球形引力分量 (地固系), 田谐:   -5.8095476198539926E-014  -1.1754817709257426E-013   3.8582226716361465E-014
 >>> 卫星在地固系坐标为:   -68992.226204318722       -191394.32311561884        37413.134929665954     
 >>> 地球非球形引力分量 (地固系), 带谐:    4.0115633662978316E-012   1.1128651695543128E-011  -7.3781581644671040E-012
 >>> 地球非球形引力分量 (地固系), 田谐:   -5.8617967259636351E-014  -1.1703840412864989E-013   3.8499350651206700E-014
 >>> 卫星在地固系坐标为:   -69658.593885764523       -191263.49872718126        37431.489451457397     
 >>> 地球非球形引力分量 (地固系), 带谐:    4.0400175446384893E-012   1.1092786222098356E-011  -7.3629795301005583E-012
 >>> 地球非球形引力分量 (地固系), 田谐:   -5.9394541340609082E-014  -1.1626790795696454E-013   3.8373960462711304E-014
 >>> 卫星在地固系坐标为:   -72656.166211860022       -190645.80198160341        37514.036525851312     
 >>> 地球非球形引力分量 (地固系), 带谐:    4.1659830496584525E-012   1.0931311421359528E-011  -7.2951766154208011E-012
 >>> 地球非球形引力分量 (地固系), 田谐:   -6.2782046876353162E-014  -1.1271743838526657E-013   3.7794288143531544E-014
 >>> 卫星在地固系坐标为:   -73654.876285042788       -190429.35231394862        37541.534713875335     
 >>> 地球非球形引力分量 (地固系), 带谐:    4.2072196649949445E-012   1.0877461972062148E-011  -7.2727564040160436E-012
 >>> 地球非球形引力分量 (地固系), 田谐:   -6.3871804879681767E-014  -1.1150470551315826E-013   3.7595561780335934E-014
 >>> 卫星在地固系坐标为:   -77646.563639196247       -189510.72226649048        37651.440311308339     
 >>> 地球非球形引力分量 (地固系), 带谐:    4.3684397844331978E-012   1.0661980903269462E-011  -7.1839675641443199E-012
 >>> 地球非球形引力分量 (地固系), 田谐:   -6.8030015971294751E-014  -1.0651641146280241E-013   3.6774037853633949E-014
 >>> 卫星在地固系坐标为:   -69658.593885743685       -191263.49872715259        37431.489451450951     
 >>> 地球非球形引力分量 (地固系), 带谐:    4.0400175446406720E-012   1.1092786222106008E-011  -7.3629795301054633E-012
 >>> 地球非球形引力分量 (地固系), 田谐:   -5.9394541340635664E-014  -1.1626790795704999E-013   3.8373960462737052E-014
 >>> 卫星在地固系坐标为:   -75651.406868987717       -189980.60893675787        37596.504916736230     
 >>> 地球非球形引力分量 (地固系), 带谐:    4.2885725117758131E-012   1.0769735170524693E-011  -7.2281844596132372E-012
 >>> 地球非球形引力分量 (地固系), 田谐:   -6.5991342346732265E-014  -1.0903736387766509E-013   3.7190056384551352E-014
 >>> 卫星在地固系坐标为:   -71657.197086888395       -190856.97418150079        37486.529594844287     
 >>> 地球非球形引力分量 (地固系), 带谐:    4.1243713185991287E-012   1.0985149604921253E-011  -7.3176869097070706E-012
 >>> 地球非球形引力分量 (地固系), 田谐:   -6.1672484447877847E-014  -1.1391576995214076E-013   3.7990285642776080E-014
 >>> 卫星在地固系坐标为:   -79640.120823818870       -189019.67293259877        37706.341004281960     
 >>> 地球非球形引力分量 (地固系), 带谐:    4.4468314055158321E-012   1.0554210731503832E-011  -7.1401022463975936E-012
 >>> 地球非球形引力分量 (地固系), 田谐:   -6.9986824345584644E-014  -1.0394452962900321E-013   3.6347775389668498E-014
 >>> 卫星在地固系坐标为:   -67659.290673177456       -191648.95253523378        37376.414175174432     
 >>> 地球非球形引力分量 (地固系), 带谐:    3.9541484128264140E-012   1.1200359831550250E-011  -7.4086378602580192E-012
 >>> 地球非球形引力分量 (地固系), 田谐:   -5.7039215127554730E-014  -1.1855848973581895E-013   3.8746319710310250E-014
 >>> 卫星在地固系坐标为:   -79640.120823818957       -189019.67293259883        37706.341004281981     
 >>> 地球非球形引力分量 (地固系), 带谐:    4.4468314055158240E-012   1.0554210731503806E-011  -7.1401022463975775E-012
 >>> 地球非球形引力分量 (地固系), 田谐:   -6.9986824345584543E-014  -1.0394452962900292E-013   3.6347775389668409E-014
 >>> 卫星在地固系坐标为:   -79640.120823981080       -189019.67293271582        37706.341004315349     
 >>> 地球非球形引力分量 (地固系), 带谐:    4.4468314055062388E-012   1.0554210731466103E-011  -7.1401022463740666E-012
 >>> 地球非球形引力分量 (地固系), 田谐:   -6.9986824345471742E-014  -1.0394452962855605E-013   3.6347775389540450E-014
 >>> 卫星在地固系坐标为:   -80525.580829853716       -188794.64834683045        37730.733616715959     
 >>> 地球非球形引力分量 (地固系), 带谐:    4.4811994353102889E-012   1.0506306975283176E-011  -7.1207159376103426E-012
 >>> 地球非球形引力分量 (地固系), 田谐:   -7.0829969767103767E-014  -1.0278579067569499E-013   3.6155095040853434E-014
 >>> 卫星在地固系坐标为:   -80968.158535128227       -188680.54118401173        37742.922235159633     
 >>> 地球非球形引力分量 (地固系), 带谐:    4.4982775803293097E-012   1.0482360765117490E-011  -7.1110523297870584E-012
 >>> 地球非球形引力分量 (地固系), 田谐:   -7.1245424052225119E-014  -1.0220297761443659E-013   3.6058042622691406E-014
 >>> 卫星在地固系坐标为:   -81631.852111021988       -188507.44399155237        37761.207102477369     
 >>> 地球非球形引力分量 (地固系), 带谐:    4.5237572938684172E-012   1.0446436074309490E-011  -7.0965850748225097E-012
 >>> 地球非球形引力分量 (地固系), 田谐:   -7.1860845531126872E-014  -1.0132441241753898E-013   3.5911538904933617E-014
 >>> 卫星在地固系坐标为:   -84615.529169290952       -187699.35773741582        37843.441616397577     
 >>> 地球非球形引力分量 (地固系), 带谐:    4.6364195659838839E-012   1.0284790313078834E-011  -7.0319546827152497E-012
 >>> 地球非球形引力分量 (地固系), 田谐:   -7.4514830010604743E-014  -9.7309713660977640E-014   3.5239074838409252E-014
 >>> 卫星在地固系坐标为:   -85608.929200790197       -187419.39167754608        37870.835937827171     
 >>> 地球非球形引力分量 (地固系), 带谐:    4.6732515292519529E-012   1.0230918280899120E-011  -7.0105816424104716E-012
 >>> 地球非球形引力分量 (地固系), 田谐:   -7.5357235565539677E-014  -9.5950298076894079E-014   3.5010226560600182E-014
 >>> 卫星在地固系坐标为:   -89575.974570332546       -186246.47858529381        37980.327659520422     
 >>> 地球非球形引力分量 (地固系), 带谐:    4.8170017580357369E-012   1.0015516092084585E-011  -6.9259305984121199E-012
 >>> 地球非球形引力分量 (地固系), 田谐:   -7.8513396385766077E-014  -9.0415789953985474E-014   3.4072271041853389E-014
 >>> 卫星在地固系坐标为:   -81631.852111000524       -188507.44399152620        37761.207102471206     
 >>> 地球非球形引力分量 (地固系), 带谐:    4.5237572938708277E-012   1.0446436074316353E-011  -7.0965850748269889E-012
 >>> 地球非球形引力分量 (地固系), 田谐:   -7.1860845531161898E-014  -1.0132441241761239E-013   3.5911538904956835E-014
 >>> 卫星在地固系坐标为:   -87593.819903595824       -186843.54661618284        37925.598885464518     
 >>> 地球非球形引力分量 (地固系), 带谐:    4.7458396932682060E-012   1.0123197286498151E-011  -6.9680887147436031E-012
 >>> 地球非球形引力分量 (地固系), 田谐:   -7.6978157092828874E-014  -9.3201732429551601E-014   3.4545693300114566E-014
 >>> 卫星在地固系坐标为:   -83621.530677154820       -187974.02092935762        37816.038711849309     
 >>> 地球非球形引力分量 (地固系), 带谐:    4.5992273648849896E-012   1.0338668210745327E-011  -7.0534126577073820E-012
 >>> 地球非球形引力分量 (地固系), 田谐:   -7.3651237012999903E-014  -9.8658764322182331E-014   3.5465598936824014E-014
 >>> 卫星在地固系坐标为:   -91555.164569868735       -185628.18289076872        38035.022363615448     
 >>> 地球非球形引力分量 (地固系), 带谐:    4.8867476192759314E-012   9.9078854270392356E-012  -6.8841040550871757E-012
 >>> 地球非球形引力分量 (地固系), 田谐:   -7.9962426833143706E-014  -8.7595194884046939E-014   3.3590231952351540E-014
 >>> 卫星在地固系坐标为:   -79640.120823980964       -189019.67293271577        37706.341004315327     
 >>> 地球非球形引力分量 (地固系), 带谐:    4.4468314055062444E-012   1.0554210731466128E-011  -7.1401022463740804E-012
 >>> 地球非球形引力分量 (地固系), 田谐:   -6.9986824345471818E-014  -1.0394452962855634E-013   3.6347775389540532E-014
 >>> 卫星在地固系坐标为:   -91555.164569868852       -185628.18289076880        38035.022363615462     
 >>> 地球非球形引力分量 (地固系), 带谐:    4.8867476192759273E-012   9.9078854270392178E-012  -6.8841040550871628E-012
 >>> 地球非球形引力分量 (地固系), 田谐:   -7.9962426833143618E-014  -8.7595194884046750E-014   3.3590231952351465E-014
 >>> 卫星在地固系坐标为:   -91555.164570028515       -185628.18289087099        38035.022363647207     
 >>> 地球非球形引力分量 (地固系), 带谐:    4.8867476192651570E-012   9.9078854270055570E-012  -6.8841040550658217E-012
 >>> 地球非球形引力分量 (地固系), 田谐:   -7.9962426832983321E-014  -8.7595194883661281E-014   3.3590231952235906E-014
 >>> 卫星在地固系坐标为:   -92433.801130267515       -185346.58659697053        38059.323565340666     
 >>> 地球非球形引力分量 (地固系), 带谐:    4.9172920540815894E-012   9.8600651101644350E-012  -6.8656176651132835E-012
 >>> 地球非球形引力分量 (地固系), 田谐:   -8.0578620133831141E-014  -8.6331156331558027E-014   3.3373286229725285E-014
 >>> 卫星在地固系坐标为:   -92872.864445316663       -185204.19139224273        38071.466618110724     
 >>> 地球非球形引力分量 (地固系), 带谐:    4.9324629671045161E-012   9.8361649643384113E-012  -6.8564023210441253E-012
 >>> 地球非球形引力分量 (地固系), 田谐:   -8.0880328749338200E-014  -8.5696891901037874E-014   3.3264219938948236E-014
 >>> 卫星在地固系坐标为:   -93531.160898974529       -184988.65731082953        38089.683101488961     
 >>> 地球非球形引力分量 (地固系), 带谐:    4.9550871671086275E-012   9.8003158850089404E-012  -6.8426058830577062E-012
 >>> 地球非球形引力分量 (地固系), 田谐:   -8.1324800078042635E-014  -8.4742670923725852E-014   3.3099848386501102E-014
 >>> 卫星在地固系坐标为:   -96488.665427011147       -183989.56416031942        38171.610746809500     
 >>> 地球非球形引力分量 (地固系), 带谐:    5.0549812697772231E-012   9.6390990231742438E-012  -6.7809674076415543E-012
 >>> 地球非球形引力分量 (地固系), 田谐:   -8.3205088351001344E-014  -8.0409969389571859E-014   3.2349223168010476E-014
 >>> 卫星在地固系坐标为:   -97472.654742448678       -183645.92003211952        38198.903089709347     
 >>> 地球非球形引力分量 (地固系), 带谐:    5.0875868504643576E-012   9.5854018787686965E-012  -6.7605820292204146E-012
 >>> 地球非球形引力分量 (地固系), 田谐:   -8.3788170264909151E-014  -7.8952715810396673E-014   3.2095137705712184E-014
 >>> 卫星在地固系坐标为:   -101398.61737218416       -182218.29874972365        38307.988442197682     
 >>> 地球非球形引力分量 (地固系), 带谐:    5.2145797957870606E-012   9.3708561685344814E-012  -6.6798341469951107E-012
 >>> 地球非球形引力分量 (地固系), 田谐:   -8.5901468231863429E-014  -7.3067623236391249E-014   3.1060318483830123E-014
 >>> 卫星在地固系坐标为:   -93531.160898952628       -184988.65731080572        38089.683101483068     
 >>> 地球非球形引力分量 (地固系), 带谐:    4.9550871671112003E-012   9.8003158850150618E-012  -6.8426058830617936E-012
 >>> 地球非球形引力分量 (地固系), 田谐:   -8.1324800078083593E-014  -8.4742670923786815E-014   3.3099848386521745E-014
 >>> 卫星在地固系坐标为:   -99437.692560843396       -182942.71633005128        38253.462544505303     
 >>> 地球非球形引力分量 (地固系), 带谐:    5.1517667331206971E-012   9.4780779378927799E-012  -6.7200501252049044E-012
 >>> 地球非球形引力分量 (地固系), 田谐:   -8.4888657800325730E-014  -7.6020710357325136E-014   3.1581355503688955E-014
 >>> 卫星在地固系坐标为:   -95503.734189531358       -184327.90210746191        38144.309976051627     
 >>> 地球非球形引力分量 (地固系), 带谐:    5.0220302851793839E-012   9.6928179263667495E-012  -6.8014329173887704E-012
 >>> 地球非球形引力分量 (地固系), 田谐:   -8.2600145601265871E-014  -8.1860939135774794E-014   3.2601392808496432E-014
 >>> 卫星在地固系坐标为:   -103355.19865139227       -181472.67754667762        38362.480883455799     
 >>> 地球非球形引力分量 (地固系), 带谐:    5.2760358935119437E-012   9.2637465064278347E-012  -6.6399310713074679E-012
 >>> 地球非球形引力分量 (地固系), 田谐:   -8.6826537258338990E-014  -7.0096143915417475E-014   3.0532298703918654E-014
 >>> 卫星在地固系坐标为:   -91555.164570028399       -185628.18289087096        38035.022363647186     
 >>> 地球非球形引力分量 (地固系), 带谐:    4.8867476192651619E-012   9.9078854270055780E-012  -6.8841040550658338E-012
 >>> 地球非球形引力分量 (地固系), 田谐:   -7.9962426832983347E-014  -8.7595194883661521E-014   3.3590231952235988E-014
 >>> 卫星在地固系坐标为:   -103355.19865139239       -181472.67754667765        38362.480883455821     
 >>> 地球非球形引力分量 (地固系), 带谐:    5.2760358935119372E-012   9.2637465064278153E-012  -6.6399310713074582E-012
 >>> 地球非球形引力分量 (地固系), 田谐:   -8.6826537258338914E-014  -7.0096143915417260E-014   3.0532298703918591E-014
 >>> 卫星在地固系坐标为:   -103355.19865154907       -181472.67754676603        38362.480883486052     
 >>> 地球非球形引力分量 (地固系), 带谐:    5.2760358935003018E-012   9.2637465063978543E-012  -6.6399310712880655E-012
 >>> 地球非球形引力分量 (地固系), 田谐:   -8.6826537258144905E-014  -7.0096143915095266E-014   3.0532298703815685E-014
 >>> 卫星在地固系坐标为:   -104223.34462733062       -181134.50298832668        38386.692326484110     
 >>> 地球非球形引力分量 (地固系), 带谐:    5.3029149064914570E-012   9.2161776175127160E-012  -6.6222937650475040E-012
 >>> 地球非球形引力分量 (地固系), 田谐:   -8.7209485561981770E-014  -6.8770259929455171E-014   3.0295442831003143E-014
 >>> 卫星在地固系坐标为:   -104657.05914433884       -180963.82313554251        38398.790635588215     
 >>> 地球非球形引力分量 (地固系), 带谐:    5.3162576214408677E-012   9.1924071994282175E-012  -6.6135013812141205E-012
 >>> 地球非球形引力分量 (地固系), 田谐:   -8.7394506975134836E-014  -6.8106262141462833E-014   3.0176540432855743E-014
 >>> 卫星在地固系坐标为:   -105307.20566094884       -180705.86548923174        38416.939969057661     
 >>> 地球非球形引力分量 (地固系), 带谐:    5.3361448732695999E-012   9.1567587578453044E-012  -6.6003379086943005E-012
 >>> 地球非球形引力分量 (地固系), 田谐:   -8.7663875574545022E-014  -6.7108948822421917E-014   2.9997567911028412E-014
 >>> 卫星在地固系坐标为:   -108226.13419278746       -179515.94869190705        38498.566274376826     
 >>> 地球非球形引力分量 (地固系), 带谐:    5.4238040152915381E-012   8.9965268609670316E-012  -6.5415227957020949E-012
 >>> 地球非球形引力分量 (地固系), 田谐:   -8.8755593929026364E-014  -6.2604506368990385E-014   2.9183482048042455E-014
 >>> 卫星在地固系坐标为:   -109196.57294905453       -179108.73249898435        38525.758472743393     
 >>> 地球非球形引力分量 (地固系), 带谐:    5.4523608230696332E-012   8.9431875907198658E-012  -6.5220695341458238E-012
 >>> 地球非球形引力分量 (地固系), 田谐:   -8.9075773401751430E-014  -6.1098039995827745E-014   2.8909058260740131E-014
 >>> 卫星在地固系坐标为:   -113064.86992205796       -177427.05242487611        38634.444748054295     
 >>> 地球非球形引力分量 (地固系), 带谐:    5.5633062433896608E-012   8.7302185832079350E-012  -6.4450057765901952E-012
 >>> 地球非球形引力分量 (地固系), 田谐:   -9.0138718243090263E-014  -5.5055972536702306E-014   2.7796954310088952E-014
 >>> 卫星在地固系坐标为:   -105307.20566092661       -180705.86548921018        38416.939969052008     
 >>> 地球非球形引力分量 (地固系), 带谐:    5.3361448732722842E-012   9.1567587578507489E-012  -6.6003379086980341E-012
 >>> 地球非球形引力分量 (地固系), 田谐:   -8.7663875574589451E-014  -6.7108948822470486E-014   2.9997567911046467E-014
 >>> 卫星在地固系坐标为:   -111133.47088684406       -178278.44972395094        38580.118089474810     
 >>> 地球非球形引力分量 (地固系), 带谐:    5.5084874429666349E-012   8.8366231506965048E-012  -6.4833885107661760E-012
 >>> 地球非球形引力分量 (地固系), 田谐:   -8.9650722473391981E-014  -5.8079596166924382E-014   2.8355820636997971E-014
 >>> 卫星在地固系坐标为:   -107254.40746049222       -179917.87786886888        38471.365798987266     
 >>> 地球非球形引力分量 (地固系), 带谐:    5.3949165732549638E-012   9.0499026018782936E-012  -6.5610517036849563E-012
 >>> 地球非球形引力分量 (地固系), 田谐:   -8.8413568138645548E-014  -6.4108699376411827E-014   2.9456397466247756E-014
 >>> 卫星在地固系坐标为:   -114990.53862621263       -176554.56601454454        38688.738546312954     
 >>> 地球非球形引力分量 (地固系), 带谐:    5.6168270255018081E-012   8.6239830660309625E-012  -6.4069185070719518E-012
 >>> 地球非球形引力分量 (地固系), 田谐:   -9.0540134467215568E-014  -5.2029751025771626E-014   2.7232728289327254E-014
 >>> 卫星在地固系坐标为:   -103355.19865154898       -181472.67754676600        38362.480883486038     
 >>> 地球非球形引力分量 (地固系), 带谐:    5.2760358935003066E-012   9.2637465063978704E-012  -6.6399310712880752E-012
 >>> 地球非球形引力分量 (地固系), 田谐:   -8.6826537258144917E-014  -7.0096143915095443E-014   3.0532298703815736E-014
 >>> 卫星在地固系坐标为:   -114990.53862621274       -176554.56601454460        38688.738546312969     
 >>> 地球非球形引力分量 (地固系), 带谐:    5.6168270255017952E-012   8.6239830660309367E-012  -6.4069185070719333E-012
 >>> 地球非球形引力分量 (地固系), 田谐:   -9.0540134467215316E-014  -5.2029751025771405E-014   2.7232728289327153E-014
 >>> 卫星在地固系坐标为:   -114990.53862636596       -176554.56601462007        38688.738546341767     
 >>> 地球非球形引力分量 (地固系), 带谐:    5.6168270254895588E-012   8.6239830660043457E-012  -6.4069185070542886E-012
 >>> 地球非球形引力分量 (地固系), 田谐:   -9.0540134467000165E-014  -5.2029751025512413E-014   2.7232728289236819E-014
 >>> 卫星在地固系坐标为:   -115844.50106552795       -176160.04683618515        38712.861835608332     
 >>> 地球非球形引力分量 (地固系), 带谐:    5.6401980729610594E-012   8.5768210623667003E-012  -6.3900828160434073E-012
 >>> 地球非球形引力分量 (地固系), 田谐:   -9.0690834178673503E-014  -5.0684582833246940E-014   2.6980302183762776E-014
 >>> 卫星在地固系坐标为:   -116271.01990921775       -175961.20592261018        38724.916199684085     
 >>> 地球非球形引力分量 (地固系), 带谐:    5.6517912630755376E-012   8.5532577855610751E-012  -6.3816897634796685E-012
 >>> 地球非球形引力分量 (地固系), 田谐:   -9.0759861808064534E-014  -5.0012090750526066E-014   2.6853732507604585E-014
 >>> 卫星在地固系坐标为:   -116910.24550736338       -175661.01845768199        38742.999582180913     
 >>> 地球非球形引力分量 (地固系), 带谐:    5.6690595793341072E-012   8.5179256538331902E-012  -6.3691239089560465E-012
 >>> 地球非球形引力分量 (地固系), 田谐:   -9.0855414777199000E-014  -4.9003489006004704E-014   2.6663410801872943E-014
 >>> 卫星在地固系坐标为:   -119778.12097548634       -174281.27490313258        38824.329919113174     
 >>> 地球非球形引力分量 (地固系), 带谐:    5.7450143722977056E-012   8.3591929893922683E-012  -6.3129747374678343E-012
 >>> 地球非球形引力分量 (地固系), 田谐:   -9.1167970077566425E-014  -4.4469548922750598E-014   2.5800472681496496E-014
 >>> 卫星在地固系坐标为:   -120730.84774475578       -173810.86448203254        38851.423754955016     
 >>> 地球非球形引力分量 (地固系), 带谐:    5.7696991102309146E-012   8.3063807542427366E-012  -6.2944017104080813E-012
 >>> 地球非球形引力分量 (地固系), 田谐:   -9.1229685480436038E-014  -4.2960939277283159E-014   2.5510569959727466E-014
 >>> 卫星在地固系坐标为:   -124524.82469915955       -171876.86518069007        38959.718038845036     
 >>> 地球非球形引力分量 (地固系), 带谐:    5.8653029391172073E-012   8.0956538982974167E-012  -6.2208174534385784E-012
 >>> 地球非球形引力分量 (地固系), 田谐:   -9.1266437373408133E-014  -3.6948223213172060E-014   2.4340559043712273E-014
 >>> 卫星在地固系坐标为:   -116910.24550734097       -175661.01845766261        38742.999582175500     
 >>> 地球非球形引力分量 (地固系), 带谐:    5.6690595793368642E-012   8.5179256538380322E-012  -6.3691239089594683E-012
 >>> 地球非球形引力分量 (地固系), 田谐:   -9.0855414777244918E-014  -4.9003489006041617E-014   2.6663410801888553E-014
 >>> 卫星在地固系坐标为:   -122631.28010131644       -172854.32673342945        38905.587084928418     
 >>> 地球非球形引力分量 (地固系), 带谐:    5.8181256131776450E-012   8.2009107699557247E-012  -6.2574686783237147E-012
 >>> 地球非球形引力分量 (地固系), 田谐:   -9.1289903192232964E-014  -3.9949627395831394E-014   2.4927578457941444E-014
 >>> 卫星在地固系坐标为:   -118823.75905159446       -174746.44026091939        38797.227952827401     
 >>> 地球非球形引力分量 (地固系), 带谐:    5.7200136846795945E-012   8.4120552793443329E-012  -6.3316192204037580E-012
 >>> 地球非球形引力分量 (地固系), 田谐:   -9.1085071678236306E-014  -4.5979717472069743E-014   2.6089269214741344E-014
 >>> 卫星在地固系坐标为:   -126411.25019123220       -170878.52055230111        39013.816711805230     
 >>> 地球非球形引力分量 (地固系), 带谐:    5.9112408214393819E-012   7.9906185934231933E-012  -6.1844453950217562E-012
 >>> 地球非球形引力分量 (地固系), 田谐:   -9.1160064947401425E-014  -3.3959134891398181E-014   2.3749774896443783E-014
 >>> 卫星在地固系坐标为:   -114990.53862636584       -176554.56601462004        38688.738546341752     
 >>> 地球非球形引力分量 (地固系), 带谐:    5.6168270254895636E-012   8.6239830660043619E-012  -6.4069185070542991E-012
 >>> 地球非球形引力分量 (地固系), 田谐:   -9.0540134467000291E-014  -5.2029751025512633E-014   2.7232728289236885E-014
 >>> 卫星在地固系坐标为:   -126411.25019123229       -170878.52055230111        39013.816711805252     
 >>> 地球非球形引力分量 (地固系), 带谐:    5.9112408214393843E-012   7.9906185934231885E-012  -6.1844453950217562E-012
 >>> 地球非球形引力分量 (地固系), 田谐:   -9.1160064947401387E-014  -3.3959134891398080E-014   2.3749774896443764E-014
 >>> 卫星在地固系坐标为:   -126411.25019138162       -170878.52055236459        39013.816711832689     
 >>> 地球非球形引力分量 (地固系), 带谐:    5.9112408214267755E-012   7.9906185933996720E-012  -6.1844453950056835E-012
 >>> 地球非球形引力分量 (地固系), 田谐:   -9.1160064947176455E-014  -3.3959134891199672E-014   2.3749774896365711E-014
 >>> 卫星在地固系坐标为:   -127247.32616597992       -170428.13368857806        39037.853407084454     
 >>> 地球非球形引力分量 (地固系), 带谐:    5.9312604292869772E-012   7.9440069653467450E-012  -6.1683669627238454E-012
 >>> 地球非球形引力分量 (地固系), 田谐:   -9.1086364360965867E-014  -3.2635215940555718E-014   2.3486056855142882E-014
 >>> 卫星在地固系坐标为:   -127664.79791740546       -170201.37701231070        39049.864602292291     
 >>> 地球非球形引力分量 (地固系), 带谐:    5.9411823001002319E-012   7.9207222746902834E-012  -6.1603511604512505E-012
 >>> 地球非球形引力分量 (地固系), 田谐:   -9.1043503092759544E-014  -3.1974424987301258E-014   2.3353956700176446E-014
 >>> 卫星在地固系坐标为:   -128290.32535226873       -169859.33613555101        39067.883198999378     
 >>> 地球非球形引力分量 (地固系), 带谐:    5.9559489810872073E-012   7.8858131913436095E-012  -6.1483498913020199E-012
 >>> 地球非球形引力分量 (地固系), 田谐:   -9.0971625966935419E-014  -3.0984735719596126E-014   2.3155487961529526E-014
 >>> 卫星在地固系坐标为:   -131094.65076943778       -168291.58590696150        39148.922788166557     
 >>> 地球非球形引力分量 (地固系), 带谐:    6.0207267236169202E-012   7.7290541046708583E-012  -6.0947195338347121E-012
 >>> 地球非球形引力分量 (地固系), 田谐:   -9.0537082246095970E-014  -2.6555780636808447E-014   2.2258059615828690E-014
 >>> 卫星在地固系坐标为:   -132025.50050817756       -167758.63390360848        39175.919993484960     
 >>> 地球非球形引力分量 (地固系), 带谐:    6.0417149521365588E-012   7.6769248584871364E-012  -6.0769782456959172E-012
 >>> 地球非球形引力分量 (地固系), 田谐:   -9.0352216572460146E-014  -2.5089314253379511E-014   2.1957446928908825E-014
 >>> 卫星在地固系坐标为:   -135728.50369867709       -165575.15607425052        39283.829173282829     
 >>> 地球非球形引力分量 (地固系), 带谐:    6.1226783581365772E-012   7.4690532726382699E-012  -6.0066821949349797E-012
 >>> 地球非球形引力分量 (地固系), 田谐:   -8.9416143127288632E-014  -1.9280188925405706E-014   2.0748504184813504E-014
 >>> 卫星在地固系坐标为:   -128290.32535224622       -169859.33613553373        39067.883198994197     
 >>> 地球非球形引力分量 (地固系), 带谐:    5.9559489810900103E-012   7.8858131913479005E-012  -6.1483498913051678E-012
 >>> 地球非球形引力分量 (地固系), 田谐:   -9.0971625966981097E-014  -3.0984735719622126E-014   2.3155487961542782E-014
 >>> 卫星在地固系坐标为:   -133881.13886938582       -166677.21548681406        39229.890488474084     
 >>> 地球非球形引力分量 (地固系), 带谐:    6.0827921401013859E-012   7.5728580206230568E-012  -6.0416970235939245E-012
 >>> 地球非球形引力分量 (地固系), 田谐:   -8.9923230323168289E-014  -2.2172850228159702E-014   2.1354209926528097E-014
 >>> 卫星在地固系坐标为:   -130161.81909638969       -168819.35778093699        39121.917594888619     
 >>> 地球非球形引力分量 (地固系), 带谐:    5.9994371262869138E-012   7.7812459117280380E-012  -6.1125283595805523E-012
 >>> 地球非球形引力分量 (地固系), 田谐:   -9.0702022350125560E-014  -2.8027362549724512E-014   2.2557958882504048E-014
 >>> 卫星在地固系坐标为:   -137567.36475683074       -164452.51178484428        39337.736140383262     
 >>> 地球非球形引力分量 (地固系), 带谐:    6.1613832598038036E-012   7.3655183766505595E-012  -5.9719312891359091E-012
 >>> 地球非球形引力分量 (地固系), 田谐:   -8.8832090939360332E-014  -1.6413506476836945E-014   2.0140584435958059E-014
 >>> 卫星在地固系坐标为:   -126411.25019138154       -170878.52055236459        39013.816711832675     
 >>> 地球非球形引力分量 (地固系), 带谐:    5.9112408214267771E-012   7.9906185933996817E-012  -6.1844453950056860E-012
 >>> 地球非球形引力分量 (地固系), 田谐:   -9.1160064947176492E-014  -3.3959134891199773E-014   2.3749774896365736E-014
 >>> 卫星在地固系坐标为:   -137567.36475683082       -164452.51178484430        39337.736140383277     
 >>> 地球非球形引力分量 (地固系), 带谐:    6.1613832598037963E-012   7.3655183766505466E-012  -5.9719312891359002E-012
 >>> 地球非球形引力分量 (地固系), 田谐:   -8.8832090939360181E-014  -1.6413506476836841E-014   2.0140584435958008E-014
 >>> 卫星在地固系坐标为:   -137567.36475697596       -164452.51178489657        39337.736140409448     
 >>> 地球非球形引力分量 (地固系), 带谐:    6.1613832597910098E-012   7.3655183766298332E-012  -5.9719312891212469E-012
 >>> 地球非球形引力分量 (地固系), 田谐:   -8.8832090939135349E-014  -1.6413506476694921E-014   2.0140584435891756E-014
 >>> 卫星在地固系坐标为:   -138381.85746903130       -163946.97950991982        39361.687757831001     
 >>> 地球非球形引力分量 (地固系), 带谐:    6.1782068176054993E-012   7.3195891792440632E-012  -5.9565686379871528E-012
 >>> 地球非球形引力分量 (地固系), 田谐:   -8.8548089037639932E-014  -1.5148318872084015E-014   1.9869747345801396E-014
 >>> 卫星在地固系坐标为:   -138788.43422623750       -163692.67507437945        39373.656538704650     
 >>> 地球非球形引力分量 (地固系), 带谐:    6.1865350039824117E-012   7.2966488157968000E-012  -5.9489094371654600E-012
 >>> 地球非球形引力分量 (地固系), 田谐:   -8.8400550421222765E-014  -1.4517872436003693E-014   1.9734199656748905E-014
 >>> 卫星在地固系坐标为:   -139397.49209800729       -163309.34130164434        39391.611482329296     
 >>> 地球非球形引力分量 (地固系), 带谐:    6.1989164842133848E-012   7.2622609817760422E-012  -5.9374418624368326E-012
 >>> 地球非球形引力分量 (地固系), 田谐:   -8.8172264691183543E-014  -1.3574935294664964E-014   1.9530703759782340E-014
 >>> 卫星在地固系坐标为:   -142125.80515510720       -161556.23365452103        39472.365399067210     
 >>> 地球非球形引力分量 (地固系), 带谐:    6.2530404750157448E-012   7.1079116627014519E-012  -5.8861927160137767E-012
 >>> 地球非球形引力分量 (地固系), 田谐:   -8.7043185428316246E-014  -9.3743406852445854E-015   1.8612755382435436E-014
 >>> 卫星在地固系坐标为:   -143030.62742793519       -160961.66932820497        39499.267657743250     
 >>> 地球非球形引力分量 (地固系), 带谐:    6.2705063835707467E-012   7.0566087360642110E-012  -5.8692378054304303E-012
 >>> 地球非球形引力分量 (地固系), 田谐:   -8.6630319775928009E-014  -7.9904299887038739E-015   1.8306063304463970E-014
 >>> 卫星在地固系坐标为:   -146626.07688288199       -158532.66097142408        39606.798429822440     
 >>> 地球非球形引力分量 (地固系), 带谐:    6.3375248674194740E-012   6.8521555139683078E-012  -5.8020510041126621E-012
 >>> 地球非球形引力分量 (地固系), 田谐:   -8.4800878677802589E-014  -2.5428091923815026E-015   1.7076571971357710E-014
 >>> 卫星在地固系坐标为:   -139397.49209798480       -163309.34130162906        39391.611482324326     
 >>> 地球非球形引力分量 (地固系), 带谐:    6.1989164842161895E-012   7.2622609817798219E-012  -5.9374418624397229E-012
 >>> 地球非球形引力分量 (地固系), 田谐:   -8.8172264691227214E-014  -1.3574935294680981E-014   1.9530703759793302E-014
 >>> 卫星在地固系坐标为:   -144833.17720217531       -159757.29804135449        39553.048673740297     
 >>> 地球非球形引力分量 (地固系), 带谐:    6.3045822615709949E-012   6.9542286294117597E-012  -5.8355184203608444E-012
 >>> 地球非球形引力分量 (地固系), 田谐:   -8.5750844456664813E-014  -5.2485305106776292E-015   1.7691800845193878E-014
 >>> 卫星在地固系坐标为:   -141218.65608672751       -162145.70587604935        39445.455290975238     
 >>> 地球非球形引力分量 (地固系), 带谐:    6.2352876557408859E-012   7.1592886258556076E-012  -5.9032114980021111E-012
 >>> 地球非球形引力分量 (地固系), 田谐:   -8.7437908822925688E-014  -1.0766562768285890E-014   1.8919113521312067E-014
 >>> 卫星在地固系坐标为:   -148409.09837301698       -157287.82963422692        39660.517015931197     
 >>> 地球非球形引力分量 (地固系), 带谐:    6.3693437631320792E-012   6.7503964897039630E-012  -5.7688332437218858E-012
 >>> 地球非球形引力分量 (地固系), 田谐:   -8.3781865574649332E-014   1.2483895402421805E-016   1.6460620537700813E-014
 >>> 卫星在地固系坐标为:   -137567.36475697588       -164452.51178489657        39337.736140409434     
 >>> 地球非球形引力分量 (地固系), 带谐:    6.1613832597910154E-012   7.3655183766298445E-012  -5.9719312891212541E-012
 >>> 地球非球形引力分量 (地固系), 田谐:   -8.8832090939135425E-014  -1.6413506476695038E-014   2.0140584435891788E-014
 >>> 卫星在地固系坐标为:   -148409.09837301707       -157287.82963422692        39660.517015931211     
 >>> 地球非球形引力分量 (地固系), 带谐:    6.3693437631320728E-012   6.7503964897039533E-012  -5.7688332437218809E-012
 >>> 地球非球形引力分量 (地固系), 田谐:   -8.3781865574649244E-014   1.2483895402429420E-016   1.6460620537700782E-014
 >>> 卫星在地固系坐标为:   -148409.09837315767       -157287.82963426883        39660.517015956168     
 >>> 地球非球形引力分量 (地固系), 带谐:    6.3693437631192692E-012   6.7503964896857844E-012  -5.7688332437085128E-012
 >>> 地球非球形引力分量 (地固系), 田谐:   -8.3781865574432705E-014   1.2483895411485341E-016   1.6460620537645744E-014
 >>> 卫星在地固系坐标为:   -149198.33348337418       -156728.12053270132        39684.385029833938     
 >>> 地球非球形引力分量 (地固系), 带谐:    6.3831253266027846E-012   6.7052708445608753E-012  -5.7541475615542053E-012
 >>> 地球非球形引力分量 (地固系), 田谐:   -8.3307169746832516E-014   1.2977547308899333E-015   1.6186690885986818E-014
 >>> 卫星在地固系坐标为:   -149592.17902905543       -156446.75950304783        39696.312130090977     
 >>> 地球非球形引力分量 (地固系), 带谐:    6.3899367938851908E-012   6.6827350956527170E-012  -5.7468256393458967E-012
 >>> 地球非球形引力分量 (地固系), 田谐:   -8.3064897316049760E-014   1.8812064962265066E-015   1.6049704336964969E-014
 >>> 卫星在地固系坐标为:   -150182.01403345444       -156022.87811083620        39714.204522082218     
 >>> 地球非球形引力分量 (地固系), 带谐:    6.4000484939851028E-012   6.6489585487782946E-012  -5.7358628510880993E-012
 >>> 地球非球形引力分量 (地固系), 田谐:   -8.2695293986668369E-014   2.7525698404622978E-015   1.5844188363633530E-014
 >>> 卫星在地固系坐标为:   -152821.94233011425       -154087.89383259130        39794.677701879220     
 >>> 地球非球形引力分量 (地固系), 带谐:    6.4440373702751744E-012   6.4974187019513292E-012  -5.6868661326687557E-012
 >>> 地球非球形引力分量 (地固系), 田谐:   -8.0942129342101278E-014   6.6154154731835552E-015   1.4919162524088581E-014
 >>> 卫星在地固系坐标为:   -153696.61975574552       -153432.92363428214        39821.486651472274     
 >>> 地球非球形引力分量 (地固系), 带谐:    6.4581535585927287E-012   6.4470733536544410E-012  -5.6706551410103974E-012
 >>> 地球非球形引力分量 (地固系), 田谐:   -8.0325649437319549E-014   7.8811642570761207E-015   1.4610838537588220E-014
 >>> 卫星在地固系坐标为:   -157168.08314823901       -150763.44137340997        39928.645528373519     
 >>> 地球非球形引力分量 (地固系), 带谐:    6.5119160834613029E-012   6.2465537468666661E-012  -5.6064100606312089E-012
 >>> 地球非球形引力分量 (地固系), 田谐:   -7.7704707289918302E-014   1.2829277930632426E-014   1.3378414072190240E-014
 >>> 卫星在地固系坐标为:   -150182.01403343206       -156022.87811082281        39714.204522077453     
 >>> 地球非球形引力分量 (地固系), 带谐:    6.4000484939878735E-012   6.6489585487815944E-012  -5.7358628510907432E-012
 >>> 地球非球形引力分量 (地固系), 田谐:   -8.2695293986708772E-014   2.7525698404552052E-015   1.5844188363642324E-014
 >>> 卫星在地固系坐标为:   -155437.85707817331       -152108.08163977100        39875.081452263330     
 >>> 地球非球形引力分量 (地固系), 带谐:    6.4855728981049012E-012   6.3466395536416100E-012  -5.6384133704273346E-012
 >>> 地球非球形引力分量 (地固系), 田谐:   -7.9045767883831428E-014   1.0378603300881867E-014   1.3994393809404740E-014
 >>> 卫星在地固系坐标为:   -151944.59670642376       -154737.88304555335        39767.861037619768     
 >>> 地球非球形引力分量 (地固系), 带谐:    6.4296485885335098E-012   6.5478485769309608E-012  -5.7031375630647447E-012
 >>> 地球非球形引力分量 (地固系), 田谐:   -8.1542696830528418E-014   5.3385913332713600E-015   1.5227515174485144E-014
 >>> 卫星在地固系坐标为:   -158887.07303658742       -149399.08969779822        39982.178967306980     
 >>> 地球非球形引力分量 (地固系), 带谐:    6.5371925732410665E-012   6.1468224000609921E-012  -5.5746430447826850E-012
 >>> 地球非球形引力分量 (地固系), 田谐:   -7.6304160114792486E-014   1.5231613211983824E-014   1.2763130080756461E-014
 >>> 卫星在地固系坐标为:   -148409.09837315758       -157287.82963426883        39660.517015956153     
 >>> 地球非球形引力分量 (地固系), 带谐:    6.3693437631192717E-012   6.7503964896857916E-012  -5.7688332437085176E-012
 >>> 地球非球形引力分量 (地固系), 田谐:   -8.3781865574432793E-014   1.2483895411477336E-016   1.6460620537645773E-014
 >>> 卫星在地固系坐标为:   -158887.07303658751       -149399.08969779825        39982.178967306994     
 >>> 地球非球形引力分量 (地固系), 带谐:    6.5371925732410568E-012   6.1468224000609800E-012  -5.5746430447826753E-012
 >>> 地球非球形引力分量 (地固系), 田谐:   -7.6304160114792385E-014   1.5231613211983881E-014   1.2763130080756431E-014
 >>> 卫星在地固系坐标为:   -158887.07303672330       -149399.08969783050        39982.178967330801     
 >>> 地球非球形引力分量 (地固系), 带谐:    6.5371925732283672E-012   6.1468224000451189E-012  -5.5746430447704663E-012
 >>> 地球非球形引力分量 (地固系), 田谐:   -7.6304160114590827E-014   1.5231613212029234E-014   1.2763130080711881E-014
 >>> 卫星在地固系坐标为:   -159647.41512582565       -148786.41855189414        40005.964811610807     
 >>> 地球非球形引力分量 (地固系), 带谐:    6.5480846739926438E-012   6.1026109708700748E-012  -5.5605979890802547E-012
 >>> 地球非球形引力分量 (地固系), 田谐:   -7.5663028325764137E-014   1.6283397320803071E-014   1.2489950038073089E-014
 >>> 卫星在地固系坐标为:   -160026.71316119327       -148478.61516783049        40017.850944925514     
 >>> 地球非球形引力分量 (地固系), 带谐:    6.5534556228770980E-012   6.0805349071219291E-012  -5.5535952513301668E-012
 >>> 地球非球形引力分量 (地固系), 田谐:   -7.5338265882069530E-014   1.6805562632201328E-014   1.2353440159531011E-014
 >>> 卫星在地固系坐标为:   -160594.60244518227       -148015.11602350089        40035.681856634787     
 >>> 地球非球形引力分量 (地固系), 带谐:    6.5614118074535301E-012   6.0474518767821618E-012  -5.5431101791067230E-012
 >>> 地球非球形引力分量 (地固系), 田谐:   -7.4845854420246127E-014   1.7584090599306312E-014   1.2148770204476687E-014
 >>> 卫星在地固系坐标为:   -163133.91912809940       -145902.56610922521        40115.879100317077     
 >>> 地球非球形引力分量 (地固系), 带谐:    6.5957789088372864E-012   5.8990863054837538E-012  -5.4962452794302924E-012
 >>> 地球非球形引力分量 (地固系), 田谐:   -7.2553961698865839E-014   2.1016142049275946E-014   1.1229456649117110E-014
 >>> 卫星在地固系坐标为:   -163974.38594091759       -145188.67303303228        40142.596333779409     
 >>> 地球非球形引力分量 (地固系), 带谐:    6.6067161762921835E-012   5.8498182459262417E-012  -5.4807384384868768E-012
 >>> 地球非球形引力分量 (地固系), 田谐:   -7.1763047291992827E-014   2.2133683797905422E-014   1.0923724026888336E-014
 >>> 卫星在地固系坐标为:   -167305.65290680117       -142284.87847787997        40249.389651002726     
 >>> 地球非球形引力分量 (地固系), 带谐:    6.6479043327771405E-012   5.6537017350434968E-012  -5.4192781445755540E-012
 >>> 地球非球形引力分量 (地固系), 田谐:   -6.8470756005245749E-014   2.6467063519255216E-014   9.7050527540603141E-015
 >>> 卫星在地固系坐标为:   -160594.60244516016       -148015.11602348927        40035.681856630210     
 >>> 地球非球形引力分量 (地固系), 带谐:    6.5614118074562628E-012   6.0474518767850399E-012  -5.5431101791091561E-012
 >>> 地球非球形引力分量 (地固系), 田谐:   -7.4845854420282352E-014   1.7584090599306832E-014   1.2148770204483484E-014
 >>> 卫星在地固系坐标为:   -165646.19483132244       -143746.39523810361        40196.008094353827     
 >>> 地球非球形引力分量 (地固系), 带谐:    6.6278200967907008E-012   5.7515673581906443E-012  -5.4498953901527466E-012
 >>> 地球非球形引力分量 (地固系), 田谐:   -7.0142164269873639E-014   2.4328050804565744E-014   1.0313482055323721E-014
 >>> 卫星在地固系坐标为:   -162290.44773197066       -146611.61230421066        40089.154283283555     
 >>> 地球非球形引力分量 (地固系), 带谐:    6.5845832076105496E-012   5.9484484386497739E-012  -5.5118093429735092E-012
 >>> 地球非球形引力分量 (地固系), 田谐:   -7.3331552134023567E-014   1.9885248668027983E-014   1.1535560373951912E-014
 >>> 卫星在地固系坐标为:   -168952.53944043381       -140804.22483538778        40302.741088881645     
 >>> 地球非球形引力分量 (地固系), 带谐:    6.6669782283341818E-012   5.5562272372115758E-012  -5.3888846704858648E-012
 >>> 地球非球形引力分量 (地固系), 田谐:   -6.6750702216163305E-014   2.8549495316720483E-014   9.0986517712206661E-015
 >>> 卫星在地固系坐标为:   -158887.07303672322       -149399.08969783050        39982.178967330787     
 >>> 地球非球形引力分量 (地固系), 带谐:    6.5371925732283744E-012   6.1468224000451302E-012  -5.5746430447704736E-012
 >>> 地球非球形引力分量 (地固系), 田谐:   -7.6304160114590916E-014   1.5231613212029095E-014   1.2763130080711917E-014
 >>> 卫星在地固系坐标为:   -168952.53944043390       -140804.22483538778        40302.741088881652     
 >>> 地球非球形引力分量 (地固系), 带谐:    6.6669782283341745E-012   5.5562272372115661E-012  -5.3888846704858567E-012
 >>> 地球非球形引力分量 (地固系), 田谐:   -6.6750702216163229E-014   2.8549495316720483E-014   9.0986517712206519E-015
 >>> 卫星在地固系坐标为:   -168952.53944056472       -140804.22483541112        40302.741088904382     
 >>> 地球非球形引力分量 (地固系), 带谐:    6.6669782283216990E-012   5.5562272371977883E-012  -5.3888846704746946E-012
 >>> 地球非球形引力分量 (地固系), 田谐:   -6.6750702215981627E-014   2.8549495316727204E-014   9.0986517711857748E-015
 >>> 卫星在地固系坐标为:   -169680.40853627722       -140140.05141251237        40326.446158678074     
 >>> 地球非球形引力分量 (地固系), 带谐:    6.6751316909849945E-012   5.5130306817945346E-012  -5.3754461887407833E-012
 >>> 地球非球形引力分量 (地固系), 田谐:   -6.5971097304200271E-014   2.9456542849294390E-014   8.8298445976142289E-015
 >>> 卫星在地固系坐标为:   -170043.37094813748       -139806.54234770418        40338.292019418237     
 >>> 地球非球形引力分量 (地固系), 带谐:    6.6791374661842898E-012   5.4914643823253328E-012  -5.3687456806622254E-012
 >>> 地球非球形引力分量 (地固系), 田谐:   -6.5577914045646414E-014   2.9905770762009702E-014   8.6956165706940135E-015
 >>> 卫星在地固系坐标为:   -170586.63450652006       -139304.53891628259        40356.062493206562     
 >>> 地球非球形引力分量 (地固系), 带谐:    6.6850511070911919E-012   5.4591496268104714E-012  -5.3587129580252360E-012
 >>> 地球非球形引力分量 (地固系), 田谐:   -6.4983907602313718E-014   3.0574179589290179E-014   8.4944920582779176E-015
 >>> 卫星在地固系坐标为:   -173013.31407450442       -137019.55951360537        40435.988471884026     
 >>> 地球非球形引力分量 (地固系), 带谐:    6.7103038645064970E-012   5.3142897391190726E-012  -5.3138668485208226E-012
 >>> 地球非球形引力分量 (地固系), 田谐:   -6.2250299765908703E-014   3.3500526298607174E-014   7.5929139301877487E-015
 >>> 卫星在地固系坐标为:   -173815.57472202287       -136248.50120977205        40462.615539196719     
 >>> 地球非球形引力分量 (地固系), 带谐:    6.7182310075843321E-012   5.2662076285641685E-012  -5.2990268855975182E-012
 >>> 地球非球形引力分量 (地固系), 田谐:   -6.1317828801529857E-014   3.4445941758769679E-014   7.2937344698401715E-015
 >>> 卫星在地固系坐标为:   -176990.73125093468       -133117.65235423058        40569.049461680690     
 >>> 地球非球形引力分量 (地固系), 带谐:    6.7475182107977181E-012   5.0749198960330727E-012  -5.2402042717614113E-012
 >>> 地球非球形引力分量 (地固系), 田谐:   -5.7488188383377641E-014   3.8074232449006757E-014   6.1044278586887634E-015
 >>> 卫星在地固系坐标为:   -170586.63450649823       -139304.53891627275        40356.062493202175     
 >>> 地球非球形引力分量 (地固系), 带谐:    6.6850511070938625E-012   5.4591496268129634E-012  -5.3587129580274752E-012
 >>> 地球非球形引力分量 (地固系), 田谐:   -6.4983907602345058E-014   3.0574179589296869E-014   8.4944920582829142E-015
 >>> 卫星在地固系坐标为:   -175409.98427933859       -134692.37117706859        40515.847348999472     
 >>> 地球非球形引力分量 (地固系), 带谐:    6.7333565735415460E-012   5.1703542794162350E-012  -5.2695086118935638E-012
 >>> 地球非球形引力分量 (地固系), 田谐:   -5.9422462715894237E-014   3.6290990109941406E-014   6.6975485853944553E-015
 >>> 卫星在地固系坐标为:   -172207.71901439503       -137785.92783118677        40409.353948574520     
 >>> 地球非球形引力分量 (地固系), 带谐:    6.7021322726613899E-012   5.3624745680464921E-012  -5.3287610188188070E-012
 >>> 地球非球形引力分量 (地固系), 田谐:   -6.3172300041718486E-014   3.2540010185628971E-014   7.8927838192737957E-015
 >>> 卫星在地固系坐标为:   -178557.60014118871       -131524.46185113589        40622.221960132221     
 >>> 地球非球形引力分量 (地固系), 带谐:    6.7607251382418074E-012   4.9799097592462764E-012  -5.2111119598016536E-012
 >>> 地球非球形引力分量 (地固系), 田谐:   -5.5517008362882986E-014   3.9794807613883781E-014   5.5145710568412911E-015
 >>> 卫星在地固系坐标为:   -168952.53944056464       -140804.22483541112        40302.741088904368     
 >>> 地球非球形引力分量 (地固系), 带谐:    6.6669782283217095E-012   5.5562272371977996E-012  -5.3888846704747035E-012
 >>> 地球非球形引力分量 (地固系), 田谐:   -6.6750702215981741E-014   2.8549495316727128E-014   9.0986517711858079E-015
 >>> 卫星在地固系坐标为:   -178557.60014118880       -131524.46185113589        40622.221960132236     
 >>> 地球非球形引力分量 (地固系), 带谐:    6.7607251382418001E-012   4.9799097592462667E-012  -5.2111119598016471E-012
 >>> 地球非球形引力分量 (地固系), 田谐:   -5.5517008362882878E-014   3.9794807613883736E-014   5.5145710568412816E-015
 >>> 卫星在地固系坐标为:   -178557.60014131444       -131524.46185115102        40622.221960153940     
 >>> 地球非球形引力分量 (地固系), 带谐:    6.7607251382296275E-012   4.9799097592343703E-012  -5.2111119597914334E-012
 >>> 地球非球形引力分量 (地固系), 田谐:   -5.5517008362724892E-014   3.9794807613858506E-014   5.5145710568152547E-015
 >>> 卫星在地固系坐标为:   -179249.48824834963       -130810.48856957696        40645.847613075792     
 >>> 地球非球形引力分量 (地固系), 带谐:    6.7662889051837563E-012   4.9378191599838179E-012  -5.1982481245209660E-012
 >>> 地球非球形引力分量 (地固系), 田谐:   -5.4629593518215856E-014   4.0539169407732189E-014   5.2535100581103662E-015
 >>> 卫星在地固系坐标为:   -179594.36336128719       -130452.13174720187        40657.653877006138     
 >>> 地球非球形引力分量 (地固系), 带谐:    6.7690039073650511E-012   4.9168079275658003E-012  -5.1918339486611815E-012
 >>> 地球非球形引力分量 (地固系), 田谐:   -5.4183380586012940E-014   4.0906645347358678E-014   5.1232432959715037E-015
 >>> 卫星在地固系坐标为:   -180110.37643239688       -129912.91925320557        40675.364927300274     
 >>> 地球非球形引力分量 (地固系), 带谐:    6.7729865528061365E-012   4.8853290552530384E-012  -5.1822297905054890E-012
 >>> 地球非球形引力分量 (地固系), 田谐:   -5.3510939353771652E-014   4.1451916244334202E-014   4.9281739756370965E-015
 >>> 卫星在地固系坐标为:   -182412.65044203552       -127461.46287139173        40755.024187086317     
 >>> 地球非球形引力分量 (地固系), 带谐:    6.7896259014514561E-012   4.7442743014333513E-012  -5.1392964784559118E-012
 >>> 地球非球形引力分量 (地固系), 田谐:   -5.0440860469123874E-014   4.3816983201533076E-014   4.0554862202696254E-015
 >>> 卫星在地固系坐标为:   -183172.79815057351       -126635.26849551417        40781.562596820273     
 >>> 地球非球形引力分量 (地固系), 带谐:    6.7947095198017906E-012   4.6974762250550464E-012  -5.1250884373004094E-012
 >>> 地球非球形引力分量 (地固系), 田谐:   -4.9402261117189837E-014   4.4572846065788145E-014   3.7665270744688716E-015
 >>> 卫星在地固系坐标为:   -186176.30073994884       -123285.70610485815        40887.643125126349     
 >>> 地球非球形引力分量 (地固系), 带谐:    6.8127602391604434E-012   4.5114010390677639E-012  -5.0687655213696479E-012
 >>> 地球非球形引力分量 (地固系), 田谐:   -4.5178501816137161E-014   4.7431866092501815E-014   2.6209926057763416E-015
 >>> 卫星在地固系坐标为:   -180110.37643237549       -129912.91925319734        40675.364927296061     
 >>> 地球非球形引力分量 (地固系), 带谐:    6.7729865528087231E-012   4.8853290552551758E-012  -5.1822297905075424E-012
 >>> 地球非球形引力分量 (地固系), 田谐:   -5.3510939353797564E-014   4.1451916244345839E-014   4.9281739756404200E-015
 >>> 卫星在地固系坐标为:   -184682.01964803520       -124969.41184427284        40834.617462856011     
 >>> 地球非球形引力分量 (地固系), 带谐:    6.8041893542802703E-012   4.6042140068751094E-012  -5.0968255808315281E-012
 >>> 地球非球形引力分量 (地固系), 田谐:   -4.7303739819865247E-014   4.6035378308235652E-014   3.1916536359195596E-015
 >>> 卫星在地固系坐标为:   -181648.84659977976       -128283.14662620863        40728.478445536413     
 >>> 地球非球形引力分量 (地固系), 带谐:    6.7843116291868740E-012   4.7911828771607919E-012  -5.1535558983198667E-012
 >>> 地球非球形引力分量 (地固系), 田谐:   -5.1472010408309367E-014   4.3044820885185790E-014   4.3454294030131499E-015
 >>> 卫星在地固系坐标为:   -187655.43218620840       -121584.28314564131        40940.639664340481     
 >>> 地球非球形引力分量 (地固系), 带谐:    6.8204312580297392E-012   4.4190420473882569E-012  -5.0409064704640026E-012
 >>> 地球非球形引力分量 (地固系), 田谐:   -4.3028607585622069E-014   4.8761819776637682E-014   2.0547243375383639E-015
 >>> 卫星在地固系坐标为:   -178557.60014131438       -131524.46185115105        40622.221960153925     
 >>> 地球非球形引力分量 (地固系), 带谐:    6.7607251382296323E-012   4.9799097592343776E-012  -5.2111119597914374E-012
 >>> 地球非球形引力分量 (地固系), 田谐:   -5.5517008362724986E-014   3.9794807613858461E-014   5.5145710568152776E-015
 >>> 卫星在地固系坐标为:   -187655.43218620849       -121584.28314564130        40940.639664340488     
 >>> 地球非球形引力分量 (地固系), 带谐:    6.8204312580297320E-012   4.4190420473882496E-012  -5.0409064704639953E-012
 >>> 地球非球形引力分量 (地固系), 田谐:   -4.3028607585621968E-014   4.8761819776637675E-014   2.0547243375383453E-015
 >>> 卫星在地固系坐标为:   -187655.43218632889       -121584.28314564895        40940.639664361232     
 >>> 地球非球形引力分量 (地固系), 带谐:    6.8204312580179277E-012   4.4190420473780448E-012  -5.0409064704546395E-012
 >>> 地球非球形引力分量 (地固系), 田谐:   -4.3028607585489792E-014   4.8761819776587106E-014   2.0547243375203061E-015
 >>> 卫星在地固系坐标为:   -188307.91971428314       -120822.45165188500        40964.187222001870     
 >>> 地球非球形引力分量 (地固系), 带谐:    6.8235522205594683E-012   4.3781393236862641E-012  -5.0285873275082602E-012
 >>> 地球非球形引力分量 (地固系), 田谐:   -4.2065712727081793E-014   4.9331425778419894E-014   1.8045055903722238E-015
 >>> 卫星在地固系坐标为:   -188633.00051732548       -120440.22448273069        40975.954546955334     
 >>> 地球非球形引力分量 (地固系), 带谐:    6.8250498225660737E-012   4.3577238896763437E-012  -5.0224445683377371E-012
 >>> 地球非球形引力分量 (地固系), 田谐:   -4.1582665993726458E-014   4.9611278349767199E-014   1.6797401984940242E-015
 >>> 卫星在地固系坐标为:   -189119.20589060118       -119865.27726335189        40993.607161256266     
 >>> 地球非球形引力分量 (地固系), 带谐:    6.8272114707506464E-012   4.3271416672003523E-012  -5.0132466581550856E-012
 >>> 地球非球形引力分量 (地固系), 田谐:   -4.0856121012913672E-014   5.0024811459477597E-014   1.4930259838942066E-015
 >>> 卫星在地固系坐标为:   -191285.61834230213       -117254.10020082015        41073.004127773427     
 >>> 地球非球形引力分量 (地固系), 带谐:    6.8357312879821840E-012   4.1901609139932493E-012  -4.9721266857774863E-012
 >>> 地球非球形引力分量 (地固系), 田谐:   -3.7559548906140306E-014   5.1792960620118758E-014   6.5942660168524569E-016
 >>> 卫星在地固系坐标为:   -191999.85354101015       -116375.06602813605        41099.455348579824     
 >>> 地球非球形引力分量 (地固系), 带谐:    6.8381355979536170E-012   4.1447348372649860E-012  -4.9585177619194300E-012
 >>> 地球非球形引力分量 (地固系), 田谐:   -3.6451632907458981E-014   5.2348504758079796E-014   3.8403143341740834E-016
 >>> 卫星在地固系坐标为:   -194816.60277339609       -112816.19501552639        41205.188324797142     
 >>> 地球非球形引力分量 (地固系), 带谐:    6.8456046192229473E-012   3.9642158559748183E-012  -4.9045650386296988E-012
 >>> 地球非球形引力分量 (地固系), 田谐:   -3.1981550239471297E-014   5.4400749416385945E-014  -7.0463909133433970E-016
 >>> 卫星在地固系坐标为:   -189119.20589058014       -119865.27726334520        40993.607161252214     
 >>> 地球非球形引力分量 (地固系), 带谐:    6.8272114707531546E-012   4.3271416672021827E-012  -5.0132466581569847E-012
 >>> 地球非球形引力分量 (地固系), 田谐:   -4.0856121012934226E-014   5.0024811459492882E-014   1.4930259838960833E-015
 >>> 卫星在地固系坐标为:   -193416.31724459294       -114604.14133277009        41152.336198376666     
 >>> 地球非球形引力分量 (地固系), 带谐:    6.8422975122402849E-012   4.0542372138231193E-012  -4.9314452296079098E-012
 >>> 地球非球形引力分量 (地固系), 田谐:   -3.4223760421362123E-014   5.3408657383952845E-014  -1.6292675965601822E-016
 >>> 卫星在地固系坐标为:   -190567.41491992839       -118128.82518146465        41046.545696060100     
 >>> 地球非球形引力分量 (地固系), 带谐:    6.8331099133570525E-012   4.2357044447491075E-012  -4.9857843330332330E-012
 >>> 地球非球形引力分量 (地固系), 田谐:   -3.8663107640552466E-014   5.1220474792513607E-014   9.3607146537824103E-016
 >>> 卫星在地固系坐标为:   -196200.50815075217       -111011.37336932596        41258.011806445204     
 >>> 地球非球形引力分量 (地固系), 带谐:    6.8480658573998301E-012   3.8746749583820151E-012  -4.8778755092706049E-012
 >>> 地球非球形引力分量 (地固系), 田谐:   -2.9727057160669266E-014   5.5324657952570665E-014  -1.2409449000871763E-015
 >>> 卫星在地固系坐标为:   -187655.43218632884       -121584.28314564895        40940.639664361217     
 >>> 地球非球形引力分量 (地固系), 带谐:    6.8204312580179301E-012   4.4190420473780472E-012  -5.0409064704546395E-012
 >>> 地球非球形引力分量 (地固系), 田谐:   -4.3028607585489837E-014   4.8761819776587112E-014   2.0547243375203112E-015
 >>> 卫星在地固系坐标为:   -196200.50815075226       -111011.37336932597        41258.011806445211     
 >>> 地球非球形引力分量 (地固系), 带谐:    6.8480658573998204E-012   3.8746749583820087E-012  -4.8778755092705961E-012
 >>> 地球非球形引力分量 (地固系), 田谐:   -2.9727057160669203E-014   5.5324657952570576E-014  -1.2409449000871787E-015
 >>> 卫星在地固系坐标为:   -196200.50815086730       -111011.37336932671        41258.011806465038     
 >>> 地球非球形引力分量 (地固系), 带谐:    6.8480658573884361E-012   3.8746749583733217E-012  -4.8778755092620165E-012
 >>> 地球非球形引力分量 (地固系), 田谐:   -2.9727057160563799E-014   5.5324657952501194E-014  -1.2409449000981245E-015
 >>> 卫星在地固系坐标为:   -196810.28020443983       -110203.85998212350        41281.482555603390     
 >>> 地球非球形引力分量 (地固系), 带谐:    6.8488886947221038E-012   3.8350332612822350E-012  -4.8660729383337651E-012
 >>> 地球非球形引力分量 (地固系), 田谐:   -2.8721645701189842E-014   5.5713364110143306E-014  -1.4775258919020520E-015
 >>> 卫星在地固系坐标为:   -197113.91247855299       -109798.85707102007        41293.211582122436     
 >>> 地球非球形引力分量 (地固系), 带谐:    6.8492411606379787E-012   3.8152499830455293E-012  -4.8601875928686255E-012
 >>> 地球非球形引力分量 (地固系), 田谐:   -2.8218249587009217E-014   5.5902683718173033E-014  -1.5954006739104227E-015
 >>> 卫星在地固系坐标为:   -197567.83270367977       -109189.82506437453        41310.806721968314     
 >>> 地球非球形引力分量 (地固系), 带谐:    6.8496901397378622E-012   3.7856186296526500E-012  -4.8513749790188273E-012
 >>> 地球非球形引力分量 (地固系), 田谐:   -2.7462329051839957E-014   5.6180320008072375E-014  -1.7716869097986858E-015
 >>> 卫星在地固系坐标为:   -199587.29481644393       -106426.47111110386        41389.945704651727     
 >>> 地球非球形引力分量 (地固系), 带谐:    6.8505767062788027E-012   3.6529514796806267E-012  -4.8119749625509271E-012
 >>> 地球非球形引力分量 (地固系), 田谐:   -2.4050504305892242E-014   5.7335859378512406E-014  -2.5570321758165673E-015
 >>> 卫星在地固系坐标为:   -200251.94335923647       -105497.15489197637        41416.311166685482     
 >>> 地球非球形引力分量 (地固系), 带谐:    6.8504633628443428E-012   3.6089756850714973E-012  -4.7989343517714930E-012
 >>> 地球非球形引力分量 (地固系), 田谐:   -2.2910314492769440E-014   5.7686949553264799E-014  -2.8158675374557684E-015
 >>> 卫星在地固系坐标为:   -202867.35655791723       -101739.42071576425        41521.702280071106     
 >>> 地球非球形引力分量 (地固系), 带谐:    6.8479950820219680E-012   3.4343181896315152E-012  -4.7472301969668259E-012
 >>> 地球非球形引力分量 (地固系), 田谐:   -1.8341687788214856E-014   5.8921313909532743E-014  -3.8359915337408620E-015
 >>> 卫星在地固系坐标为:   -197567.83270365922       -109189.82506436929        41310.806721964422     
 >>> 地球非球形引力分量 (地固系), 带谐:    6.8496901397402710E-012   3.7856186296541937E-012  -4.8513749790205754E-012
 >>> 地球非球形引力分量 (地固系), 田谐:   -2.7462329051855018E-014   5.6180320008090140E-014  -1.7716869097981050E-015
 >>> 卫星在地固系坐标为:   -201568.33490098364       -103626.34208793980        41469.020851125781     
 >>> 地球非球形引力分量 (地固系), 带谐:    6.8496300020737230E-012   3.5213968608679700E-012  -4.7729910149094471E-012
 >>> 地球非球形引力分量 (地固系), 田谐:   -2.0627074160125457E-014   5.8338086294354647E-014  -3.3290087824776853E-015
 >>> 卫星在地固系坐标为:   -198918.37709826595       -107351.70111667295        41363.573149464355     
 >>> 地球非球形引力分量 (地固系), 带谐:    6.8504863541565169E-012   3.6970508925475643E-012  -4.8250618026175891E-012
 >>> 地球非球形引力分量 (地固系), 田谐:   -2.5189405162498674E-014   5.6967732065452825E-014  -2.2967112619922177E-015
 >>> 卫星在地固系坐标为:   -204148.81460100232       -99836.551102240104        41574.355530094217     
 >>> 地球非球形引力分量 (地固系), 带谐:    6.8455673865576232E-012   3.3477433584301251E-012  -4.7216503194010418E-012
 >>> 地球非球形引力分量 (地固系), 田谐:   -1.6056143943422940E-014   5.9436861171567794E-014  -4.3366758364600932E-015
 >>> 卫星在地固系坐标为:   -196200.50815086724       -111011.37336932674        41258.011806465031     
 >>> 地球非球形引力分量 (地固系), 带谐:    6.8480658573884475E-012   3.8746749583733305E-012  -4.8778755092620238E-012
 >>> 地球非球形引力分量 (地固系), 田谐:   -2.9727057160563887E-014   5.5324657952501283E-014  -1.2409449000981202E-015
 >>> 卫星在地固系坐标为:   -204148.81460100238       -99836.551102240104        41574.355530094224     
 >>> 地球非球形引力分量 (地固系), 带谐:    6.8455673865576110E-012   3.3477433584301183E-012  -4.7216503194010321E-012
 >>> 地球非球形引力分量 (地固系), 田谐:   -1.6056143943422908E-014   5.9436861171567756E-014  -4.3366758364600893E-015
 >>> 卫星在地固系坐标为:   -204148.81460111195       -99836.551102234560        41574.355530113186     
 >>> 地球非球形引力分量 (地固系), 带谐:    6.8455673865467026E-012   3.3477433584228009E-012  -4.7216503193931690E-012
 >>> 地球非球形引力分量 (地固系), 田谐:   -1.6056143943344262E-014   5.9436861171485639E-014  -4.3366758364648090E-015
 >>> 卫星在地固系坐标为:   -204712.67703670746       -98985.761149814411        41597.750723971039     
 >>> 地球非球形引力分量 (地固系), 带谐:    6.8442344117736671E-012   3.3094274499457992E-012  -4.7103379055577105E-012
 >>> 地球非球形引力分量 (地固系), 田谐:   -1.5040808553831604E-014   5.9644325452329129E-014  -4.5571434024619449E-015
 >>> 卫星在地固系坐标为:   -204993.26737870715       -98559.191430310733        41609.442075920015     
 >>> 地球非球形引力分量 (地固系), 带谐:    6.8435128200915541E-012   3.2903084999622242E-012  -4.7046968194816311E-012
 >>> 地球非球形引力分量 (地固系), 田谐:   -1.4533335095581885E-014   5.9743097729076707E-014  -4.6668987198065078E-015
 >>> 卫星在地固系坐标为:   -205412.51677653939       -97917.895861861631        41626.980677806394     
 >>> 地球非球形引力分量 (地固系), 带谐:    6.8423556728191232E-012   3.2616759715269796E-012  -4.6962498196838029E-012
 >>> 地球非球形引力分量 (地固系), 田谐:   -1.3772414558585607E-014   5.9885013325479724E-014  -4.8309252693756638E-015
 >>> 卫星在地固系坐标为:   -207274.36092028633       -95010.676281772816        41705.865874015435     
 >>> 地球非球形引力分量 (地固系), 带谐:    6.8360871581323056E-012   3.1335340325332281E-012  -4.6584820249449005E-012
 >>> 地球非球形引力分量 (地固系), 田谐:   -1.0354491146761846E-014   6.0431636703152730E-014  -5.5599443600538518E-015
 >>> 卫星在地固系坐标为:   -207885.89201400182       -94033.890352285714        41732.146970295515     
 >>> 地球非球形引力分量 (地固系), 带谐:    6.8336150848697608E-012   3.0910775395816089E-012  -4.6459807837196562E-012
 >>> 地球非球形引力分量 (地固系), 田谐:   -9.2181946180280615E-015   6.0580551257576832E-014  -5.7995916151029295E-015
 >>> 卫星在地固系坐标为:   -210285.97464532690       -90088.750473907508        41837.201762664525     
 >>> 地球非球形引力分量 (地固系), 带谐:    6.8218428341149451E-012   2.9225501029792650E-012  -4.5964109055432296E-012
 >>> 地球非球形引力分量 (地固系), 田谐:   -4.6944134019208525E-015   6.1011310553165386E-014  -6.7409705507000102E-015
 >>> 卫星在地固系坐标为:   -205412.51677651939       -97917.895861857760        41626.980677802647     
 >>> 地球非球形引力分量 (地固系), 带谐:    6.8423556728214311E-012   3.2616759715282684E-012  -4.6962498196854169E-012
 >>> 地球非球形引力分量 (地固系), 田谐:   -1.3772414558595340E-014   5.9885013325498884E-014  -4.8309252693762199E-015
 >>> 卫星在地固系坐标为:   -209095.18815508348       -92068.876664563999        41784.688266321151     
 >>> 地球非球形引力分量 (地固系), 带谐:    6.8281035897434940E-012   3.0065532966291581E-012  -4.6211092016947976E-012
 >>> 地球非球形引力分量 (地固系), 田谐:   -6.9515511557910623E-015   6.0828783158865267E-014  -6.2737535139368506E-015
 >>> 卫星在地固系坐标为:   -206658.27232589122       -95983.619890901580        41679.577799290426     
 >>> 地球非球形引力分量 (地固系), 带谐:    6.8383686711700489E-012   3.1761195514707786E-012  -4.6710271513484693E-012
 >>> 地球非球形引力分量 (地固系), 田谐:   -1.1492453411650430E-014   6.0266111363003046E-014  -5.3186069623241393E-015
 >>> 卫星在地固系坐标为:   -211458.06697563242       -88093.685664104079        41889.687533938079     
 >>> 地球非球形引力分量 (地固系), 带谐:    6.8148414384964026E-012   2.8390711601595904E-012  -4.5718844109196305E-012
 >>> 地球非球形引力分量 (地固系), 田谐:   -2.4486477400608248E-015   6.1128689378839775E-014  -7.2011242317212043E-015
 >>> 卫星在地固系坐标为:   -204148.81460111190       -99836.551102234589        41574.355530113178     
 >>> 地球非球形引力分量 (地固系), 带谐:    6.8455673865467058E-012   3.3477433584228041E-012  -4.7216503193931723E-012
 >>> 地球非球形引力分量 (地固系), 田谐:   -1.6056143943344332E-014   5.9436861171485677E-014  -4.3366758364648019E-015
 >>> 卫星在地固系坐标为:   -211458.06697563248       -88093.685664104065        41889.687533938086     
 >>> 地球非球形引力分量 (地固系), 带谐:    6.8148414384963945E-012   2.8390711601595856E-012  -4.5718844109196248E-012
 >>> 地球非球形引力分量 (地固系), 田谐:   -2.4486477400607700E-015   6.1128689378839775E-014  -7.2011242317212138E-015
 >>> 卫星在地固系坐标为:   -211458.06697573658       -88093.685664092845        41889.687533956218     
 >>> 地球非球形引力分量 (地固系), 带谐:    6.8148414384859796E-012   2.8390711601534875E-012  -4.5718844109124056E-012
 >>> 地球非球形引力分量 (地固系), 田谐:   -2.4486477400079167E-015   6.1128689378750337E-014  -7.2011242317205322E-015
 >>> 卫星在地固系坐标为:   -211972.96213782590       -87202.246754196167        41913.008393378193     
 >>> 地球非球形引力分量 (地固系), 带谐:    6.8114924512237070E-012   2.8021377797690403E-012  -4.5610373262691602E-012
 >>> 地球非球形引力分量 (地固系), 田谐:   -1.4546620701225977E-015   6.1160087015679038E-014  -7.4033375963128931E-015
 >>> 卫星在地固系坐标为:   -212228.98582296437       -86755.430084518652        41924.662678529014     
 >>> 地球非球形引力分量 (地固系), 带谐:    6.8097666213457483E-012   2.7837113282106798E-012  -4.5556281350731492E-012
 >>> 地球非球形引力分量 (地固系), 田谐:   -9.5869867404167720E-016   6.1171046195962005E-014  -7.5039123968650514E-015
 >>> 卫星在地固系坐标为:   -212611.28227130635       -86083.858319993349        41942.145654788023     
 >>> 地球非球形引力分量 (地固系), 带谐:    6.8071079952508174E-012   2.7561195905131358E-012  -4.5475282483970059E-012
 >>> 地球非球形引力分量 (地固系), 田谐:   -2.1609514641753526E-016   6.1181527111299534E-014  -7.6540996964075995E-015
 >>> 卫星在地固系坐标为:   -214305.31481321013       -83041.828134182171        42020.781153736643     
 >>> 地球非球形引力分量 (地固系), 带谐:    6.7941539673389435E-012   2.6326876986914306E-012  -4.5113101996330147E-012
 >>> 地球非球形引力分量 (地固系), 田谐:    3.1039982743442214E-015   6.1141222254728979E-014  -8.3198614487732306E-015
 >>> 卫星在地固系坐标为:   -214860.35855326438       -82020.631328942429        42046.979241446381     
 >>> 地球非球形引力分量 (地固系), 带谐:    6.7894791939958584E-012   2.5918106701297742E-012  -4.4993211165021705E-012
 >>> 地球非球形引力分量 (地固系), 田谐:    4.2021420263510865E-015   6.1096261131980049E-014  -8.5380747607711007E-015
 >>> 卫星在地固系坐标为:   -217031.77404841234       -77900.521779151735        42151.703112324714     
 >>> 地球非球形引力分量 (地固系), 带谐:    6.7690245999139906E-012   2.4296467675354705E-012  -4.4517780494785243E-012
 >>> 地球非球形引力分量 (地固系), 田谐:    8.5461290395582884E-015   6.0761366087500128E-014  -9.3920499146675938E-015
 >>> 卫星在地固系坐标为:   -212611.28227128694       -86083.858319990730        41942.145654784428     
 >>> 地球非球形引力分量 (地固系), 带谐:    6.8071079952530242E-012   2.7561195905141968E-012  -4.5475282483985027E-012
 >>> 地球非球形引力分量 (地固系), 田谐:   -2.1609514642234194E-016   6.1181527111319148E-014  -7.6540996964091205E-015
 >>> 卫星在地固系坐标为:   -215955.86216659684       -79967.594757663799        42099.354854644655     
 >>> 地球非球形引力分量 (地固系), 带谐:    6.7796008785316707E-012   2.5104591754721046E-012  -4.4754672821316194E-012
 >>> 地球非球形引力分量 (地固系), 田谐:    6.3842837005940034E-015   6.0959621307420936E-014  -8.9688628990605738E-015
 >>> 卫星在地固系坐标为:   -213745.43931091204       -84059.446721663466        41994.576199352166     
 >>> 地球非球形引力分量 (地固系), 带谐:    6.7986510685411574E-012   2.6736984382807387E-012  -4.5233409635093002E-012
 >>> 地球非球形引力分量 (地固系), 田谐:    2.0014301565885022E-015   6.1170481810357051E-014  -8.0997857272428497E-015
 >>> 卫星在地固系坐标为:   -218087.91985423223       -75819.599288598110        42204.024087206257     
 >>> 地球非球形引力分量 (地固系), 带谐:    6.7577588069865991E-012   2.3493761835922971E-012  -4.4282520219602221E-012
 >>> 地球非球形引力分量 (地固系), 田谐:    1.0685983764606038E-014   6.0502345661144762E-014  -9.8075392614823873E-015
 >>> 卫星在地固系坐标为:   -211458.06697573652       -88093.685664092875        41889.687533956210     
 >>> 地球非球形引力分量 (地固系), 带谐:    6.8148414384859869E-012   2.8390711601534924E-012  -4.5718844109124104E-012
 >>> 地球非球形引力分量 (地固系), 田谐:   -2.4486477400079557E-015   6.1128689378750362E-014  -7.2011242317205291E-015
 >>> 卫星在地固系坐标为:   -218087.91985423231       -75819.599288598110        42204.024087206271     
 >>> 地球非球形引力分量 (地固系), 带谐:    6.7577588069865870E-012   2.3493761835922922E-012  -4.4282520219602140E-012
 >>> 地球非球形引力分量 (地固系), 田谐:    1.0685983764606034E-014   6.0502345661144635E-014  -9.8075392614823684E-015
 >>> 卫星在地固系坐标为:   -218087.91985433095       -75819.599288581710        42204.024087223617     
 >>> 地球非球形引力分量 (地固系), 带谐:    6.7577588069766818E-012   2.3493761835872774E-012  -4.4282520219535764E-012
 >>> 地球非球形引力分量 (地固系), 田谐:    1.0685983764634882E-014   6.0502345661052661E-014  -9.8075392614771193E-015
 >>> 卫星在地固系坐标为:   -218550.94194756018       -74890.353473277602        42227.271801805284     
 >>> 地球非球形引力分量 (地固系), 带谐:    6.7525309536758467E-012   2.3138744013346400E-012  -4.4178469164903500E-012
 >>> 地球非球形引力分量 (地固系), 田谐:    1.1629532904897719E-014   6.0367937872641163E-014  -9.9897033522696853E-015
 >>> 卫星在地固系坐标为:   -218780.95059653866       -74424.716704137667        42238.889612397150     
 >>> 地球非球形引力分量 (地固系), 带谐:    6.7498693758951151E-012   2.2961647927809869E-012  -4.4126579911944737E-012
 >>> 地球非球形引力分量 (地固系), 田谐:    1.2099514815394708E-014   6.0296347343608108E-014  -1.0080209670269009E-014
 >>> 卫星在地固系坐标为:   -219124.12702379635       -73725.016295579408        42256.317852038519     
 >>> 地球非球形引力分量 (地固系), 带谐:    6.7458119189636069E-012   2.2696500855813858E-012  -4.4048878169005776E-012
 >>> 地球非球形引力分量 (地固系), 田谐:    1.2802186639410439E-014   6.0183455535081605E-014  -1.0215238078831735E-014
 >>> 卫星在地固系坐标为:   -220640.67981300829       -70557.946978461448        42334.707638553307     
 >>> 地球非球形引力分量 (地固系), 带谐:    6.7266328778077665E-012   2.1510874891165646E-012  -4.3701419360275233E-012
 >>> 地球非球形引力分量 (地固系), 田谐:    1.5928594201963212E-014   5.9594932003725415E-014  -1.0811985012426149E-014
 >>> 卫星在地固系坐标为:   -221136.04427337440       -69495.635305988559        42360.824040283820     
 >>> 地球非球形引力分量 (地固系), 带谐:    6.7199083864913765E-012   2.1118416224355322E-012  -4.3586394129475218E-012
 >>> 地球非球形引力分量 (地固系), 田谐:    1.6957163978515112E-014   5.9369867913193155E-014  -1.1006911139066261E-014
 >>> 卫星在地固系坐标为:   -223066.18191770819       -65213.932493879503        42465.222251836552     
 >>> 地球非球形引力分量 (地固系), 带谐:    6.6913807602402849E-012   1.9562411901152127E-012  -4.3130220512499358E-012
 >>> 地球非球形引力分量 (地固系), 田谐:    2.0998474858963032E-014   5.8328629456471791E-014  -1.1766400078857306E-014
 >>> 卫星在地固系坐标为:   -219124.12702377755       -73725.016295578011        42256.317852035056     
 >>> 地球非球形引力分量 (地固系), 带谐:    6.7458119189657039E-012   2.2696500855822433E-012  -4.4048878169019589E-012
 >>> 地球非球形引力分量 (地固系), 田谐:    1.2802186639410101E-014   6.0183455535100702E-014  -1.0215238078834040E-014
 >>> 卫星在地固系坐标为:   -222111.41837127393       -67361.225738400506        42413.036607360773     
 >>> 地球非球形引力分量 (地固系), 带谐:    6.7059684316092727E-012   2.0337642100017405E-012  -4.3357525175510344E-012
 >>> 地球非球形引力分量 (地固系), 田谐:    1.8992791365311671E-014   5.8877177582990468E-014  -1.1390718127153559E-014
 >>> 卫星在地固系坐标为:   -220140.22480432771       -71616.963904333810        42308.584479081343     
 >>> 地球非球形引力分量 (地固系), 带谐:    6.7331923255429520E-012   2.1904710607430396E-012  -4.3816840655684017E-012
 >>> 地球非球形引力分量 (地固系), 田谐:    1.4893110623662049E-014   5.9805635391338089E-014  -1.0615057197061962E-014
 >>> 卫星在地固系坐标为:   -224000.17163832390       -63053.954887143329        42517.381044602662     
 >>> 地球非球形引力分量 (地固系), 带谐:    6.6761536414542251E-012   1.8792748570192223E-012  -4.2904466992831186E-012
 >>> 地球非球形引力分量 (地固系), 田谐:    2.2972734961144036E-014   5.7725327913073428E-014  -1.2133882609966997E-014
 >>> 卫星在地固系坐标为:   -218087.91985433089       -75819.599288581725        42204.024087223610     
 >>> 地球非球形引力分量 (地固系), 带谐:    6.7577588069766915E-012   2.3493761835872823E-012  -4.4282520219535837E-012
 >>> 地球非球形引力分量 (地固系), 田谐:    1.0685983764634874E-014   6.0502345661052724E-014  -9.8075392614771288E-015
 >>> 卫星在地固系坐标为:   -224000.17163832395       -63053.954887143300        42517.381044602676     
 >>> 地球非球形引力分量 (地固系), 带谐:    6.6761536414542203E-012   1.8792748570192195E-012  -4.2904466992831146E-012
 >>> 地球非球形引力分量 (地固系), 田谐:    2.2972734961144055E-014   5.7725327913073378E-014  -1.2133882609966997E-014
 >>> 卫星在地固系坐标为:   -224000.17163841712       -63053.954887122301        42517.381044619280     
 >>> 地球非球形引力分量 (地固系), 带谐:    6.6761536414448434E-012   1.8792748570151721E-012  -4.2904466992770133E-012
 >>> 地球非球形引力分量 (地固系), 田谐:    2.2972734961151117E-014   5.7725327912983006E-014  -1.2133882609957945E-014
 >>> 卫星在地固系坐标为:   -224408.58163815358       -62089.949786975696        42540.556773785946     
 >>> 地球非球形引力分量 (地固系), 带谐:    6.6691812826017353E-012   1.8452464158642368E-012  -4.2804616001589401E-012
 >>> 地球非球形引力分量 (地固系), 田谐:    2.3839713336203642E-014   5.7439901923738139E-014  -1.2294554573795880E-014
 >>> 卫星在地固系坐标为:   -224611.21066438567       -61607.022281097663        42552.138687061110     
 >>> 地球非球形引力分量 (地固系), 带谐:    6.6656510519752223E-012   1.8282743397463567E-012  -4.2754819972216972E-012
 >>> 地球非球形引力分量 (地固系), 田谐:    2.4270738112371437E-014   5.7293270971369675E-014  -1.2374280674083540E-014
 >>> 卫星在地固系坐标为:   -224913.22619166027       -60881.494239286803        42569.513056576528     
 >>> 地球非球形引力分量 (地固系), 带谐:    6.6602953134342487E-012   1.8028674330217376E-012  -4.2680251598612312E-012
 >>> 地球非球形引力分量 (地固系), 田谐:    2.4914131557575141E-014   5.7068415377439239E-014  -1.2493095032201115E-014
 >>> 卫星在地固系坐标为:   -226243.20646407796       -57599.842845059495        42647.661014692050     
 >>> 地球非球形引力分量 (地固系), 带谐:    6.6353422491331288E-012   1.6893089376981376E-012  -4.2346784334947004E-012
 >>> 地球非球形引力分量 (地固系), 田谐:    2.7761556529183225E-014   5.5985115133310777E-014  -1.3016261669218144E-014
 >>> 卫星在地固系坐标为:   -226675.89422641107       -56499.939026532091        42673.697019631894     
 >>> 地球非球形引力分量 (地固系), 带谐:    6.6267178280693662E-012   1.6517378458336667E-012  -4.2236383763147715E-012
 >>> 地球非球形引力分量 (地固系), 田谐:    2.8692776173257212E-014   5.5598509460608853E-014  -1.3186445261119134E-014
 >>> 卫星在地固系坐标为:   -228352.93481658646       -52070.916841882259        42777.774701377981     
 >>> 地球非球形引力分量 (地固系), 带谐:    6.5907135883398771E-012   1.5028687915167615E-012  -4.1798515428612709E-012
 >>> 地球非球形引力分量 (地固系), 田谐:    3.2323709403336758E-014   5.3928762223642457E-014  -1.3845959053957528E-014
 >>> 卫星在地固系坐标为:   -224913.22619164214       -60881.494239286520        42569.513056573196     
 >>> 地球非球形引力分量 (地固系), 带谐:    6.6602953134362359E-012   1.8028674330224129E-012  -4.2680251598625100E-012
 >>> 地球非球形引力分量 (地固系), 田谐:    2.4914131557578739E-014   5.7068415377457263E-014  -1.2493095032204082E-014
 >>> 卫星在地固系坐标为:   -227525.19489451210       -54291.256967974448        42725.749110778423     
 >>> 地球非球形引力分量 (地固系), 带谐:    6.6090149918891908E-012   1.5770197731121957E-012  -4.2016705928353523E-012
 >>> 地球非球形引力分量 (地固系), 田谐:    3.0527348958118341E-014   5.4787979383003023E-014  -1.3520460142698824E-014
 >>> 卫星在地固系坐标为:   -225805.18619043616       -58696.753859626740        42621.618358204280     
 >>> 地球非球形引力分量 (地固系), 带谐:    6.6438139835527612E-012   1.7270210691833072E-012  -4.2457561442013670E-012
 >>> 地球非球形引力分量 (地固系), 田谐:    2.6821264837540362E-014   5.6359071024647822E-014  -1.2843970350891320E-014
 >>> 卫星在地固系坐标为:   -229158.96266239096       -49839.129716932133        42829.773860556066     
 >>> 地球非球形引力分量 (地固系), 带谐:    6.5718216992103950E-012   1.4292867725450322E-012  -4.1581799879634780E-012
 >>> 地球非球形引力分量 (地固系), 田谐:    3.4080627293033982E-014   5.3022170775823854E-014  -1.4162889724673217E-014
 >>> 卫星在地固系坐标为:   -224000.17163841706       -63053.954887122331        42517.381044619273     
 >>> 地球非球形引力分量 (地固系), 带谐:    6.6761536414448482E-012   1.8792748570151753E-012  -4.2904466992770166E-012
 >>> 地球非球形引力分量 (地固系), 田谐:    2.2972734961151124E-014   5.7725327912983107E-014  -1.2133882609957958E-014
 >>> 卫星在地固系坐标为:   -229158.96266239099       -49839.129716932104        42829.773860556073     
 >>> 地球非球形引力分量 (地固系), 带谐:    6.5718216992103959E-012   1.4292867725450310E-012  -4.1581799879634764E-012
 >>> 地球非球形引力分量 (地固系), 田谐:    3.4080627293034007E-014   5.3022170775823835E-014  -1.4162889724673222E-014
 >>> 卫星在地固系坐标为:   -229158.96266247873       -49839.129716906995        42829.773860571979     
 >>> 地球非球形引力分量 (地固系), 带谐:    6.5718216992015465E-012   1.4292867725418390E-012  -4.1581799879578622E-012
 >>> 地球非球形引力分量 (地固系), 田谐:    3.4080627293022029E-014   5.3022170775738531E-014  -1.4162889724661092E-014
 >>> 卫星在地固系坐标为:   -229510.20270065952       -48843.608617250393        42852.878734611601     
 >>> 地球非球形引力分量 (地固系), 带谐:    6.5632362838245309E-012   1.3967664205663706E-012  -4.1485942065224760E-012
 >>> 地球非球形引力分量 (地固系), 田谐:    3.4848498847649253E-014   5.2604372065698425E-014  -1.4300981172063990E-014
 >>> 卫星在地固系坐标为:   -229684.17848412262       -48345.017277236540        42864.425313327680     
 >>> 地球非球形引力分量 (地固系), 带谐:    6.5589030373892620E-012   1.3805490772374756E-012  -4.1438136215803440E-012
 >>> 地球非球形引力分量 (地固系), 田谐:    3.5229405875430291E-014   5.2392119345880382E-014  -1.4369392554365039E-014
 >>> 卫星在地固系坐标为:   -229943.12917553642       -47596.108554806691        42881.746657460470     
 >>> 地球非球形引力分量 (地固系), 带谐:    6.5523473741836840E-012   1.3562755192062012E-012  -4.1366547018205325E-012
 >>> 地球非球形引力分量 (地固系), 田谐:    3.5796916693883828E-014   5.2069547800740190E-014  -1.4471203546529539E-014
 >>> 卫星在地固系坐标为:   -231078.06761418266       -44210.983421927813        42959.656573859866     
 >>> 地球非球形引力分量 (地固系), 带谐:    6.5220613492155910E-012   1.2478326011813555E-012  -4.1046383737241414E-012
 >>> 地球非球形引力分量 (地固系), 田谐:    3.8292688953924082E-014   5.0557311450697540E-014  -1.4917420347525315E-014
 >>> 卫星在地固系坐标为:   -231445.29168282484       -43077.225262874716        42985.613438933513     
 >>> 地球非球形引力分量 (地固系), 带谐:    6.5116834550076096E-012   1.2119721813840335E-012  -4.0940380910114381E-012
 >>> 地球非球形引力分量 (地固系), 田谐:    3.9103091726926581E-014   5.0031719699082074E-014  -1.5061804469979928E-014
 >>> 卫星在地固系坐标为:   -232858.27060948420       -38516.007661087911        43089.375592258948     
 >>> 地球非球形引力分量 (地固系), 带谐:    6.4687855833742035E-012   1.0699718521272397E-012  -4.0519921393472357E-012
 >>> 地球非球形引力分量 (地固系), 田谐:    4.2233657151745427E-014   4.7826565607726567E-014  -1.5617445816449599E-014
 >>> 卫星在地固系坐标为:   -229943.12917551902       -47596.108554807441        42881.746657457261     
 >>> 地球非球形引力分量 (地固系), 带谐:    6.5523473741855508E-012   1.3562755192067113E-012  -4.1366547018217102E-012
 >>> 地球非球形引力分量 (地固系), 田谐:    3.5796916693890732E-014   5.2069547800756504E-014  -1.4471203546532997E-014
 >>> 卫星在地固系坐标为:   -232162.99973265961       -40801.798320766095        43037.507560090024     
 >>> 地球非球形引力分量 (地固系), 带谐:    6.4905097990877566E-012   1.1406833652489220E-012  -4.0729443736498485E-012
 >>> 地球非球形引力分量 (地固系), 田谐:    4.0690832737501911E-014   4.8949337214964491E-014  -1.5344012575402220E-014
 >>> 卫星在地固系坐标为:   -230705.28719692782       -45342.068175437074        42933.693160784984     
 >>> 地球非球形引力分量 (地固系), 带谐:    6.5322986309988054E-012   1.2838367662386472E-012  -4.1152744702498001E-012
 >>> 地球非球形引力分量 (地固系), 田谐:    3.7471436637735689E-014   5.1072264619245530E-014  -1.4770855566213419E-014
 >>> 卫星在地固系坐标为:   -233530.96576049505       -36220.075380034286        43141.217602859157     
 >>> 地球非球形引力分量 (地固系), 带谐:    6.4465186953139252E-012   9.9983911051238071E-013  -4.0311802209307891E-012
 >>> 地球非球形引力分量 (地固系), 田谐:    4.3730609658792608E-014   4.6664876131571895E-014  -1.5882073730016656E-014
 >>> 卫星在地固系坐标为:   -229158.96266247868       -49839.129716907024        42829.773860571971     
 >>> 地球非球形引力分量 (地固系), 带谐:    6.5718216992015473E-012   1.4292867725418402E-012  -4.1581799879578614E-012
 >>> 地球非球形引力分量 (地固系), 田谐:    3.4080627293021985E-014   5.3022170775738537E-014  -1.4162889724661086E-014
 >>> 卫星在地固系坐标为:   -233530.96576049508       -36220.075380034294        43141.217602859164     
 >>> 地球非球形引力分量 (地固系), 带谐:    6.4465186953139204E-012   9.9983911051238011E-013  -4.0311802209307867E-012
 >>> 地球非球形引力分量 (地固系), 田谐:    4.3730609658792583E-014   4.6664876131571851E-014  -1.5882073730016650E-014
 >>> 卫星在地固系坐标为:   -233530.96576057747       -36220.075380005488        43141.217602874407     
 >>> 地球非球形引力分量 (地固系), 带谐:    6.4465186953056001E-012   9.9983911050994158E-013  -4.0311802209256128E-012
 >>> 地球非球形引力分量 (地固系), 田谐:    4.3730609658764531E-014   4.6664876131494189E-014  -1.5882073730002119E-014
 >>> 卫星在地固系坐标为:   -233822.67291870579       -35196.466317095474        43164.252723925827     
 >>> 地球非球形引力分量 (地固系), 带谐:    6.4364486427424160E-012   9.6885492338358697E-013  -4.0219742667315124E-012
 >>> 地球非球形引力分量 (地固系), 田谐:    4.4380947894712921E-014   4.6136456246735881E-014  -1.5996848771872092E-014
 >>> 卫星在地固系坐标为:   -233966.81968427036       -34683.930106770276        43175.764516846430     
 >>> 地球非球形引力分量 (地固系), 带谐:    6.4313765005184754E-012   9.5340618526732189E-013  -4.0173829918449032E-012
 >>> 地球非球形引力分量 (地固系), 田谐:    4.4702643413968687E-014   4.5869531713058800E-014  -1.6053587074575079E-014
 >>> 卫星在地固系坐标为:   -234180.94884090518       -33914.225343657803        43193.033659328343     
 >>> 地球非球形引力分量 (地固系), 带谐:    6.4237169891153911E-012   9.3028654376469446E-013  -4.0105074625358056E-012
 >>> 地球非球形引力分量 (地固系), 田谐:    4.5180782601296087E-014   4.5465761392016722E-014  -1.6137869438634573E-014
 >>> 卫星在地固系坐标为:   -235113.04556760675       -30437.348467439140        43270.709226637053     
 >>> 地球非球形引力分量 (地固系), 带谐:    6.3885287452837236E-012   8.2704843172361704E-013  -3.9797567493419275E-012
 >>> 地球非球形引力分量 (地固系), 田谐:    4.7266463230339151E-014   4.3600230543593676E-014  -1.6504952607563804E-014
 >>> 卫星在地固系坐标为:   -235412.24457977395       -29273.676121960634        43296.588177595084     
 >>> 地球非球形引力分量 (地固系), 带谐:    6.3765403733195071E-012   7.9292722432671189E-013  -3.9695748588513516E-012
 >>> 地球非球形引力分量 (地固系), 田谐:    4.7937399899783707E-014   4.2961324460389040E-014  -1.6622874570289923E-014
 >>> 卫星在地固系坐标为:   -236551.11203685417       -24596.185314258371        43400.039680074042     
 >>> 地球非球形引力分量 (地固系), 带谐:    6.3273179025973246E-012   6.5790383454321680E-013  -3.9291853050578454E-012
 >>> 地球非球形引力分量 (地固系), 田谐:    5.0497215483055406E-014   4.0325566654241091E-014  -1.7072317276505260E-014
 >>> 卫星在地固系坐标为:   -234180.94884088848       -33914.225343659498        43193.033659325250     
 >>> 地球非球形引力分量 (地固系), 带谐:    6.4237169891171562E-012   9.3028654376506282E-013  -4.0105074625369018E-012
 >>> 地球非球形引力分量 (地固系), 田谐:    4.5180782601305755E-014   4.5465761392031010E-014  -1.6137869438638426E-014
 >>> 卫星在地固系坐标为:   -235993.29577995557       -26939.433279301495        43348.326772619934     
 >>> 地球非球形引力分量 (地固系), 带谐:    6.3521810054691040E-012   7.2512295660483729E-013  -3.9493127578234183E-012
 >>> 地球非球形引力分量 (地固系), 田谐:    4.9242270713334909E-014   4.1659080970742150E-014  -1.6852048019087407E-014
 >>> 卫星在地固系坐标为:   -234808.08573578935       -31598.683149678669        43244.823828666908     
 >>> 地球非球形引力分量 (地固系), 带谐:    6.4003882858911702E-012   8.6131549025257468E-013  -3.9899727196338097E-012
 >>> 地球非球形引力分量 (地固系), 田谐:    4.6583316398472599E-014   4.4230733871674512E-014  -1.6384809636738796E-014
 >>> 卫星在地固系坐标为:   -237085.56836281510       -22244.164574388855        43451.726965726542     
 >>> 地球非球形引力分量 (地固系), 带谐:    6.3019587511781564E-012   5.9127094310394690E-013  -3.9091913999414368E-012
 >>> 地球非球形引力分量 (地固系), 田谐:    5.1701570122418418E-014   3.8962358718216382E-014  -1.7283673128432956E-014
 >>> 卫星在地固系坐标为:   -233530.96576057741       -36220.075380005517        43141.217602874400     
 >>> 地球非球形引力分量 (地固系), 带谐:    6.4465186953056074E-012   9.9983911050994380E-013  -4.0311802209256176E-012
 >>> 地球非球形引力分量 (地固系), 田谐:    4.3730609658764582E-014   4.6664876131494283E-014  -1.5882073730002141E-014
 >>> 卫星在地固系坐标为:   -237085.56836281513       -22244.164574388826        43451.726965726550     
 >>> 地球非球形引力分量 (地固系), 带谐:    6.3019587511781548E-012   5.9127094310394610E-013  -3.9091913999414368E-012
 >>> 地球非球形引力分量 (地固系), 田谐:    5.1701570122418418E-014   3.8962358718216357E-014  -1.7283673128432956E-014
 >>> 卫星在地固系坐标为:   -237085.56836289223       -22244.164574356811        43451.726965741160     
 >>> 地球非球形引力分量 (地固系), 带谐:    6.3019587511703612E-012   5.9127094310217158E-013  -3.9091913999366708E-012
 >>> 地球非球形引力分量 (地固系), 田谐:    5.1701570122377398E-014   3.8962358718148357E-014  -1.7283673128416655E-014
 >>> 卫星在地固系坐标为:   -237315.58779605728       -21196.068477361478        43474.693408740568     
 >>> 地球非球形引力分量 (地固系), 带谐:    6.2905293401274397E-012   5.6184463856953576E-013  -3.9003469012741117E-012
 >>> 地球非球形引力分量 (地固系), 田谐:    5.2220425370841615E-014   3.8347363695160465E-014  -1.7374742307320460E-014
 >>> 卫星在地固系坐标为:   -237428.83415873518       -20671.392453457316        43486.170951105370     
 >>> 地球非球形引力分量 (地固系), 带谐:    6.2847808498148524E-012   5.4717520679750224E-013  -3.8959357853855131E-012
 >>> 地球非球形引力分量 (地固系), 田谐:    5.2476062047157799E-014   3.8037841535036697E-014  -1.7419622164871486E-014
 >>> 卫星在地固系坐标为:   -237596.54210711570       -19883.605022202526        43503.388695362220     
 >>> 地球非球形引力分量 (地固系), 带谐:    6.2761112034606037E-012   5.2522530478903575E-013  -3.8893299524288688E-012
 >>> 地球非球形引力分量 (地固系), 田谐:    5.2854720013440611E-014   3.7571046827657292E-014  -1.7486109832449528E-014
 >>> 卫星在地固系坐标为:   -238318.71037988513       -16327.271185462074        43580.833515302817     
 >>> 地球非球形引力分量 (地固系), 带谐:    6.2364407937844329E-012   4.2726003304519004E-013  -3.8597837806832620E-012
 >>> 地球非球形引力分量 (地固系), 田谐:    5.4487213564762473E-014   3.5434888133742503E-014  -1.7773037398763188E-014
 >>> 卫星在地固系坐标为:   -238547.56303250726       -15137.813382275532        43606.635747765773     
 >>> 地球非球形引力分量 (地固系), 带谐:    6.2229813568001631E-012   3.9489957165390768E-013  -3.8500001228327553E-012
 >>> 地球非球形引力分量 (地固系), 田谐:    5.5005195199004096E-014   3.4710523273068234E-014  -1.7864220033294707E-014
 >>> 卫星在地固系坐标为:   -239403.24104734088       -10360.713820594592        43709.781357299398     
 >>> 地球非球形引力分量 (地固系), 带谐:    6.1679888925256174E-012   2.6693359490244824E-013  -3.8111873049571525E-012
 >>> 地球非球形引力分量 (地固系), 田谐:    5.6944717813655079E-014   3.1756906168872253E-014  -1.8206670433611421E-014
 >>> 卫星在地固系坐标为:   -237596.54210709973       -19883.605022205080        43503.388695359245     
 >>> 地球非球形引力分量 (地固系), 带谐:    6.2761112034622572E-012   5.2522530478927688E-013  -3.8893299524298858E-012
 >>> 地球非球形引力分量 (地固系), 田谐:    5.2854720013452337E-014   3.7571046827669213E-014  -1.7486109832453649E-014
 >>> 卫星在地固系坐标为:   -238987.37676241269       -12753.057160621758        43658.221200511980     
 >>> 地球非球形引力分量 (地固系), 带谐:    6.1957141904348514E-012   3.3062121645045047E-013  -3.8305296129864408E-012
 >>> 地球非球形引力分量 (地固系), 田谐:    5.6001539669008247E-014   3.3244539893174591E-014  -1.8039899182021214E-014
 >>> 卫星在地固系坐标为:   -238083.91297132429       -17514.742240121563        43555.024934344474     
 >>> 地球非球形引力分量 (地固系), 带谐:    6.2497828774655743E-012   4.5976788095178418E-013  -3.8695998830681027E-012
 >>> 地球非球形引力分量 (地固系), 田谐:    5.3956100138570095E-014   3.6153231633327431E-014  -1.7679625091662717E-014
 >>> 卫星在地固系坐标为:   -239795.04520594660       -7961.0251087915713        43761.316282301945     
 >>> 地球非球形引力分量 (地固系), 带谐:    6.1398129424596562E-012   2.0383742690023127E-013  -3.7919721603424897E-012
 >>> 地球非球形引力分量 (地固系), 田谐:    5.7834363669420847E-014   3.0249251826677060E-014  -1.8364545028952204E-014
 >>> 卫星在地固系坐标为:   -237085.56836289223       -22244.164574356826        43451.726965741153     
 >>> 地球非球形引力分量 (地固系), 带谐:    6.3019587511703612E-012   5.9127094310217198E-013  -3.9091913999366708E-012
 >>> 地球非球形引力分量 (地固系), 田谐:    5.1701570122377398E-014   3.8962358718148364E-014  -1.7283673128416649E-014
 >>> 卫星在地固系坐标为:   -239795.04520594663       -7961.0251087915276        43761.316282301952     
 >>> 地球非球形引力分量 (地固系), 带谐:    6.1398129424596537E-012   2.0383742690023003E-013  -3.7919721603424881E-012
 >>> 地球非球形引力分量 (地固系), 田谐:    5.7834363669420847E-014   3.0249251826677022E-014  -1.8364545028952198E-014
 >>> 卫星在地固系坐标为:   -239795.04520601852       -7961.0251087567085        43761.316282315944     
 >>> 地球非球形引力分量 (地固系), 带谐:    6.1398129424523650E-012   2.0383742689903546E-013  -3.7919721603380888E-012
 >>> 地球非球形引力分量 (地固系), 田谐:    5.7834363669369804E-014   3.0249251826619902E-014  -1.8364545028934622E-014
 >>> 卫星在地固系坐标为:   -239961.44253813871       -6892.2030227707501        43784.215095903768     
 >>> 地球非球形引力分量 (地固系), 带谐:    6.1271462074515407E-012   1.7598467139254675E-013  -3.7834717906638577E-012
 >>> 地球非球形引力分量 (地固系), 田谐:    5.8212480883816162E-014   2.9573177236476559E-014  -1.8431855302262681E-014
 >>> 卫星在地固系坐标为:   -240042.82767733780       -6357.2719352719587        43795.658909878272     
 >>> 地球非球形引力分量 (地固系), 带谐:    6.1207822927175679E-012   1.6210222928929668E-013  -3.7792322030011154E-012
 >>> 地球非球形引力分量 (地固系), 田谐:    5.8397562534702814E-014   2.9233832850788875E-014  -1.8464859229070216E-014
 >>> 卫星在地固系坐标为:   -240162.68101045841       -5554.2342642931999        43812.826039706291     
 >>> 地球非球形引力分量 (地固系), 带谐:    6.1111937843880957E-012   1.4133337357066676E-013  -3.7728831506221066E-012
 >>> 地球非球形引力分量 (地固系), 田谐:    5.8670160966051977E-014   2.8723210183684519E-014  -1.8513537523164805E-014
 >>> 卫星在地固系坐标为:   -240668.58839128382       -1931.2671512287877        43890.043626120656     
 >>> 地球非球形引力分量 (地固系), 带谐:    6.0674502297271939E-012   4.8688810611780166E-014  -3.7444839133822088E-012
 >>> 地球非球形引力分量 (地固系), 田谐:    5.9822321030180186E-014   2.6403249277290959E-014  -1.8720412245976880E-014
 >>> 卫星在地固系坐标为:   -240825.02702012830       -720.32637211800659        43915.770306579463     
 >>> 地球非球形引力分量 (地固系), 带谐:    6.0526554448352240E-012   1.8103962832293403E-014  -3.7350794711529473E-012
 >>> 地球非球形引力分量 (地固系), 田谐:    6.0179192613044720E-014   2.5622507427115300E-014  -1.8784950833443766E-014
 >>> 卫星在地固系坐标为:   -241389.46301386759        4139.0352844448544        44018.614665362053     
 >>> 地球非球形引力分量 (地固系), 带谐:    5.9924327201123098E-012  -1.0275051014460319E-013  -3.6977682338813640E-012
 >>> 地球非球形引力分量 (地固系), 田谐:    6.1470271393618315E-014   2.2467880864666690E-014  -1.9021091984471147E-014
 >>> 卫星在地固系坐标为:   -240162.68101044319       -5554.2342642965623        43812.826039703425     
 >>> 地球非球形引力分量 (地固系), 带谐:    6.1111937843896419E-012   1.4133337357079706E-013  -3.7728831506230526E-012
 >>> 地球非球形引力分量 (地固系), 田谐:    5.8670160966065205E-014   2.8723210183693992E-014  -1.8513537523169105E-014
 >>> 卫星在地固系坐标为:   -241119.53320040525        1706.2970215906594        43967.204942884855     
 >>> 地球非球形引力分量 (地固系), 带谐:    6.0227509750010620E-012  -4.2620363078943100E-014  -3.7163627932976093E-012
 >>> 地球非球形引力分量 (地固系), 田谐:    6.0852041730622769E-014   2.4051117772060244E-014  -1.8907417070584105E-014
 >>> 卫星在地固系坐标为:   -240506.04270411297       -3140.5859772605377        43864.310693292588     
 >>> 地球非球形引力分量 (地固系), 带谐:    6.0821388273103868E-012   7.9422037376012226E-014  -3.7539192571807296E-012
 >>> 地球非球形引力分量 (地固系), 田谐:    5.9451843027003003E-014   2.7180416679176326E-014  -1.8653665758609252E-014
 >>> 卫星在地固系坐标为:   -241634.72077225539        6577.6381566347773        44069.999536641946     
 >>> 地球非球形引力分量 (地固系), 带谐:    5.9617079467694979E-012  -1.6228610501031269E-013  -3.6792948126830405E-012
 >>> 地球非球形引力分量 (地固系), 田谐:    6.2033811359790021E-014   2.0874426229654757E-014  -1.9126006250497419E-014
 >>> 卫星在地固系坐标为:   -239795.04520601849       -7961.0251087567231        43761.316282315936     
 >>> 地球非球形引力分量 (地固系), 带谐:    6.1398129424523690E-012   2.0383742689903591E-013  -3.7919721603380904E-012
 >>> 地球非球形引力分量 (地固系), 田谐:    5.7834363669369817E-014   3.0249251826619921E-014  -1.8364545028934622E-014
 >>> 卫星在地固系坐标为:   -241634.72077225542        6577.6381566348027        44069.999536641953     
 >>> 地球非球形引力分量 (地固系), 带谐:    5.9617079467694930E-012  -1.6228610501031322E-013  -3.6792948126830373E-012
 >>> 地球非球形引力分量 (地固系), 田谐:    6.2033811359790009E-014   2.0874426229654741E-014  -1.9126006250497412E-014
 >>> 卫星在地固系坐标为:   -241634.72077232218        6577.6381566720656        44069.999536655378     
 >>> 地球非球形引力分量 (地固系), 带谐:    5.9617079467627076E-012  -1.6228610501100300E-013  -3.6792948126789773E-012
 >>> 地球非球形引力分量 (地固系), 田谐:    6.2033811359732049E-014   2.0874426229609239E-014  -1.9126006250479111E-014
 >>> 卫星在地固系坐标为:   -241735.79369877098        7663.2787389797732        44092.831744045121     
 >>> 地球非球形引力分量 (地固系), 带谐:    5.9479225820693907E-012  -1.8855539747278130E-013  -3.6711222224867477E-012
 >>> 地球非球形引力分量 (地固系), 田谐:    6.2266697557300244E-014   2.0163365021607521E-014  -1.9169827225754622E-014
 >>> 卫星在地固系坐标为:   -241784.47313748510        8206.5073235251348        44104.242339152326     
 >>> 地球非球形引力分量 (地固系), 带谐:    5.9410024946623292E-012  -2.0164603561538117E-013  -3.6670460186688052E-012
 >>> 地球非球形引力分量 (地固系), 田谐:    6.2379108760834853E-014   1.9807249107185588E-014  -1.9191098636143864E-014
 >>> 卫星在地固系坐标为:   -241855.21335059110        9021.8540374481563        44121.359619365554     
 >>> 地球非球形引力分量 (地固系), 带谐:    5.9305838854603808E-012  -2.2122683001215917E-013  -3.6609415587277806E-012
 >>> 地球非球形引力分量 (地固系), 田谐:    6.2542639803116571E-014   1.9272378375628417E-014  -1.9222193667725620E-014
 >>> 卫星在地固系坐标为:   -242139.32014474226        12698.148682056750        44198.353401111890     
 >>> 地球非球形引力分量 (地固系), 带谐:    5.8831648564188373E-012  -3.0852197826937514E-013  -3.6336348901054224E-012
 >>> 地球非球形引力分量 (地固系), 田谐:    6.3203368818843966E-014   1.6856731795187199E-014  -1.9350193484225285E-014
 >>> 卫星在地固系坐标为:   -242221.54337698841        13926.111946212326        44224.005667886624     
 >>> 地球非球形引力分量 (地固系), 带谐:    5.8671666404186167E-012  -3.3732267701054735E-013  -3.6245917148386482E-012
 >>> 地球非球形引力分量 (地固系), 田谐:    6.3396314771475011E-014   1.6048967596980971E-014  -1.9388538568454378E-014
 >>> 卫星在地固系坐标为:   -242487.75997594118        18849.770650477327        44326.553306207177     
 >>> 地球非球形引力分量 (地固系), 带谐:    5.8022381043207301E-012  -4.5103661123661468E-013  -3.5887111173414891E-012
 >>> 地球非球形引力分量 (地固系), 田谐:    6.4032075718180715E-014   1.2810491683250613E-014  -1.9520458231368323E-014
 >>> 卫星在地固系坐标为:   -241855.21335057667        9021.8540374440399        44121.359619362782     
 >>> 地球非球形引力分量 (地固系), 带谐:    5.9305838854618211E-012  -2.2122683001212519E-013  -3.6609415587286570E-012
 >>> 地球非球形引力分量 (地固系), 田谐:    6.2542639803130644E-014   1.9272378375635353E-014  -1.9222193667729965E-014
 >>> 卫星在地固系坐标为:   -242367.20753736506        16385.644370585786        44275.291757481325     
 >>> 地球非球形引力分量 (地固系), 带谐:    5.8348877365988193E-012  -3.9447743927759224E-013  -3.6065932287427533E-012
 >>> 地球非球形引力分量 (地固系), 田谐:    6.3741356376733195E-014   1.4430816135877627E-014  -1.9458778956780563E-014
 >>> 卫星在地固系坐标为:   -242050.85020230871        11471.430026320082        44172.694975781815     
 >>> 地球非球形引力分量 (地固系), 带谐:    5.8990677306196786E-012  -2.7957242304981182E-013  -3.6427075103078035E-012
 >>> 地球非球形引力分量 (地固系), 田谐:    6.2996782967464184E-014   1.7663355396301403E-014  -1.9309691125785431E-014
 >>> 卫星在地固系坐标为:   -242583.12062950223        21318.232940647657        44377.790375202254     
 >>> 地球非球形引力分量 (地固系), 带谐:    5.7692247921994153E-012  -5.0700014777577691E-013  -3.5709444548587445E-012
 >>> 地球非球形引力分量 (地固系), 田谐:    6.4268686999166688E-014   1.1189573100297709E-014  -1.9573625274362591E-014
 >>> 卫星在地固系坐标为:   -241634.72077232215        6577.6381566720365        44069.999536655370     
 >>> 地球非球形引力分量 (地固系), 带谐:    5.9617079467627116E-012  -1.6228610501100247E-013  -3.6792948126789797E-012
 >>> 地球非球形引力分量 (地固系), 田谐:    6.2033811359732075E-014   2.0874426229609265E-014  -1.9126006250479120E-014
 >>> 卫星在地固系坐标为:   -242583.12062950226        21318.232940647686        44377.790375202254     
 >>> 地球非球形引力分量 (地固系), 带谐:    5.7692247921994120E-012  -5.0700014777577721E-013  -3.5709444548587421E-012
 >>> 地球非球形引力分量 (地固系), 田谐:    6.4268686999166676E-014   1.1189573100297682E-014  -1.9573625274362582E-014
 >>> 卫星在地固系坐标为:   -242583.12062956404        21318.232940686998        44377.790375215140     
 >>> 地球非球形引力分量 (地固系), 带谐:    5.7692247921931096E-012  -5.0700014777602915E-013  -3.5709444548549911E-012
 >>> 地球非球形引力分量 (地固系), 田谐:    6.4268686999104564E-014   1.1189573100263928E-014  -1.9573625274343977E-014
 >>> 卫星在地固系坐标为:   -242617.40966259126        22416.652558003450        44400.556975026375     
 >>> 地球非球形引力分量 (地固系), 带谐:    5.7544360631612736E-012  -5.3168152308000241E-013  -3.5630842085367275E-012
 >>> 地球非球形引力分量 (地固系), 田谐:    6.4356531892341927E-014   1.0469381872064835E-014  -1.9594531934849142E-014
 >>> 卫星在地固系坐标为:   -242632.66061439610        22966.155496988995        44411.934848560413     
 >>> 地球非球形引力分量 (地固系), 带谐:    5.7470173386892542E-012  -5.4397826537454247E-013  -3.5591636991608027E-012
 >>> 地球非球形引力分量 (地固系), 田谐:    6.4396494330077662E-014   1.0109404431576277E-014  -1.9604366411010232E-014
 >>> 卫星在地固系坐标为:   -242653.21209748139        23790.772228495178        44429.003025612161     
 >>> 地球非球形引力分量 (地固系), 带谐:    5.7358548119216945E-012  -5.6236805681074873E-013  -3.5532923241749292E-012
 >>> 地球非球形引力分量 (地固系), 田谐:    6.4451450145958311E-014   9.5696261353878095E-015  -1.9618331869386239E-014
 >>> 卫星在地固系坐标为:   -242710.80685361390        27506.656140280578        44505.776349341970     
 >>> 地球非球形引力分量 (地固系), 带谐:    5.6851463359513145E-012  -6.4430326526212677E-013  -3.5270268903588012E-012
 >>> 地球非球形引力分量 (地固系), 田谐:    6.4625309153236966E-014   7.1449168145075117E-015  -1.9669648731302038E-014
 >>> 卫星在地固系坐标为:   -242717.29127274849        28747.040066835190        44531.355313501183     
 >>> 地球非球形引力分量 (地固系), 带谐:    5.6680727091272309E-012  -6.7131728611751357E-013  -3.5183280329689070E-012
 >>> 地球非球形引力分量 (地固系), 田谐:    6.4656696856060975E-014   6.3388368284927077E-015  -1.9682585118127272E-014
 >>> 卫星在地固系坐标为:   -242679.43210694549        33716.479762126313        44633.610653388991     
 >>> 地球非球形引力分量 (地固系), 带谐:    5.5989471488647464E-012  -7.7788540460537118E-013  -3.4838110780333881E-012
 >>> 地球非球形引力分量 (地固系), 田谐:    6.4650786875799427E-014   3.1303393536562615E-015  -1.9713688739571968E-014
 >>> 卫星在地固系坐标为:   -242653.21209746771        23790.772228490427        44429.003025609491     
 >>> 地球非球形引力分量 (地固系), 带谐:    5.7358548119230338E-012  -5.6236805681079962E-013  -3.5532923241757430E-012
 >>> 地球非球形引力分量 (地固系), 田谐:    6.4451450145972700E-014   9.5696261353922571E-015  -1.9618331869390581E-014
 >>> 卫星在地固系坐标为:   -242711.13762343707        31230.245005457382        44582.495071836674     
 >>> 地球非球形引力分量 (地固系), 带谐:    5.6336744249060414E-012  -7.2489888306553526E-013  -3.5010140810762355E-012
 >>> 地球非球形引力分量 (地固系), 田谐:    6.4679923509373308E-014   4.7310489950390396E-015  -1.9702249483579203E-014
 >>> 卫星在地固系坐标为:   -242697.95965569705        26267.128360499679        44480.191318204314     
 >>> 地球非球形引力分量 (地固系), 带谐:    5.7021351383076165E-012  -6.1714039878755069E-013  -3.5357538168457399E-012
 >>> 地球非球形引力分量 (地固系), 田谐:    6.4580670230664109E-014   7.9522021435454688E-015  -1.9654632661947214E-014
 >>> 卫星在地固系坐标为:   -242622.11085688023        36205.479902410290        44684.702117851310     
 >>> 地球非球形引力分量 (地固系), 带谐:    5.5638977068885364E-012  -8.3027711651824149E-013  -3.4667181490428577E-012
 >>> 地球非球形引力分量 (地固系), 田谐:    6.4569766129268895E-014   1.5381893160285419E-015  -1.9716968561506109E-014
 >>> 卫星在地固系坐标为:   -242583.12062956404        21318.232940686969        44377.790375215132     
 >>> 地球非球形引力分量 (地固系), 带谐:    5.7692247921931096E-012  -5.0700014777602844E-013  -3.5709444548549911E-012
 >>> 地球非球形引力分量 (地固系), 田谐:    6.4268686999104564E-014   1.1189573100263942E-014  -1.9573625274343974E-014
 >>> 卫星在地固系坐标为:   -242622.11085688026        36205.479902410290        44684.702117851317     
 >>> 地球非球形引力分量 (地固系), 带谐:    5.5638977068885316E-012  -8.3027711651824088E-013  -3.4667181490428552E-012
 >>> 地球非球形引力分量 (地固系), 田谐:    6.4569766129268870E-014   1.5381893160285462E-015  -1.9716968561506109E-014
 >>> 卫星在地固系坐标为:   -242622.11085693719        36205.479902451327        44684.702117863686     
 >>> 地球非球形引力分量 (地固系), 带谐:    5.5638977068827009E-012  -8.3027711651811699E-013  -3.4667181490393890E-012
 >>> 地球非球形引力分量 (地固系), 田谐:    6.4569766129205105E-014   1.5381893160062416E-015  -1.9716968561487558E-014
 >>> 卫星在地固系坐标为:   -242588.40915885786        37312.522377290923        44707.404084921014     
 >>> 地球非球形引力分量 (地固系), 带谐:    5.5482173688257434E-012  -8.5337129439197583E-013  -3.4591556663328899E-012
 >>> 地球非球形引力分量 (地固系), 田谐:    6.4517223762537817E-014   8.3369729500631327E-016  -1.9715820768348154E-014
 >>> 卫星在地固系坐标为:   -242569.63541869936        37866.218609101932        44718.749722343622     
 >>> 地球非球形引力分量 (地固系), 带谐:    5.5403557863427558E-012  -8.6487462874623655E-013  -3.4553835878419800E-012
 >>> 地球非球形引力分量 (地固系), 田谐:    6.4487183353299328E-014   4.8223363088160855E-016  -1.9714655728128823E-014
 >>> 卫星在地固系坐标为:   -242539.11275893840        38696.979991235676        44735.769524922180     
 >>> 地球非球形引力分量 (地固系), 带谐:    5.5285328872045949E-012  -8.8207433466485388E-013  -3.4497344274161261E-012
 >>> 地球非球形引力分量 (地固系), 田谐:    6.4437382181626495E-014  -4.3940162906942668E-017  -1.9712157273705681E-014
 >>> 卫星在地固系坐标为:   -242366.34464104890        42438.334504055325        44812.325657744179     
 >>> 地球非球形引力分量 (地固系), 带谐:    5.4749090811030702E-012  -9.5865629903051520E-013  -3.4244617328403643E-012
 >>> 地球非球形引力分量 (地固系), 田谐:    6.4143740359246815E-014  -2.3952034111190825E-015  -1.9689925369831813E-014
 >>> 卫星在地固系坐标为:   -242295.85539640134        43686.413446790575        44837.832403986671     
 >>> 地球非球形引力分量 (地固系), 带谐:    5.4568840794358570E-012  -9.8388680085109164E-013  -3.4160911800063658E-012
 >>> 地球非球形引力分量 (地固系), 田谐:    6.4020812332877397E-014  -3.1724027096449269E-015  -1.9678547645227848E-014
 >>> 卫星在地固系坐标为:   -241949.22663539261        48682.637748714566        44939.799762707924     
 >>> 地球非球形引力分量 (地固系), 带谐:    5.3840542764277504E-012  -1.0833263143830523E-012  -3.3828745627386193E-012
 >>> 地球非球形引力分量 (地固系), 田谐:    6.3406049109611834E-014  -6.2438123411243812E-015  -1.9613457723445609E-014
 >>> 卫星在地固系坐标为:   -242539.11275892550        38696.979991230313        44735.769524919611     
 >>> 地球非球形引力分量 (地固系), 带谐:    5.5285328872058340E-012  -8.8207433466497656E-013  -3.4497344274168814E-012
 >>> 地球非球形引力分量 (地固系), 田谐:    6.4437382181640606E-014  -4.3940162904840890E-017  -1.9712157273709896E-014
 >>> 卫星在地固系坐标为:   -242135.48777918247        46183.811203832513        44888.827993990235     
 >>> 地球非球形引力分量 (地固系), 带谐:    5.4206134791330785E-012  -1.0339029269329395E-012  -3.3994299610052755E-012
 >>> 地球非球形引力分量 (地固系), 田谐:    6.3737869802741828E-014  -4.7159262568186865E-015  -1.9649898795076059E-014
 >>> 卫星在地固系坐标为:   -242430.37946252324        41190.713623949516        44786.812933935151     
 >>> 地球非球形引力分量 (地固系), 带谐:    5.4928594404310444E-012  -9.3327742459100116E-013  -3.4328590545906725E-012
 >>> 地球非球形引力分量 (地固系), 田谐:    6.4254196907038144E-014  -1.6146097241173150E-015  -1.9699325805465420E-014
 >>> 卫星在地固系坐标为:   -241737.02480520582        51182.623081771591        44990.747768434252     
 >>> 地球非球形引力分量 (地固系), 带谐:    5.3472130702196093E-012  -1.1321575225454630E-012  -3.3664241581691272E-012
 >>> 地球非球形引力分量 (地固系), 田谐:    6.3026067604446978E-014  -7.7547188064144798E-015  -1.9569305318608021E-014
 >>> 卫星在地固系坐标为:   -242622.11085693719        36205.479902451298        44684.702117863679     
 >>> 地球非球形引力分量 (地固系), 带谐:    5.5638977068827066E-012  -8.3027711651811699E-013  -3.4667181490393922E-012
 >>> 地球非球形引力分量 (地固系), 田谐:    6.4569766129205193E-014   1.5381893160062548E-015  -1.9716968561487583E-014
 >>> 卫星在地固系坐标为:   -241737.02480520582        51182.623081771620        44990.747768434259     
 >>> 地球非球形引力分量 (地固系), 带谐:    5.3472130702196093E-012  -1.1321575225454634E-012  -3.3664241581691272E-012
 >>> 地球非球形引力分量 (地固系), 田谐:    6.3026067604446978E-014  -7.7547188064145019E-015  -1.9569305318608027E-014
 >>> 卫星在地固系坐标为:   -241737.02480525803        51182.623081814032        44990.747768446134     
 >>> 地球非球形引力分量 (地固系), 带谐:    5.3472130702142270E-012  -1.1321575225450175E-012  -3.3664241581659202E-012
 >>> 地球非球形引力分量 (地固系), 田谐:    6.3026067604383932E-014  -7.7547188064260145E-015  -1.9569305318589893E-014
 >>> 卫星在地固系坐标为:   -241634.38705449770        52294.031485109881        45013.386054545648     
 >>> 地球非球形引力分量 (地固系), 带谐:    5.3307492948120125E-012  -1.1536701164940332E-012  -3.3591456598196422E-012
 >>> 地球非球形引力分量 (地固系), 田谐:    6.2841910708103672E-014  -8.4204357908639549E-015  -1.9547224410771495E-014
 >>> 卫星在地固系坐标为:   -241581.12340393456        52849.790028372772        45024.699929866882     
 >>> 地球非球形引力分量 (地固系), 带谐:    5.3224988401643246E-012  -1.1643829706785811E-012  -3.3555151474671037E-012
 >>> 地球非球形引力分量 (地固系), 田谐:    6.2746361469657683E-014  -8.7519059993732956E-015  -1.9535627332420154E-014
 >>> 卫星在地固系坐标为:   -241498.83795877028        53683.496381280100        45041.672069467029     
 >>> 地球非球形引力分量 (地固系), 带谐:    5.3100964210808131E-012  -1.1803971580766273E-012  -3.3500779278599695E-012
 >>> 地球非球形引力分量 (地固系), 田谐:    6.2598679273475910E-014  -9.2473303603291391E-015  -1.9517524840026123E-014
 >>> 卫星在地固系坐标为:   -241092.74580956742        57435.876882398945        45118.014201502854     
 >>> 地球非球形引力分量 (地固系), 带谐:    5.2539192489593303E-012  -1.2516488545518034E-012  -3.3257521353031469E-012
 >>> 地球非球形引力分量 (地固系), 田谐:    6.1870445920173424E-014  -1.1449136231555443E-014  -1.9425739318769727E-014
 >>> 卫星在地固系坐标为:   -240944.34611829426        58686.819627267992        45143.449789003796     
 >>> 地球非球形引力分量 (地固系), 带谐:    5.2350628449439378E-012  -1.2751043710641783E-012  -3.3176947502396098E-012
 >>> 地球非球形引力分量 (地固系), 田谐:    6.1604875567297314E-014  -1.2172547617972412E-014  -1.9391424265997522E-014
 >>> 卫星在地固系坐标为:   -240285.45350836465        63690.425547347208        45245.133382417072     
 >>> 地球非球形引力分量 (地固系), 带谐:    5.1590052648439660E-012  -1.3674537343871240E-012  -3.2857186247706087E-012
 >>> 地球非球形引力分量 (地固系), 田谐:    6.0431366073678922E-014  -1.5009514870933381E-014  -1.9235867651596206E-014
 >>> 卫星在地固系坐标为:   -241498.83795875820        53683.496381274192        45041.672069464548     
 >>> 地球非球形引力分量 (地固系), 带谐:    5.3100964210819610E-012  -1.1803971580768111E-012  -3.3500779278606727E-012
 >>> 地球非球形引力分量 (地固系), 田谐:    6.2598679273489491E-014  -9.2473303603291454E-015  -1.9517524840030194E-014
 >>> 卫星在地固系坐标为:   -240627.96671646670        61188.724076827952        45194.303322761902     
 >>> 地球非球形引力分量 (地固系), 带谐:    5.1971588471947625E-012  -1.3215733940816432E-012  -3.3016562016965560E-012
 >>> 地球非球形引力分量 (地固系), 田谐:    6.1040142715277270E-014  -1.3602665570514504E-014  -1.9317282108128442E-014
 >>> 卫星在地固系坐标为:   -241234.62460899650        56184.986021435907        45092.572723751560     
 >>> 地球非球形引力分量 (地固系), 带谐:    5.2727108513680438E-012  -1.2280458742577159E-012  -3.3338350599901158E-012
 >>> 地球非球形引力分量 (地固系), 田谐:    6.2124673795094373E-014  -1.0720359531506543E-014  -1.9458201870239060E-014
 >>> 卫星在地固系坐标为:   -239916.77648413042        66191.649540955259        45295.940024909425     
 >>> 地球非球形引力分量 (地固系), 带谐:    5.1206084660087203E-012  -1.4127462280276067E-012  -3.2698812371948932E-012
 >>> 地球非球形引力分量 (地固系), 田谐:    5.9779468150245432E-014  -1.6391928365032841E-014  -1.9147275275254352E-014
 >>> 卫星在地固系坐标为:   -241737.02480525800        51182.623081814003        44990.747768446126     
 >>> 地球非球形引力分量 (地固系), 带谐:    5.3472130702142302E-012  -1.1321575225450177E-012  -3.3664241581659214E-012
 >>> 地球非球形引力分量 (地固系), 田谐:    6.3026067604383945E-014  -7.7547188064260035E-015  -1.9569305318589896E-014
 >>> 卫星在地固系坐标为:   -239916.77648413042        66191.649540955288        45295.940024909425     
 >>> 地球非球形引力分量 (地固系), 带谐:    5.1206084660087203E-012  -1.4127462280276073E-012  -3.2698812371948932E-012
 >>> 地球非球形引力分量 (地固系), 田谐:    5.9779468150245444E-014  -1.6391928365032863E-014  -1.9147275275254355E-014
 >>> 卫星在地固系坐标为:   -239916.77648417803        66191.649540998784        45295.940024920819     
 >>> 地球非球形引力分量 (地固系), 带谐:    5.1206084660037677E-012  -1.4127462280268888E-012  -3.2698812371919222E-012
 >>> 地球非球形引力分量 (地固系), 田谐:    5.9779468150184923E-014  -1.6391928365034570E-014  -1.9147275275236893E-014
 >>> 卫星在地固系坐标为:   -239744.52672429962        67303.082805257873        45318.515559565603     
 >>> 地球非球形引力分量 (地固系), 带谐:    5.1034657752786042E-012  -1.4326874709526446E-012  -3.2628736945106711E-012
 >>> 地球非球形引力分量 (地固系), 田谐:    5.9476130401850307E-014  -1.6998189275197489E-014  -1.9105618124126478E-014
 >>> 卫星在地固系坐标为:   -239656.44282621346        67858.731084960789        45329.798135708988     
 >>> 地球非球形引力分量 (地固系), 带谐:    5.0948786082265792E-012  -1.4426150756016765E-012  -3.2593782572545666E-012
 >>> 地球非球形引力分量 (地固系), 田谐:    5.9321382730729465E-014  -1.7299400080312840E-014  -1.9084273508694153E-014
 >>> 卫星在地固系坐标为:   -239521.90853153230        68692.120916909596        45346.723307180393     
 >>> 地球非球形引力分量 (地固系), 带谐:    5.0819747799095596E-012  -1.4574517555344036E-012  -3.2541432638302570E-012
 >>> 地球非球形引力分量 (地固系), 田谐:    5.9085402064664593E-014  -1.7748771064463189E-014  -1.9051601430005773E-014
 >>> 卫星在地固系坐标为:   -238880.44645959747        72440.813448881308        45422.854554017526     
 >>> 地球非球形引力分量 (地固系), 带谐:    5.0235938366731795E-012  -1.5234115196906303E-012  -3.2307210273359031E-012
 >>> 地球非球形引力分量 (地固系), 田谐:    5.7967394996797553E-014  -1.9733688313482883E-014  -1.8895028854747022E-014
 >>> 卫星在地固系坐标为:   -238653.50593398552        73689.702216728911        45448.220017240448     
 >>> 地球非球形引力分量 (地固系), 带谐:    5.0040218684809021E-012  -1.5451056540370138E-012  -3.2229624947792476E-012
 >>> 地球非球形引力分量 (地固系), 田谐:    5.7574724466010299E-014  -2.0381369525577190E-014  -1.8839405188937117E-014
 >>> 卫星在地固系坐标为:   -237680.08712424550        78680.956613092305        45549.623963017875     
 >>> 地球非球形引力分量 (地固系), 带谐:    4.9251963852977269E-012  -1.6304233467400105E-012  -3.1921702575458540E-012
 >>> 地球非球形引力分量 (地固系), 田谐:    5.5907529075206719E-014  -2.2898901963276573E-014  -1.8600090011980775E-014
 >>> 卫星在地固系坐标为:   -239521.90853152098        68692.120916903237        45346.723307177992     
 >>> 地球非球形引力分量 (地固系), 带谐:    5.0819747799106130E-012  -1.4574517555346396E-012  -3.2541432638309126E-012
 >>> 地球非球形引力分量 (地固系), 田谐:    5.9085402064677253E-014  -1.7748771064465092E-014  -1.9051601430009642E-014
 >>> 卫星在地固系坐标为:   -238179.93163645189        76186.258916573541        45498.933557614924     
 >>> 地球非球形引力分量 (地固系), 带谐:    4.9647151068864469E-012  -1.5880560044731639E-012  -3.2075181841166534E-012
 >>> 地球非球形引力分量 (地固系), 田谐:    5.6760162463516712E-014  -2.1655022874352304E-014  -1.8723085590393139E-014
 >>> 卫星在地固系坐标为:   -239100.82544461428        71191.563920990855        45397.483285831069     
 >>> 地球非球形引力分量 (地固系), 带谐:    5.0431104969308225E-012  -1.5015712414846352E-012  -3.2385039366791915E-012
 >>> 地球非球形引力分量 (地固系), 田谐:    5.8350150472130409E-014  -1.9078940914196771E-014  -1.8948944587710688E-014
 >>> 卫星在地固系坐标为:   -237153.95991205599        81173.517410735803        45600.291289077570     
 >>> 地球非球形引力分量 (地固系), 带谐:    4.8854718377179387E-012  -1.6722087770565478E-012  -3.1769179747909893E-012
 >>> 地球非球形引力分量 (地固系), 田谐:    5.5017913960489111E-014  -2.4112043450106131E-014  -1.8470524483920275E-014
 >>> 卫星在地固系坐标为:   -239916.77648417803        66191.649540998755        45295.940024920812     
 >>> 地球非球形引力分量 (地固系), 带谐:    5.1206084660037677E-012  -1.4127462280268882E-012  -3.2698812371919222E-012
 >>> 地球非球形引力分量 (地固系), 田谐:    5.9779468150184973E-014  -1.6391928365034564E-014  -1.9147275275236896E-014
 >>> 卫星在地固系坐标为:   -237153.95991205605        81173.517410735818        45600.291289077577     
 >>> 地球非球形引力分量 (地固系), 带谐:    4.8854718377179355E-012  -1.6722087770565466E-012  -3.1769179747909868E-012
 >>> 地球非球形引力分量 (地固系), 田谐:    5.5017913960489055E-014  -2.4112043450106099E-014  -1.8470524483920250E-014
 >>> 卫星在地固系坐标为:   -237153.95991209921        81173.517410780114        45600.291289088520     
 >>> 地球非球形引力分量 (地固系), 带谐:    4.8854718377133932E-012  -1.6722087770555999E-012  -3.1769179747882331E-012
 >>> 地球非球形引力分量 (地固系), 田谐:    5.5017913960432698E-014  -2.4112043450099217E-014  -1.8470524483903678E-014
 >>> 卫星在地固系坐标为:   -236911.69833600984        82280.567531758206        45622.804980194625     
 >>> 地球非球形引力分量 (地固系), 带谐:    4.8677510455548121E-012  -1.6905932524425337E-012  -3.1701690627526377E-012
 >>> 地球非球形引力分量 (地固系), 田谐:    5.4610938276642597E-014  -2.4641102330900429E-014  -1.8410855389361666E-014
 >>> 卫星在地固系坐标为:   -236788.60209726577        82833.899990716280        45634.056709348020     
 >>> 地球非球形引力分量 (地固系), 带谐:    4.8588774707091893E-012  -1.6997430066779261E-012  -3.1668025599274304E-012
 >>> 地球非球形引力分量 (地固系), 田谐:    5.4404840780481650E-014  -2.4903268662887403E-014  -1.8380550654709001E-014
 >>> 卫星在地固系坐标为:   -236601.54047078232        83663.662948561760        45650.935591421912     
 >>> 地球非球形引力分量 (地固系), 带谐:    4.8455475588155440E-012  -1.7134134332148692E-012  -3.1617606022642696E-012
 >>> 地球非球形引力分量 (地固系), 田谐:    5.4092430668553083E-014  -2.5293520232616510E-014  -1.8334496792631841E-014
 >>> 卫星在地固系坐标为:   -235723.59981036102        87393.742718582769        45726.858996468742     
 >>> 地球非球形引力分量 (地固系), 带谐:    4.7852998792257262E-012  -1.7741340570598922E-012  -3.1392009118707429E-012
 >>> 地球非球形引力分量 (地固系), 田谐:    5.2639444390522224E-014  -2.7004426755925114E-014  -1.8118578658130901E-014
 >>> 卫星在地固系坐标为:   -235417.80157577508        88635.592749946081        45752.155345945364     
 >>> 地球非球形引力分量 (地固系), 带谐:    4.7651239885660978E-012  -1.7940851814368690E-012  -3.1317276869485580E-012
 >>> 地球非球形引力分量 (地固系), 田谐:    5.2138426133559760E-014  -2.7557955817747083E-014  -1.8043494523315096E-014
 >>> 卫星在地固系坐标为:   -234128.85353305281        93594.511226473434        45853.283666665062     
 >>> 地球非球形引力分量 (地固系), 带谐:    4.6839736428195116E-012  -1.8724485132093588E-012  -3.1020657752451018E-012
 >>> 地球非球形引力分量 (地固系), 田谐:    5.0054856775967209E-014  -2.9685536980302673E-014  -1.7727978562907244E-014
 >>> 卫星在地固系坐标为:   -236601.54047077175        83663.662948554978        45650.935591419598     
 >>> 地球非球形引力分量 (地固系), 带谐:    4.8455475588165125E-012  -1.7134134332151497E-012  -3.1617606022648827E-012
 >>> 地球非球形引力分量 (地固系), 田谐:    5.4092430668564449E-014  -2.5293520232619969E-014  -1.8334496792635444E-014
 >>> 卫星在地固系坐标为:   -234786.47789283234        91116.818296832542        45802.730908124744     
 >>> 地球非球形引力分量 (地固系), 带谐:    4.7246366893508223E-012  -1.8335547541141834E-012  -3.1168507101099517E-012
 >>> 地球非球形引力分量 (地固系), 田谐:    5.1112240817877756E-014  -2.8639246452894324E-014  -1.7888743812468652E-014
 >>> 卫星在地固系坐标为:   -236022.82222601085        86151.114454537252        45701.556925349869     
 >>> 地球非球形引力分量 (地固系), 带谐:    4.8054296038142290E-012  -1.7540384946545107E-012  -3.1466974130786121E-012
 >>> 地球非球形引力分量 (地固系), 田谐:    5.3132215460851596E-014  -2.6442442016423413E-014  -1.8192116426782825E-014
 >>> 卫星在地固系坐标为:   -233444.93384113620        96068.391370105703        45903.813675923797     
 >>> 地球非球形引力分量 (地固系), 带谐:    4.6431407460387483E-012  -1.9107677988012665E-012  -3.0873721814838807E-012
 >>> 地球非球形引力分量 (地固系), 田谐:    4.8967489188954808E-014  -3.0696089107680500E-014  -1.7561314526980463E-014
 >>> 卫星在地固系坐标为:   -237153.95991209921        81173.517410780085        45600.291289088513     
 >>> 地球非球形引力分量 (地固系), 带谐:    4.8854718377133932E-012  -1.6722087770555993E-012  -3.1769179747882319E-012
 >>> 地球非球形引力分量 (地固系), 田谐:    5.5017913960432698E-014  -2.4112043450099198E-014  -1.8470524483903671E-014
 >>> 卫星在地固系坐标为:   -233444.93384113620        96068.391370105732        45903.813675923804     
 >>> 地球非球形引力分量 (地固系), 带谐:    4.6431407460387483E-012  -1.9107677988012669E-012  -3.0873721814838811E-012
 >>> 地球非球形引力分量 (地固系), 田谐:    4.8967489188954795E-014  -3.0696089107680506E-014  -1.7561314526980463E-014
 >>> 卫星在地固系坐标为:   -233444.93384117511        96068.391370150537        45903.813675934325     
 >>> 地球非球形引力分量 (地固系), 带谐:    4.6431407460346003E-012  -1.9107677988001332E-012  -3.0873721814813321E-012
 >>> 地球非球形引力分量 (地固系), 田谐:    4.8967489188903948E-014  -3.0696089107666414E-014  -1.7561314526964982E-014
 >>> 卫星在地固系坐标为:   -233132.54246495746        97166.601133334014        45926.266410508964     
 >>> 地球非球形引力分量 (地固系), 带谐:    4.6249389072079215E-012  -1.9276141773740505E-012  -3.0808702351607293E-012
 >>> 地球非球形引力分量 (地固系), 田谐:    4.8474902479300478E-014  -3.1133561403907315E-014  -1.7485375366329813E-014
 >>> 卫星在地固系坐标为:   -232974.38284588896        97715.388100099968        45937.487734461058     
 >>> 地球非球形引力分量 (地固系), 带谐:    4.6158273487706216E-012  -1.9359955170974093E-012  -3.0776268547867511E-012
 >>> 地球非球形引力分量 (地固系), 田谐:    4.8226527635543744E-014  -3.1349588928526771E-014  -1.7446985879772484E-014
 >>> 卫星在地固系坐标为:   -232734.72715860195        98538.178292704310        45954.320990256107     
 >>> 地球非球形引力分量 (地固系), 带谐:    4.6021438562582448E-012  -1.9485139900398730E-012  -3.0727692342350907E-012
 >>> 地球非球形引力分量 (地固系), 田谐:    4.7851369934115390E-014  -3.1670203561009193E-014  -1.7388868884715243E-014
 >>> 卫星在地固系坐标为:   -231620.15466337412        102234.56986444464        46030.039527003741     
 >>> 地球非球形引力分量 (地固系), 带谐:    4.5403537495528785E-012  -2.0040618369009206E-012  -3.0510332715899181E-012
 >>> 地球非球形引力分量 (地固系), 田谐:    4.6126014174925052E-014  -3.3061621852994689E-014  -1.7119619604586516E-014
 >>> 卫星在地固系坐标为:   -231235.50120247577        103464.34959003128        46055.267750082865     
 >>> 地球非球形引力分量 (地固系), 带谐:    4.5196813278193921E-012  -2.0222927989226747E-012  -3.0438325322696984E-012
 >>> 地球非球形引力分量 (地固系), 田谐:    4.5537880050766005E-014  -3.3506519397575978E-014  -1.7027108308034915E-014
 >>> 卫星在地固系坐标为:   -229631.30253702917        108370.77751763308        46156.124376199885     
 >>> 地球非球形引力分量 (地固系), 带谐:    4.4366321186852328E-012  -2.0937967382913355E-012  -3.0152502368778582E-012
 >>> 地球非球形引力分量 (地固系), 田谐:    4.3124529343725303E-014  -3.5189682351628147E-014  -1.6643660716076338E-014
 >>> 卫星在地固系坐标为:   -232734.72715859217        98538.178292697179        45954.320990253866     
 >>> 地球非球形引力分量 (地固系), 带谐:    4.6021438562591293E-012  -1.9485139900401881E-012  -3.0727692342356581E-012
 >>> 地球非球形引力分量 (地固系), 田谐:    4.7851369934125412E-014  -3.1670203561013933E-014  -1.7388868884718572E-014
 >>> 卫星在地固系坐标为:   -230446.51364450288        105920.17204787376        46105.707303072755     
 >>> 地球非球形引力分量 (地固系), 带谐:    4.4782272044961406E-012  -2.0583283663880030E-012  -3.0294974194714371E-012
 >>> 地球非球形引力分量 (地固系), 田谐:    4.4343045595773597E-014  -3.4367520126897239E-014  -1.6838034372487777E-014
 >>> 卫星在地固系坐标为:   -231998.24482868015        101003.59132378042        46004.805663699401     
 >>> 地球非球形引力分量 (地固系), 带谐:    4.5609887909732668E-012  -1.9856885047384514E-012  -3.0582562451978904E-012
 >>> 地球非球形引力分量 (地固系), 田谐:    4.6707746359402914E-014  -3.2607220417002245E-014  -1.7210760188681558E-014
 >>> 卫星在地固系坐标为:   -228789.89128857729        110815.88470481387        46206.519022590037     
 >>> 地球非球形引力分量 (地固系), 带谐:    4.3949017281894093E-012  -2.1286994825559424E-012  -3.0010903206183365E-012
 >>> 地球非球形引力分量 (地固系), 田谐:    4.1883628170511657E-014  -3.5972506119459441E-014  -1.6444110821821337E-014
 >>> 卫星在地固系坐标为:   -233444.93384117508        96068.391370150508        45903.813675934318     
 >>> 地球非球形引力分量 (地固系), 带谐:    4.6431407460346003E-012  -1.9107677988001328E-012  -3.0873721814813325E-012
 >>> 地球非球形引力分量 (地固系), 田谐:    4.8967489188903954E-014  -3.0696089107666414E-014  -1.7561314526964988E-014
 >>> 卫星在地固系坐标为:   -228789.89128857729        110815.88470481390        46206.519022590044     
 >>> 地球非球形引力分量 (地固系), 带谐:    4.3949017281894093E-012  -2.1286994825559432E-012  -3.0010903206183369E-012
 >>> 地球非球形引力分量 (地固系), 田谐:    4.1883628170511626E-014  -3.5972506119459460E-014  -1.6444110821821333E-014
 >>> 卫星在地固系坐标为:   -228789.89128861207        110815.88470485900        46206.519022600158     
 >>> 地球非球形引力分量 (地固系), 带谐:    4.3949017281856304E-012  -2.1286994825546552E-012  -3.0010903206159721E-012
 >>> 地球非球形引力分量 (地固系), 田谐:    4.1883628170467014E-014  -3.5972506119439600E-014  -1.6444110821807068E-014
 >>> 卫星在地固系坐标为:   -228407.53849403062        111900.76582243502        46228.911667393280     
 >>> 地球非球形引力分量 (地固系), 带谐:    4.3763120951494435E-012  -2.1440302634232291E-012  -2.9948242946182660E-012
 >>> 地球非球形引力分量 (地固系), 田谐:    4.1325264632580460E-014  -3.6307672035585416E-014  -1.6353789884836967E-014
 >>> 卫星在地固系坐标为:   -228214.40773608410        112442.76261991853        46240.103017857218     
 >>> 地球非球形引力分量 (地固系), 带谐:    4.3670090752574639E-012  -2.1516545325922662E-012  -2.9916985332216848E-012
 >>> 地球非球形引力分量 (地固系), 田谐:    4.1044569330020785E-014  -3.6472305361272429E-014  -1.6308263349502681E-014
 >>> 卫星在地固系坐标为:   -227922.30632857871        113255.21225781474        46256.891295365145     
 >>> 地球非球形引力分量 (地固系), 带谐:    4.3530416505137175E-012  -2.1630382038400012E-012  -2.9870170127201866E-012
 >>> 地球非球形引力分量 (地固系), 田谐:    4.0621648224906479E-014  -3.6715531932858417E-014  -1.6239509263612461E-014
 >>> 卫星在地固系坐标为:   -226571.91846492831        116902.75120176778        46332.407869560637     
 >>> 地球非球形引力分量 (地固系), 带谐:    4.2900205603115845E-012  -2.2134923410210888E-012  -2.9660680167334960E-012
 >>> 地球非球形引力分量 (地固系), 田谐:    3.8692032299022886E-014  -3.7754544153285184E-014  -1.5923410097540753E-014
 >>> 卫星在地固系坐标为:   -226108.73617109444        118115.40284052488        46357.568931127687     
 >>> 地球非球形引力分量 (地固系), 带谐:    4.2689547034726005E-012  -2.2300301750706073E-012  -2.9591276195730808E-012
 >>> 地球非球形引力分量 (地固系), 田谐:    3.8039715590597847E-014  -3.8080554541922856E-014  -1.5815654574734917E-014
 >>> 卫星在地固系坐标为:   -224190.86422098542        122949.09816244175        46458.157703828459     
 >>> 地球非球形引力分量 (地固系), 带谐:    4.1844154149049544E-012  -2.2947862009777057E-012  -2.9315769103798304E-012
 >>> 地球非球形引力分量 (地固系), 田谐:    3.5389319163082746E-014  -3.9281886309779807E-014  -1.5373112938084980E-014
 >>> 卫星在地固系坐标为:   -227922.30632856968        113255.21225780727        46256.891295362984     
 >>> 地球非球形引力分量 (地固系), 带谐:    4.3530416505145228E-012  -2.1630382038403449E-012  -2.9870170127207177E-012
 >>> 地球非球形引力分量 (地固系), 田谐:    4.0621648224914986E-014  -3.6715531932864109E-014  -1.6239509263615503E-014
 >>> 卫星在地固系坐标为:   -225162.81900983394        120535.70308037972        46407.874399182860     
 >>> 地球非球形引力分量 (地固系), 带谐:    4.2267388684474888E-012  -2.2626868125293622E-012  -2.9453102475935594E-012
 >>> 地球非球形引力分量 (地固系), 田谐:    3.6722410448813541E-014  -3.8701835363723309E-014  -1.5596655544365923E-014
 >>> 卫星在地固系坐标为:   -227028.57712296798        115688.47877252659        46307.241247340047     
 >>> 地球非球形引力分量 (地固系), 带谐:    4.3110574631743002E-012  -2.1968145426266958E-012  -2.9730296611190330E-012
 >>> 地球非球形引力分量 (地固系), 田谐:    3.9339903700804178E-014  -3.7418340846137226E-014  -1.6029981651588527E-014
 >>> 卫星在地固系坐标为:   -223192.91342424191        125355.30685694858        46508.418896996329     
 >>> 地球非球形引力分量 (地固系), 带谐:    4.1419897593041288E-012  -2.3263301209253947E-012  -2.9179269788198249E-012
 >>> 地球非球形引力分量 (地固系), 田谐:    3.4041775718591292E-014  -3.9820450999527815E-014  -1.5145155942540699E-014
 >>> 卫星在地固系坐标为:   -228789.89128861207        110815.88470485897        46206.519022600150     
 >>> 地球非球形引力分量 (地固系), 带谐:    4.3949017281856304E-012  -2.1286994825546552E-012  -3.0010903206159713E-012
 >>> 地球非球形引力分量 (地固系), 田谐:    4.1883628170467052E-014  -3.5972506119439587E-014  -1.6444110821807071E-014
 >>> 卫星在地固系坐标为:   -223192.91342424191        125355.30685694861        46508.418896996329     
 >>> 地球非球形引力分量 (地固系), 带谐:    4.1419897593041248E-012  -2.3263301209253934E-012  -2.9179269788198213E-012
 >>> 地球非球形引力分量 (地固系), 田谐:    3.4041775718591222E-014  -3.9820450999527764E-014  -1.5145155942540667E-014
 >>> 卫星在地固系坐标为:   -223192.91342427270        125355.30685699382        46508.418897006064     
 >>> 地球非球形引力分量 (地固系), 带谐:    4.1419897593006949E-012  -2.3263301209239846E-012  -2.9179269788176281E-012
 >>> 地球非球形引力分量 (地固系), 田谐:    3.4041775718553433E-014  -3.9820450999503613E-014  -1.5145155942527711E-014
 >>> 卫星在地固系坐标为:   -222741.05730934098        126422.35851670097        46530.752299135951     
 >>> 地球非球形引力分量 (地固系), 带谐:    4.1231017462441233E-012  -2.3401713786452926E-012  -2.9118864095416374E-012
 >>> 地球非球形引力分量 (地固系), 田谐:    3.3438571616592211E-014  -4.0046431073870181E-014  -1.5042455895507672E-014
 >>> 卫星在地固系坐标为:   -222513.19258995206        126955.31471319431        46541.914098060442     
 >>> 地球非球形引力分量 (地固系), 带谐:    4.1136518674088228E-012  -2.3470517022773130E-012  -2.9088730533683078E-012
 >>> 地球非球形引力分量 (地固系), 田谐:    3.3136044100518036E-014  -4.0156337959799054E-014  -1.4990796315547284E-014
 >>> 卫星在地固系坐标为:   -222169.01128942490        127754.04805240115        46558.658030613107     
 >>> 地球非球形引力分量 (地固系), 带谐:    4.0994672777441153E-012  -2.3573203866307920E-012  -2.9043598293444853E-012
 >>> 地球非球形引力分量 (地固系), 田谐:    3.2681115982410800E-014  -4.0317313591070243E-014  -1.4912914497460835E-014
 >>> 卫星在地固系坐标为:   -220584.60454218116        131337.54375080491        46633.975482347654     
 >>> 地球非球形引力分量 (地固系), 带谐:    4.0355136675429471E-012  -2.4027717345366292E-012  -2.8841629711078666E-012
 >>> 地球非球形引力分量 (地固系), 田谐:    3.0618456875562197E-014  -4.0984043350301299E-014  -1.4556804930133604E-014
 >>> 卫星在地固系坐标为:   -220043.54692182911        132528.00432121073        46659.070325516244     
 >>> 地球非球形引力分量 (地固系), 带谐:    4.0141531392262803E-012  -2.4176473794542654E-012  -2.8774714100534932E-012
 >>> 地球非球形引力分量 (地固系), 田谐:    2.9925793214138336E-014  -4.1185271114279722E-014  -1.4436101443743114E-014
 >>> 卫星在地固系坐标为:   -217814.88944782712        137268.72182597892        46759.394999462216     
 >>> 地球非球形引力分量 (地固系), 带谐:    3.9285151996521992E-012  -2.4757823558217144E-012  -2.8509067736592721E-012
 >>> 地球非球形引力分量 (地固系), 田谐:    2.7134029394310676E-014  -4.1884837836778002E-014  -1.3943726209272208E-014
 >>> 卫星在地固系坐标为:   -222169.01128941661        127754.04805239344        46558.658030611019     
 >>> 地球非球形引力分量 (地固系), 带谐:    4.0994672777448447E-012  -2.3573203866311571E-012  -2.9043598293449793E-012
 >>> 地球非球形引力分量 (地固系), 田谐:    3.2681115982417685E-014  -4.0317313591076560E-014  -1.4912914497463559E-014
 >>> 卫星在地固系坐标为:   -218942.08927045783        134902.65809298595        46709.243589516867     
 >>> 地球非球形引力分量 (地固系), 带谐:    3.9713720323565952E-012  -2.4469879008930132E-012  -2.8641489205572722E-012
 >>> 地球非球形引力分量 (地固系), 田谐:    2.8533800412422177E-014  -4.1556135885686643E-014  -1.4191792971268567E-014
 >>> 卫星在地固系坐标为:   -221119.20553301243        130145.04079545449        46608.875156308422     
 >>> 地球非球形引力分量 (地固系), 带谐:    4.0568533059482585E-012  -2.3877588458727739E-012  -2.8908748439370979E-012
 >>> 地球非球形引力分量 (地固系), 田谐:    3.1308676485025069E-014  -4.0772298672733281E-014  -1.4676519239059055E-014
 >>> 卫星在地固系坐标为:   -216662.00737309468        139625.91552572220        46809.524606126404     
 >>> 地球非球形引力分量 (地固系), 带谐:    3.8855878149457228E-012  -2.5040327217274681E-012  -2.8377443729178471E-012
 >>> 地球非球形引力分量 (地固系), 田谐:    2.5727807365820946E-014  -4.2171361447556164E-014  -1.3692034017050556E-014
 >>> 卫星在地固系坐标为:   -223192.91342427270        125355.30685699379        46508.418897006057     
 >>> 地球非球形引力分量 (地固系), 带谐:    4.1419897593006949E-012  -2.3263301209239838E-012  -2.9179269788176273E-012
 >>> 地球非球形引力分量 (地固系), 田谐:    3.4041775718553451E-014  -3.9820450999503606E-014  -1.5145155942527714E-014
 >>> 卫星在地固系坐标为:   -216662.00737309470        139625.91552572223        46809.524606126412     
 >>> 地球非球形引力分量 (地固系), 带谐:    3.8855878149457204E-012  -2.5040327217274668E-012  -2.8377443729178451E-012
 >>> 地球非球形引力分量 (地固系), 田谐:    2.5727807365820971E-014  -4.2171361447556176E-014  -1.3692034017050561E-014
 >>> 卫星在地固系坐标为:   -216662.00737312168        139625.91552576731        46809.524606135761     
 >>> 地球非球形引力分量 (地固系), 带谐:    3.8855878149426233E-012  -2.5040327217259676E-012  -2.8377443729158095E-012
 >>> 地球非球形引力分量 (地固系), 田谐:    2.5727807365790241E-014  -4.2171361447529128E-014  -1.3692034017038969E-014
 >>> 卫星在地固系坐标为:   -216141.39790073616        140670.64321753563        46831.799593691088     
 >>> 地球非球形引力分量 (地固系), 带谐:    3.8664869693869041E-012  -2.5164138580507603E-012  -2.8319193433914662E-012
 >>> 地球非球形引力分量 (地固系), 田谐:    2.5101090435079711E-014  -4.2285163584002275E-014  -1.3579039448870561E-014
 >>> 卫星在地固系坐标为:   -215879.18236734986        141192.31206307976        46842.932253559113     
 >>> 地球非球形引力分量 (地固系), 带谐:    3.8569329003328847E-012  -2.5225650185366007E-012  -2.8290134509079186E-012
 >>> 地球非球形引力分量 (地固系), 田谐:    2.4787395183114195E-014  -4.2338954939682740E-014  -1.3522290896579098E-014
 >>> 卫星在地固系坐标为:   -215483.50601775004        141973.95952150380        46859.632460277251     
 >>> 地球非球形引力分量 (地固系), 带谐:    3.8425950114547601E-012  -2.5317410074480235E-012  -2.8246611271034004E-012
 >>> 地球非球形引力分量 (地固系), 田谐:    2.4316456258688728E-014  -4.2415730540582425E-014  -1.3436849669322805E-014
 >>> 卫星在地固系坐标为:   -213667.86309270991        145478.25892459869        46934.753565994091     
 >>> 地球非球形引力分量 (地固系), 带谐:    3.7779942750907267E-012  -2.5722915061345619E-012  -2.8051833933660078E-012
 >>> 地球非球形引力分量 (地固系), 田谐:    2.2192688206869319E-014  -4.2703392519600324E-014  -1.3047817766909234E-014
 >>> 卫星在地固系坐标为:   -213049.91260573143        146641.48153218167        46959.783112770871     
 >>> 地球非球形引力分量 (地固系), 带谐:    3.7564334781874746E-012  -2.5855395281850893E-012  -2.7987297613653679E-012
 >>> 地球非球形引力分量 (地固系), 田谐:    2.1483621266492658E-014  -4.2778295229360494E-014  -1.2916539350764998E-014
 >>> 卫星在地固系坐标为:   -210514.67400047084        151269.05820820146        47059.847358736311     
 >>> 地球非球形引力分量 (地固系), 带谐:    3.6700708538750520E-012  -2.6371946006092054E-012  -2.7731080497686800E-012
 >>> 地球非球形引力分量 (地固系), 田谐:    1.8645950964200414E-014  -4.2973496377439033E-014  -1.2383867653645843E-014
 >>> 卫星在地固系坐标为:   -215483.50601774250        141973.95952149588        46859.632460275228     
 >>> 地球非球形引力分量 (地固系), 带谐:    3.8425950114554225E-012  -2.5317410074484068E-012  -2.8246611271038628E-012
 >>> 地球非球形引力分量 (地固系), 田谐:    2.4316456258694039E-014  -4.2415730540589102E-014  -1.3436849669325210E-014
 >>> 卫星在地固系坐标为:   -211794.96174813347        148960.40211592912        47009.826011545774     
 >>> 地球非球形引力分量 (地固系), 带谐:    3.7132748119555850E-012  -2.6116339340198202E-012  -2.7858804848018662E-012
 >>> 地球非球形引力分量 (地固系), 田谐:    2.0064744577180724E-014  -4.2896732144021837E-014  -1.2651681507734576E-014
 >>> 卫星在地固系坐标为:   -214279.45140447744        144312.57449831898        46909.718612395147     
 >>> 地球非球形引力分量 (地固系), 带谐:    3.7995418818513622E-012  -2.5589092528015513E-012  -2.8116564502068664E-012
 >>> 地球非球形引力分量 (地固系), 田谐:    2.2901291578828949E-014  -4.2618007962109854E-014  -1.3178306800872539E-014
 >>> 卫星在地固系坐标为:   -209209.12758308899        153567.17224860506        47109.847203993930     
 >>> 地球非球形引力分量 (地固系), 带谐:    3.6268265341587738E-012  -2.6622236874716194E-012  -2.7604118905475570E-012
 >>> 地球非球形引力分量 (地固系), 田谐:    1.7228518998536065E-014  -4.3008803020326584E-014  -1.2113232310593244E-014
 >>> 卫星在地固系坐标为:   -216662.00737312168        139625.91552576728        46809.524606135754     
 >>> 地球非球形引力分量 (地固系), 带谐:    3.8855878149426233E-012  -2.5040327217259672E-012  -2.8377443729158095E-012
 >>> 地球非球形引力分量 (地固系), 田谐:    2.5727807365790250E-014  -4.2171361447529115E-014  -1.3692034017038967E-014
 >>> 卫星在地固系坐标为:   -209209.12758308899        153567.17224860506        47109.847203993937     
 >>> 地球非球形引力分量 (地固系), 带谐:    3.6268265341587738E-012  -2.6622236874716194E-012  -2.7604118905475570E-012
 >>> 地球非球形引力分量 (地固系), 田谐:    1.7228518998536068E-014  -4.3008803020326584E-014  -1.2113232310593244E-014
 >>> 卫星在地固系坐标为:   -209209.12758311236        153567.17224864985        47109.847204002937     
 >>> 地球非球形引力分量 (地固系), 带谐:    3.6268265341559800E-012  -2.6622236874700479E-012  -2.7604118905456623E-012
 >>> 地球非球形引力分量 (地固系), 田谐:    1.7228518998512351E-014  -4.3008803020297971E-014  -1.2113232310583024E-014
 >>> 卫星在地固系坐标为:   -208620.80750790055        154585.10679520716        47132.064586621185     
 >>> 地球非球形引力分量 (地固系), 带谐:    3.6075945161090518E-012  -2.6731771878766310E-012  -2.7547929976653461E-012
 >>> 地球非球形引力分量 (地固系), 田谐:    1.6599315035025538E-014  -4.3011244324393155E-014  -1.1992077314284016E-014
 >>> 卫星在地固系坐标为:   -208324.77070406379        155093.25474430755        47143.168510737363     
 >>> 地球非球形引力分量 (地固系), 带谐:    3.5979769814722596E-012  -2.6786155034070875E-012  -2.7519898832492144E-012
 >>> 地球非球形引力分量 (地固系), 田谐:    1.6284946837388385E-014  -4.3009431751161968E-014  -1.1931307727387781E-014
 >>> 卫星在地固系坐标为:   -207878.40375693174        155854.46720671497        47159.825596962371     
 >>> 地球非球形引力分量 (地固系), 带谐:    3.5835467422147455E-012  -2.6867233831143684E-012  -2.7477914463235961E-012
 >>> 地球非球形引力分量 (地固系), 田谐:    1.5813715285580561E-014  -4.3002904104252955E-014  -1.1839910084625338E-014
 >>> 卫星在地固系坐标为:   -205835.29562673229        159264.51922771588        47234.753071387378     
 >>> 地球非球形引力分量 (地固系), 带谐:    3.5185711394879326E-012  -2.7224851753086992E-012  -2.7290015308764060E-012
 >>> 地球非球形引力分量 (地固系), 田谐:    1.3699176107398251E-014  -4.2917436148660916E-014  -1.1425183353976851E-014
 >>> 卫星在地固系坐标为:   -205141.76414058486        160395.49455093514        47259.718223311509     
 >>> 地球非球形引力分量 (地固系), 带谐:    3.4969000961704299E-012  -2.7341434966703786E-012  -2.7227754840934817E-012
 >>> 地球非球形引力分量 (地固系), 田谐:    1.2996992932177274E-014  -4.2868679338579343E-014  -1.1285743509140394E-014
 >>> 卫星在地固系坐标为:   -202305.46604325576        164889.93569741290        47359.525630720702     
 >>> 地球非球形引力分量 (地固系), 带谐:    3.4101692176372566E-012  -2.7794730118328867E-012  -2.6980557736142769E-012
 >>> 地球非球形引力分量 (地固系), 田谐:    1.0205637926771275E-014  -4.2573557058397327E-014  -1.0722444422297624E-014
 >>> 卫星在地固系坐标为:   -207878.40375692496        155854.46720670690        47159.825596960414     
 >>> 地球非球形引力分量 (地固系), 带谐:    3.5835467422153380E-012  -2.6867233831147618E-012  -2.7477914463240247E-012
 >>> 地球非球形引力分量 (地固系), 田谐:    1.5813715285584322E-014  -4.3002904104259632E-014  -1.1839910084627402E-014
 >>> 卫星在地固系坐标为:   -203736.02607474703        162648.67578478440        47309.632554910873     
 >>> 地球非球形引力分量 (地固系), 带谐:    3.4535428175470904E-012  -2.7570684324332728E-012  -2.7103788687485597E-012
 >>> 地球非球形引力分量 (地固系), 田谐:    1.1597538299986120E-014  -4.2741037524406033E-014  -1.1005168310062073E-014
 >>> 卫星在地固系坐标为:   -206522.58682689691        158130.66660493243        47209.782587007605     
 >>> 地球非球形引力分量 (地固系), 带谐:    3.5402363268336035E-012  -2.7106959045134611E-012  -2.7352461611929406E-012
 >>> 地球非球形引力分量 (地固系), 田谐:    1.4402793416347826E-014  -4.2956088091981584E-014  -1.1564035612752770E-014
 >>> 卫星在地固系坐标为:   -200850.18048685184        167119.00037034991        47409.397499303377     
 >>> 地球非球形引力分量 (地固系), 带谐:    3.3667839824317273E-012  -2.8013595618537589E-012  -2.6858056618793901E-012
 >>> 地球非球形引力分量 (地固系), 田谐:    8.8224831817740440E-015  -4.2366666456203993E-014  -1.0437706069763696E-014
 >>> 卫星在地固系坐标为:   -209209.12758311236        153567.17224864982        47109.847204002930     
 >>> 地球非球形引力分量 (地固系), 带谐:    3.6268265341559800E-012  -2.6622236874700479E-012  -2.7604118905456615E-012
 >>> 地球非球形引力分量 (地固系), 田谐:    1.7228518998512355E-014  -4.3008803020297958E-014  -1.2113232310583022E-014
 >>> 卫星在地固系坐标为:   -200850.18048685187        167119.00037034994        47409.397499303384     
 >>> 地球非球形引力分量 (地固系), 带谐:    3.3667839824317236E-012  -2.8013595618537561E-012  -2.6858056618793869E-012
 >>> 地球非球形引力分量 (地固系), 田谐:    8.8224831817740345E-015  -4.2366666456203942E-014  -1.0437706069763683E-014
 >>> 卫星在地固系坐标为:   -200850.18048687174        167119.00037039421        47409.397499312050     
 >>> 地球非球形引力分量 (地固系), 带谐:    3.3667839824292219E-012  -2.8013595618521401E-012  -2.6858056618776279E-012
 >>> 地球非球形引力分量 (地固系), 田谐:    8.8224831817570835E-015  -4.2366666456175019E-014  -1.0437706069754848E-014
 >>> 卫星在地固系坐标为:   -200195.48502553705        168105.71710857406        47431.558068736311     
 >>> 地球非球形引力分量 (地固系), 带谐:    3.3474985507209045E-012  -2.8109207573640702E-012  -2.6803839858384020E-012
 >>> 地球非球形引力分量 (地固系), 田谐:    8.2108610809162447E-015  -4.2262177071617236E-014  -1.0310542302834654E-014
 >>> 卫星在地固系坐标为:   -199866.30269958157        168598.13340072360        47442.633651503500     
 >>> 地球非球形引力分量 (地固系), 带谐:    3.3378563245342016E-012  -2.8156639627348470E-012  -2.6776792045686008E-012
 >>> 地球非球形引力分量 (地固系), 田谐:    7.9058189193661405E-015  -4.2207071653745770E-014  -1.0246827534943206E-014
 >>> 卫星在地固系坐标为:   -199370.26886955410        169335.59661079358        47459.248209212390     
 >>> 地球非球形引力分量 (地固系), 带谐:    3.3233917571345154E-012  -2.8227304359707731E-012  -2.6736280013478676E-012
 >>> 地球非球形引力分量 (地固系), 田谐:    7.4492474446123062E-015  -4.2120827689192997E-014  -1.0151087240731982E-014
 >>> 卫星在地固系坐标为:   -197104.45259540813        172636.51691011604        47533.984707211472     
 >>> 地球非球形引力分量 (地固系), 带谐:    3.2583003741437766E-012  -2.8538250670254718E-012  -2.6554962037211766E-012
 >>> 地球非球形引力分量 (地固系), 田谐:    5.4105119789607161E-015  -4.1680132792311011E-014  -9.7179254848577689E-015
 >>> 卫星在地固系坐标为:   -196336.98041310400        173730.29482215730        47558.886345969819     
 >>> 地球非球形引力分量 (地固系), 带谐:    3.2366047138343413E-012  -2.8639347003000713E-012  -2.6494879281572776E-012
 >>> 地球非球形引力分量 (地固系), 田谐:    4.7371310373541971E-015  -4.1514316751120932E-014  -9.5727426205688765E-015
 >>> 卫星在地固系坐标为:   -193206.45668322645        178071.86051641178        47658.440425337860     
 >>> 地球非球形引力分量 (地固系), 带谐:    3.1498444353135015E-012  -2.9031051475322514E-012  -2.6256313878310520E-012
 >>> 地球非球形引力分量 (地固系), 田谐:    2.0782813127817208E-015  -4.0758362850697938E-014  -8.9884757986230477E-015
 >>> 卫星在地固系坐标为:   -199370.26886954796        169335.59661078537        47459.248209210498     
 >>> 地球非球形引力分量 (地固系), 带谐:    3.3233917571350486E-012  -2.8227304359711754E-012  -2.6736280013482699E-012
 >>> 地球非球形引力分量 (地固系), 田谐:    7.4492474446146207E-015  -4.2120827689199542E-014  -1.0151087240733736E-014
 >>> 卫星在地固系坐标为:   -194783.81757689628        175907.85432510529        47608.673868889447     
 >>> 地球非球形引力分量 (地固系), 带谐:    3.1932189826908327E-012  -2.8837729264320867E-012  -2.6375244739707680E-012
 >>> 地球非球形引力分量 (地固系), 田谐:    3.4004989512094430E-015  -4.1154729599975811E-014  -9.2812831637801996E-015
 >>> 卫星在地固系坐标为:   -197865.83368075575        171539.45197496269        47509.077808732472     
 >>> 地球非球形引力分量 (地固系), 带谐:    3.2799971463627698E-012  -2.8435880136553056E-012  -2.6615222644459095E-012
 >>> 地球非球形引力分量 (地固系), 田谐:    6.0870851834967563E-015  -4.1836535510080661E-014  -9.8627216371503685E-015
 >>> 卫星在地固系坐标为:   -191605.01223983188        180222.04431775524        47708.186062820634     
 >>> 地球非球形引力分量 (地固系), 带谐:    3.1064855134333031E-012  -2.9219338436390611E-012  -2.6138081601383714E-012
 >>> 地球非球形引力分量 (地固系), 田谐:    7.7154812562391731E-016  -4.0325835133529951E-014  -8.6944525664038516E-015
 >>> 卫星在地固系坐标为:   -200850.18048687174        167119.00037039418        47409.397499312043     
 >>> 地球非球形引力分量 (地固系), 带谐:    3.3667839824292219E-012  -2.8013595618521397E-012  -2.6858056618776271E-012
 >>> 地球非球形引力分量 (地固系), 田谐:    8.8224831817571119E-015  -4.2366666456175026E-014  -1.0437706069754854E-014
 >>> 卫星在地固系坐标为:   -191605.01223983188        180222.04431775527        47708.186062820634     
 >>> 地球非球形引力分量 (地固系), 带谐:    3.1064855134332991E-012  -2.9219338436390575E-012  -2.6138081601383669E-012
 >>> 地球非球形引力分量 (地固系), 田谐:    7.7154812562389868E-016  -4.0325835133529920E-014  -8.6944525664038405E-015
 >>> 卫星在地固系坐标为:   -191605.01223984853        180222.04431779886        47708.186062828980     
 >>> 地球非球形引力分量 (地固系), 带谐:    3.1064855134310672E-012  -2.9219338436374116E-012  -2.6138081601367295E-012
 >>> 地球非球形引力分量 (地固系), 田谐:    7.7154812561335950E-016  -4.0325835133501773E-014  -8.6944525663963748E-015
 >>> 卫星在地固系坐标为:   -190885.56748591657        181173.18232430395        47730.290593443162     
 >>> 地球非球形引力分量 (地固系), 带谐:    3.0872205194005973E-012  -2.9301406774923589E-012  -2.6085752359280106E-012
 >>> 地球非球形引力分量 (地固系), 田谐:    1.9602274123910361E-016  -4.0122154778926749E-014  -8.5634182239879744E-015
 >>> 卫星在地固系坐标为:   -190524.06075370489        181647.68860981942        47741.338220628590     
 >>> 地球非球形引力分量 (地固系), 带谐:    3.0775904219432036E-012  -2.9342078077812046E-012  -2.6059645693924959E-012
 >>> 地球非球形引力分量 (地固系), 田谐:   -9.0486935141658429E-017  -4.0017712570681844E-014  -8.4978265606506021E-015
 >>> 卫星在地固系坐标为:   -189979.60174392158        182358.13757621273        47757.910828833577     
 >>> 地球非球形引力分量 (地固系), 带谐:    3.0631466180295097E-012  -2.9402615189165070E-012  -2.6020542856391351E-012
 >>> 地球非球形引力分量 (地固系), 田谐:   -5.1865379508660319E-016  -3.9857794120719965E-014  -8.3993449677860954E-015
 >>> 卫星在地固系坐标为:   -187496.81402715878        185535.27346206526        47832.458947199812     
 >>> 地球非球形引力分量 (地固系), 带谐:    2.9981853518134011E-012  -2.9668191538341687E-012  -2.5845524165671147E-012
 >>> 地球非球形引力分量 (地固系), 田谐:   -2.4207297929209435E-015  -3.9090631222359007E-014  -7.9549365796463723E-015
 >>> 卫星在地固系坐标为:   -186657.36750649154        186586.98465202400        47857.297935218659     
 >>> 地球非球形引力分量 (地固系), 带谐:    2.9765463075245290E-012  -2.9754239418318327E-012  -2.5787525969088111E-012
 >>> 地球非球形引力分量 (地固系), 田谐:   -3.0453971313547391E-015  -3.8817903211789057E-014  -7.8063996806314501E-015
 >>> 卫星在地固系坐标为:   -183240.75349218876        190756.27623402356        47956.602120500407     
 >>> 地球非球形引力分量 (地固系), 带谐:    2.8900778986844825E-012  -3.0086129175560527E-012  -2.5557223656463217E-012
 >>> 地球非球形引力分量 (地固系), 田谐:   -5.4940667123694222E-015  -3.7644420943152983E-014  -7.2106792859937107E-015
 >>> 卫星在地固系坐标为:   -189979.60174391614        182358.13757620443        47757.910828831751     
 >>> 地球非球形引力分量 (地固系), 带谐:    3.0631466180299855E-012  -2.9402615189169153E-012  -2.6020542856395143E-012
 >>> 地球非球形引力分量 (地固系), 田谐:   -5.1865379508558516E-016  -3.9857794120726137E-014  -8.3993449677875422E-015
 >>> 卫星在地固系坐标为:   -184960.79364751297        188679.20707704034        47906.960369578228     
 >>> 地球非球形引力分量 (地固系), 带谐:    2.9332934911128360E-012  -2.9922638150123182E-012  -2.5672037937030322E-012
 >>> 地球非球形引力分量 (地固系), 田谐:   -4.2799676988677578E-015  -3.8247486451293427E-014  -7.5088218529307935E-015
 >>> 卫星在地固系坐标为:   -188330.34568139113        184479.87308923097        47807.614770612105     
 >>> 地球非球形引力分量 (地固系), 带谐:    3.0198321095173189E-012  -2.9580907012033709E-012  -2.5903692634322547E-012
 >>> 地球非球形引力分量 (地固系), 田谐:   -1.7913015935665268E-015  -3.9354915714702505E-014  -8.1032839148522364E-015
 >>> 卫星在地固系坐标为:   -181497.37937888238        192817.92908179053        48006.223234465171     
 >>> 地球非球形引力分量 (地固系), 带谐:    2.8469037280560871E-012  -3.0244738685349500E-012  -2.5443078287668856E-012
 >>> 地球非球形引力分量 (地固系), 田谐:   -6.6867743773334746E-015  -3.7009486979978126E-014  -6.9121000538529493E-015
 >>> 卫星在地固系坐标为:   -191605.01223984853        180222.04431779883        47708.186062828972     
 >>> 地球非球形引力分量 (地固系), 带谐:    3.1064855134310672E-012  -2.9219338436374108E-012  -2.6138081601367295E-012
 >>> 地球非球形引力分量 (地固系), 田谐:    7.7154812561338139E-016  -4.0325835133501779E-014  -8.6944525663963795E-015
 >>> 卫星在地固系坐标为:   -181497.37937888241        192817.92908179059        48006.223234465171     
 >>> 地球非球形引力分量 (地固系), 带谐:    2.8469037280560847E-012  -3.0244738685349475E-012  -2.5443078287668832E-012
 >>> 地球非球形引力分量 (地固系), 田谐:   -6.6867743773334746E-015  -3.7009486979978094E-014  -6.9121000538529430E-015
 >>> 卫星在地固系坐标为:   -181497.37937889592        192817.92908183337        48006.223234473211     
 >>> 地球非球形引力分量 (地固系), 带谐:    2.8469037280541003E-012  -3.0244738685332863E-012  -2.5443078287653561E-012
 >>> 地球非球形引力分量 (地固系), 田谐:   -6.6867743773382819E-015  -3.7009486979951633E-014  -6.9121000538467923E-015
 >>> 卫星在地固系坐标为:   -180715.09945299767        193729.21036616745        48028.272483817520     
 >>> 地球非球形引力分量 (地固系), 带谐:    2.8277291164557938E-012  -3.0313666678576710E-012  -2.5392556195502027E-012
 >>> 地球非球形引力分量 (地固系), 田谐:   -7.2097646921337139E-015  -3.6717267973361625E-014  -6.7792901663354300E-015
 >>> 卫星在地固系坐标为:   -180322.23334266219        194183.67029337888        48039.292532808540     
 >>> 地球非球形引力分量 (地固系), 带谐:    2.8181460149615285E-012  -3.0347779442592940E-012  -2.5367350625957542E-012
 >>> 地球非球形引力分量 (地固系), 田谐:   -7.4695869116550544E-015  -3.6568889148037101E-014  -6.7128675163553879E-015
 >>> 卫星在地固系坐标为:   -179730.80659684847        194863.90369493174        48055.823757941682     
 >>> 地球非球形引力分量 (地固系), 带谐:    2.8037751365328651E-012  -3.0398493087114674E-012  -2.5329597031876632E-012
 >>> 地球非球形引力分量 (地固系), 田谐:   -7.8571983178481266E-015  -3.6343488733169581E-014  -6.6132114050281361E-015
 >>> 卫星在地固系坐标为:   -177037.75305839852        197902.89883538242        48130.186037115585     
 >>> 地球非球形引力分量 (地固系), 带谐:    2.7391767039968581E-012  -3.0620079659761032E-012  -2.5160609963388181E-012
 >>> 地球非球形引力分量 (地固系), 田谐:   -9.5691693049193699E-015  -3.5288061216193411E-014  -6.1645744714004473E-015
 >>> 卫星在地固系坐标为:   -176128.62080520787        198907.77635683000        48154.963218130593     
 >>> 地球非球形引力分量 (地固系), 带谐:    2.7176711167070284E-012  -3.0691543272301268E-012  -2.5104607868679236E-012
 >>> 地球非球形引力分量 (地固系), 田谐:   -1.0127766259455381E-014  -3.4921629915855900E-014  -6.0150104415672503E-015
 >>> 卫星在地固系坐标为:   -172435.33690223511        202885.82253325643        48254.020868981905     
 >>> 地球非球形引力分量 (地固系), 带谐:    2.6317982864058832E-012  -3.0965495221075617E-012  -2.4882218587330364E-012
 >>> 地球非球形引力分量 (地固系), 田谐:   -1.2299202242647788E-014  -3.3385720072598861E-014  -5.4170761354763394E-015
 >>> 卫星在地固系坐标为:   -179730.80659684370        194863.90369492344        48055.823757939914     
 >>> 地球非球形引力分量 (地固系), 带谐:    2.8037751365332828E-012  -3.0398493087118717E-012  -2.5329597031880134E-012
 >>> 地球非球形引力分量 (地固系), 田谐:   -7.8571983178482733E-015  -3.6343488733175172E-014  -6.6132114050292839E-015
 >>> 卫星在地固系坐标为:   -174293.29299966100        200905.15646493612        48204.502246807846     
 >>> 地球非球形引力分量 (地固系), 带谐:    2.6747038002366731E-012  -3.0830892929709757E-012  -2.4993090566610763E-012
 >>> 地球非球形引力分量 (地固系), 田谐:   -1.1226267920595310E-014  -3.4167488718873796E-014  -5.7159480842592908E-015
 >>> 卫星在地固系坐标为:   -177941.17335702031        196893.93931383832        48105.403737147040     
 >>> 地球非球形引力分量 (地固系), 带谐:    2.7606962406853356E-012  -3.0547419004978410E-012  -2.5216775131321263E-012
 >>> 地球非球形引力分量 (地固系), 田谐:   -9.0044741933184162E-015  -3.5647253328359295E-014  -6.3141397144562718E-015
 >>> 卫星在地固系坐标为:   -170554.90237492163        204849.51873612803        48303.519130137116     
 >>> 地球非球形引力分量 (地固系), 带谐:    2.5889585300318219E-012  -3.1095377589263265E-012  -2.4771987332601671E-012
 >>> 地球非球形引力分量 (地固系), 田谐:   -1.3345822432126913E-014  -3.2577233454410909E-014  -5.1185170414142406E-015
 >>> 卫星在地固系坐标为:   -181497.37937889592        192817.92908183334        48006.223234473211     
 >>> 地球非球形引力分量 (地固系), 带谐:    2.8469037280541056E-012  -3.0244738685332911E-012  -2.5443078287653601E-012
 >>> 地球非球形引力分量 (地固系), 田谐:   -6.6867743773382748E-015  -3.7009486979951670E-014  -6.9121000538468017E-015
 >>> 卫星在地固系坐标为:   -170554.90237492166        204849.51873612806        48303.519130137123     
 >>> 地球非球形引力分量 (地固系), 带谐:    2.5889585300318203E-012  -3.1095377589263249E-012  -2.4771987332601651E-012
 >>> 地球非球形引力分量 (地固系), 田谐:   -1.3345822432126896E-014  -3.2577233454410909E-014  -5.1185170414142398E-015
 >>> 卫星在地固系坐标为:   -170554.90237493222        204849.51873616994        48303.519130144858     
 >>> 地球非球形引力分量 (地固系), 带谐:    2.5889585300300690E-012  -3.1095377589246641E-012  -2.4771987332587417E-012
 >>> 地球非球形引力分量 (地固系), 田谐:   -1.3345822432126666E-014  -3.2577233454386896E-014  -5.1185170414093457E-015
 >>> 卫星在地固系坐标为:   -169711.98528429712        205716.76733916864        48325.513839412110     
 >>> 地球非球形引力分量 (地固系), 带谐:    2.5699403466672898E-012  -3.1151590118120802E-012  -2.4723196055093713E-012
 >>> 地球非球形引力分量 (地固系), 田谐:   -1.3802349723211394E-014  -3.2209566545829198E-014  -4.9859554783464027E-015
 >>> 卫星在地固系坐标为:   -169288.86663841252        206149.09609295800        48336.506679462975     
 >>> 地球非球形引力分量 (地固系), 带谐:    2.5604371594256047E-012  -3.1179357302085070E-012  -2.4698853538640747E-012
 >>> 地球非球形引力分量 (地固系), 田谐:   -1.4028595318319622E-014  -3.2023856435071398E-014  -4.9197114287806145E-015
 >>> 卫星在地固系坐标为:   -168652.14215460810        206795.99057379892        48352.997075746105     
 >>> 地球非球形引力分量 (地固系), 带谐:    2.5461884453552007E-012  -3.1220567673673237E-012  -2.4662392242785492E-012
 >>> 地球非球形引力分量 (地固系), 田谐:   -1.4365412296119557E-014  -3.1742956494843854E-014  -4.8203921571372654E-015
 >>> 卫星在地固系坐标为:   -165756.48233960124        209682.84924624293        48427.176001472013     
 >>> 地球非球形引力分量 (地固系), 带谐:    2.4821724160519857E-012  -3.1399615699606626E-012  -2.4499182537913649E-012
 >>> 地球非球形引力分量 (地固系), 田谐:   -1.5842624978876652E-014  -3.0445255352887783E-014  -4.3742816457813772E-015
 >>> 卫星在地固系坐标为:   -164780.26995381157        210636.24991599645        48451.892201076807     
 >>> 地球非球形引力分量 (地固系), 带谐:    2.4608727466575855E-012  -3.1456982502925073E-012  -2.4445092512055992E-012
 >>> 地球非球形引力分量 (地固系), 田谐:   -1.6320791735153446E-014  -3.0000826896313209E-014  -4.2259247438356805E-015
 >>> 卫星在地固系坐标为:   -160820.99946249943        214404.59210859938        48550.706605031912     
 >>> 地球非球形引力分量 (地固系), 带谐:    2.3758816981887333E-012  -3.1674964594236640E-012  -2.4230283682162004E-012
 >>> 地球非球形引力分量 (地固系), 田谐:   -1.8160238108178427E-014  -2.8167077513226156E-014  -3.6346213854503248E-015
 >>> 卫星在地固系坐标为:   -168652.14215460393        206795.99057379065        48352.997075744395     
 >>> 地球非球形引力分量 (地固系), 带谐:    2.5461884453555715E-012  -3.1220567673677296E-012  -2.4662392242788808E-012
 >>> 地球非球形引力分量 (地固系), 田谐:   -1.4365412296120706E-014  -3.1742956494848732E-014  -4.8203921571381300E-015
 >>> 卫星在地固系坐标为:   -162811.47777009645        212529.53529158662        48501.309470799606     
 >>> 地球非球形引力分量 (地固系), 带谐:    2.4183347595877675E-012  -3.1568263470984817E-012  -2.4337378943105076E-012
 >>> 地球非球形引力分量 (地固系), 田谐:   -1.7255305526520996E-014  -2.9094911322955456E-014  -3.9298191071143001E-015
 >>> 卫星在地固系坐标为:   -166727.21185621587        208724.98489101278        48402.454751037469     
 >>> 地球非球形引力分量 (地固系), 带谐:    2.5034919063554578E-012  -3.1341093305119918E-012  -2.4553428796892416E-012
 >>> 地球非球形引力分量 (地固系), 田谐:   -1.5357286654916031E-014  -3.0883833989837049E-014  -4.5228217071989412E-015
 >>> 卫星在地固系坐标为:   -158809.00201960365        216261.17292972145        48600.083648291242     
 >>> 地球非球形引力分量 (地固系), 带谐:    2.3335172754439900E-012  -3.1777114434419173E-012  -2.4123802358636477E-012
 >>> 地球非球形引力分量 (地固系), 田谐:   -1.9035031938612600E-014  -2.7218328827337815E-014  -3.3404468783998282E-015
 >>> 卫星在地固系坐标为:   -170554.90237493222        204849.51873616991        48303.519130144858     
 >>> 地球非球形引力分量 (地固系), 带谐:    2.5889585300300722E-012  -3.1095377589246673E-012  -2.4771987332587454E-012
 >>> 地球非球形引力分量 (地固系), 田谐:   -1.3345822432126667E-014  -3.2577233454386921E-014  -5.1185170414093512E-015
 >>> 卫星在地固系坐标为:   -158809.00201960365        216261.17292972148        48600.083648291242     
 >>> 地球非球形引力分量 (地固系), 带谐:    2.3335172754439884E-012  -3.1777114434419148E-012  -2.4123802358636457E-012
 >>> 地球非球形引力分量 (地固系), 田谐:   -1.9035031938612600E-014  -2.7218328827337799E-014  -3.3404468783998247E-015
 >>> 卫星在地固系坐标为:   -158809.00201961148        216261.17292976234        48600.083648298692     
 >>> 地球非球形引力分量 (地固系), 带谐:    2.3335172754424556E-012  -3.1777114434402714E-012  -2.4123802358623205E-012
 >>> 地球非球形引力分量 (地固系), 田谐:   -1.9035031938608117E-014  -2.7218328827316815E-014  -3.3404468783961111E-015
 >>> 卫星在地固系坐标为:   -157907.92429351245        217080.33378432057        48622.024542812047     
 >>> 地球非球形引力分量 (地固系), 带谐:    2.3147176823956744E-012  -3.1821055805719685E-012  -2.4076669361214452E-012
 >>> 地球非球形引力分量 (地固系), 田谐:   -1.9414013394479204E-014  -2.6790210120204333E-014  -3.2100604196426577E-015
 >>> 卫星在地固系坐标为:   -157455.79903631049        217488.50752406858        48632.990535281271     
 >>> 地球非球形引力分量 (地固系), 带谐:    2.3053253862902039E-012  -3.1842700026944133E-012  -2.4053153748261623E-012
 >>> 地球非球形引力分量 (地固系), 田谐:   -1.9601223523305902E-014  -2.6574711317708692E-014  -3.1449553304834441E-015
 >>> 卫星在地固系坐标为:   -156775.65522651019        218099.03183934171        48649.440645082672     
 >>> 地球非球形引力分量 (地固系), 带谐:    2.2912451639384800E-012  -3.1874741728207809E-012  -2.4017930638337005E-012
 >>> 地球非球形引力分量 (地固系), 田谐:   -1.9879162127171773E-014  -2.6249680706242038E-014  -3.0474095559767585E-015
 >>> 卫星在地固系坐标为:   -153685.98331119621        220820.18246565267        48723.438650003678     
 >>> 地球非球形引力分量 (地固系), 带谐:    2.2280180156695890E-012  -3.2012766171440282E-012  -2.3860256672339292E-012
 >>> 地球非球形引力分量 (地固系), 田谐:   -2.1086795825907345E-014  -2.4761645322061332E-014  -2.6102317385794551E-015
 >>> 卫星在地固系坐标为:   -152645.60674146959        221717.60797204362        48748.094676178276     
 >>> 地球非球形引力分量 (地固系), 带谐:    2.2069923651372398E-012  -3.2056544466396017E-012  -2.3807998852390711E-012
 >>> 地球非球形引力分量 (地固系), 田谐:   -2.1473496570357804E-014  -2.4256802183354761E-014  -2.4651954912087746E-015
 >>> 卫星在地固系坐标为:   -148432.26804189538        225258.38454245054        48846.669050747223     
 >>> 地球非球形引力分量 (地固系), 带谐:    2.1231518821880955E-012  -3.2220606033249062E-012  -2.3600454371437622E-012
 >>> 地球非球形引力分量 (地固系), 田谐:   -2.2939703122939470E-014  -2.2196767995784483E-014  -1.8888630227373193E-015
 >>> 卫星在地固系坐标为:   -156775.65522650667        218099.03183933345        48649.440645081013     
 >>> 地球非球形引力分量 (地固系), 带谐:    2.2912451639388039E-012  -3.1874741728211816E-012  -2.4017930638340107E-012
 >>> 地球非球形引力分量 (地固系), 田谐:   -1.9879162127173714E-014  -2.6249680706246121E-014  -3.0474095559773624E-015
 >>> 卫星在地固系坐标为:   -150549.25856290830        223497.84118993845        48797.391798576704     
 >>> 地球非球形引力分量 (地固系), 带谐:    2.1650188228834186E-012  -3.2140778218966360E-012  -2.3703930298716452E-012
 >>> 地球非球形引力分量 (地固系), 田谐:   -2.2222816172078303E-014  -2.3234653811391319E-014  -2.1762397239276226E-015
 >>> 卫星在地固系坐标为:   -154721.13167613663        219917.92445541528        48698.777639674918     
 >>> 地球非球形引力分量 (地固系), 带谐:    2.2490689963224504E-012  -3.1967875381339612E-012  -2.3912664223518682E-012
 >>> 地球非球形引力分量 (地固系), 田谐:   -2.0692136653197187E-014  -2.5262159650930555E-014  -2.7556220250187883E-015
 >>> 卫星在地固系坐标为:   -146294.81880963803        226999.00013673678        48895.926476268454     
 >>> 地球非球形引力分量 (地固系), 带谐:    2.0813950156629031E-012  -3.2296057460507938E-012  -2.3497566914667167E-012
 >>> 地球非球形引力分量 (地固系), 田谐:   -2.3623798567469227E-014  -2.1144205107697795E-014  -1.6031721817836030E-015
 >>> 卫星在地固系坐标为:   -158809.00201961148        216261.17292976231        48600.083648298692     
 >>> 地球非球形引力分量 (地固系), 带谐:    2.3335172754424556E-012  -3.1777114434402706E-012  -2.4123802358623205E-012
 >>> 地球非球形引力分量 (地固系), 田谐:   -1.9035031938608113E-014  -2.7218328827316828E-014  -3.3404468783961147E-015
 >>> 卫星在地固系坐标为:   -146294.81880963803        226999.00013673681        48895.926476268454     
 >>> 地球非球形引力分量 (地固系), 带谐:    2.0813950156629019E-012  -3.2296057460507921E-012  -2.3497566914667155E-012
 >>> 地球非球形引力分量 (地固系), 田谐:   -2.3623798567469218E-014  -2.1144205107697776E-014  -1.6031721817836007E-015
 >>> 卫星在地固系坐标为:   -146294.81880964321        226999.00013677651        48895.926476275643     
 >>> 地球非球形引力分量 (地固系), 带谐:    2.0813950156615674E-012  -3.2296057460491725E-012  -2.3497566914654796E-012
 >>> 地球非球形引力分量 (地固系), 田谐:   -2.3623798567461298E-014  -2.1144205107680219E-014  -1.6031721817809830E-015
 >>> 卫星在地固系坐标为:   -145338.32883550329        227766.15768577275        48917.814265948815     
 >>> 地球非球形引力分量 (地固系), 带谐:    2.0628723126505236E-012  -3.2328189281752517E-012  -2.3452023246156868E-012
 >>> 地球非球形引力分量 (地固系), 田谐:   -2.3917225192037265E-014  -2.0671963592782161E-014  -1.4767669583854702E-015
 >>> 卫星在地固系坐标为:   -144858.57861928252        228148.22283363761        48928.753764527864     
 >>> 地球非球形引力分量 (地固系), 带谐:    2.0536199542056353E-012  -3.2343941752949439E-012  -2.3429300172057542E-012
 >>> 地球非球形引力分量 (地固系), 田谐:   -2.4061482667779234E-014  -2.0434868924503321E-014  -1.4137002540536817E-015
 >>> 卫星在地固系坐标为:   -144137.09722837523        228719.45177551717        48945.164118705790     
 >>> 地球非球形引力分量 (地固系), 带谐:    2.0397516561407249E-012  -3.2367162203323957E-012  -2.3395263806859496E-012
 >>> 地球非球形引力分量 (地固系), 田谐:   -2.4274777194949383E-014  -2.0078031399387884E-014  -1.3192724588377491E-015
 >>> 卫星在地固系坐标为:   -140862.91852826058        231261.80940283588        49018.983583900728     
 >>> 地球非球形引力分量 (地固系), 带谐:    1.9775068538819295E-012  -3.2465734624367752E-012  -2.3242895867960307E-012
 >>> 地球非球形引力分量 (地固系), 田谐:   -2.5188522146100718E-014  -1.8455594645499678E-014  -8.9700760252196306E-016
 >>> 卫星在地固系坐标为:   -139761.59598763296        232098.92708289402        49043.580227520615     
 >>> 地球非球形引力分量 (地固系), 带谐:    1.9568189905055021E-012  -3.2496451187631487E-012  -2.3192394323413998E-012
 >>> 地球非球形引力分量 (地固系), 田谐:   -2.5476250701385759E-014  -1.7909139725684071E-014  -7.5725952052029172E-016
 >>> 卫星在地固系坐标为:   -135307.30909876211        235394.95604655935        49141.917722209786     
 >>> 地球非球形引力分量 (地固系), 带谐:    1.8743805533181888E-012  -3.2608713520480269E-012  -2.2991813628683542E-012
 >>> 地球非球形引力分量 (地固系), 田谐:   -2.6542192826918903E-014  -1.5698701383190190E-014  -2.0363433296458450E-016
 >>> 卫星在地固系坐标为:   -144137.09722837232        228719.45177550899        48945.164118704182     
 >>> 地球非球形引力分量 (地固系), 带谐:    2.0397516561410048E-012  -3.2367162203327887E-012  -2.3395263806862404E-012
 >>> 地球非球形引力分量 (地固系), 田谐:   -2.4274777194951929E-014  -2.0078031399391134E-014  -1.3192724588381179E-015
 >>> 卫星在地固系坐标为:   -137544.20253453273        233757.48712956902        49092.758780140197     
 >>> 地球非球形引力分量 (地固系), 带谐:    1.9155363514188600E-012  -3.2554695564183846E-012  -2.3091819874853317E-012
 >>> 地球非球形引力分量 (地固系), 田谐:   -2.6026262894720512E-014  -1.6808574375961008E-014  -4.7934885175325214E-016
 >>> 卫星在地固系坐标为:   -141959.29236749580        230419.50499236453        48994.382021395664     
 >>> 地球非球形引力分量 (地固系), 带谐:    1.9982251966588831E-012  -3.2433950113351940E-012  -2.3293540960853967E-012
 >>> 地球非球形引力分量 (地固系), 田谐:   -2.4892347282151090E-014  -1.8999317968144740E-014  -1.0372675423954517E-015
 >>> 卫星在地固系坐标为:   -133051.11542571313        237011.10659290582        49191.057096395853     
 >>> 地球非球形引力分量 (地固系), 带谐:    1.8333548307801071E-012  -3.2658535468141408E-012  -2.2892371631607037E-012
 >>> 地球非球形引力分量 (地固系), 田谐:   -2.7023882893674354E-014  -1.4580600967916492E-014   6.9786925949685172E-017
 >>> 卫星在地固系坐标为:   -146294.81880964321        226999.00013677648        48895.926476275643     
 >>> 地球非球形引力分量 (地固系), 带谐:    2.0813950156615695E-012  -3.2296057460491749E-012  -2.3497566914654816E-012
 >>> 地球非球形引力分量 (地固系), 田谐:   -2.3623798567461310E-014  -2.1144205107680238E-014  -1.6031721817809854E-015
 >>> 卫星在地固系坐标为:   -133051.11542571313        237011.10659290585        49191.057096395853     
 >>> 地球非球形引力分量 (地固系), 带谐:    1.8333548307801051E-012  -3.2658535468141372E-012  -2.2892371631607013E-012
 >>> 地球非球形引力分量 (地固系), 田谐:   -2.7023882893674332E-014  -1.4580600967916464E-014   6.9786925949688204E-017
 >>> 卫星在地固系坐标为:   -133051.11542571586        237011.10659294433        49191.057096402779     
 >>> 地球非球形引力分量 (地固系), 带谐:    1.8333548307789564E-012  -3.2658535468125531E-012  -2.2892371631595493E-012
 >>> 地球非球形引力分量 (地固系), 田谐:   -2.7023882893663837E-014  -1.4580600967902567E-014   6.9786925951304716E-017
 >>> 卫星在地固系坐标为:   -132042.22556386411        237722.50302144495        49212.892476183799     
 >>> 地球非球形引力分量 (地固系), 带谐:    1.8151634834989889E-012  -3.2679334572545591E-012  -2.2848351720920411E-012
 >>> 地球非球形引力分量 (地固系), 田谐:   -2.7226938809054227E-014  -1.4081306828042923E-014   1.9054634156613330E-016
 >>> 卫星在地固系坐标为:   -131536.36378024306        238076.58537538597        49223.805827117569     
 >>> 地球非球形引力分量 (地固系), 带谐:    1.8060781930368888E-012  -3.2689434066882278E-012  -2.2826388504753160E-012
 >>> 地球非球形引力分量 (地固系), 田谐:   -2.7325924719523244E-014  -1.3831163258694042E-014   2.5074655244260279E-016
 >>> 卫星在地固系坐标为:   -130775.82388320762        238605.71341343928        49240.176945351079     
 >>> 地球非球形引力分量 (地固系), 带谐:    1.7924623788470401E-012  -3.2704191950150393E-012  -2.2793489962741287E-012
 >>> 地球非球形引力分量 (地固系), 田谐:   -2.7471208810886484E-014  -1.3455353090444505E-014   3.4081953153230237E-016
 >>> 卫星在地固系坐标为:   -127327.52715596894        240956.74090968247        49313.820201815332     
 >>> 地球非球形引力分量 (地固系), 带谐:    1.7313804755527860E-012  -3.2764933552257251E-012  -2.2646209577558763E-012
 >>> 地球非球形引力分量 (地固系), 田谐:   -2.8077574633986273E-014  -1.1756438848749143E-014   7.4268533700160675E-016
 >>> 卫星在地固系坐标为:   -126168.76968164032        241729.40405113521        49338.358237142165     
 >>> 地球非球形引力分量 (地固系), 带谐:    1.7110898700942481E-012  -3.2783131326357521E-012  -2.2597392087953054E-012
 >>> 地球非球形引力分量 (地固系), 田谐:   -2.8262436760425269E-014  -1.1187727494342389E-014   8.7534594845854376E-016
 >>> 卫星在地固系坐标为:   -121487.81727703901        244764.26391283292        49436.461935401880     
 >>> 地球非球形引力分量 (地固系), 带谐:    1.6302878009751198E-012  -3.2845778491664722E-012  -2.2403489279094903E-012
 >>> 地球非球形引力分量 (地固系), 田谐:   -2.8915542553972092E-014  -8.9044212541565265E-015   1.3992170824297894E-015
 >>> 卫星在地固系坐标为:   -130775.82388320524        238605.71341343119        49240.176945349522     
 >>> 地球非球形引力分量 (地固系), 带谐:    1.7924623788472818E-012  -3.2704191950154287E-012  -2.2793489962744050E-012
 >>> 地球非球形引力分量 (地固系), 田谐:   -2.7471208810889492E-014  -1.3455353090446857E-014   3.4081953153216008E-016
 >>> 卫星在地固系坐标为:   -123837.42472977978        243258.04684054069        49387.419764420760     
 >>> 地球非球形引力分量 (地固系), 带谐:    1.6706160067476014E-012  -3.2816475932758824E-012  -2.2500168200894584E-012
 >>> 地球非球形引力分量 (地固系), 田谐:   -2.8606255371016502E-014  -1.0047499431147600E-014   1.1386577884877054E-015
 >>> 卫星在地固系坐标为:   -128481.63944711356        240178.55306569004        49289.277311506092     
 >>> 地球非球形引力分量 (地固系), 带谐:    1.7517063531800017E-012  -3.2745713637622892E-012  -2.2695164733658181E-012
 >>> 地球非球形引力分量 (地固系), 田谐:   -2.7884079469308184E-014  -1.2324036450816703E-014   6.0936983303721419E-016
 >>> 卫星在地固系坐标为:   -119120.16254998778        246247.83977434208        49485.484791865725     
 >>> 地球非球形引力分量 (地固系), 带谐:    1.5901082516318189E-012  -3.2871070152156340E-012  -2.2307351560501746E-012
 >>> 地球非球形引力分量 (地固系), 田谐:   -2.9190337864068199E-014  -7.7595567839240726E-015   1.6569373993392017E-015
 >>> 卫星在地固系坐标为:   -133051.11542571586        237011.10659294430        49191.057096402779     
 >>> 地球非球形引力分量 (地固系), 带谐:    1.8333548307789580E-012  -3.2658535468125563E-012  -2.2892371631595518E-012
 >>> 地球非球形引力分量 (地固系), 田谐:   -2.7023882893663847E-014  -1.4580600967902570E-014   6.9786925951305615E-017
 >>> 卫星在地固系坐标为:   -119120.16254998778        246247.83977434208        49485.484791865725     
 >>> 地球非球形引力分量 (地固系), 带谐:    1.5901082516318189E-012  -3.2871070152156340E-012  -2.2307351560501746E-012
 >>> 地球非球形引力分量 (地固系), 田谐:   -2.9190337864068199E-014  -7.7595567839240726E-015   1.6569373993392017E-015
 >>> 卫星在地固系坐标为:   -119120.16254998825        246247.83977437924        49485.484791872404     
 >>> 地球非球形引力分量 (地固系), 带谐:    1.5901082516308366E-012  -3.2871070152140858E-012  -2.2307351560490954E-012
 >>> 地球非球形引力分量 (地固系), 田谐:   -2.9190337864055836E-014  -7.7595567839138348E-015   1.6569373993399255E-015
 >>> 卫星在地固系坐标为:   -118062.14002190235        246899.89279683930        49507.268442171000     
 >>> 地球非球形引力分量 (地固系), 带谐:    1.5722989265023836E-012  -3.2881026578546422E-012  -2.2264793026318500E-012
 >>> 地球非球形引力分量 (地固系), 田谐:   -2.9301410699056062E-014  -7.2504305151173427E-015   1.7705460334806080E-015
 >>> 卫星在地固系坐标为:   -117531.80722204919        247224.20640365360        49518.155984470162     
 >>> 地球非球形引力分量 (地固系), 带谐:    1.5634059358175500E-012  -3.2885718419953371E-012  -2.2243558576133038E-012
 >>> 地球非球形引力分量 (地固系), 田谐:   -2.9354406624814003E-014  -6.9958440185151419E-015   1.8271318952409463E-015
 >>> 卫星在地固系坐标为:   -116734.67828814800        247708.56099410256        49534.488375578112     
 >>> 地球非球形引力分量 (地固系), 带谐:    1.5500803185121581E-012  -3.2892382174227558E-012  -2.2211751313673331E-012
 >>> 地球非球形引力分量 (地固系), 田谐:   -2.9430712870061266E-014  -6.6139637127876838E-015   1.9117341711741071E-015
 >>> 卫星在地固系坐标为:   -113123.50395800159        249856.32864044802        49607.957705651315     
 >>> 地球非球形引力分量 (地固系), 带谐:    1.4903290780178853E-012  -3.2916957031131101E-012  -2.2069350615675298E-012
 >>> 地球非球形引力分量 (地固系), 田谐:   -2.9726971786167424E-014  -4.8965040640956355E-015   2.2882673305368057E-015
 >>> 卫星在地固系坐标为:   -111911.10457495898        250560.59626156566        49632.437890805712     
 >>> 地球非球形引力分量 (地固系), 带谐:    1.4704909455889799E-012  -3.2923192879149836E-012  -2.2022148462370905E-012
 >>> 地球非球形引力分量 (地固系), 田谐:   -2.9808646386692742E-014  -4.3247862819817374E-015   2.4122282471599206E-015
 >>> 卫星在地固系坐标为:   -107018.88758731172        253318.70458736629        49730.310811907708     
 >>> 地球非球形引力分量 (地固系), 带谐:    1.3915425833477523E-012  -3.2938462783423941E-012  -2.1834651479786051E-012
 >>> 地球非球形引力分量 (地固系), 田谐:   -3.0050543221394014E-014  -2.0451926151801257E-015   2.9000608037423477E-015
 >>> 卫星在地固系坐标为:   -116734.67828814618        247708.56099409459        49534.488375576599     
 >>> 地球非球形引力分量 (地固系), 带谐:    1.5500803185123616E-012  -3.2892382174231326E-012  -2.2211751313675912E-012
 >>> 地球非球形引力分量 (地固系), 田谐:   -2.9430712870064497E-014  -6.6139637127891787E-015   1.9117341711741576E-015
 >>> 卫星在地固系坐标为:   -109473.46299542820        251951.49401336801        49681.383905015115     
 >>> 地球非球形引力分量 (地固系), 带谐:    1.4309352310179389E-012  -3.2932754607971971E-012  -2.1928138546705740E-012
 >>> 地球非球形引力分量 (地固系), 田谐:   -2.9946505118620477E-014  -3.1832782872962864E-015   2.6577659152928095E-015
 >>> 卫星在地固系坐标为:   -114331.58472421634        249146.21623170361        49583.472728089604     
 >>> 地球非球形引力分量 (地固系), 带谐:    1.5102069224609597E-012  -3.2909745925911095E-012  -2.2116684837814014E-012
 >>> 地球非球形引力分量 (地固系), 田谐:   -2.9636770838161602E-014  -5.4686926662280399E-015   2.1635247139945487E-015
 >>> 卫星在地固系坐标为:   -104547.60836163304        254662.02528918564        49779.218652402466     
 >>> 地球非球形引力分量 (地固系), 带谐:    1.3523157685514355E-012  -3.2940349171697765E-012  -2.1741683680176635E-012
 >>> 地球非球形引力分量 (地固系), 田谐:   -3.0120987047182807E-014  -9.1154251639923489E-016   3.1390379577438805E-015
 >>> 卫星在地固系坐标为:   -119120.16254998826        246247.83977437922        49485.484791872404     
 >>> 地球非球形引力分量 (地固系), 带谐:    1.5901082516308362E-012  -3.2871070152140858E-012  -2.2307351560490954E-012
 >>> 地球非球形引力分量 (地固系), 田谐:   -2.9190337864055842E-014  -7.7595567839138616E-015   1.6569373993399192E-015
 >>> 卫星在地固系坐标为:   -104547.60836163304        254662.02528918564        49779.218652402466     
 >>> 地球非球形引力分量 (地固系), 带谐:    1.3523157685514355E-012  -3.2940349171697765E-012  -2.1741683680176635E-012
 >>> 地球非球形引力分量 (地固系), 田谐:   -3.0120987047182807E-014  -9.1154251639923489E-016   3.1390379577438805E-015
 >>> 卫星在地固系坐标为:   -104547.60836163138        254662.02528922138        49779.218652408905     
 >>> 地球非球形引力分量 (地固系), 带谐:    1.3523157685506083E-012  -3.2940349171682768E-012  -2.1741683680166550E-012
 >>> 地球非球形引力分量 (地固系), 田谐:   -3.0120987047169409E-014  -9.1154251639266033E-016   3.1390379577438044E-015
 >>> 卫星在地固系坐标为:   -103443.96494172388        255251.34540604602        49800.951239508628     
 >>> 地球非球形引力分量 (地固系), 带谐:    1.3349353737717462E-012  -3.2939964199682650E-012  -2.1700527152698070E-012
 >>> 地球非球形引力分量 (地固系), 田谐:   -3.0141573416880587E-014  -4.0938416365928883E-016   3.2441654315843688E-015
 >>> 卫星在地固系坐标为:   -102890.92364633785        255544.20117583190        49811.813305154632     
 >>> 地球非球形引力分量 (地固系), 带谐:    1.3262580367672130E-012  -3.2939499282137846E-012  -2.1679991876768733E-012
 >>> 地球非球形引力分量 (地固系), 田谐:   -3.0149411359978418E-014  -1.5873516231937092E-016   3.2964767542419391E-015
 >>> 卫星在地固系坐标为:   -102059.85771913284        255981.25565839713        49828.107467403286     
 >>> 地球非球形引力分量 (地固系), 带谐:    1.3132575140543747E-012  -3.2938445630170948E-012  -2.1649231595361253E-012
 >>> 地球非球形引力分量 (地固系), 田谐:   -3.0158092664933972E-014   2.1667030466609850E-016   3.3746243987832554E-015
 >>> 卫星在地固系坐标为:   -98297.862066485206        257914.49889475186        49901.405106145488     
 >>> 地球非球形引力分量 (地固系), 带谐:    1.2549920547903258E-012  -3.2928554103162048E-012  -2.1511512733304390E-012
 >>> 地球非球形引力分量 (地固系), 田谐:   -3.0151873951615709E-014   1.8966341091643185E-015   3.7214917367276347E-015
 >>> 卫星在地固系坐标为:   -97035.883633041434        258546.65487788536        49925.828183563142     
 >>> 地球非球形引力分量 (地固系), 带谐:    1.2356574039477547E-012  -3.2923396624483391E-012  -2.1465860504427486E-012
 >>> 地球非球形引力分量 (地固系), 田谐:   -3.0133459283776917E-014   2.4528400830241656E-015   3.8353431992278684E-015
 >>> 卫星在地固系坐标为:   -91948.871545372967        261013.34426040389        50023.473284411069     
 >>> 地球非球形引力分量 (地固系), 带谐:    1.1587633059652365E-012  -3.2893572331334178E-012  -2.1284510359522345E-012
 >>> 地球非球形引力分量 (地固系), 田谐:   -2.9979267464119272E-014   4.6555657512169994E-015   4.2816734671688013E-015
 >>> 卫星在地固系坐标为:   -102059.85771913153        255981.25565838930        49828.107467401824     
 >>> 地球非球形引力分量 (地固系), 带谐:    1.3132575140545456E-012  -3.2938445630174651E-012  -2.1649231595363700E-012
 >>> 地球非球形引力分量 (地固系), 田谐:   -3.0158092664937323E-014   2.1667030466544510E-016   3.3746243987834826E-015
 >>> 卫星在地固系坐标为:   -94500.136752444509        259792.43421900278        49974.660165717010     
 >>> 地球非球形引力分量 (地固系), 带谐:    1.1971208114961506E-012  -3.2910315303302259E-012  -2.1374934536592673E-012
 >>> 地球非球形引力分量 (地固系), 田谐:   -3.0072376646371339E-014   3.5588588981068441E-015   4.0603396177522861E-015
 >>> 卫星在地固系坐标为:   -99555.870436081474        257276.19749232518        49876.977297605437     
 >>> 地球非球形引力分量 (地固系), 带谐:    1.2743705089468108E-012  -3.2932784104247882E-012  -2.1557291701775319E-012
 >>> 地球非球形引力分量 (地固系), 田谐:   -3.0162145388869046E-014   1.3384565342075905E-015   3.6067491394949829E-015
 >>> 卫星在地固系坐标为:   -89382.332039311048        262209.19611723837        50072.267579727108     
 >>> 地球非球形引力分量 (地固系), 带谐:    1.1205874236594338E-012  -3.2873199975091198E-012  -2.1194584562435514E-012
 >>> 地球非球形引力分量 (地固系), 田谐:   -2.9854528853233614E-014   5.7420290157861631E-015   4.4992818646330831E-015
 >>> 卫星在地固系坐标为:   -104547.60836163138        254662.02528922135        49779.218652408905     
 >>> 地球非球形引力分量 (地固系), 带谐:    1.3523157685506093E-012  -3.2940349171682789E-012  -2.1741683680166570E-012
 >>> 地球非球形引力分量 (地固系), 田谐:   -3.0120987047169446E-014  -9.1154251639267097E-016   3.1390379577438059E-015
 >>> 卫星在地固系坐标为:   -89382.332039311033        262209.19611723843        50072.267579727108     
 >>> 地球非球形引力分量 (地固系), 带谐:    1.1205874236594319E-012  -3.2873199975091158E-012  -2.1194584562435494E-012
 >>> 地球非球形引力分量 (地固系), 田谐:   -2.9854528853233595E-014   5.7420290157861679E-015   4.4992818646330800E-015
 >>> 卫星在地固系坐标为:   -89382.332039307395        262209.19611727272        50072.267579733329     
 >>> 地球非球形引力分量 (地固系), 带谐:    1.1205874236587459E-012  -3.2873199975076666E-012  -2.1194584562426059E-012
 >>> 地球非球形引力分量 (地固系), 田谐:   -2.9854528853219856E-014   5.7420290157892444E-015   4.4992818646323045E-015
 >>> 卫星在地固系坐标为:   -88236.812583294944        262732.60325967410        50093.949756189140     
 >>> 地球非球形引力分量 (地固系), 带谐:    1.1036791563961744E-012  -3.2862984216443215E-012  -2.1154773516361138E-012
 >>> 地球非球形引力分量 (地固系), 田谐:   -2.9789042253840988E-014   6.2213725864724774E-015   4.5947842248255222E-015
 >>> 卫星在地固系坐标为:   -87662.941514046441        262992.41727027594        50104.786670331501     
 >>> 地球非球形引力分量 (地固系), 带谐:    1.0952389728195853E-012  -3.2857618051099007E-012  -2.1134909240024645E-012
 >>> 地球非球形引力分量 (地固系), 田谐:   -2.9754006019923721E-014   6.4601942921145927E-015   4.6422543110734804E-015
 >>> 卫星在地固系坐标为:   -86800.764524269034        263379.80329988286        50121.043091731284     
 >>> 地球非球形引力分量 (地固系), 带谐:    1.0825956630050491E-012  -3.2849230572831434E-012  -2.1105153761884238E-012
 >>> 地球非球形引力分量 (地固系), 田谐:   -2.9698584474263124E-014   6.8173334159209928E-015   4.7131039823808801E-015
 >>> 卫星在地固系坐标为:   -82900.779976490740        265087.97833568940        50194.171228250510     
 >>> 地球非球形引力分量 (地固系), 带谐:    1.0259586222517459E-012  -3.2806602918079971E-012  -2.0971928345425897E-012
 >>> 地球非球形引力分量 (地固系), 田谐:   -2.9407147532797205E-014   8.4074072032166596E-015   5.0266099099722564E-015
 >>> 卫星在地固系坐标为:   -81593.541753077036        265644.54983049707        50218.537925122095     
 >>> 地球非球形引力分量 (地固系), 带谐:    1.0071743110972226E-012  -3.2790630327328932E-012  -2.0927763753053555E-012
 >>> 地球非球形引力分量 (地固系), 田谐:   -2.9294902132671872E-014   8.9308906623725167E-015   5.1291564060248421E-015
 >>> 卫星在地固系坐标为:   -76329.217746673603        267806.14088068937        50315.958101997479     
 >>> 地球非球形引力分量 (地固系), 带谐:    9.3251848235129009E-013  -3.2718031630725007E-012  -2.0752313806729866E-012
 >>> 地球非球形引力分量 (地固系), 田谐:   -2.8772117166422752E-014   1.0989269641740938E-014   5.5293855863729348E-015
 >>> 卫星在地固系坐标为:   -86800.764524268234        263379.80329987523        50121.043091729865     
 >>> 地球非球形引力分量 (地固系), 带谐:    1.0825956630051864E-012  -3.2849230572834948E-012  -2.1105153761886492E-012
 >>> 地球非球形引力分量 (地固系), 田谐:   -2.9698584474266387E-014   6.8173334159210906E-015   4.7131039823812493E-015
 >>> 卫星在地固系坐标为:   -78968.390136370217        266738.32842297904        50267.257325851519     
 >>> 地球非球形引力分量 (地固系), 带谐:    9.6974952780172688E-013  -3.2756064494680821E-012  -2.0839797913339038E-012
 >>> 地球非球形引力分量 (地固系), 田谐:   -2.9048138677868580E-014   9.9674012081470872E-015   5.3312754203068118E-015
 >>> 卫星在地固系坐标为:   -84204.417521746320        264524.98174219858        50169.799860287334     
 >>> 地球非球形引力分量 (地固系), 带谐:    1.0447904845767208E-012  -3.2821696532216356E-012  -2.1016214601782758E-012
 >>> 地球非球形引力分量 (地固系), 田谐:   -2.9511883928354126E-014   7.8805807615611130E-015   4.9230810583899476E-015
 >>> 卫星在地固系坐标为:   -73676.281793210597        268847.81309152039        50364.640292827717     
 >>> 地球非球形引力分量 (地固系), 带谐:    8.9548348497974640E-013  -3.2676564389079101E-012  -2.0665308183755848E-012
 >>> 地球非球形引力分量 (地固系), 田谐:   -2.8467384534080670E-014   1.1995673002152666E-014   5.7234364855433765E-015
 >>> 卫星在地固系坐标为:   -89382.332039307395        262209.19611727272        50072.267579733329     
 >>> 地球非球形引力分量 (地固系), 带谐:    1.1205874236587459E-012  -3.2873199975076666E-012  -2.1194584562426059E-012
 >>> 地球非球形引力分量 (地固系), 田谐:   -2.9854528853219856E-014   5.7420290157892444E-015   4.4992818646323045E-015
 >>> 卫星在地固系坐标为:   -73676.281793210612        268847.81309152039        50364.640292827724     
 >>> 地球非球形引力分量 (地固系), 带谐:    8.9548348497974650E-013  -3.2676564389079101E-012  -2.0665308183755848E-012
 >>> 地球非球形引力分量 (地固系), 田谐:   -2.8467384534080670E-014   1.1995673002152666E-014   5.7234364855433765E-015
 >>> 卫星在地固系坐标为:   -73676.281793205140        268847.81309155322        50364.640292833727     
 >>> 地球非球形引力分量 (地固系), 带谐:    8.9548348497918903E-013  -3.2676564389065174E-012  -2.0665308183747031E-012
 >>> 地球非球形引力分量 (地固系), 田谐:   -2.8467384534067190E-014   1.1995673002152564E-014   5.7234364855420094E-015
 >>> 卫星在地固系坐标为:   -72492.851632196500        269302.35257922491        50386.272697855384     
 >>> 地球非球形引力分量 (地固系), 带谐:    8.7908688440209578E-013  -3.2657035936751773E-012  -2.0626788781697682E-012
 >>> 地球非球形引力分量 (地固系), 田谐:   -2.8322875936024415E-014   1.2437786809768800E-014   5.8083648020217837E-015
 >>> 卫星在地固系坐标为:   -71900.139377980508        269527.65403437713        50397.084779002507     
 >>> 地球非球形引力分量 (地固系), 带谐:    8.7090352651126612E-013  -3.2647027727839791E-012  -2.0607568669385874E-012
 >>> 地球非球形引力分量 (地固系), 田谐:   -2.8248559188303875E-014   1.2657619690632604E-014   5.8505246565796366E-015
 >>> 卫星在地固系坐标为:   -71009.841603886671        269863.17349420092        50413.303937593926     
 >>> 地球非球形引力分量 (地固系), 带谐:    8.5864680869844275E-013  -3.2631695476609395E-012  -2.0578777820791737E-012
 >>> 地球非球形引力分量 (地固系), 田谐:   -2.8134510354423461E-014   1.2985808741507705E-014   5.9133797997839498E-015
 >>> 卫星在地固系坐标为:   -66985.433260619029        271336.51052261185        50486.264716326972     
 >>> 地球非球形引力分量 (地固系), 带谐:    8.0376852675207282E-013  -3.2558085646513970E-012  -2.0449866400682753E-012
 >>> 地球非球形引力分量 (地固系), 田谐:   -2.7583733404139690E-014   1.4438806850047933E-014   6.1904925382585159E-015
 >>> 卫星在地固系坐标为:   -65637.496192608975        271814.28555148275        50510.575745022383     
 >>> 地球非球形引力分量 (地固系), 带谐:    7.8557732513395968E-013  -3.2531883719351339E-012  -2.0407130109417450E-012
 >>> 地球非球形引力分量 (地固系), 田谐:   -2.7386724547889423E-014   1.4914172819479033E-014   6.2807609361361314E-015
 >>> 卫星在地固系坐标为:   -60214.297335074647        273658.15656841098        50607.773835269654     
 >>> 地球非球形引力分量 (地固系), 带谐:    7.1332747330445827E-013  -3.2418858977599069E-012  -2.0237345395442695E-012
 >>> 地球非球形引力分量 (地固系), 田谐:   -2.6533741667460400E-014   1.6768371918628509E-014   6.6311846233702589E-015
 >>> 卫星在地固系坐标为:   -71009.841603886336        269863.17349419353        50413.303937592551     
 >>> 地球非球形引力分量 (地固系), 带谐:    8.5864680869855039E-013  -3.2631695476612747E-012  -2.0578777820793849E-012
 >>> 地球非球形引力分量 (地固系), 田谐:   -2.8134510354426532E-014   1.2985808741508484E-014   5.9133797997844397E-015
 >>> 卫星在地固系坐标为:   -62932.119941734883        272749.70707211387        50559.183985420947     
 >>> 地球非球形引力分量 (地固系), 带谐:    7.4934887823566478E-013  -3.2477006530659130E-012  -2.0322006441847488E-012
 >>> 地球非球形引力分量 (地固系), 田谐:   -2.6973058775441314E-014   1.5850903399780578E-014   6.4581126640154975E-015
 >>> 卫星在地固系坐标为:   -68330.158580501433        270852.05310778203        50461.949075351447     
 >>> 地球非球形引力分量 (地固系), 带谐:    8.2201068918636787E-013  -3.2583457651480359E-012  -2.0492719520083737E-012
 >>> 地球非球形引力分量 (地固系), 田谐:   -2.7774086126221908E-014   1.3958895329606142E-014   6.0991693176444734E-015
 >>> 卫星在地固系坐标为:   -57484.297867098765        274539.47561250697        50656.345333044461     
 >>> 地球非球形引力分量 (地固系), 带谐:    6.7751519849524950E-013  -3.2357473991319191E-012  -2.0153143873276774E-012
 >>> 地球非球形引力分量 (地固系), 田谐:   -2.6069445018674898E-014   1.7665886379716103E-014   6.7999390497935859E-015
 >>> 卫星在地固系坐标为:   -73676.281793205140        268847.81309155322        50364.640292833727     
 >>> 地球非球形引力分量 (地固系), 带谐:    8.9548348497918903E-013  -3.2676564389065174E-012  -2.0665308183747031E-012
 >>> 地球非球形引力分量 (地固系), 田谐:   -2.8467384534067190E-014   1.1995673002152564E-014   5.7234364855420094E-015
 >>> 卫星在地固系坐标为:   -57484.297867098765        274539.47561250697        50656.345333044461     
 >>> 地球非球形引力分量 (地固系), 带谐:    6.7751519849524950E-013  -3.2357473991319191E-012  -2.0153143873276774E-012
 >>> 地球非球形引力分量 (地固系), 田谐:   -2.6069445018674898E-014   1.7665886379716103E-014   6.7999390497935859E-015
 >>> 卫星在地固系坐标为:   -57484.297867091642        274539.47561253828        50656.345333050253     
 >>> 地球非球形引力分量 (地固系), 带谐:    6.7751519849480945E-013  -3.2357473991305871E-012  -2.0153143873268538E-012
 >>> 地球非球形引力分量 (地固系), 田谐:   -2.6069445018662201E-014   1.7665886379713190E-014   6.7999390497917328E-015
 >>> 卫星在地固系坐标为:   -56267.129118298741        274922.43334359018        50677.928592872333     
 >>> 地球非球形引力分量 (地固系), 带谐:    6.6166620456187126E-013  -3.2329156626583435E-012  -2.0115864818888077E-012
 >>> 地球非球形引力分量 (地固系), 田谐:   -2.5855248949262502E-014   1.8058198423050876E-014   6.8735447652749677E-015
 >>> 卫星在地固系坐标为:   -55657.667265094009        275111.87214430101        50688.716153075242     
 >>> 地球非球形引力分量 (地固系), 带谐:    6.5375754670975566E-013  -3.2314768376321099E-012  -2.0097263300994615E-012
 >>> 地球非球形引力分量 (地固系), 田谐:   -2.5746376393157777E-014   1.8252812726052702E-014   6.9100256801268023E-015
 >>> 卫星在地固系坐标为:   -54742.392984549042        275393.50847688771        50704.898517205140     
 >>> 地球非球形引力分量 (地固系), 带谐:    6.4191410530999606E-013  -3.2292884538682433E-012  -2.0069398802871513E-012
 >>> 地球非球形引力分量 (地固系), 田谐:   -2.5580858778869496E-014   1.8542778418606389E-014   6.9643402926986914E-015
 >>> 卫星在地固系坐标为:   -50607.811514435933        276623.06224218750        50777.694039153139     
 >>> 地球非球形引力分量 (地固系), 带谐:    5.8891282871599256E-013  -3.2190064181427280E-012  -1.9944630383333963E-012
 >>> 地球非球形引力分量 (地固系), 田谐:   -2.4803988234410486E-014   1.9818046756156641E-014   7.2027071521626420E-015
 >>> 卫星在地固系坐标为:   -49223.962343761130        277019.10639746487        50801.950097631001     
 >>> 地球非球形引力分量 (地固系), 带谐:    5.7135348712901311E-013  -3.2154224265047460E-012  -1.9903265849479379E-012
 >>> 地球非球形引力分量 (地固系), 田谐:   -2.4533663343025307E-014   2.0232142598719942E-014   7.2799511885732970E-015
 >>> 卫星在地固系坐标为:   -43661.215023179313        278533.75938187377        50898.928881283377     
 >>> 地球非球形引力分量 (地固系), 带谐:    5.0166130282734428E-013  -3.2003142500438375E-012  -1.9738922439638642E-012
 >>> 地球非球形引力分量 (地固系), 田谐:   -2.3398007757363216E-014   2.1831606542714715E-014   7.5777743172612178E-015
 >>> 卫星在地固系坐标为:   -54742.392984549151        275393.50847688055        50704.898517203808     
 >>> 地球非球形引力分量 (地固系), 带谐:    6.4191410531007744E-013  -3.2292884538685623E-012  -2.0069398802873492E-012
 >>> 地球非球形引力分量 (地固系), 田谐:   -2.5580858778872254E-014   1.8542778418607731E-014   6.9643402926992720E-015
 >>> 卫星在地固系坐标为:   -46447.989005559946        277790.37370441464        50850.448570070221     
 >>> 地球非球形引力分量 (地固系), 带谐:    5.3639788312973251E-013  -3.2080219531362026E-012  -1.9820871942708894E-012
 >>> 地球非球形引力分量 (地固系), 田谐:   -2.3976517654453038E-014   2.1043400068289137E-014   7.4311000945289313E-015
 >>> 卫星在地固系坐标为:   -51988.856051461924        276220.10215840989        50753.433426020783     
 >>> 地球非球形引力分量 (地固系), 带谐:    6.0652620863761895E-013  -3.2225123619915678E-012  -1.9986107136220815E-012
 >>> 地球非球形引力分量 (地固系), 田谐:   -2.5068690261042041E-014   1.9398403753284444E-014   7.1243548147957022E-015
 >>> 卫星在地固系坐标为:   -40863.921207305313        279249.12154476187        50947.391068976402     
 >>> 地球非球形引力分量 (地固系), 带谐:    4.6714561650290316E-013  -3.1923026275462069E-012  -1.9657414387656240E-012
 >>> 地球非球形引力分量 (地固系), 田谐:   -2.2798902320856075E-014   2.2596218010405330E-014   7.7199487402847967E-015
 >>> 卫星在地固系坐标为:   -57484.297867091642        274539.47561253828        50656.345333050253     
 >>> 地球非球形引力分量 (地固系), 带谐:    6.7751519849480945E-013  -3.2357473991305871E-012  -2.0153143873268538E-012
 >>> 地球非球形引力分量 (地固系), 田谐:   -2.6069445018662201E-014   1.7665886379713190E-014   6.7999390497917328E-015
 >>> 卫星在地固系坐标为:   -40863.921207305313        279249.12154476187        50947.391068976402     
 >>> 地球非球形引力分量 (地固系), 带谐:    4.6714561650290316E-013  -3.1923026275462069E-012  -1.9657414387656240E-012
 >>> 地球非球形引力分量 (地固系), 田谐:   -2.2798902320856075E-014   2.2596218010405330E-014   7.7199487402847967E-015
 >>> 卫星在地固系坐标为:   -40863.921207296698        279249.12154479162        50947.391068981997     
 >>> 地球非球形引力分量 (地固系), 带谐:    4.6714561650256883E-013  -3.1923026275449350E-012  -1.9657414387648513E-012
 >>> 地球非球形引力分量 (地固系), 田谐:   -2.2798902320844542E-014   2.2596218010399962E-014   7.7199487402825374E-015
 >>> 卫星在地固系坐标为:   -39617.378045001089        279558.03834644373        50968.925797220843     
 >>> 地球非球形引力分量 (地固系), 带谐:    4.5187663423359232E-013  -3.1886447734487641E-012  -1.9621326787804757E-012
 >>> 地球非球形引力分量 (地固系), 田谐:   -2.2526223218130559E-014   2.2928331946990936E-014   7.7816858098404249E-015
 >>> 卫星在地固系坐标为:   -38993.353785579115        279710.39224224107        50979.689142250834     
 >>> 地球非球形引力分量 (地固系), 带谐:    4.4425878516455467E-013  -3.1867943377929048E-012  -1.9603319492053718E-012
 >>> 地球非球形引力分量 (地固系), 田谐:   -2.2388442354545891E-014   2.3092593736755383E-014   7.8122203465419143E-015
 >>> 卫星在地固系坐标为:   -38056.390143931327        279936.32114681753        50995.835170838829     
 >>> 地球非球形引力分量 (地固系), 带谐:    4.3285265841096284E-013  -3.1839903978256749E-012  -1.9576344857285699E-012
 >>> 地球非球形引力分量 (地固系), 田谐:   -2.2179983282654381E-014   2.3336716390206913E-014   7.8576003417267334E-015
 >>> 卫星在地固系坐标为:   -33826.521205307443        280914.01862071152        51068.467494760087     
 >>> 地球非球形引力分量 (地固系), 带谐:    3.8183476139275440E-013  -3.1709656639208120E-012  -1.9455556438364337E-012
 >>> 地球非球形引力分量 (地固系), 田谐:   -2.1216195096196268E-014   2.4401183195968830E-014   8.0555522276825981E-015
 >>> 卫星在地固系坐标为:   -32411.755414891784        281225.69078990154        51092.669266963116     
 >>> 地球非球形引力分量 (地固系), 带谐:    3.6494208567947352E-013  -3.1664773730941736E-012  -1.9415509758974838E-012
 >>> 地球非球形引力分量 (地固系), 田谐:   -2.0885893463368585E-014   2.4743432900399325E-014   8.1192534212808874E-015
 >>> 卫星在地固系坐标为:   -26729.606231522430        282400.81348117068        51189.431468312061     
 >>> 地球非球形引力分量 (地固系), 带谐:    2.9794354661585969E-013  -3.1478016999950217E-012  -1.9256394167138660E-012
 >>> 地球非球形引力分量 (地固系), 田谐:   -1.9522227158339572E-014   2.6048140299464607E-014   8.3625909943869777E-015
 >>> 卫星在地固系坐标为:   -38056.390143931865        279936.32114681054        50995.835170837527     
 >>> 地球非球形引力分量 (地固系), 带谐:    4.3285265841102186E-013  -3.1839903978259842E-012  -1.9576344857287581E-012
 >>> 地球非球形引力分量 (地固系), 田谐:   -2.2179983282656833E-014   2.3336716390208768E-014   7.8576003417274023E-015
 >>> 卫星在地固系坐标为:   -29575.225609730405        281827.59711317054        51141.059335879312     
 >>> 地球非球形引力分量 (地固系), 带谐:    3.3132796143557314E-013  -3.1572832092638783E-012  -1.9335738446758451E-012
 >>> 地球非球形引力分量 (地固系), 田谐:   -2.0212345322577850E-014   2.5408746976599370E-014   8.2432192633923488E-015
 >>> 卫星在地固系坐标为:   -35238.906186136446        280595.22199838737        51044.261224374939     
 >>> 地球非球形引力分量 (地固系), 带谐:    3.9878422715145442E-013  -3.1753808746492765E-012  -1.9495710942209220E-012
 >>> 地球非球形引力分量 (地固系), 田谐:   -2.1542045012322657E-014   2.4052609815461023E-014   7.9907081868087196E-015
 >>> 卫星在地固系坐标为:   -23875.188364255664        282945.21535091783        51237.785701218279     
 >>> 地球非球形引力分量 (地固系), 带谐:    2.6479049799152571E-013  -3.1380361626489220E-012  -1.9177474104087631E-012
 >>> 地球非球形引力分量 (地固系), 田谐:   -1.8816374557795647E-014   2.6661228238813064E-014   8.4773559504691309E-015
 >>> 卫星在地固系坐标为:   -40863.921207296698        279249.12154479162        50947.391068981997     
 >>> 地球非球形引力分量 (地固系), 带谐:    4.6714561650256883E-013  -3.1923026275449350E-012  -1.9657414387648513E-012
 >>> 地球非球形引力分量 (地固系), 田谐:   -2.2798902320844542E-014   2.2596218010399962E-014   7.7199487402825374E-015
 >>> 卫星在地固系坐标为:   -23875.188364255664        282945.21535091783        51237.785701218279     
 >>> 地球非球形引力分量 (地固系), 带谐:    2.6479049799152571E-013  -3.1380361626489220E-012  -1.9177474104087631E-012
 >>> 地球非球形引力分量 (地固系), 田谐:   -1.8816374557795647E-014   2.6661228238813064E-014   8.4773559504691309E-015
 >>> 卫星在地固系坐标为:   -23875.188364245645        282945.21535094595        51237.785701223685     
 >>> 地球非球形引力分量 (地固系), 带谐:    2.6479049799128651E-013  -3.1380361626477160E-012  -1.9177474104080426E-012
 >>> 地球非球形引力分量 (地固系), 田谐:   -1.8816374557785656E-014   2.6661228238805762E-014   8.4773559504665798E-015
 >>> 卫星在地固系坐标为:   -22603.811313191880        283177.90041920549        51259.272499222199     
 >>> 地球非球形引力分量 (地固系), 带谐:    2.5013046710757916E-013  -3.1336051927252309E-012  -1.9142531339455440E-012
 >>> 地球非球形引力分量 (地固系), 田谐:   -1.8497829592848546E-014   2.6925169883128894E-014   8.5268798590805442E-015
 >>> 卫星在地固系坐标为:   -21967.499554130201        283292.08170386066        51270.011928741958     
 >>> 地球非球形引力分量 (地固系), 带谐:    2.4281780475843252E-013  -3.1313696497535515E-012  -1.9125095026463430E-012
 >>> 地球非球形引力分量 (地固系), 田谐:   -1.8337481165287993E-014   2.7055161828477658E-014   8.5513012740544781E-015
 >>> 卫星在地固系坐标为:   -21012.264717467322        283460.68114158406        51286.122071537873     
 >>> 地球非球形引力分量 (地固系), 带谐:    2.3187043740130227E-013  -3.1279899147535747E-012  -1.9098975463481385E-012
 >>> 地球非球形引力分量 (地固系), 田谐:   -1.8095631274202432E-014   2.7247653426108668E-014   8.5875035104821354E-015
 >>> 卫星在地固系坐标为:   -16702.575085454297        284179.36606816045        51358.593215099594     
 >>> 地球非球形引力分量 (地固系), 带谐:    1.8293066075396346E-013  -3.1124014675295849E-012  -1.8982011611322023E-012
 >>> 地球非球形引力分量 (地固系), 田谐:   -1.6988459786499521E-014   2.8076584249027732E-014   8.7440489979055277E-015
 >>> 卫星在地固系坐标为:   -15262.078780526872        284404.33309853956        51382.741371336117     
 >>> 地球非球形引力分量 (地固系), 带谐:    1.6673559286347575E-013  -3.1070685569144613E-012  -1.8943231382452333E-012
 >>> 地球非球形引力分量 (地固系), 田谐:   -1.6612883321614937E-014   2.8339223152416964E-014   8.7939141077893863E-015
 >>> 卫星在地固系坐标为:   -9481.4211428428171        285230.85672337178        51479.289660446921     
 >>> 地球非球形引力分量 (地固系), 带谐:    1.0255129089670238E-013  -3.0850641607281098E-012  -1.8789140004912455E-012
 >>> 地球非球形引力分量 (地固系), 田谐:   -1.5080863892712067E-014   2.9320540096335011E-014   8.9817782408620815E-015
 >>> 卫星在地固系坐标为:   -21012.264717468242        283460.68114157731        51286.122071536614     
 >>> 地球非球形引力分量 (地固系), 带谐:    2.3187043740133963E-013  -3.1279899147538687E-012  -1.9098975463483154E-012
 >>> 地球非球形引力分量 (地固系), 田谐:   -1.8095631274204461E-014   2.7247653426110902E-014   8.5875035104828611E-015
 >>> 卫星在地固系坐标为:   -12375.409686875240        284832.29109792347        51431.024373990476     
 >>> 地球非球形引力分量 (地固系), 带谐:    1.3452387832538517E-013  -3.0962000806676022E-012  -1.8865980462353493E-012
 >>> 地球非球形引力分量 (地固系), 田谐:   -1.5852599230604580E-014   2.8843790314403719E-014   8.8901660152967235E-015
 >>> 卫星在地固系坐标为:   -18141.129577815227        283947.09225562902        51334.440616031206     
 >>> 地球非球形引力分量 (地固系), 带谐:    1.9918495168922983E-013  -3.1176662737914316E-012  -1.9020895473119891E-012
 >>> 地球非球形引力分量 (地固系), 田谐:   -1.7360848363049670E-014   2.7807085888834092E-014   8.6930250857303236E-015
 >>> 卫星在地固系坐标为:   -6580.4134481758501        285599.92350434745        51527.537266933447     
 >>> 地球非球形引力分量 (地固系), 带谐:    7.0819278967022577E-014  -3.0736641116709049E-012  -1.8712707323423087E-012
 >>> 地球非球形引力分量 (地固系), 田谐:   -1.4298548975763418E-014   2.9769252867012053E-014   9.0687501967803798E-015
 >>> 卫星在地固系坐标为:   -23875.188364245645        282945.21535094595        51237.785701223685     
 >>> 地球非球形引力分量 (地固系), 带谐:    2.6479049799128651E-013  -3.1380361626477160E-012  -1.9177474104080426E-012
 >>> 地球非球形引力分量 (地固系), 田谐:   -1.8816374557785656E-014   2.6661228238805762E-014   8.4773559504665798E-015
 >>> 卫星在地固系坐标为:   -6580.4134481758210        285599.92350434751        51527.537266933447     
 >>> 地球非球形引力分量 (地固系), 带谐:    7.0819278967022224E-014  -3.0736641116709029E-012  -1.8712707323423075E-012
 >>> 地球非球形引力分量 (地固系), 田谐:   -1.4298548975763409E-014   2.9769252867012034E-014   9.0687501967803719E-015
 >>> 卫星在地固系坐标为:   -6580.4134481645506        285599.92350437399        51527.537266938663     
 >>> 地球非球形引力分量 (地固系), 带谐:    7.0819278966868074E-014  -3.0736641116697619E-012  -1.8712707323416330E-012
 >>> 地球非球形引力分量 (地固系), 田谐:   -1.4298548975755113E-014   2.9769252867003237E-014   9.0687501967776030E-015
 >>> 卫星在地固系坐标为:   -5288.9027234783680        285754.46686978370        51548.976724099390     
 >>> 地球非球形引力分量 (地固系), 带谐:    5.6793748289341568E-014  -3.0685130947698868E-012  -1.8678864926960962E-012
 >>> 地球非球形引力分量 (地固系), 田谐:   -1.3947684343792978E-014   2.9959625950091930E-014   9.1059139928601704E-015
 >>> 卫星在地固系坐标为:   -4642.6577381134084        285829.52858377923        51559.692531828645     
 >>> 地球非球形引力分量 (地固系), 带谐:    4.9798957211717814E-014  -3.0659189771704409E-012  -1.8661977429708774E-012
 >>> 地球非球形引力分量 (地固系), 田谐:   -1.3771559999301165E-014   3.0052722653959523E-014   9.1241541735680035E-015
 >>> 卫星在地固系坐标为:   -3672.6883348905649        285939.38804939081        51575.767229660712     
 >>> 地球非球形引力分量 (地固系), 带谐:    3.9329256742537083E-014  -3.0620032466581511E-012  -1.8636679751924903E-012
 >>> 地球非球形引力分量 (地固系), 田谐:   -1.3506529160795660E-014   3.0189736637151592E-014   9.1510832594042268E-015
 >>> 卫星在地固系坐标为:    700.83103635678071        286392.86213145661        51648.079170551078     
 >>> 地球非球形引力分量 (地固系), 带谐:   -7.4490362564380934E-015  -3.0440301626656926E-012  -1.8523392195087422E-012
 >>> 地球非球形引力分量 (地固系), 田谐:   -1.2302221229005047E-014   3.0767180885373469E-014   9.2658927307205099E-015
 >>> 卫星在地固系坐标为:    2161.7002882956117        286529.11236775131        51672.174367863750     
 >>> 地球非球形引力分量 (地固系), 带谐:   -2.2919332239952001E-014  -3.0379123129750865E-012  -1.8485829378620170E-012
 >>> 地球非球形引力分量 (地固系), 田谐:   -1.1896883519450642E-014   3.0945387238761199E-014   9.3018479371612358E-015
 >>> 卫星在地固系坐标为:    8019.3035617711139        286999.26480419014        51768.511362039164     
 >>> 地球非球形引力分量 (地固系), 带谐:   -8.4183841904599608E-014  -3.0128178274967587E-012  -1.8336567968241292E-012
 >>> 地球非球形引力分量 (地固系), 田谐:   -1.0258952450038851E-014   3.1586507116633835E-014   9.4341219550555003E-015
 >>> 卫星在地固系坐标为:   -3672.6883348918159        285939.38804938429        51575.767229659483     
 >>> 地球非球形引力分量 (地固系), 带谐:    3.9329256742554975E-014  -3.0620032466584310E-012  -1.8636679751926579E-012
 >>> 地球非球形引力分量 (地固系), 田谐:   -1.3506529160797241E-014   3.0189736637154129E-014   9.1510832594049999E-015
 >>> 卫星在地固系坐标为:    5087.7534866562801        286779.18091382895        51720.351615076273     
 >>> 地球非球形引力分量 (地固系), 带谐:   -5.3675240491032810E-014  -3.0254888613889119E-012  -1.8411001347726599E-012
 >>> 地球非球形引力分量 (地固系), 田谐:   -1.1081014483499810E-014   3.1280307919845606E-014   9.3702919811611590E-015
 >>> 卫星在地固系坐标为:   -758.54892555562253        286249.15006382577        51623.979584665125     
 >>> 地球非球形引力分量 (地固系), 带谐:    8.0826042835464662E-015  -3.0500848772183250E-012  -1.8561054645221037E-012
 >>> 地球非球形引力分量 (地固系), 田谐:   -1.2705681289254776E-014   3.0581827032811382E-014   9.2287807538757895E-015
 >>> 卫星在地固系坐标为:    10956.042127404417        287189.27630695282        51816.653644271028     
 >>> 地球非球形引力分量 (地固系), 带谐:   -1.1444389129277819E-013  -2.9999025136927844E-012  -1.8262526675952720E-012
 >>> 地球非球形引力分量 (地固系), 田谐:   -9.4315745021559232E-015   3.1863930111737334E-014   9.4933488059577479E-015
 >>> 卫星在地固系坐标为:   -6580.4134481645506        285599.92350437399        51527.537266938663     
 >>> 地球非球形引力分量 (地固系), 带谐:    7.0819278966868074E-014  -3.0736641116697619E-012  -1.8712707323416330E-012
 >>> 地球非球形引力分量 (地固系), 田谐:   -1.4298548975755113E-014   2.9769252867003237E-014   9.0687501967776030E-015
 >>> 卫星在地固系坐标为:    10956.042127404417        287189.27630695282        51816.653644271035     
 >>> 地球非球形引力分量 (地固系), 带谐:   -1.1444389129277819E-013  -2.9999025136927844E-012  -1.8262526675952720E-012
 >>> 地球非球形引力分量 (地固系), 田谐:   -9.4315745021559232E-015   3.1863930111737334E-014   9.4933488059577495E-015
 >>> 卫星在地固系坐标为:    10956.042127416771        287189.27630697779        51816.653644276077     
 >>> 地球非球形引力分量 (地固系), 带谐:   -1.1444389129285604E-013  -2.9999025136917031E-012  -1.8262526675946366E-012
 >>> 地球非球形引力分量 (地固系), 田谐:   -9.4315745021494593E-015   3.1863930111727375E-014   9.4933488059548102E-015
 >>> 卫星在地固系坐标为:    12262.844134097391        287264.06025582302        51838.046338382410     
 >>> 地球非球形引力分量 (地固系), 带谐:   -1.2781268449061376E-013  -2.9940844307789659E-012  -1.8229742218658719E-012
 >>> 地球非球形引力分量 (地固系), 田谐:   -9.0623723961887465E-015   3.1977979951108405E-014   9.5181963281717673E-015
 >>> 卫星在地固系坐标为:    12916.597483572272        287299.20186708012        51848.738812257747     
 >>> 地球非球形引力分量 (地固系), 带谐:   -1.3447857330980625E-013  -2.9911582233067877E-012  -1.8213382385608957E-012
 >>> 地球非球形引力分量 (地固系), 田谐:   -8.8774681611234742E-015   3.2032877247321964E-014   9.5302823320174119E-015
 >>> 卫星在地固系坐标为:    13897.659568750318        287349.13087355794        51864.778497272848     
 >>> 地球非球形引力分量 (地固系), 带谐:   -1.4445417687448075E-013  -2.9867462194333881E-012  -1.8188874926305452E-012
 >>> 地球非球形引力分量 (地固系), 田谐:   -8.5997557118368570E-015   3.2112549277057514E-014   9.5479853401532007E-015
 >>> 卫星在地固系坐标为:    18318.553397241820        287532.19139424857        51936.933174275262     
 >>> 地球非球形引力分量 (地固系), 带谐:   -1.8899872904516490E-013  -2.9665671494161974E-012  -1.8079122176359917E-012
 >>> 地球非球形引力分量 (地固系), 田谐:   -7.3456080219125146E-015   3.2431476580960028E-014   9.6213658324733877E-015
 >>> 卫星在地固系坐标为:    19794.286651921731        287578.04701397131        51960.976056796906     
 >>> 地球非球形引力分量 (地固系), 带谐:   -2.0372077538040002E-013  -2.9597238713515140E-012  -1.8042729974834204E-012
 >>> 地球非球形引力分量 (地固系), 田谐:   -6.9262809749893875E-015   3.2523399950204970E-014   9.6435478589230541E-015
 >>> 卫星在地固系坐标为:    25706.684490003863        287685.40109845187        52057.104321991268     
 >>> 地球非球形引力分量 (地固系), 带谐:   -2.6197460457292890E-013  -2.9317771112598275E-012  -1.7898113146752889E-012
 >>> 地球非球形引力分量 (地固系), 田谐:   -5.2454579599267284E-015   3.2819372475483581E-014   9.7209483706233956E-015
 >>> 卫星在地固系坐标为:    13897.659568748688        287349.13087355171        51864.778497271669     
 >>> 地球非球形引力分量 (地固系), 带谐:   -1.4445417687447974E-013  -2.9867462194336527E-012  -1.8188874926307038E-012
 >>> 地球非球形引力分量 (地固系), 田谐:   -8.5997557118379835E-015   3.2112549277060209E-014   9.5479853401539928E-015
 >>> 卫星在地固系坐标为:    22748.671196672232        287646.95554834104        52009.048833655441     
 >>> 地球非球形引力分量 (地固系), 带谐:   -2.3297483016977783E-013  -2.9458643996547606E-012  -1.7970231781337689E-012
 >>> 地球非球形引力分量 (地固系), 田谐:   -6.0863578532088520E-015   3.2685709912187342E-014   9.6845085690610097E-015
 >>> 卫星在地固系坐标为:    16843.845072953307        287478.74715408741        51912.885956376253     
 >>> 地球非球形引力分量 (地固系), 带谐:   -1.7421352009798780E-013  -2.9733522410208055E-012  -1.8115610194416807E-012
 >>> 地球非球形引力分量 (地固系), 田谐:   -7.7643683279214895E-015   3.2332363894274687E-014   9.5980462031777886E-015
 >>> 卫星在地固系坐标为:    28668.011250352807        287693.31526522589        52105.142556632323     
 >>> 地球非球形引力分量 (地固系), 带谐:   -2.9071905130611042E-013  -2.9174652873762523E-012  -1.7826371622941804E-012
 >>> 地球非球形引力分量 (地固系), 田谐:   -4.4044343136640645E-015   3.2924492291753452E-014   9.7528890539981032E-015
 >>> 卫星在地固系坐标为:    10956.042127416771        287189.27630697779        51816.653644276077     
 >>> 地球非球形引力分量 (地固系), 带谐:   -1.1444389129285604E-013  -2.9999025136917031E-012  -1.8262526675946366E-012
 >>> 地球非球形引力分量 (地固系), 田谐:   -9.4315745021494593E-015   3.1863930111727375E-014   9.4933488059548102E-015
 >>> 卫星在地固系坐标为:    28668.011250352807        287693.31526522589        52105.142556632323     
 >>> 地球非球形引力分量 (地固系), 带谐:   -2.9071905130611042E-013  -2.9174652873762523E-012  -1.7826371622941804E-012
 >>> 地球非球形引力分量 (地固系), 田谐:   -4.4044343136640645E-015   3.2924492291753452E-014   9.7528890539981032E-015
 >>> 卫星在地固系坐标为:    28668.011250366169        287693.31526524929        52105.142556637198     
 >>> 地球非球形引力分量 (地固系), 带谐:   -2.9071905130612072E-013  -2.9174652873752324E-012  -1.7826371622935826E-012
 >>> 地球非球形引力分量 (地固系), 田谐:   -4.4044343136594852E-015   3.2924492291742888E-014   9.7528890539950835E-015
 >>> 卫星在地固系坐标为:    29985.138290863244        287687.02466018923        52126.489054164158     
 >>> 地球非球形引力分量 (地固系), 带谐:   -3.0341209745794162E-013  -2.9110328829192022E-012  -1.7794604606475301E-012
 >>> 地球非球形引力分量 (地固系), 田谐:   -4.0308273923360946E-015   3.2962079188186079E-014   9.7656455717379715E-015
 >>> 卫星在地固系坐标为:    30643.913739773820        287681.59719277173        52137.158476493358     
 >>> 地球非球形引力分量 (地固系), 带谐:   -3.0973966461600980E-013  -2.9078009482526637E-012  -1.7778752248091422E-012
 >>> 地球非球形引力分量 (地固系), 田谐:   -3.8441013475483923E-015   3.2978778396702745E-014   9.7716948785984686E-015
 >>> 卫星在地固系坐标为:    31632.335166247580        287670.63292451092        52153.163572388810     
 >>> 地球非球形引力分量 (地固系), 带谐:   -3.1920715553764809E-013  -2.9029322048132898E-012  -1.7755004780397802E-012
 >>> 地球非球形引力分量 (地固系), 田谐:   -3.5641331921830022E-015   3.3001199673164258E-014   9.7803541398202861E-015
 >>> 卫星在地固系坐标为:    36083.746311464936        287579.10660112923        52225.162886419923     
 >>> 地球非球形引力分量 (地固系), 带谐:   -3.6145652896805570E-013  -2.8807248775815526E-012  -1.7648651775181135E-012
 >>> 地球非球形引力分量 (地固系), 田谐:   -2.3068688680120048E-015   3.3063334772111841E-014   9.8132156684220223E-015
 >>> 卫星在地固系坐标为:    37568.704238845414        287533.23468316917        52249.154085717695     
 >>> 地球非球形引力分量 (地固系), 带谐:   -3.7541043813298488E-013  -2.8732153476454384E-012  -1.7613385514088356E-012
 >>> 地球非球形引力分量 (地固系), 田谐:   -1.8890454564746854E-015   3.3070024756491462E-014   9.8219601104433492E-015
 >>> 卫星在地固系坐标为:    43513.241864912728        287272.75140033866        52345.076137903001     
 >>> 地球非球形引力分量 (地固系), 带谐:   -4.3057697617686101E-013  -2.8426526577810753E-012  -1.7473236280856270E-012
 >>> 地球非球形引力分量 (地固系), 田谐:   -2.2680201767472765E-016   3.3027390843107401E-014   9.8459881443201337E-015
 >>> 卫星在地固系坐标为:    31632.335166245695        287670.63292450499        52153.163572387661     
 >>> 地球非球形引力分量 (地固系), 带谐:   -3.1920715553766348E-013  -2.9029322048135426E-012  -1.7755004780399319E-012
 >>> 地球非球形引力分量 (地固系), 田谐:   -3.5641331921836459E-015   3.3001199673167041E-014   9.7803541398210924E-015
 >>> 卫星在地固系坐标为:    40540.111921179567        287418.40503197839        52297.123652263006     
 >>> 地球非球形引力分量 (地固系), 带谐:   -4.0312374756918179E-013  -2.8580381026603945E-012  -1.7543128323671262E-012
 >>> 地球非球形引力分量 (地固系), 田谐:   -1.0559110156142058E-015   3.3062528423091889E-014   9.8361564732368871E-015
 >>> 卫星在地固系坐标为:    34599.338919575246        287617.29224159813        52201.167403906315     
 >>> 地球非球形引力分量 (地固系), 带谐:   -3.4743793462258459E-013  -2.8881811357853521E-012  -1.7684010208260699E-012
 >>> 地球非球形引力分量 (地固系), 田谐:   -2.7253933860362186E-015   3.3049650274691656E-014   9.8033688552864985E-015
 >>> 卫星在地固系坐标为:    46487.773112408526        287096.22524103778        52393.011576793244     
 >>> 地球非球形引力分量 (地固系), 带谐:   -4.5776926886796761E-013  -2.8270622644271919E-012  -1.7403707047537676E-012
 >>> 地球非球形引力分量 (地固系), 田谐:    5.9747993809660674E-016   3.2964865449592057E-014   9.8514869316102426E-015
 >>> 卫星在地固系坐标为:    28668.011250366169        287693.31526524929        52105.142556637198     
 >>> 地球非球形引力分量 (地固系), 带谐:   -2.9071905130612072E-013  -2.9174652873752324E-012  -1.7826371622935826E-012
 >>> 地球非球形引力分量 (地固系), 田谐:   -4.4044343136594852E-015   3.2924492291742888E-014   9.7528890539950835E-015
 >>> 卫星在地固系坐标为:    46487.773112408526        287096.22524103778        52393.011576793244     
 >>> 地球非球形引力分量 (地固系), 带谐:   -4.5776926886796761E-013  -2.8270622644271919E-012  -1.7403707047537676E-012
 >>> 地球非球形引力分量 (地固系), 田谐:    5.9747993809660674E-016   3.2964865449592057E-014   9.8514869316102426E-015
 >>> 卫星在地固系坐标为:    46487.773112422728        287096.22524105955        52393.011576797951     
 >>> 地球非球形引力分量 (地固系), 带谐:   -4.5776926886791823E-013  -2.8270622644262387E-012  -1.7403707047532084E-012
 >>> 地球非球形引力分量 (地固系), 田谐:    5.9747993809933136E-016   3.2964865449581316E-014   9.8514869316072213E-015
 >>> 卫星在地固系坐标为:    47810.154144772030        287007.85668364272        52414.312433212435     
 >>> 地球非球形引力分量 (地固系), 带谐:   -4.6977069811005752E-013  -2.8200679041753195E-012  -1.7372918803212830E-012
 >>> 地球非球形引力分量 (地固系), 田谐:    9.6207073009817171E-016   3.2928352581941104E-014   9.8525474522128976E-015
 >>> 卫星在地固系坐标为:    48471.413565039227        286961.36726710357        52424.959080823806     
 >>> 地球非球形引力分量 (地固系), 带谐:   -4.7575209156020297E-013  -2.8165564119790614E-012  -1.7357554641655022E-012
 >>> 地球非球形引力分量 (地固系), 田谐:    1.1439286728443542E-015   3.2908102183708454E-014   9.8527620572831662E-015
 >>> 卫星在地固系坐标为:    49463.383875150932        286888.78136206581        52440.930003071349     
 >>> 地球非球形引力分量 (地固系), 带谐:   -4.8469980195142704E-013  -2.8112701682372566E-012  -1.7334538303276504E-012
 >>> 地球非球形引力分量 (地固系), 田谐:    1.4161442843067301E-015   3.2875229119586216E-014   9.8526862238313060E-015
 >>> 卫星在地固系坐标为:    53928.118271868734        286519.55424576876        52512.775818184236     
 >>> 地球非球形引力分量 (地固系), 带谐:   -5.2460307754787710E-013  -2.7872109161536236E-012  -1.7231456071305892E-012
 >>> 地球非球形引力分量 (地固系), 田谐:    2.6319073688776043E-015   3.2690603791081665E-014   9.8465004653328063E-015
 >>> 卫星在地固系坐标为:    55416.552899278693        286380.97651293932        52536.715953592044     
 >>> 地球非球形引力分量 (地固系), 带谐:   -5.3777245104287022E-013  -2.7790938196991062E-012  -1.7197273088357963E-012
 >>> 地球非球形引力分量 (地固系), 田谐:    3.0335170202508351E-015   3.2615845730646335E-014   9.8423276228586706E-015
 >>> 卫星在地固系坐标为:    61370.159507930133        285749.04282843391        52632.434260078669     
 >>> 地球非球形引力分量 (地固系), 带谐:   -5.8978895716879870E-013  -2.7461494533020901E-012  -1.7061422422581704E-012
 >>> 地球非球形引力分量 (地固系), 田谐:    4.6192371592651439E-015   3.2251907457425835E-014   9.8152100469576463E-015
 >>> 卫星在地固系坐标为:    49463.383875148720        286888.78136206022        52440.930003070229     
 >>> 地球非球形引力分量 (地固系), 带谐:   -4.8469980195145460E-013  -2.8112701682374880E-012  -1.7334538303277890E-012
 >>> 地球非球形引力分量 (地固系), 田谐:    1.4161442843065059E-015   3.2875229119588885E-014   9.8526862238320806E-015
 >>> 卫星在地固系坐标为:    58393.463784482949        286080.54203133128        52584.583545479953     
 >>> 地球非球形引力分量 (地固系), 带谐:   -5.6391307555439501E-013  -2.7627160277487360E-012  -1.7129172064405964E-012
 >>> 地球非球形引力分量 (地固系), 田谐:    3.8307053406145293E-015   3.2446765608726441E-014   9.8308441699383681E-015
 >>> 卫星在地固系坐标为:    52439.751578931631        286650.37793627544        52488.831450715050     
 >>> 地球非球形引力分量 (地固系), 带谐:   -5.1136778307215853E-013  -2.7952796088561474E-012  -1.7265727745314197E-012
 >>> 地球非球形引力分量 (地固系), 田谐:    2.2284121523336930E-015   3.2758781736071226E-014   9.8496209641221571E-015
 >>> 卫星在地固系坐标为:    64346.314690960375        285386.45065118803        52680.268130888951     
 >>> 地球非球形引力分量 (地固系), 带谐:   -6.1539942703056054E-013  -2.7293973097996113E-012  -1.6994021929124954E-012
 >>> 地球非球形引力分量 (地固系), 田谐:    5.3983867083908913E-015   3.2031658437309771E-014   9.7954661387430185E-015
 >>> 卫星在地固系坐标为:    46487.773112422728        287096.22524105955        52393.011576797951     
 >>> 地球非球形引力分量 (地固系), 带谐:   -4.5776926886791823E-013  -2.8270622644262387E-012  -1.7403707047532084E-012
 >>> 地球非球形引力分量 (地固系), 田谐:    5.9747993809933136E-016   3.2964865449581316E-014   9.8514869316072213E-015
 >>> 卫星在地固系坐标为:    64346.314690960375        285386.45065118803        52680.268130888951     
 >>> 地球非球形引力分量 (地固系), 带谐:   -6.1539942703056054E-013  -2.7293973097996113E-012  -1.6994021929124954E-012
 >>> 地球非球形引力分量 (地固系), 田谐:    5.3983867083908913E-015   3.2031658437309771E-014   9.7954661387430185E-015
 >>> 卫星在地固系坐标为:    64346.314690975356        285386.45065120823        52680.268130893513     
 >>> 地球非球形引力分量 (地固系), 带谐:   -6.1539942703045956E-013  -2.7293973097987207E-012  -1.6994021929119710E-012
 >>> 地球非球形引力分量 (地固系), 田谐:    5.3983867083918790E-015   3.2031658437299188E-014   9.7954661387400508E-015
 >>> 卫星在地固系坐标为:    65668.793588332963        285215.32043687894        52701.523890944409     
 >>> 地球非球形引力分量 (地固系), 带谐:   -6.2669641706475975E-013  -2.7218928450289941E-012  -1.6964175522864108E-012
 >>> 地球非球形引力分量 (地固系), 田谐:    5.7414765565541453E-015   3.1925721703235005E-014   9.7853816623245098E-015
 >>> 卫星在地固系坐标为:    66329.956880921964        285127.43624664156        52712.148035330989     
 >>> 地球非球形引力分量 (地固系), 带谐:   -6.3232530615421589E-013  -2.7181277042180740E-012  -1.6949281144650756E-012
 >>> 地球非球形引力分量 (地固系), 田谐:    5.9122556320542391E-015   3.1870920231400166E-014   9.7800411515466857E-015
 >>> 卫星在地固系坐标为:    67321.603337305831        284992.74066804757        52728.085191393475     
 >>> 地球非球形引力分量 (地固系), 带谐:   -6.4074384667395356E-013  -2.7124628035798228E-012  -1.6926968367033968E-012
 >>> 地球非球形引力分量 (地固系), 田谐:    6.1674429846495731E-015   3.1786426257646960E-014   9.7716547444391515E-015
 >>> 卫星在地固系坐标为:    71782.197050333794        284343.78392408491        52799.779335747167     
 >>> 地球非球形引力分量 (地固系), 带谐:   -6.7826031004376054E-013  -2.6867261099313065E-012  -1.6827033711683704E-012
 >>> 地球非球形引力分量 (地固系), 田谐:    7.3005850499494781E-015   3.1372675531015598E-014   9.7284070477524528E-015
 >>> 卫星在地固系坐标为:    73268.274233808232        284111.88510347629        52823.669014687199     
 >>> 地球非球形引力分量 (地固系), 带谐:   -6.9063213306730659E-013  -2.6780594915151813E-012  -1.6793893252594825E-012
 >>> 地球非球形引力分量 (地固系), 田谐:    7.6725088893494847E-015   3.1222742744062142E-014   9.7120055909510892E-015
 >>> 卫星在地固系坐标为:    79207.553417779214        283106.34621974622        52919.185995400534     
 >>> 地球非球形引力分量 (地固系), 带谐:   -7.3944931159542383E-013  -2.6429650176961183E-012  -1.6662179675265039E-012
 >>> 地球非球形引力分量 (地固系), 田谐:    9.1290629965871522E-015   3.0564508678350177E-014   9.6366281494179422E-015
 >>> 卫星在地固系坐标为:    67321.603337303357        284992.74066804227        52728.085191392391     
 >>> 地球非球形引力分量 (地固系), 带谐:   -6.4074384667399304E-013  -2.7124628035800388E-012  -1.6926968367035281E-012
 >>> 地球非球形引力分量 (地固系), 田谐:    6.1674429846497483E-015   3.1786426257649534E-014   9.7716547444399057E-015
 >>> 卫星在地固系坐标为:    76239.001768244096        283624.70703953010        52871.435843828753     
 >>> 地球非球形引力分量 (地固系), 带谐:   -7.1517487369147232E-013  -2.6605970609293372E-012  -1.6727867349326961E-012
 >>> 地球非球形引力分量 (地固系), 田谐:    8.4071752916880120E-015   3.0905204638496989E-014   9.6762592375385450E-015
 >>> 卫星在地固系坐标为:    70295.698887374980        284567.89147374523        52775.885474919502     
 >>> 地球非球形引力分量 (地固系), 带谐:   -6.6582160803259714E-013  -2.6953491336512406E-012  -1.6860259536077926E-012
 >>> 地球非球形引力分量 (地固系), 田谐:    6.9257103143885620E-015   3.1516638635986712E-014   9.7438195484974771E-015
 >>> 卫星在地固系坐标为:    82173.600672870482        282556.79504742322        52966.919502265504     
 >>> 地球非球形引力分量 (地固系), 带谐:   -7.6345495799767721E-013  -2.6251665294996418E-012  -1.6596828095638984E-012
 >>> 地球非球形引力分量 (地固系), 田谐:    9.8375428529108190E-015   3.0201156930879496E-014   9.5931612526657728E-015
 >>> 卫星在地固系坐标为:    64346.314690975356        285386.45065120823        52680.268130893513     
 >>> 地球非球形引力分量 (地固系), 带谐:   -6.1539942703045956E-013  -2.7293973097987207E-012  -1.6994021929119710E-012
 >>> 地球非球形引力分量 (地固系), 田谐:    5.3983867083918790E-015   3.2031658437299188E-014   9.7954661387400508E-015
 >>> 卫星在地固系坐标为:    82173.600672870511        282556.79504742322        52966.919502265504     
 >>> 地球非球形引力分量 (地固系), 带谐:   -7.6345495799767741E-013  -2.6251665294996418E-012  -1.6596828095638984E-012
 >>> 地球非球形引力分量 (地固系), 田谐:    9.8375428529108285E-015   3.0201156930879496E-014   9.5931612526657728E-015
 >>> 卫星在地固系坐标为:    82173.600672886110        282556.79504744179        52966.919502269913     
 >>> 地球非球形引力分量 (地固系), 带谐:   -7.6345495799753211E-013  -2.6251665294988155E-012  -1.6596828095634083E-012
 >>> 地球非球形引力分量 (地固系), 田谐:    9.8375428529102353E-015   3.0201156930869443E-014   9.5931612526629140E-015
 >>> 卫星在地固系坐标为:    83490.956532734665        282302.54586265126        52988.130700268543     
 >>> 地球非球形引力分量 (地固系), 带谐:   -7.7403763841123603E-013  -2.6172031677626426E-012  -1.6567888238493827E-012
 >>> 地球非球形引力分量 (地固系), 田谐:    1.0147957219526437E-014   3.0032526497144938E-014   9.5726232789617706E-015
 >>> 卫星在地固系坐标为:    84149.411772136809        282173.09743714851        52998.732607727725     
 >>> 地球非球形引力分量 (地固系), 带谐:   -7.7930916569985819E-013  -2.6132099620867618E-012  -1.6553446049935734E-012
 >>> 地球非球形引力分量 (地固系), 田谐:    1.0302111323300248E-014   2.9946591581319650E-014   9.5620770383445982E-015
 >>> 卫星在地固系坐标为:    85136.814632886962        281976.04939765111        53014.636397268507     
 >>> 地球非球形引力分量 (地固系), 带谐:   -7.8719135354121561E-013  -2.6072047556474896E-012  -1.6531810491581818E-012
 >>> 地球非球形引力分量 (地固系), 田谐:    1.0532003548020348E-014   2.9815668563283968E-014   9.5459087072822850E-015
 >>> 卫星在地固系坐标为:    89575.602825977010        281046.44081189897        53086.180664065643     
 >>> 地球非球形引力分量 (地固系), 带谐:   -8.2229016873151013E-013  -2.5799628240915067E-012  -1.6434905693730003E-012
 >>> 地球非球形引力分量 (地固系), 田谐:    1.1546116512444086E-014   2.9197105930443005E-014   9.4680444752075074E-015
 >>> 卫星在地固系坐标为:    91053.425346710239        280720.97555953905        53110.020482359010     
 >>> 地球非球形引力分量 (地固系), 带谐:   -8.3385470086667608E-013  -2.5708039451660047E-012  -1.6402768814086056E-012
 >>> 地球非球形引力分量 (地固系), 田谐:    1.1876514033217524E-014   2.8980440411427511E-014   9.4402532930765202E-015
 >>> 卫星在地固系坐标为:    96954.747898786911        279341.16140688496        53205.338511073925     
 >>> 地球非球形引力分量 (地固系), 带谐:   -8.7943626024287422E-013  -2.5337876859421517E-012  -1.6275038006919275E-012
 >>> 地球非球形引力分量 (地固系), 田谐:    1.3158076995813701E-014   2.8063295783983308E-014   9.3200866745729874E-015
 >>> 卫星在地固系坐标为:    85136.814632884241        281976.04939764610        53014.636397267444     
 >>> 地球非球形引力分量 (地固系), 带谐:   -7.8719135354126499E-013  -2.6072047556476903E-012  -1.6531810491583052E-012
 >>> 地球非球形引力分量 (地固系), 田谐:    1.0532003548020877E-014   2.9815668563286353E-014   9.5459087072830029E-015
 >>> 卫星在地固系坐标为:    94006.162663252835        280046.65654443740        53157.687737539389     
 >>> 地球非球形引力分量 (地固系), 带谐:   -8.5678087937313235E-013  -2.5523711835696617E-012  -1.6338740581758359E-012
 >>> 地球非球形引力分量 (地固系), 田谐:    1.2525434263352218E-014   2.8531818840066315E-014   9.3819566321323933E-015
 >>> 卫星在地固系坐标为:    88096.866050611687        281364.10862142092        53062.336713103192     
 >>> 地球非球形引力分量 (地固系), 带谐:   -8.1065806819525352E-013  -2.5890828468686130E-012  -1.6467124760140523E-012
 >>> 地球非球形引力分量 (地固系), 田谐:    1.1211852051967532E-014   2.9408579223258038E-014   9.4949218760390692E-015
 >>> 卫星在地固系坐标为:    99898.850734954045        278604.50348483259        53252.972835204295     
 >>> 地球非球形引力分量 (地固系), 带谐:   -9.0182052844676042E-013  -2.5150565668362347E-012  -1.6211659048743765E-012
 >>> 地球非球形引力分量 (地固系), 田谐:    1.3773926321496591E-014   2.7575466424140563E-014   9.2546992773854779E-015
 >>> 卫星在地固系坐标为:    82173.600672886110        282556.79504744179        52966.919502269913     
 >>> 地球非球形引力分量 (地固系), 带谐:   -7.6345495799753211E-013  -2.6251665294988155E-012  -1.6596828095634083E-012
 >>> 地球非球形引力分量 (地固系), 田谐:    9.8375428529102353E-015   3.0201156930869443E-014   9.5931612526629140E-015
 >>> 卫星在地固系坐标为:    99898.850734954045        278604.50348483259        53252.972835204295     
 >>> 地球非球形引力分量 (地固系), 带谐:   -9.0182052844676042E-013  -2.5150565668362347E-012  -1.6211659048743765E-012
 >>> 地球非球形引力分量 (地固系), 田谐:    1.3773926321496591E-014   2.7575466424140563E-014   9.2546992773854779E-015
 >>> 卫星在地固系坐标为:    99898.850734970125        278604.50348484970        53252.972835208566     
 >>> 地球非球形引力分量 (地固系), 带谐:   -9.0182052844657372E-013  -2.5150565668354636E-012  -1.6211659048739133E-012
 >>> 地球非球形引力分量 (地固系), 田谐:    1.3773926321494575E-014   2.7575466424131214E-014   9.2546992773827343E-015
 >>> 卫星在地固系坐标为:    101205.81868096640        278267.10980796319        53274.139995300044     
 >>> 地球非球形引力分量 (地固系), 带谐:   -9.1168188149428857E-013  -2.5066847492970571E-012  -1.6183592012623262E-012
 >>> 地球非球形引力分量 (地固系), 田谐:    1.4042114538111303E-014   2.7352611626999012E-014   9.2245228838111911E-015
 >>> 卫星在地固系坐标为:    101858.93254446633        278096.09370995045        53284.719927068239     
 >>> 地球非球形引力分量 (地固系), 带谐:   -9.1659261321218668E-013  -2.5024886761544277E-012  -1.6169585197849077E-012
 >>> 地球非球形引力分量 (地固系), 田谐:    1.4174917225354541E-014   2.7239821058192253E-014   9.2091816039310611E-015
 >>> 卫星在地固系坐标为:    102838.14069474423        277836.69962242775        53300.590742153843     
 >>> 地球非球形引力分量 (地固系), 带谐:   -9.2393339739434858E-013  -2.4961809312068023E-012  -1.6148601681503477E-012
 >>> 地球非球形引力分量 (地固系), 田谐:    1.4372486509892941E-014   2.7068939178619765E-014   9.1858513404887882E-015
 >>> 卫星在地固系坐标为:    107237.32823541875        276626.64069448836        53371.986890547421     
 >>> 地球非球形引力分量 (地固系), 带谐:   -9.5659326936870539E-013  -2.4676032774287569E-012  -1.6054614219448431E-012
 >>> 地球非球形引力分量 (地固系), 田谐:    1.5236875743747582E-014   2.6275451447235118E-014   9.0762178707325333E-015
 >>> 卫星在地固系坐标为:    108700.95941462771        276207.73904296348        53395.777432714749     
 >>> 地球非球形引力分量 (地固系), 带谐:   -9.6734393145400629E-013  -2.4580084814586047E-012  -1.6023443692269515E-012
 >>> 地球非球形引力分量 (地固系), 田谐:    1.5515859290704890E-014   2.6002286854573225E-014   9.0380064675006608E-015
 >>> 卫星在地固系坐标为:    114540.55819226727        274454.48481867200        53490.898838249719     
 >>> 地球非球形引力分量 (地固系), 带谐:   -1.0096661289551098E-012  -2.4192949784310134E-012  -1.5899548132506449E-012
 >>> 地球非球形引力分量 (地固系), 田谐:    1.6584644409107882E-014   2.4868445190396617E-014   8.8770268752727348E-015
 >>> 卫星在地固系坐标为:    102838.14069474131        277836.69962242304        53300.590742152817     
 >>> 地球非球形引力分量 (地固系), 带谐:   -9.2393339739440775E-013  -2.4961809312069906E-012  -1.6148601681504657E-012
 >>> 地球非球形引力分量 (地固系), 田谐:    1.4372486509893767E-014   2.7068939178621914E-014   9.1858513404894713E-015
 >>> 卫星在地固系坐标为:    111623.82669136378        275346.63361065020        53443.346280192025     
 >>> 地球非球形引力分量 (地固系), 带谐:   -9.8864116330977446E-013  -2.4387178278607140E-012  -1.5961339093669262E-012
 >>> 地球非球形引力分量 (地固系), 田谐:    1.6059784021338597E-014   2.5443438714742084E-014   8.9591282527964453E-015
 >>> 卫星在地固系坐标为:    105772.28715908369        277037.77018153062        53348.192263999037     
 >>> 地球非球形引力分量 (地固系), 带谐:   -9.4577460857276673E-013  -2.4771638743070086E-012  -1.6085863894576801E-012
 >>> 地球非球形引力分量 (地固系), 田谐:    1.4953282319028733E-014   2.6544335032142837E-014   9.1136007744298582E-015
 >>> 卫星在地固系坐标为:    117450.82313862487        273531.32713112829        53538.435138524088     
 >>> 地球非球形引力分量 (地固系), 带谐:   -1.0304186806407534E-012  -2.3997429876136963E-012  -1.5838068857145867E-012
 >>> 地球非球形引力分量 (地固系), 田谐:    1.7090049882579967E-014   2.4277970671235012E-014   8.7917639585102180E-015
 >>> 卫星在地固系坐标为:    99898.850734970125        278604.50348484970        53252.972835208566     
 >>> 地球非球形引力分量 (地固系), 带谐:   -9.0182052844657372E-013  -2.5150565668354636E-012  -1.6211659048739133E-012
 >>> 地球非球形引力分量 (地固系), 田谐:    1.3773926321494575E-014   2.7575466424131214E-014   9.2546992773827343E-015
 >>> 卫星在地固系坐标为:    117450.82313862487        273531.32713112835        53538.435138524088     
 >>> 地球非球形引力分量 (地固系), 带谐:   -1.0304186806407526E-012  -2.3997429876136947E-012  -1.5838068857145855E-012
 >>> 地球非球形引力分量 (地固系), 田谐:    1.7090049882579944E-014   2.4277970671234996E-014   8.7917639585102085E-015
 >>> 卫星在地固系坐标为:    117450.82313864140        273531.32713114383        53538.435138528213     
 >>> 地球非球形引力分量 (地固系), 带谐:   -1.0304186806405345E-012  -2.3997429876129850E-012  -1.5838068857141523E-012
 >>> 地球非球形引力分量 (地固系), 田谐:    1.7090049882576792E-014   2.4277970671226647E-014   8.7917639585076479E-015
 >>> 卫星在地固系坐标为:    118742.11553433609        273111.09930339438        53559.558774953985     
 >>> 地球非球形引力分量 (地固系), 带谐:   -1.0395544388091358E-012  -2.3910122730362535E-012  -1.5810842395413325E-012
 >>> 地球非球形引力分量 (地固系), 田谐:    1.7308330406606652E-014   2.4010741311659969E-014   8.7528697793004743E-015
 >>> 卫星在地固系坐标为:    119387.24392003883        272898.68011662015        53570.116987337256     
 >>> 地球非球形引力分量 (地固系), 带谐:   -1.0441023135624732E-012  -2.3866380856295404E-012  -1.5797254876819571E-012
 >>> 地球非球形引力分量 (地固系), 田谐:    1.7415995540911417E-014   2.3876052679996361E-014   8.7331964191488505E-015
 >>> 卫星在地固系坐标为:    120354.29081635601        272577.19854213187        53585.955212633038     
 >>> 地球非球形引力分量 (地固系), 带谐:   -1.0508986979274622E-012  -2.3800648991378822E-012  -1.5776899330288813E-012
 >>> 地球非球形引力分量 (地固系), 田谐:    1.7575631606701392E-014   2.3672688657167415E-014   8.7034019711332127E-015
 >>> 卫星在地固系坐标为:    124696.02423027078        271088.02704377071        53657.204968603706     
 >>> 地球非球形引力分量 (地固系), 带谐:   -1.0811075246969823E-012  -2.3503179648379966E-012  -1.5685721615820861E-012
 >>> 地球非球形引力分量 (地固系), 田谐:    1.8266081807466274E-014   2.2738495389084625E-014   8.5651868729685724E-015
 >>> 卫星在地固系坐标为:    126139.51196592010        270576.19833817956        53680.946808155961     
 >>> 地球非球形引力分量 (地固系), 带谐:   -1.0910407822011870E-012  -2.3403425499194060E-012  -1.5655481844449091E-012
 >>> 地球非球形引力分量 (地固系), 田谐:    1.8485958202933023E-014   2.2420437491833624E-014   8.5176346858066815E-015
 >>> 卫星在地固系坐标为:    131893.57838010258        268451.85895780375        53775.873875528050     
 >>> 地球非球形引力分量 (地固系), 带谐:   -1.1300919550558133E-012  -2.3001520608812221E-012  -1.5535280460663745E-012
 >>> 地球非球形引力分量 (地固系), 田谐:    1.9313114570323201E-014   2.1117235178211780E-014   8.3202404042378858E-015
 >>> 卫星在地固系坐标为:    120354.29081635291        272577.19854212750        53585.955212632041     
 >>> 地球非球形引力分量 (地固系), 带谐:   -1.0508986979275270E-012  -2.3800648991380530E-012  -1.5776899330289899E-012
 >>> 地球非球形引力分量 (地固系), 田谐:    1.7575631606702434E-014   2.3672688657169258E-014   8.7034019711338343E-015
 >>> 卫星在地固系坐标为:    129020.60460401964        269529.42040996032        53728.418392240237     
 >>> 地球非球形引力分量 (地固系), 带谐:   -1.1107027426071299E-012  -2.3203043217899029E-012  -1.5595230081952670E-012
 >>> 地球非球形引力分量 (地固系), 田谐:    1.8910075604754708E-014   2.1774854565423281E-014   8.4203582508777156E-015
 >>> 卫星在地固系坐标为:    123250.63059144351        271592.14058724197        53633.459092051628     
 >>> 地球非球形引力分量 (地固系), 带谐:   -1.0711060873132329E-012  -2.3602637459416108E-012  -1.5716037628982027E-012
 >>> 地球非球形引力分量 (地固系), 田谐:    1.8041042660895587E-014   2.3053281059448775E-014   8.6120041938893615E-015
 >>> 卫星在地固系坐标为:    134758.10341617707        267343.56967748795        53823.313289065911     
 >>> 地球非球形引力分量 (地固系), 带谐:   -1.1492084323964626E-012  -2.2798887549752987E-012  -1.5475631113653413E-012
 >>> 地球非球形引力分量 (地固系), 田谐:    1.9694817229533665E-014   2.0448287806204662E-014   8.2173473385675877E-015
 >>> 卫星在地固系坐标为:    117450.82313864140        273531.32713114383        53538.435138528213     
 >>> 地球非球形引力分量 (地固系), 带谐:   -1.0304186806405345E-012  -2.3997429876129850E-012  -1.5838068857141523E-012
 >>> 地球非球形引力分量 (地固系), 田谐:    1.7090049882576792E-014   2.4277970671226647E-014   8.7917639585076479E-015
 >>> 卫星在地固系坐标为:    134758.10341617707        267343.56967748795        53823.313289065911     
 >>> 地球非球形引力分量 (地固系), 带谐:   -1.1492084323964626E-012  -2.2798887549752987E-012  -1.5475631113653413E-012
 >>> 地球非球形引力分量 (地固系), 田谐:    1.9694817229533665E-014   2.0448287806204662E-014   8.2173473385675877E-015
 [RKF78] 总计算步数 :      101
 [RKF78] 耗时       :   0.0936 秒
 
 ==================================================
                积分结果一致性校验                 
 ==================================================
 RKF45 最终位置 (km) :   0.186442834663E+06  0.234346388665E+06  0.533865299366E+05
 RKF78 最终位置 (km) :   0.186442828723E+06  0.234346388456E+06  0.533865298813E+05
 位置差异 (km)       :   0.593979001860E-02  0.209049147088E-03  0.552951096324E-04
